 
****************************************
Report : area
Design : horcrux_top_synth
Version: X-2025.06
Date   : Wed Oct  7 17:20:24 2026
****************************************

Information: Updating design information... (UID-85)
Library(s) Used:

    sc9_cln40g_base_rvt_ss_typical_max_0p81v_125c (File: /cad/designkit/CBDK_TSMC40_Arm_f2.0/CIC/SynopsysDC/db/sc9_base_rvt/sc9_cln40g_base_rvt_ss_typical_max_0p81v_125c.db)

Number of ports:                        35482
Number of nets:                         99470
Number of cells:                        72715
Number of combinational cells:          68266
Number of sequential cells:              4376
Number of macros/black boxes:               0
Number of buf/inv:                      14518
Number of references:                       6

Combinational area:             107399.551003
Buf/Inv area:                     9569.145494
Noncombinational area:           19883.555057
Macro/Black Box area:                0.000000
Net Interconnect area:               0.000000

Total cell area:                127283.106059
Total area:                     127283.106059

Hierarchical area distribution
------------------------------

                                  Global cell area              Local cell area
                                  --------------------  ------------------------------- 
Hierarchical cell                 Absolute     Percent  Combi-       Noncombi-   Black-
                                  Total        Total    national     national    boxes   Design
--------------------------------  -----------  -------  -----------  ----------  ------  ----------------------------------------------------------------------------------------------------------------------------------------------------------------------------------------------------------------------------
horcrux_top_synth                 127283.1061    100.0     143.5644      0.0000  0.0000  horcrux_top_synth
i_horcrux_top                     127139.5417     99.9      18.3708     40.8240  0.0000  horcrux_top_I_xif_compressed_if_if_xif__X_NUM_RS_3I_xif_issue_if_if_xif__X_NUM_RS_3I_xif_commit_if_if_xif__X_NUM_RS_3I_xif_mem_if_if_xif__X_NUM_RS_3I_xif_mem_result_if_if_xif__X_NUM_RS_3I_xif_result_if_if_xif__X_NUM_RS_3
i_horcrux_top/commit_stage_i         186.8832      0.1     186.8832      0.0000  0.0000  commit_stage_I_xif_result_if_if_xif_coproc_result_X_NUM_RS_3
i_horcrux_top/i_horcrux           126161.1264     99.1    8840.6638      4.5360  0.0000  horcrux_NUM_VARIABLES50_VARIABLE_WIDTH32
i_horcrux_top/i_horcrux/chain_lengths_inst   2942.5031     2.3    820.3356  1211.1119 0.0000 chain_lengths_00000032_00000020
i_horcrux_top/i_horcrux/chain_lengths_inst/DP_OP_977J9_122_926    443.1672     0.3    443.1672     0.0000 0.0000 chain_lengths_00000032_00000020_DP_OP_977J9_122_926_J9_0
i_horcrux_top/i_horcrux/chain_lengths_inst/DP_OP_978J9_123_2435    467.8884     0.4    467.8884     0.0000 0.0000 chain_lengths_00000032_00000020_DP_OP_978J9_123_2435_J9_0
i_horcrux_top/i_horcrux/fpr_inst    1980.8711      1.6    1130.8248    585.1440  0.0000  fpr
i_horcrux_top/i_horcrux/fpr_inst/DP_OP_96J13_122_7816    159.6672     0.1    159.6672     0.0000 0.0000 fpr_DP_OP_96J13_122_7816_J13_0
i_horcrux_top/i_horcrux/fpr_inst/add_x_66     20.8656     0.0     20.8656     0.0000 0.0000 fpr_DW01_inc_J13_0
i_horcrux_top/i_horcrux/fpr_inst/sub_x_70     84.3696     0.1     84.3696     0.0000 0.0000 fpr_DW01_sub_J13_0
i_horcrux_top/i_horcrux/horcrux_register_inst  15252.0726    12.0   7994.4729  7257.5996 0.0000 horcrux_register_00000032_00000020
i_horcrux_top/i_horcrux/keccak_i   24308.1965     19.1       0.0000      0.0000  0.0000  keccak_f
i_horcrux_top/i_horcrux/keccak_i/u_cu     49.4424     0.0     17.6904    31.7520 0.0000  keccak_cu
i_horcrux_top/i_horcrux/keccak_i/u_dp  24258.7541    19.1   6930.1006  7289.3516 0.0000  keccak_dp
i_horcrux_top/i_horcrux/keccak_i/u_dp/round_constants_gen     36.7416     0.0     36.7416     0.0000 0.0000 keccak_round_constants_gen
i_horcrux_top/i_horcrux/keccak_i/u_dp/round_map  10002.5602     7.9  10002.5602     0.0000 0.0000 keccak_round
i_horcrux_top/i_horcrux/multiplier_tree_inst  65405.9443    51.4   3246.1884   580.6080 0.0000 multiplier_tree
i_horcrux_top/i_horcrux/multiplier_tree_inst/DP_OP_87J8_127_9004    670.6476     0.5    670.6476     0.0000 0.0000 multiplier_tree_DP_OP_87J8_127_9004_6
i_horcrux_top/i_horcrux/multiplier_tree_inst/DP_OP_88J8_128_2685    339.9732     0.3    339.9732     0.0000 0.0000 multiplier_tree_DP_OP_88J8_128_2685_0
i_horcrux_top/i_horcrux/multiplier_tree_inst/DP_OP_93_149_9367    691.5132     0.5    691.5132     0.0000 0.0000 multiplier_tree_DP_OP_93_149_9367_5
i_horcrux_top/i_horcrux/multiplier_tree_inst/DP_OP_94_150_9367    123.8328     0.1    123.8328     0.0000 0.0000 multiplier_tree_DP_OP_94_150_9367_0
i_horcrux_top/i_horcrux/multiplier_tree_inst/DP_OP_96J8_122_9380    769.0788     0.6    769.0788     0.0000 0.0000 multiplier_tree_DP_OP_96J8_122_9380_2
i_horcrux_top/i_horcrux/multiplier_tree_inst/DP_OP_97J8_123_4100    623.9268     0.5    623.9268     0.0000 0.0000 multiplier_tree_DP_OP_97J8_123_4100_2
i_horcrux_top/i_horcrux/multiplier_tree_inst/DP_OP_98J8_124_4100    132.2244     0.1    132.2244     0.0000 0.0000 multiplier_tree_DP_OP_98J8_124_4100_J8_0
i_horcrux_top/i_horcrux/multiplier_tree_inst/kyber_barrett_inst   5718.3083     4.5    217.7280     0.0000 0.0000 barrett
i_horcrux_top/i_horcrux/multiplier_tree_inst/kyber_barrett_inst/DP_OP_193J10_122_1739    728.4816     0.6    728.4816     0.0000 0.0000 barrett_DP_OP_193J10_122_1739_J10_0
i_horcrux_top/i_horcrux/multiplier_tree_inst/kyber_barrett_inst/DP_OP_194J10_123_9305    384.6528     0.3    384.6528     0.0000 0.0000 barrett_DP_OP_194J10_123_9305_J10_0
i_horcrux_top/i_horcrux/multiplier_tree_inst/kyber_barrett_inst/DP_OP_196J10_124_1798   4387.4459     3.4   4387.4459     0.0000 0.0000 barrett_DP_OP_196J10_124_1798_J10_0
i_horcrux_top/i_horcrux/multiplier_tree_inst/sub_x_13     60.7824     0.0     60.7824     0.0000 0.0000 multiplier_tree_DW01_sub_J8_1
i_horcrux_top/i_horcrux/multiplier_tree_inst/sub_x_14    222.9444     0.2    222.9444     0.0000 0.0000 multiplier_tree_DW01_sub_4
i_horcrux_top/i_horcrux/multiplier_tree_inst/sub_x_3    634.5864     0.5    634.5864     0.0000 0.0000 multiplier_tree_DW01_sub_0
i_horcrux_top/i_horcrux/multiplier_tree_inst/u_shared_mul  51591.3297    40.5    954.8280     0.0000 0.0000 shared_multiplication_logic
i_horcrux_top/i_horcrux/multiplier_tree_inst/u_shared_mul/DP_OP_44J11_124_8342     37.6488     0.0     37.6488     0.0000 0.0000 shared_multiplication_logic_DP_OP_44J11_124_8342_J11_0
i_horcrux_top/i_horcrux/multiplier_tree_inst/u_shared_mul/DP_OP_45J11_125_3794   4999.1255     3.9   4999.1255     0.0000 0.0000 shared_multiplication_logic_DP_OP_45J11_125_3794_6
i_horcrux_top/i_horcrux/multiplier_tree_inst/u_shared_mul/DP_OP_46J11_122_2489   4053.1427     3.2   4053.1427     0.0000 0.0000 shared_multiplication_logic_DP_OP_46J11_122_2489_2
i_horcrux_top/i_horcrux/multiplier_tree_inst/u_shared_mul/mult_x_3   1273.4820     1.0   1273.4820     0.0000 0.0000 shared_multiplication_logic_DW_mult_uns_0
i_horcrux_top/i_horcrux/multiplier_tree_inst/u_shared_mul/u_primary_mul  40273.1027    31.6  10567.0654     0.0000 0.0000 unified_mul_32x32
i_horcrux_top/i_horcrux/multiplier_tree_inst/u_shared_mul/u_primary_mul/add_x_1    852.9948     0.7    852.9948     0.0000 0.0000 unified_mul_32x32_DW01_add_367
i_horcrux_top/i_horcrux/multiplier_tree_inst/u_shared_mul/u_primary_mul/add_x_10   1039.8780     0.8   1039.8780     0.0000 0.0000 unified_mul_32x32_DW01_add_374
i_horcrux_top/i_horcrux/multiplier_tree_inst/u_shared_mul/u_primary_mul/add_x_11   1015.1568     0.8   1015.1568     0.0000 0.0000 unified_mul_32x32_DW01_add_375
i_horcrux_top/i_horcrux/multiplier_tree_inst/u_shared_mul/u_primary_mul/add_x_12   1052.1252     0.8   1052.1252     0.0000 0.0000 unified_mul_32x32_DW01_add_376
i_horcrux_top/i_horcrux/multiplier_tree_inst/u_shared_mul/u_primary_mul/add_x_13   1056.4344     0.8   1056.4344     0.0000 0.0000 unified_mul_32x32_DW01_add_240
i_horcrux_top/i_horcrux/multiplier_tree_inst/u_shared_mul/u_primary_mul/add_x_14   1016.7444     0.8   1016.7444     0.0000 0.0000 unified_mul_32x32_DW01_add_378
i_horcrux_top/i_horcrux/multiplier_tree_inst/u_shared_mul/u_primary_mul/add_x_15   1047.5892     0.8   1047.5892     0.0000 0.0000 unified_mul_32x32_DW01_add_736
i_horcrux_top/i_horcrux/multiplier_tree_inst/u_shared_mul/u_primary_mul/add_x_16   1079.1144     0.8   1079.1144     0.0000 0.0000 unified_mul_32x32_DW01_add_735
i_horcrux_top/i_horcrux/multiplier_tree_inst/u_shared_mul/u_primary_mul/add_x_17    986.8068     0.8    986.8068     0.0000 0.0000 unified_mul_32x32_DW01_add_277
i_horcrux_top/i_horcrux/multiplier_tree_inst/u_shared_mul/u_primary_mul/add_x_18   1003.5900     0.8   1003.5900     0.0000 0.0000 unified_mul_32x32_DW01_add_293
i_horcrux_top/i_horcrux/multiplier_tree_inst/u_shared_mul/u_primary_mul/add_x_19    969.3432     0.8    969.3432     0.0000 0.0000 unified_mul_32x32_DW01_add_294
i_horcrux_top/i_horcrux/multiplier_tree_inst/u_shared_mul/u_primary_mul/add_x_2    821.2428     0.6    821.2428     0.0000 0.0000 unified_mul_32x32_DW01_add_726
i_horcrux_top/i_horcrux/multiplier_tree_inst/u_shared_mul/u_primary_mul/add_x_20   1086.8256     0.9   1086.8256     0.0000 0.0000 unified_mul_32x32_DW01_add_741
i_horcrux_top/i_horcrux/multiplier_tree_inst/u_shared_mul/u_primary_mul/add_x_21    938.0448     0.7    938.0448     0.0000 0.0000 unified_mul_32x32_DW01_add_384
i_horcrux_top/i_horcrux/multiplier_tree_inst/u_shared_mul/u_primary_mul/add_x_22    884.0664     0.7    884.0664     0.0000 0.0000 unified_mul_32x32_DW01_add_385
i_horcrux_top/i_horcrux/multiplier_tree_inst/u_shared_mul/u_primary_mul/add_x_23    877.4892     0.7    877.4892     0.0000 0.0000 unified_mul_32x32_DW01_add_310
i_horcrux_top/i_horcrux/multiplier_tree_inst/u_shared_mul/u_primary_mul/add_x_24   1054.3932     0.8   1054.3932     0.0000 0.0000 unified_mul_32x32_DW01_add_755
i_horcrux_top/i_horcrux/multiplier_tree_inst/u_shared_mul/u_primary_mul/add_x_25    854.1288     0.7    854.1288     0.0000 0.0000 unified_mul_32x32_DW01_add_399
i_horcrux_top/i_horcrux/multiplier_tree_inst/u_shared_mul/u_primary_mul/add_x_26    987.4872     0.8    987.4872     0.0000 0.0000 unified_mul_32x32_DW01_add_761
i_horcrux_top/i_horcrux/multiplier_tree_inst/u_shared_mul/u_primary_mul/add_x_27   1012.2084     0.8   1012.2084     0.0000 0.0000 unified_mul_32x32_DW01_add_765
i_horcrux_top/i_horcrux/multiplier_tree_inst/u_shared_mul/u_primary_mul/add_x_28    759.5532     0.6    759.5532     0.0000 0.0000 unified_mul_32x32_DW01_add_509
i_horcrux_top/i_horcrux/multiplier_tree_inst/u_shared_mul/u_primary_mul/add_x_29    717.1416     0.6    717.1416     0.0000 0.0000 unified_mul_32x32_DW01_add_441
i_horcrux_top/i_horcrux/multiplier_tree_inst/u_shared_mul/u_primary_mul/add_x_3    818.5212     0.6    818.5212     0.0000 0.0000 unified_mul_32x32_DW01_add_727
i_horcrux_top/i_horcrux/multiplier_tree_inst/u_shared_mul/u_primary_mul/add_x_30    696.2760     0.5    696.2760     0.0000 0.0000 unified_mul_32x32_DW01_add_512
i_horcrux_top/i_horcrux/multiplier_tree_inst/u_shared_mul/u_primary_mul/add_x_4   1049.4036     0.8   1049.4036     0.0000 0.0000 unified_mul_32x32_DW01_add_728
i_horcrux_top/i_horcrux/multiplier_tree_inst/u_shared_mul/u_primary_mul/add_x_5   1105.1964     0.9   1105.1964     0.0000 0.0000 unified_mul_32x32_DW01_add_729
i_horcrux_top/i_horcrux/multiplier_tree_inst/u_shared_mul/u_primary_mul/add_x_6   1078.6608     0.8   1078.6608     0.0000 0.0000 unified_mul_32x32_DW01_add_730
i_horcrux_top/i_horcrux/multiplier_tree_inst/u_shared_mul/u_primary_mul/add_x_7   1043.2800     0.8   1043.2800     0.0000 0.0000 unified_mul_32x32_DW01_add_734
i_horcrux_top/i_horcrux/multiplier_tree_inst/u_shared_mul/u_primary_mul/add_x_8   1059.8364     0.8   1059.8364     0.0000 0.0000 unified_mul_32x32_DW01_add_766
i_horcrux_top/i_horcrux/multiplier_tree_inst/u_shared_mul/u_primary_mul/add_x_9   1116.7632     0.9   1116.7632     0.0000 0.0000 unified_mul_32x32_DW01_add_732
i_horcrux_top/i_horcrux/multiplier_tree_inst/u_shared_mul/u_primary_mul/sub_x_31    625.7412     0.5    625.7412     0.0000 0.0000 unified_mul_32x32_DW01_sub_1
i_horcrux_top/i_horcrux/sampler_inst    474.2388     0.4    381.7044     0.0000  0.0000  sampler
i_horcrux_top/i_horcrux/sampler_inst/DP_OP_45J12_125_127     46.7208     0.0     46.7208     0.0000 0.0000 sampler_DP_OP_45J12_125_127_J12_0
i_horcrux_top/i_horcrux/sampler_inst/mult_x_5     45.8136     0.0     45.8136     0.0000 0.0000 sampler_DW_mult_uns_J12_0
i_horcrux_top/i_horcrux/sphincs_ops_inst   6952.1002     5.5   4593.3803  2358.7199 0.0000 sphincs_ops_00000032_00000020
i_horcrux_top/id_stage_i             732.3372      0.6     208.4292    523.9080  0.0000  id_stage_I_xif_issue_if_if_xif_coproc_issue_X_NUM_RS_3
--------------------------------  -----------  -------  -----------  ----------  ------  ----------------------------------------------------------------------------------------------------------------------------------------------------------------------------------------------------------------------------
Total                                                   107399.5510  19883.5551  0.0000

1
