 
****************************************
Report : qor
Design : horcrux_top_synth
Version: X-2025.06
Date   : Wed Oct  7 17:20:27 2026
****************************************


  Timing Path Group 'clk'
  -----------------------------------
  Levels of Logic:             206.00
  Critical Path Length:         10.08
  Critical Path Slack:           0.00
  Critical Path Clk Period:     12.60
  Total Negative Slack:          0.00
  No. of Violating Paths:        0.00
  Worst Hold Violation:          0.00
  Total Hold Violation:          0.00
  No. of Hold Violations:        0.00
  -----------------------------------


  Cell Count
  -----------------------------------
  Hierarchical Cell Count:         73
  Hierarchical Port Count:      35069
  Leaf Cell Count:              72642
  Buf/Inv Cell Count:           14518
  Buf Cell Count:                1471
  Inv Cell Count:               13047
  CT Buf/Inv Cell Count:            0
  Combinational Cell Count:     68266
  Sequential Cell Count:         4376
  Macro Count:                      0
  -----------------------------------


  Area
  -----------------------------------
  Combinational Area:   107399.551003
  Noncombinational Area: 19883.555057
  Buf/Inv Area:           9569.145494
  Total Buffer Area:          1611.19
  Total Inverter Area:        7957.96
  Macro/Black Box Area:      0.000000
  Net Area:                  0.000000
  -----------------------------------
  Cell Area:            127283.106059
  Design Area:          127283.106059


  Design Rules
  -----------------------------------
  Total Number of Nets:         80471
  Nets With Violations:          1258
  Max Trans Violations:          1252
  Max Cap Violations:               0
  Max Fanout Violations:            6
  -----------------------------------


  Hostname: localhost.localdomain

  Compile CPU Statistics
  -----------------------------------------
  Resource Sharing:                    4.46
  Logic Optimization:                  3.22
  Mapping Optimization:              366.62
  -----------------------------------------
  Overall Compile Time:              720.17
  Overall Compile Wall Clock Time:   723.54

  --------------------------------------------------------------------

  Design  WNS: 0.00  TNS: 0.00  Number of Violating Paths: 0


  Design (Hold)  WNS: 0.00  TNS: 0.00  Number of Violating Paths: 0

  --------------------------------------------------------------------


1
