 
****************************************
Report : timing
        -path full
        -delay max
        -nworst 5
        -max_paths 20
Design : horcrux_top_synth
Version: X-2025.06
Date   : Wed Oct  7 17:20:27 2026
****************************************

Operating Conditions: ss_typical_max_0p81v_125c   Library: sc9_cln40g_base_rvt_ss_typical_max_0p81v_125c
Wire Load Model Mode: top

  Startpoint: i_horcrux_top/id_stage_i/rs_values_o_reg[rs2][1]
              (rising edge-triggered flip-flop clocked by clk)
  Endpoint: result_o[data][26]
            (output port clocked by clk)
  Path Group: clk
  Path Type: max

  Des/Clust/Port     Wire Load Model       Library
  ------------------------------------------------
  horcrux_top_synth  Medium                sc9_cln40g_base_rvt_ss_typical_max_0p81v_125c

  Point                                                                                                                                                                                                                                                                                                                                                                                                                                                                                                                                                 Incr       Path
  ---------------------------------------------------------------------------------------------------------------------------------------------------------------------------------------------------------------------------------------------------------------------------------------------------
  clock clk (rise edge)                                                                                                                                                                                                                                                          0.0000     0.0000
  clock network delay (ideal)                                                                                                                                                                                                                                                    1.2600     1.2600
  i_horcrux_top/id_stage_i/rs_values_o_reg[rs2][1]/CK (DFFSQN_X3M_A9TR)                                                                                                                                                                                                          0.0000     1.2600 r
  i_horcrux_top/id_stage_i/rs_values_o_reg[rs2][1]/QN (DFFSQN_X3M_A9TR)                                                                                                                                                                                                          0.1556     1.4156 r
  i_horcrux_top/id_stage_i/rs_values_o[rs2][1] (id_stage_I_xif_issue_if_if_xif_coproc_issue_X_NUM_RS_3)                                                                                                                                                                          0.0000     1.4156 r
  i_horcrux_top/i_horcrux/rs_values_i[rs2][1] (horcrux_NUM_VARIABLES50_VARIABLE_WIDTH32)                                                                                                                                                                                         0.0000     1.4156 r
  i_horcrux_top/i_horcrux/U39/Y (INV_X5M_A9TR)                                                                                                                                                                                                                                   0.0268     1.4425 f
  i_horcrux_top/i_horcrux/U40/Y (INV_X16M_A9TR)                                                                                                                                                                                                                                  0.0331     1.4756 r
  i_horcrux_top/i_horcrux/multiplier_tree_inst/multiplier_tree2_i[1] (multiplier_tree)                                                                                                                                                                                           0.0000     1.4756 r
  i_horcrux_top/i_horcrux/multiplier_tree_inst/DP_OP_87J8_127_9004/I2[1] (multiplier_tree_DP_OP_87J8_127_9004_6)                                                                                                                                                                 0.0000     1.4756 r
  i_horcrux_top/i_horcrux/multiplier_tree_inst/DP_OP_87J8_127_9004/U544/Y (INV_X2B_A9TR)                                                                                                                                                                                         0.0313     1.5068 f
  i_horcrux_top/i_horcrux/multiplier_tree_inst/DP_OP_87J8_127_9004/U545/Y (AND2_X4M_A9TR)                                                                                                                                                                                        0.0558     1.5626 f
  i_horcrux_top/i_horcrux/multiplier_tree_inst/DP_OP_87J8_127_9004/U566/Y (NOR2_X8M_A9TR)                                                                                                                                                                                        0.0394     1.6020 r
  i_horcrux_top/i_horcrux/multiplier_tree_inst/DP_OP_87J8_127_9004/U535/Y (INV_X6B_A9TR)                                                                                                                                                                                         0.0224     1.6245 f
  i_horcrux_top/i_horcrux/multiplier_tree_inst/DP_OP_87J8_127_9004/U581/Y (AND2_X6B_A9TR)                                                                                                                                                                                        0.0391     1.6636 f
  i_horcrux_top/i_horcrux/multiplier_tree_inst/DP_OP_87J8_127_9004/U580/Y (XNOR2_X4M_A9TR)                                                                                                                                                                                       0.0354     1.6990 f
  i_horcrux_top/i_horcrux/multiplier_tree_inst/DP_OP_87J8_127_9004/O2[3] (multiplier_tree_DP_OP_87J8_127_9004_6)                                                                                                                                                                 0.0000     1.6990 f
  i_horcrux_top/i_horcrux/multiplier_tree_inst/U66/Y (INV_X4M_A9TR)                                                                                                                                                                                                              0.0315     1.7305 r
  i_horcrux_top/i_horcrux/multiplier_tree_inst/U544/Y (AO21B_X6M_A9TR)                                                                                                                                                                                                           0.0552     1.7857 r
  i_horcrux_top/i_horcrux/multiplier_tree_inst/U552/Y (NAND3BB_X8M_A9TR)                                                                                                                                                                                                         0.0279     1.8136 f
  i_horcrux_top/i_horcrux/multiplier_tree_inst/u_shared_mul/op_b_i[3] (shared_multiplication_logic)                                                                                                                                                                              0.0000     1.8136 f
  i_horcrux_top/i_horcrux/multiplier_tree_inst/u_shared_mul/u_primary_mul/b_i[3] (unified_mul_32x32)                                                                                                                                                                             0.0000     1.8136 f
  i_horcrux_top/i_horcrux/multiplier_tree_inst/u_shared_mul/u_primary_mul/U1625/Y (AND2_X8M_A9TR)                                                                                                                                                                                0.0518     1.8654 f
  i_horcrux_top/i_horcrux/multiplier_tree_inst/u_shared_mul/u_primary_mul/add_x_1/B[4] (unified_mul_32x32_DW01_add_367)                                                                                                                                                          0.0000     1.8654 f
  i_horcrux_top/i_horcrux/multiplier_tree_inst/u_shared_mul/u_primary_mul/add_x_1/U585/Y (NOR2_X8A_A9TR)                                                                                                                                                                         0.0383     1.9038 r
  i_horcrux_top/i_horcrux/multiplier_tree_inst/u_shared_mul/u_primary_mul/add_x_1/U578/Y (NAND3BB_X8M_A9TR)                                                                                                                                                                      0.0525     1.9562 r
  i_horcrux_top/i_horcrux/multiplier_tree_inst/u_shared_mul/u_primary_mul/add_x_1/U562/Y (NAND2_X8A_A9TR)                                                                                                                                                                        0.0266     1.9828 f
  i_horcrux_top/i_horcrux/multiplier_tree_inst/u_shared_mul/u_primary_mul/add_x_1/U611/Y (XOR2_X4M_A9TR)                                                                                                                                                                         0.0380     2.0208 r
  i_horcrux_top/i_horcrux/multiplier_tree_inst/u_shared_mul/u_primary_mul/add_x_1/SUM[5] (unified_mul_32x32_DW01_add_367)                                                                                                                                                        0.0000     2.0208 r
  i_horcrux_top/i_horcrux/multiplier_tree_inst/u_shared_mul/u_primary_mul/U1331/Y (NAND2_X6A_A9TR)                                                                                                                                                                               0.0326     2.0534 f
  i_horcrux_top/i_horcrux/multiplier_tree_inst/u_shared_mul/u_primary_mul/U3006/Y (NAND2_X8M_A9TR)                                                                                                                                                                               0.0291     2.0825 r
  i_horcrux_top/i_horcrux/multiplier_tree_inst/u_shared_mul/u_primary_mul/add_x_2/A[5] (unified_mul_32x32_DW01_add_726)                                                                                                                                                          0.0000     2.0825 r
  i_horcrux_top/i_horcrux/multiplier_tree_inst/u_shared_mul/u_primary_mul/add_x_2/U454/Y (OR2_X8M_A9TR)                                                                                                                                                                          0.0450     2.1275 r
  i_horcrux_top/i_horcrux/multiplier_tree_inst/u_shared_mul/u_primary_mul/add_x_2/U431/Y (NAND2_X6M_A9TR)                                                                                                                                                                        0.0184     2.1460 f
  i_horcrux_top/i_horcrux/multiplier_tree_inst/u_shared_mul/u_primary_mul/add_x_2/U464/Y (XNOR2_X4M_A9TR)                                                                                                                                                                        0.0567     2.2027 f
  i_horcrux_top/i_horcrux/multiplier_tree_inst/u_shared_mul/u_primary_mul/add_x_2/SUM[5] (unified_mul_32x32_DW01_add_726)                                                                                                                                                        0.0000     2.2027 f
  i_horcrux_top/i_horcrux/multiplier_tree_inst/u_shared_mul/u_primary_mul/U1498/Y (NAND2_X6A_A9TR)                                                                                                                                                                               0.0343     2.2370 r
  i_horcrux_top/i_horcrux/multiplier_tree_inst/u_shared_mul/u_primary_mul/U1272/Y (NAND2_X8M_A9TR)                                                                                                                                                                               0.0242     2.2612 f
  i_horcrux_top/i_horcrux/multiplier_tree_inst/u_shared_mul/u_primary_mul/add_x_3/A[5] (unified_mul_32x32_DW01_add_727)                                                                                                                                                          0.0000     2.2612 f
  i_horcrux_top/i_horcrux/multiplier_tree_inst/u_shared_mul/u_primary_mul/add_x_3/U512/Y (NOR2_X8A_A9TR)                                                                                                                                                                         0.0381     2.2993 r
  i_horcrux_top/i_horcrux/multiplier_tree_inst/u_shared_mul/u_primary_mul/add_x_3/U508/Y (OAI21_X8M_A9TR)                                                                                                                                                                        0.0452     2.3445 f
  i_horcrux_top/i_horcrux/multiplier_tree_inst/u_shared_mul/u_primary_mul/add_x_3/U507/Y (XNOR2_X4M_A9TR)                                                                                                                                                                        0.0641     2.4086 f
  i_horcrux_top/i_horcrux/multiplier_tree_inst/u_shared_mul/u_primary_mul/add_x_3/SUM[6] (unified_mul_32x32_DW01_add_727)                                                                                                                                                        0.0000     2.4086 f
  i_horcrux_top/i_horcrux/multiplier_tree_inst/u_shared_mul/u_primary_mul/U6069/Y (AO1B2_X6M_A9TR)                                                                                                                                                                               0.0620     2.4706 f
  i_horcrux_top/i_horcrux/multiplier_tree_inst/u_shared_mul/u_primary_mul/add_x_4/A[6] (unified_mul_32x32_DW01_add_728)                                                                                                                                                          0.0000     2.4706 f
  i_horcrux_top/i_horcrux/multiplier_tree_inst/u_shared_mul/u_primary_mul/add_x_4/U922/Y (NAND2_X8A_A9TR)                                                                                                                                                                        0.0281     2.4987 r
  i_horcrux_top/i_horcrux/multiplier_tree_inst/u_shared_mul/u_primary_mul/add_x_4/U918/Y (NAND3_X6A_A9TR)                                                                                                                                                                        0.0344     2.5332 f
  i_horcrux_top/i_horcrux/multiplier_tree_inst/u_shared_mul/u_primary_mul/add_x_4/U840/Y (NAND2_X8M_A9TR)                                                                                                                                                                        0.0306     2.5638 r
  i_horcrux_top/i_horcrux/multiplier_tree_inst/u_shared_mul/u_primary_mul/add_x_4/U919/Y (OAI21_X8M_A9TR)                                                                                                                                                                        0.0362     2.6000 f
  i_horcrux_top/i_horcrux/multiplier_tree_inst/u_shared_mul/u_primary_mul/add_x_4/U867/Y (XNOR2_X4M_A9TR)                                                                                                                                                                        0.0622     2.6622 f
  i_horcrux_top/i_horcrux/multiplier_tree_inst/u_shared_mul/u_primary_mul/add_x_4/SUM[8] (unified_mul_32x32_DW01_add_728)                                                                                                                                                        0.0000     2.6622 f
  i_horcrux_top/i_horcrux/multiplier_tree_inst/u_shared_mul/u_primary_mul/U3612/Y (AO1B2_X6M_A9TR)                                                                                                                                                                               0.0623     2.7245 f
  i_horcrux_top/i_horcrux/multiplier_tree_inst/u_shared_mul/u_primary_mul/add_x_5/A[8] (unified_mul_32x32_DW01_add_729)                                                                                                                                                          0.0000     2.7245 f
  i_horcrux_top/i_horcrux/multiplier_tree_inst/u_shared_mul/u_primary_mul/add_x_5/U885/Y (NAND2_X6A_A9TR)                                                                                                                                                                        0.0341     2.7586 r
  i_horcrux_top/i_horcrux/multiplier_tree_inst/u_shared_mul/u_primary_mul/add_x_5/U855/Y (INV_X7P5M_A9TR)                                                                                                                                                                        0.0213     2.7799 f
  i_horcrux_top/i_horcrux/multiplier_tree_inst/u_shared_mul/u_primary_mul/add_x_5/U869/Y (AOI21_X8M_A9TR)                                                                                                                                                                        0.0396     2.8195 r
  i_horcrux_top/i_horcrux/multiplier_tree_inst/u_shared_mul/u_primary_mul/add_x_5/U773/Y (INV_X6B_A9TR)                                                                                                                                                                          0.0252     2.8448 f
  i_horcrux_top/i_horcrux/multiplier_tree_inst/u_shared_mul/u_primary_mul/add_x_5/U897/Y (OAI21_X8M_A9TR)                                                                                                                                                                        0.0242     2.8690 r
  i_horcrux_top/i_horcrux/multiplier_tree_inst/u_shared_mul/u_primary_mul/add_x_5/U896/Y (OAI21_X8M_A9TR)                                                                                                                                                                        0.0316     2.9006 f
  i_horcrux_top/i_horcrux/multiplier_tree_inst/u_shared_mul/u_primary_mul/add_x_5/SUM[9] (unified_mul_32x32_DW01_add_729)                                                                                                                                                        0.0000     2.9006 f
  i_horcrux_top/i_horcrux/multiplier_tree_inst/u_shared_mul/u_primary_mul/U1101/Y (NAND2_X8A_A9TR)                                                                                                                                                                               0.0239     2.9244 r
  i_horcrux_top/i_horcrux/multiplier_tree_inst/u_shared_mul/u_primary_mul/U1654/Y (NAND2_X8A_A9TR)                                                                                                                                                                               0.0263     2.9507 f
  i_horcrux_top/i_horcrux/multiplier_tree_inst/u_shared_mul/u_primary_mul/add_x_6/A[9] (unified_mul_32x32_DW01_add_730)                                                                                                                                                          0.0000     2.9507 f
  i_horcrux_top/i_horcrux/multiplier_tree_inst/u_shared_mul/u_primary_mul/add_x_6/U654/Y (NOR2_X8M_A9TR)                                                                                                                                                                         0.0392     2.9899 r
  i_horcrux_top/i_horcrux/multiplier_tree_inst/u_shared_mul/u_primary_mul/add_x_6/U670/Y (INV_X9M_A9TR)                                                                                                                                                                          0.0190     3.0089 f
  i_horcrux_top/i_horcrux/multiplier_tree_inst/u_shared_mul/u_primary_mul/add_x_6/U600/Y (NAND2_X6M_A9TR)                                                                                                                                                                        0.0210     3.0299 r
  i_horcrux_top/i_horcrux/multiplier_tree_inst/u_shared_mul/u_primary_mul/add_x_6/U763/Y (XOR2_X4M_A9TR)                                                                                                                                                                         0.0374     3.0673 r
  i_horcrux_top/i_horcrux/multiplier_tree_inst/u_shared_mul/u_primary_mul/add_x_6/SUM[9] (unified_mul_32x32_DW01_add_730)                                                                                                                                                        0.0000     3.0673 r
  i_horcrux_top/i_horcrux/multiplier_tree_inst/u_shared_mul/u_primary_mul/U3671/Y (AO1B2_X6M_A9TR)                                                                                                                                                                               0.0665     3.1338 r
  i_horcrux_top/i_horcrux/multiplier_tree_inst/u_shared_mul/u_primary_mul/add_x_7/A[9] (unified_mul_32x32_DW01_add_734)                                                                                                                                                          0.0000     3.1338 r
  i_horcrux_top/i_horcrux/multiplier_tree_inst/u_shared_mul/u_primary_mul/add_x_7/U553/Y (NAND2XB_X6M_A9TR)                                                                                                                                                                      0.0297     3.1634 f
  i_horcrux_top/i_horcrux/multiplier_tree_inst/u_shared_mul/u_primary_mul/add_x_7/U666/Y (NAND2_X8M_A9TR)                                                                                                                                                                        0.0235     3.1869 r
  i_horcrux_top/i_horcrux/multiplier_tree_inst/u_shared_mul/u_primary_mul/add_x_7/U600/Y (NAND2_X6A_A9TR)                                                                                                                                                                        0.0328     3.2198 f
  i_horcrux_top/i_horcrux/multiplier_tree_inst/u_shared_mul/u_primary_mul/add_x_7/U619/Y (OAI21_X4M_A9TR)                                                                                                                                                                        0.0422     3.2619 r
  i_horcrux_top/i_horcrux/multiplier_tree_inst/u_shared_mul/u_primary_mul/add_x_7/U706/Y (XNOR2_X4M_A9TR)                                                                                                                                                                        0.0632     3.3251 r
  i_horcrux_top/i_horcrux/multiplier_tree_inst/u_shared_mul/u_primary_mul/add_x_7/SUM[11] (unified_mul_32x32_DW01_add_734)                                                                                                                                                       0.0000     3.3251 r
  i_horcrux_top/i_horcrux/multiplier_tree_inst/u_shared_mul/u_primary_mul/U2251/Y (AO1B2_X6M_A9TR)                                                                                                                                                                               0.0663     3.3914 r
  i_horcrux_top/i_horcrux/multiplier_tree_inst/u_shared_mul/u_primary_mul/add_x_8/A[11] (unified_mul_32x32_DW01_add_766)                                                                                                                                                         0.0000     3.3914 r
  i_horcrux_top/i_horcrux/multiplier_tree_inst/u_shared_mul/u_primary_mul/add_x_8/U693/Y (OR2_X6M_A9TR)                                                                                                                                                                          0.0551     3.4464 r
  i_horcrux_top/i_horcrux/multiplier_tree_inst/u_shared_mul/u_primary_mul/add_x_8/U706/Y (NAND2_X4M_A9TR)                                                                                                                                                                        0.0247     3.4711 f
  i_horcrux_top/i_horcrux/multiplier_tree_inst/u_shared_mul/u_primary_mul/add_x_8/U705/Y (XNOR2_X4M_A9TR)                                                                                                                                                                        0.0408     3.5119 f
  i_horcrux_top/i_horcrux/multiplier_tree_inst/u_shared_mul/u_primary_mul/add_x_8/SUM[11] (unified_mul_32x32_DW01_add_766)                                                                                                                                                       0.0000     3.5119 f
  i_horcrux_top/i_horcrux/multiplier_tree_inst/u_shared_mul/u_primary_mul/U1503/Y (NAND2_X6B_A9TR)                                                                                                                                                                               0.0339     3.5458 r
  i_horcrux_top/i_horcrux/multiplier_tree_inst/u_shared_mul/u_primary_mul/U3142/Y (NAND2_X8A_A9TR)                                                                                                                                                                               0.0290     3.5748 f
  i_horcrux_top/i_horcrux/multiplier_tree_inst/u_shared_mul/u_primary_mul/add_x_9/A[11] (unified_mul_32x32_DW01_add_732)                                                                                                                                                         0.0000     3.5748 f
  i_horcrux_top/i_horcrux/multiplier_tree_inst/u_shared_mul/u_primary_mul/add_x_9/U679/Y (NOR2_X8A_A9TR)                                                                                                                                                                         0.0383     3.6131 r
  i_horcrux_top/i_horcrux/multiplier_tree_inst/u_shared_mul/u_primary_mul/add_x_9/U755/Y (OAI21_X8M_A9TR)                                                                                                                                                                        0.0486     3.6617 f
  i_horcrux_top/i_horcrux/multiplier_tree_inst/u_shared_mul/u_primary_mul/add_x_9/U668/Y (AOI21_X8M_A9TR)                                                                                                                                                                        0.0490     3.7107 r
  i_horcrux_top/i_horcrux/multiplier_tree_inst/u_shared_mul/u_primary_mul/add_x_9/U667/Y (OAI21_X8M_A9TR)                                                                                                                                                                        0.0445     3.7551 f
  i_horcrux_top/i_horcrux/multiplier_tree_inst/u_shared_mul/u_primary_mul/add_x_9/U560/Y (AOI21_X8M_A9TR)                                                                                                                                                                        0.0495     3.8047 r
  i_horcrux_top/i_horcrux/multiplier_tree_inst/u_shared_mul/u_primary_mul/add_x_9/U682/Y (XOR2_X4M_A9TR)                                                                                                                                                                         0.0642     3.8688 r
  i_horcrux_top/i_horcrux/multiplier_tree_inst/u_shared_mul/u_primary_mul/add_x_9/SUM[15] (unified_mul_32x32_DW01_add_732)                                                                                                                                                       0.0000     3.8688 r
  i_horcrux_top/i_horcrux/multiplier_tree_inst/u_shared_mul/u_primary_mul/U2196/Y (AO1B2_X6M_A9TR)                                                                                                                                                                               0.0670     3.9359 r
  i_horcrux_top/i_horcrux/multiplier_tree_inst/u_shared_mul/u_primary_mul/add_x_10/A[15] (unified_mul_32x32_DW01_add_374)                                                                                                                                                        0.0000     3.9359 r
  i_horcrux_top/i_horcrux/multiplier_tree_inst/u_shared_mul/u_primary_mul/add_x_10/U559/Y (NOR2_X8A_A9TR)                                                                                                                                                                        0.0299     3.9658 f
  i_horcrux_top/i_horcrux/multiplier_tree_inst/u_shared_mul/u_primary_mul/add_x_10/U548/Y (INV_X13B_A9TR)                                                                                                                                                                        0.0242     3.9900 r
  i_horcrux_top/i_horcrux/multiplier_tree_inst/u_shared_mul/u_primary_mul/add_x_10/U532/Y (NAND2_X6A_A9TR)                                                                                                                                                                       0.0209     4.0109 f
  i_horcrux_top/i_horcrux/multiplier_tree_inst/u_shared_mul/u_primary_mul/add_x_10/U549/Y (XOR2_X4M_A9TR)                                                                                                                                                                        0.0352     4.0461 f
  i_horcrux_top/i_horcrux/multiplier_tree_inst/u_shared_mul/u_primary_mul/add_x_10/SUM[15] (unified_mul_32x32_DW01_add_374)                                                                                                                                                      0.0000     4.0461 f
  i_horcrux_top/i_horcrux/multiplier_tree_inst/u_shared_mul/u_primary_mul/U3786/Y (AO1B2_X6M_A9TR)                                                                                                                                                                               0.0591     4.1052 f
  i_horcrux_top/i_horcrux/multiplier_tree_inst/u_shared_mul/u_primary_mul/add_x_11/A[15] (unified_mul_32x32_DW01_add_375)                                                                                                                                                        0.0000     4.1052 f
  i_horcrux_top/i_horcrux/multiplier_tree_inst/u_shared_mul/u_primary_mul/add_x_11/U545/Y (OR2_X8B_A9TR)                                                                                                                                                                         0.0525     4.1577 f
  i_horcrux_top/i_horcrux/multiplier_tree_inst/u_shared_mul/u_primary_mul/add_x_11/U541/Y (NAND2_X4M_A9TR)                                                                                                                                                                       0.0309     4.1886 r
  i_horcrux_top/i_horcrux/multiplier_tree_inst/u_shared_mul/u_primary_mul/add_x_11/U575/Y (XNOR2_X4M_A9TR)                                                                                                                                                                       0.0409     4.2295 r
  i_horcrux_top/i_horcrux/multiplier_tree_inst/u_shared_mul/u_primary_mul/add_x_11/SUM[15] (unified_mul_32x32_DW01_add_375)                                                                                                                                                      0.0000     4.2295 r
  i_horcrux_top/i_horcrux/multiplier_tree_inst/u_shared_mul/u_primary_mul/U389/Y (NAND2_X4A_A9TR)                                                                                                                                                                                0.0364     4.2659 f
  i_horcrux_top/i_horcrux/multiplier_tree_inst/u_shared_mul/u_primary_mul/U1546/Y (NAND2_X8A_A9TR)                                                                                                                                                                               0.0281     4.2940 r
  i_horcrux_top/i_horcrux/multiplier_tree_inst/u_shared_mul/u_primary_mul/add_x_12/A[15] (unified_mul_32x32_DW01_add_376)                                                                                                                                                        0.0000     4.2940 r
  i_horcrux_top/i_horcrux/multiplier_tree_inst/u_shared_mul/u_primary_mul/add_x_12/U671/Y (NAND2XB_X4M_A9TR)                                                                                                                                                                     0.0375     4.3315 f
  i_horcrux_top/i_horcrux/multiplier_tree_inst/u_shared_mul/u_primary_mul/add_x_12/U548/Y (NAND2_X6B_A9TR)                                                                                                                                                                       0.0309     4.3623 r
  i_horcrux_top/i_horcrux/multiplier_tree_inst/u_shared_mul/u_primary_mul/add_x_12/U677/Y (XNOR2_X4M_A9TR)                                                                                                                                                                       0.0373     4.3997 r
  i_horcrux_top/i_horcrux/multiplier_tree_inst/u_shared_mul/u_primary_mul/add_x_12/SUM[15] (unified_mul_32x32_DW01_add_376)                                                                                                                                                      0.0000     4.3997 r
  i_horcrux_top/i_horcrux/multiplier_tree_inst/u_shared_mul/u_primary_mul/U1174/Y (AO1B2_X6M_A9TR)                                                                                                                                                                               0.0695     4.4692 r
  i_horcrux_top/i_horcrux/multiplier_tree_inst/u_shared_mul/u_primary_mul/add_x_13/A[15] (unified_mul_32x32_DW01_add_240)                                                                                                                                                        0.0000     4.4692 r
  i_horcrux_top/i_horcrux/multiplier_tree_inst/u_shared_mul/u_primary_mul/add_x_13/U530/Y (NAND2XB_X6M_A9TR)                                                                                                                                                                     0.0299     4.4990 f
  i_horcrux_top/i_horcrux/multiplier_tree_inst/u_shared_mul/u_primary_mul/add_x_13/U503/Y (INV_X3M_A9TR)                                                                                                                                                                         0.0272     4.5263 r
  i_horcrux_top/i_horcrux/multiplier_tree_inst/u_shared_mul/u_primary_mul/add_x_13/U639/Y (NAND2B_X8M_A9TR)                                                                                                                                                                      0.0490     4.5753 r
  i_horcrux_top/i_horcrux/multiplier_tree_inst/u_shared_mul/u_primary_mul/add_x_13/U707/Y (XNOR2_X4M_A9TR)                                                                                                                                                                       0.0615     4.6369 r
  i_horcrux_top/i_horcrux/multiplier_tree_inst/u_shared_mul/u_primary_mul/add_x_13/SUM[16] (unified_mul_32x32_DW01_add_240)                                                                                                                                                      0.0000     4.6369 r
  i_horcrux_top/i_horcrux/multiplier_tree_inst/u_shared_mul/u_primary_mul/U471/Y (AO21_X6M_A9TR)                                                                                                                                                                                 0.0692     4.7061 r
  i_horcrux_top/i_horcrux/multiplier_tree_inst/u_shared_mul/u_primary_mul/add_x_14/A[16] (unified_mul_32x32_DW01_add_378)                                                                                                                                                        0.0000     4.7061 r
  i_horcrux_top/i_horcrux/multiplier_tree_inst/u_shared_mul/u_primary_mul/add_x_14/U543/Y (OR2_X8M_A9TR)                                                                                                                                                                         0.0442     4.7503 r
  i_horcrux_top/i_horcrux/multiplier_tree_inst/u_shared_mul/u_primary_mul/add_x_14/U533/Y (NAND2_X6M_A9TR)                                                                                                                                                                       0.0219     4.7722 f
  i_horcrux_top/i_horcrux/multiplier_tree_inst/u_shared_mul/u_primary_mul/add_x_14/U515/Y (NAND2_X8B_A9TR)                                                                                                                                                                       0.0227     4.7949 r
  i_horcrux_top/i_horcrux/multiplier_tree_inst/u_shared_mul/u_primary_mul/add_x_14/U695/Y (XNOR2_X4M_A9TR)                                                                                                                                                                       0.0570     4.8519 r
  i_horcrux_top/i_horcrux/multiplier_tree_inst/u_shared_mul/u_primary_mul/add_x_14/SUM[17] (unified_mul_32x32_DW01_add_378)                                                                                                                                                      0.0000     4.8519 r
  i_horcrux_top/i_horcrux/multiplier_tree_inst/u_shared_mul/u_primary_mul/U3838/Y (AO1B2_X6M_A9TR)                                                                                                                                                                               0.0663     4.9182 r
  i_horcrux_top/i_horcrux/multiplier_tree_inst/u_shared_mul/u_primary_mul/add_x_15/A[17] (unified_mul_32x32_DW01_add_736)                                                                                                                                                        0.0000     4.9182 r
  i_horcrux_top/i_horcrux/multiplier_tree_inst/u_shared_mul/u_primary_mul/add_x_15/U517/Y (OR2_X8M_A9TR)                                                                                                                                                                         0.0539     4.9721 r
  i_horcrux_top/i_horcrux/multiplier_tree_inst/u_shared_mul/u_primary_mul/add_x_15/U523/Y (NAND2_X3B_A9TR)                                                                                                                                                                       0.0325     5.0045 f
  i_horcrux_top/i_horcrux/multiplier_tree_inst/u_shared_mul/u_primary_mul/add_x_15/U650/Y (XNOR2_X3M_A9TR)                                                                                                                                                                       0.0391     5.0437 r
  i_horcrux_top/i_horcrux/multiplier_tree_inst/u_shared_mul/u_primary_mul/add_x_15/SUM[17] (unified_mul_32x32_DW01_add_736)                                                                                                                                                      0.0000     5.0437 r
  i_horcrux_top/i_horcrux/multiplier_tree_inst/u_shared_mul/u_primary_mul/U1302/Y (AO1B2_X6M_A9TR)                                                                                                                                                                               0.0686     5.1123 r
  i_horcrux_top/i_horcrux/multiplier_tree_inst/u_shared_mul/u_primary_mul/add_x_16/A[17] (unified_mul_32x32_DW01_add_735)                                                                                                                                                        0.0000     5.1123 r
  i_horcrux_top/i_horcrux/multiplier_tree_inst/u_shared_mul/u_primary_mul/add_x_16/U437/Y (OR2_X6M_A9TR)                                                                                                                                                                         0.0550     5.1673 r
  i_horcrux_top/i_horcrux/multiplier_tree_inst/u_shared_mul/u_primary_mul/add_x_16/U693/Y (NAND2_X3B_A9TR)                                                                                                                                                                       0.0323     5.1996 f
  i_horcrux_top/i_horcrux/multiplier_tree_inst/u_shared_mul/u_primary_mul/add_x_16/U694/Y (XNOR2_X3M_A9TR)                                                                                                                                                                       0.0364     5.2359 r
  i_horcrux_top/i_horcrux/multiplier_tree_inst/u_shared_mul/u_primary_mul/add_x_16/SUM[17] (unified_mul_32x32_DW01_add_735)                                                                                                                                                      0.0000     5.2359 r
  i_horcrux_top/i_horcrux/multiplier_tree_inst/u_shared_mul/u_primary_mul/U3265/Y (AO1B2_X4M_A9TR)                                                                                                                                                                               0.0669     5.3028 r
  i_horcrux_top/i_horcrux/multiplier_tree_inst/u_shared_mul/u_primary_mul/add_x_17/A[17] (unified_mul_32x32_DW01_add_277)                                                                                                                                                        0.0000     5.3028 r
  i_horcrux_top/i_horcrux/multiplier_tree_inst/u_shared_mul/u_primary_mul/add_x_17/U619/Y (NAND2_X3M_A9TR)                                                                                                                                                                       0.0348     5.3376 f
  i_horcrux_top/i_horcrux/multiplier_tree_inst/u_shared_mul/u_primary_mul/add_x_17/U710/Y (INV_X4M_A9TR)                                                                                                                                                                         0.0491     5.3867 r
  i_horcrux_top/i_horcrux/multiplier_tree_inst/u_shared_mul/u_primary_mul/add_x_17/U550/Y (AOI21B_X8M_A9TR)                                                                                                                                                                      0.0489     5.4356 f
  i_horcrux_top/i_horcrux/multiplier_tree_inst/u_shared_mul/u_primary_mul/add_x_17/U549/Y (OAI21_X8M_A9TR)                                                                                                                                                                       0.0488     5.4844 r
  i_horcrux_top/i_horcrux/multiplier_tree_inst/u_shared_mul/u_primary_mul/add_x_17/U583/Y (XNOR2_X4M_A9TR)                                                                                                                                                                       0.0655     5.5499 r
  i_horcrux_top/i_horcrux/multiplier_tree_inst/u_shared_mul/u_primary_mul/add_x_17/SUM[20] (unified_mul_32x32_DW01_add_277)                                                                                                                                                      0.0000     5.5499 r
  i_horcrux_top/i_horcrux/multiplier_tree_inst/u_shared_mul/u_primary_mul/U1713/Y (AO21_X6M_A9TR)                                                                                                                                                                                0.0688     5.6187 r
  i_horcrux_top/i_horcrux/multiplier_tree_inst/u_shared_mul/u_primary_mul/add_x_18/A[20] (unified_mul_32x32_DW01_add_293)                                                                                                                                                        0.0000     5.6187 r
  i_horcrux_top/i_horcrux/multiplier_tree_inst/u_shared_mul/u_primary_mul/add_x_18/U487/Y (OR2_X6M_A9TR)                                                                                                                                                                         0.0476     5.6663 r
  i_horcrux_top/i_horcrux/multiplier_tree_inst/u_shared_mul/u_primary_mul/add_x_18/U531/Y (NAND2_X4M_A9TR)                                                                                                                                                                       0.0277     5.6940 f
  i_horcrux_top/i_horcrux/multiplier_tree_inst/u_shared_mul/u_primary_mul/add_x_18/U728/Y (XNOR2_X4M_A9TR)                                                                                                                                                                       0.0388     5.7328 f
  i_horcrux_top/i_horcrux/multiplier_tree_inst/u_shared_mul/u_primary_mul/add_x_18/SUM[20] (unified_mul_32x32_DW01_add_293)                                                                                                                                                      0.0000     5.7328 f
  i_horcrux_top/i_horcrux/multiplier_tree_inst/u_shared_mul/u_primary_mul/U2814/Y (AO1B2_X6M_A9TR)                                                                                                                                                                               0.0605     5.7933 f
  i_horcrux_top/i_horcrux/multiplier_tree_inst/u_shared_mul/u_primary_mul/add_x_19/A[20] (unified_mul_32x32_DW01_add_294)                                                                                                                                                        0.0000     5.7933 f
  i_horcrux_top/i_horcrux/multiplier_tree_inst/u_shared_mul/u_primary_mul/add_x_19/U458/Y (INV_X5B_A9TR)                                                                                                                                                                         0.0286     5.8219 r
  i_horcrux_top/i_horcrux/multiplier_tree_inst/u_shared_mul/u_primary_mul/add_x_19/U473/Y (AO21A1AI2_X6M_A9TR)                                                                                                                                                                   0.0432     5.8651 f
  i_horcrux_top/i_horcrux/multiplier_tree_inst/u_shared_mul/u_primary_mul/add_x_19/U434/Y (INV_X5B_A9TR)                                                                                                                                                                         0.0333     5.8983 r
  i_horcrux_top/i_horcrux/multiplier_tree_inst/u_shared_mul/u_primary_mul/add_x_19/U544/Y (XOR2_X4M_A9TR)                                                                                                                                                                        0.0600     5.9583 r
  i_horcrux_top/i_horcrux/multiplier_tree_inst/u_shared_mul/u_primary_mul/add_x_19/SUM[21] (unified_mul_32x32_DW01_add_294)                                                                                                                                                      0.0000     5.9583 r
  i_horcrux_top/i_horcrux/multiplier_tree_inst/u_shared_mul/u_primary_mul/U2811/Y (AO1B2_X6M_A9TR)                                                                                                                                                                               0.0654     6.0237 r
  i_horcrux_top/i_horcrux/multiplier_tree_inst/u_shared_mul/u_primary_mul/add_x_20/A[21] (unified_mul_32x32_DW01_add_741)                                                                                                                                                        0.0000     6.0237 r
  i_horcrux_top/i_horcrux/multiplier_tree_inst/u_shared_mul/u_primary_mul/add_x_20/U666/Y (OR2_X11M_A9TR)                                                                                                                                                                        0.0497     6.0734 r
  i_horcrux_top/i_horcrux/multiplier_tree_inst/u_shared_mul/u_primary_mul/add_x_20/U581/Y (NAND2_X8A_A9TR)                                                                                                                                                                       0.0197     6.0931 f
  i_horcrux_top/i_horcrux/multiplier_tree_inst/u_shared_mul/u_primary_mul/add_x_20/U469/Y (NAND2_X6M_A9TR)                                                                                                                                                                       0.0303     6.1234 r
  i_horcrux_top/i_horcrux/multiplier_tree_inst/u_shared_mul/u_primary_mul/add_x_20/U648/Y (XOR2_X4M_A9TR)                                                                                                                                                                        0.0673     6.1907 r
  i_horcrux_top/i_horcrux/multiplier_tree_inst/u_shared_mul/u_primary_mul/add_x_20/SUM[22] (unified_mul_32x32_DW01_add_741)                                                                                                                                                      0.0000     6.1907 r
  i_horcrux_top/i_horcrux/multiplier_tree_inst/u_shared_mul/u_primary_mul/U1592/Y (AO21_X6M_A9TR)                                                                                                                                                                                0.0697     6.2604 r
  i_horcrux_top/i_horcrux/multiplier_tree_inst/u_shared_mul/u_primary_mul/add_x_21/A[22] (unified_mul_32x32_DW01_add_384)                                                                                                                                                        0.0000     6.2604 r
  i_horcrux_top/i_horcrux/multiplier_tree_inst/u_shared_mul/u_primary_mul/add_x_21/U589/Y (OR2_X8M_A9TR)                                                                                                                                                                         0.0430     6.3034 r
  i_horcrux_top/i_horcrux/multiplier_tree_inst/u_shared_mul/u_primary_mul/add_x_21/U426/Y (NAND2_X2B_A9TR)                                                                                                                                                                       0.0407     6.3441 f
  i_horcrux_top/i_horcrux/multiplier_tree_inst/u_shared_mul/u_primary_mul/add_x_21/U682/Y (XNOR2_X3M_A9TR)                                                                                                                                                                       0.0482     6.3923 f
  i_horcrux_top/i_horcrux/multiplier_tree_inst/u_shared_mul/u_primary_mul/add_x_21/SUM[22] (unified_mul_32x32_DW01_add_384)                                                                                                                                                      0.0000     6.3923 f
  i_horcrux_top/i_horcrux/multiplier_tree_inst/u_shared_mul/u_primary_mul/U299/Y (NAND2XB_X3M_A9TR)                                                                                                                                                                              0.0407     6.4330 r
  i_horcrux_top/i_horcrux/multiplier_tree_inst/u_shared_mul/u_primary_mul/U6450/Y (OAI21_X8M_A9TR)                                                                                                                                                                               0.0336     6.4666 f
  i_horcrux_top/i_horcrux/multiplier_tree_inst/u_shared_mul/u_primary_mul/add_x_22/A[22] (unified_mul_32x32_DW01_add_385)                                                                                                                                                        0.0000     6.4666 f
  i_horcrux_top/i_horcrux/multiplier_tree_inst/u_shared_mul/u_primary_mul/add_x_22/U418/Y (NAND2B_X4M_A9TR)                                                                                                                                                                      0.0571     6.5237 r
  i_horcrux_top/i_horcrux/multiplier_tree_inst/u_shared_mul/u_primary_mul/add_x_22/U563/Y (OAI21_X8M_A9TR)                                                                                                                                                                       0.0478     6.5715 f
  i_horcrux_top/i_horcrux/multiplier_tree_inst/u_shared_mul/u_primary_mul/add_x_22/U481/Y (XOR2_X4M_A9TR)                                                                                                                                                                        0.0625     6.6340 f
  i_horcrux_top/i_horcrux/multiplier_tree_inst/u_shared_mul/u_primary_mul/add_x_22/SUM[24] (unified_mul_32x32_DW01_add_385)                                                                                                                                                      0.0000     6.6340 f
  i_horcrux_top/i_horcrux/multiplier_tree_inst/u_shared_mul/u_primary_mul/U27/Y (NAND2_X3A_A9TR)                                                                                                                                                                                 0.0423     6.6763 r
  i_horcrux_top/i_horcrux/multiplier_tree_inst/u_shared_mul/u_primary_mul/U240/Y (NAND2XB_X6M_A9TR)                                                                                                                                                                              0.0361     6.7124 f
  i_horcrux_top/i_horcrux/multiplier_tree_inst/u_shared_mul/u_primary_mul/add_x_23/A[24] (unified_mul_32x32_DW01_add_310)                                                                                                                                                        0.0000     6.7124 f
  i_horcrux_top/i_horcrux/multiplier_tree_inst/u_shared_mul/u_primary_mul/add_x_23/U511/Y (NAND2_X6A_A9TR)                                                                                                                                                                       0.0312     6.7436 r
  i_horcrux_top/i_horcrux/multiplier_tree_inst/u_shared_mul/u_primary_mul/add_x_23/U456/Y (INV_X6B_A9TR)                                                                                                                                                                         0.0323     6.7759 f
  i_horcrux_top/i_horcrux/multiplier_tree_inst/u_shared_mul/u_primary_mul/add_x_23/U447/Y (OAI21_X8M_A9TR)                                                                                                                                                                       0.0380     6.8139 r
  i_horcrux_top/i_horcrux/multiplier_tree_inst/u_shared_mul/u_primary_mul/add_x_23/U446/Y (XOR2_X4M_A9TR)                                                                                                                                                                        0.0628     6.8767 r
  i_horcrux_top/i_horcrux/multiplier_tree_inst/u_shared_mul/u_primary_mul/add_x_23/SUM[25] (unified_mul_32x32_DW01_add_310)                                                                                                                                                      0.0000     6.8767 r
  i_horcrux_top/i_horcrux/multiplier_tree_inst/u_shared_mul/u_primary_mul/U229/Y (AO1B2_X4M_A9TR)                                                                                                                                                                                0.0609     6.9375 r
  i_horcrux_top/i_horcrux/multiplier_tree_inst/u_shared_mul/u_primary_mul/add_x_24/A[25] (unified_mul_32x32_DW01_add_755)                                                                                                                                                        0.0000     6.9375 r
  i_horcrux_top/i_horcrux/multiplier_tree_inst/u_shared_mul/u_primary_mul/add_x_24/U765/CO (ADDF_X2M_A9TR)                                                                                                                                                                       0.1216     7.0592 r
  i_horcrux_top/i_horcrux/multiplier_tree_inst/u_shared_mul/u_primary_mul/add_x_24/U545/Y (AO1B2_X6M_A9TR)                                                                                                                                                                       0.0665     7.1257 r
  i_horcrux_top/i_horcrux/multiplier_tree_inst/u_shared_mul/u_primary_mul/add_x_24/U456/Y (NAND2_X6M_A9TR)                                                                                                                                                                       0.0221     7.1478 f
  i_horcrux_top/i_horcrux/multiplier_tree_inst/u_shared_mul/u_primary_mul/add_x_24/U638/Y (NAND2_X8A_A9TR)                                                                                                                                                                       0.0276     7.1754 r
  i_horcrux_top/i_horcrux/multiplier_tree_inst/u_shared_mul/u_primary_mul/add_x_24/U637/Y (XNOR2_X4M_A9TR)                                                                                                                                                                       0.0596     7.2350 r
  i_horcrux_top/i_horcrux/multiplier_tree_inst/u_shared_mul/u_primary_mul/add_x_24/SUM[28] (unified_mul_32x32_DW01_add_755)                                                                                                                                                      0.0000     7.2350 r
  i_horcrux_top/i_horcrux/multiplier_tree_inst/u_shared_mul/u_primary_mul/U3161/Y (AO1B2_X6M_A9TR)                                                                                                                                                                               0.0667     7.3017 r
  i_horcrux_top/i_horcrux/multiplier_tree_inst/u_shared_mul/u_primary_mul/add_x_25/A[28] (unified_mul_32x32_DW01_add_399)                                                                                                                                                        0.0000     7.3017 r
  i_horcrux_top/i_horcrux/multiplier_tree_inst/u_shared_mul/u_primary_mul/add_x_25/U365/Y (NAND2B_X4M_A9TR)                                                                                                                                                                      0.0436     7.3454 f
  i_horcrux_top/i_horcrux/multiplier_tree_inst/u_shared_mul/u_primary_mul/add_x_25/U387/Y (NAND2_X4A_A9TR)                                                                                                                                                                       0.0342     7.3796 r
  i_horcrux_top/i_horcrux/multiplier_tree_inst/u_shared_mul/u_primary_mul/add_x_25/U615/Y (XOR2_X4M_A9TR)                                                                                                                                                                        0.0388     7.4184 r
  i_horcrux_top/i_horcrux/multiplier_tree_inst/u_shared_mul/u_primary_mul/add_x_25/SUM[28] (unified_mul_32x32_DW01_add_399)                                                                                                                                                      0.0000     7.4184 r
  i_horcrux_top/i_horcrux/multiplier_tree_inst/u_shared_mul/u_primary_mul/U2861/Y (AO1B2_X6M_A9TR)                                                                                                                                                                               0.0652     7.4836 r
  i_horcrux_top/i_horcrux/multiplier_tree_inst/u_shared_mul/u_primary_mul/add_x_26/A[28] (unified_mul_32x32_DW01_add_761)                                                                                                                                                        0.0000     7.4836 r
  i_horcrux_top/i_horcrux/multiplier_tree_inst/u_shared_mul/u_primary_mul/add_x_26/U552/Y (OR2_X6M_A9TR)                                                                                                                                                                         0.0611     7.5447 r
  i_horcrux_top/i_horcrux/multiplier_tree_inst/u_shared_mul/u_primary_mul/add_x_26/U499/Y (NAND2_X4M_A9TR)                                                                                                                                                                       0.0266     7.5713 f
  i_horcrux_top/i_horcrux/multiplier_tree_inst/u_shared_mul/u_primary_mul/add_x_26/U738/Y (XNOR2_X4M_A9TR)                                                                                                                                                                       0.0410     7.6123 f
  i_horcrux_top/i_horcrux/multiplier_tree_inst/u_shared_mul/u_primary_mul/add_x_26/SUM[28] (unified_mul_32x32_DW01_add_761)                                                                                                                                                      0.0000     7.6123 f
  i_horcrux_top/i_horcrux/multiplier_tree_inst/u_shared_mul/u_primary_mul/U3572/Y (NAND2XB_X4M_A9TR)                                                                                                                                                                             0.0401     7.6524 r
  i_horcrux_top/i_horcrux/multiplier_tree_inst/u_shared_mul/u_primary_mul/U2815/Y (AO1B2_X6M_A9TR)                                                                                                                                                                               0.0375     7.6899 f
  i_horcrux_top/i_horcrux/multiplier_tree_inst/u_shared_mul/u_primary_mul/add_x_27/A[28] (unified_mul_32x32_DW01_add_765)                                                                                                                                                        0.0000     7.6899 f
  i_horcrux_top/i_horcrux/multiplier_tree_inst/u_shared_mul/u_primary_mul/add_x_27/U552/Y (NAND2_X4B_A9TR)                                                                                                                                                                       0.0285     7.7184 r
  i_horcrux_top/i_horcrux/multiplier_tree_inst/u_shared_mul/u_primary_mul/add_x_27/U553/Y (NAND3_X4A_A9TR)                                                                                                                                                                       0.0614     7.7798 f
  i_horcrux_top/i_horcrux/multiplier_tree_inst/u_shared_mul/u_primary_mul/add_x_27/U470/Y (XNOR2_X3M_A9TR)                                                                                                                                                                       0.0762     7.8559 f
  i_horcrux_top/i_horcrux/multiplier_tree_inst/u_shared_mul/u_primary_mul/add_x_27/SUM[29] (unified_mul_32x32_DW01_add_765)                                                                                                                                                      0.0000     7.8559 f
  i_horcrux_top/i_horcrux/multiplier_tree_inst/u_shared_mul/u_primary_mul/U1536/Y (AO1B2_X4M_A9TR)                                                                                                                                                                               0.0652     7.9212 f
  i_horcrux_top/i_horcrux/multiplier_tree_inst/u_shared_mul/u_primary_mul/add_x_28/A[29] (unified_mul_32x32_DW01_add_509)                                                                                                                                                        0.0000     7.9212 f
  i_horcrux_top/i_horcrux/multiplier_tree_inst/u_shared_mul/u_primary_mul/add_x_28/U346/Y (NAND2XB_X3M_A9TR)                                                                                                                                                                     0.0470     7.9682 r
  i_horcrux_top/i_horcrux/multiplier_tree_inst/u_shared_mul/u_primary_mul/add_x_28/U342/Y (NAND2_X2A_A9TR)                                                                                                                                                                       0.0463     8.0145 f
  i_horcrux_top/i_horcrux/multiplier_tree_inst/u_shared_mul/u_primary_mul/add_x_28/U482/Y (XOR2_X4M_A9TR)                                                                                                                                                                        0.0422     8.0567 f
  i_horcrux_top/i_horcrux/multiplier_tree_inst/u_shared_mul/u_primary_mul/add_x_28/SUM[29] (unified_mul_32x32_DW01_add_509)                                                                                                                                                      0.0000     8.0567 f
  i_horcrux_top/i_horcrux/multiplier_tree_inst/u_shared_mul/u_primary_mul/U3452/Y (OAI22BB_X8M_A9TR)                                                                                                                                                                             0.0635     8.1202 f
  i_horcrux_top/i_horcrux/multiplier_tree_inst/u_shared_mul/u_primary_mul/add_x_29/A[29] (unified_mul_32x32_DW01_add_441)                                                                                                                                                        0.0000     8.1202 f
  i_horcrux_top/i_horcrux/multiplier_tree_inst/u_shared_mul/u_primary_mul/add_x_29/U312/Y (OR2_X3M_A9TR)                                                                                                                                                                         0.0643     8.1845 f
  i_horcrux_top/i_horcrux/multiplier_tree_inst/u_shared_mul/u_primary_mul/add_x_29/U310/Y (AND2_X6B_A9TR)                                                                                                                                                                        0.0417     8.2261 f
  i_horcrux_top/i_horcrux/multiplier_tree_inst/u_shared_mul/u_primary_mul/add_x_29/SUM[29] (unified_mul_32x32_DW01_add_441)                                                                                                                                                      0.0000     8.2261 f
  i_horcrux_top/i_horcrux/multiplier_tree_inst/u_shared_mul/u_primary_mul/U2794/Y (NAND2_X6B_A9TR)                                                                                                                                                                               0.0205     8.2467 r
  i_horcrux_top/i_horcrux/multiplier_tree_inst/u_shared_mul/u_primary_mul/U3453/Y (NAND2B_X6M_A9TR)                                                                                                                                                                              0.0488     8.2955 f
  i_horcrux_top/i_horcrux/multiplier_tree_inst/u_shared_mul/u_primary_mul/prod_o[29] (unified_mul_32x32)                                                                                                                                                                         0.0000     8.2955 f
  i_horcrux_top/i_horcrux/multiplier_tree_inst/u_shared_mul/U118/Y (AND2_X8M_A9TR)                                                                                                                                                                                               0.0493     8.3448 f
  i_horcrux_top/i_horcrux/multiplier_tree_inst/u_shared_mul/mult_x_3/a[29] (shared_multiplication_logic_DW_mult_uns_0)                                                                                                                                                           0.0000     8.3448 f
  i_horcrux_top/i_horcrux/multiplier_tree_inst/u_shared_mul/mult_x_3/U934/Y (XNOR2_X4M_A9TR)                                                                                                                                                                                     0.0447     8.3896 f
  i_horcrux_top/i_horcrux/multiplier_tree_inst/u_shared_mul/mult_x_3/U933/Y (OAI22_X6M_A9TR)                                                                                                                                                                                     0.0511     8.4406 r
  i_horcrux_top/i_horcrux/multiplier_tree_inst/u_shared_mul/mult_x_3/U1442/S (ADDF_X1M_A9TR)                                                                                                                                                                                     0.1400     8.5806 f
  i_horcrux_top/i_horcrux/multiplier_tree_inst/u_shared_mul/mult_x_3/product[29] (shared_multiplication_logic_DW_mult_uns_0)                                                                                                                                                     0.0000     8.5806 f
  i_horcrux_top/i_horcrux/multiplier_tree_inst/u_shared_mul/U381/Y (AO1B2_X6M_A9TR)                                                                                                                                                                                              0.0674     8.6481 f
  i_horcrux_top/i_horcrux/multiplier_tree_inst/u_shared_mul/DP_OP_45J11_125_3794/I1[29] (shared_multiplication_logic_DP_OP_45J11_125_3794_6)                                                                                                                                     0.0000     8.6481 f
  i_horcrux_top/i_horcrux/multiplier_tree_inst/u_shared_mul/DP_OP_45J11_125_3794/U3190/Y (BUF_X3B_A9TR)                                                                                                                                                                          0.1344     8.7825 f
  i_horcrux_top/i_horcrux/multiplier_tree_inst/u_shared_mul/DP_OP_45J11_125_3794/U3761/Y (AOI22_X0P5M_A9TR)                                                                                                                                                                      0.1465     8.9290 r
  i_horcrux_top/i_horcrux/multiplier_tree_inst/u_shared_mul/DP_OP_45J11_125_3794/U3760/Y (AO1B2_X0P7M_A9TR)                                                                                                                                                                      0.1083     9.0373 f
  i_horcrux_top/i_horcrux/multiplier_tree_inst/u_shared_mul/DP_OP_45J11_125_3794/U3174/Y (AOI2XB1_X1M_A9TR)                                                                                                                                                                      0.1121     9.1494 r
  i_horcrux_top/i_horcrux/multiplier_tree_inst/u_shared_mul/DP_OP_45J11_125_3794/U3759/Y (XOR2_X1P4M_A9TR)                                                                                                                                                                       0.0840     9.2334 f
  i_horcrux_top/i_horcrux/multiplier_tree_inst/u_shared_mul/DP_OP_45J11_125_3794/U3758/Y (OAI22BB_X6M_A9TR)                                                                                                                                                                      0.0780     9.3114 r
  i_horcrux_top/i_horcrux/multiplier_tree_inst/u_shared_mul/DP_OP_45J11_125_3794/U3410/CO (ADDH_X1P4M_A9TR)                                                                                                                                                                      0.0918     9.4032 r
  i_horcrux_top/i_horcrux/multiplier_tree_inst/u_shared_mul/DP_OP_45J11_125_3794/U3662/CO (CGEN_X1P4M_A9TR)                                                                                                                                                                      0.0960     9.4992 r
  i_horcrux_top/i_horcrux/multiplier_tree_inst/u_shared_mul/DP_OP_45J11_125_3794/U3058/CO (ADDF_X2M_A9TR)                                                                                                                                                                        0.1103     9.6095 r
  i_horcrux_top/i_horcrux/multiplier_tree_inst/u_shared_mul/DP_OP_45J11_125_3794/U2986/Y (NAND2_X3M_A9TR)                                                                                                                                                                        0.0350     9.6444 f
  i_horcrux_top/i_horcrux/multiplier_tree_inst/u_shared_mul/DP_OP_45J11_125_3794/U5034/Y (AO21B_X4M_A9TR)                                                                                                                                                                        0.0260     9.6705 r
  i_horcrux_top/i_horcrux/multiplier_tree_inst/u_shared_mul/DP_OP_45J11_125_3794/U5313/CO (ADDF_X2M_A9TR)                                                                                                                                                                        0.1023     9.7728 r
  i_horcrux_top/i_horcrux/multiplier_tree_inst/u_shared_mul/DP_OP_45J11_125_3794/U3032/Y (OAI21_X3M_A9TR)                                                                                                                                                                        0.0478     9.8206 f
  i_horcrux_top/i_horcrux/multiplier_tree_inst/u_shared_mul/DP_OP_45J11_125_3794/U3024/Y (AO21B_X3M_A9TR)                                                                                                                                                                        0.0343     9.8549 r
  i_horcrux_top/i_horcrux/multiplier_tree_inst/u_shared_mul/DP_OP_45J11_125_3794/U5312/CO (ADDF_X2M_A9TR)                                                                                                                                                                        0.1041     9.9590 r
  i_horcrux_top/i_horcrux/multiplier_tree_inst/u_shared_mul/DP_OP_45J11_125_3794/U2970/Y (AO21B_X3M_A9TR)                                                                                                                                                                        0.0374     9.9964 f
  i_horcrux_top/i_horcrux/multiplier_tree_inst/u_shared_mul/DP_OP_45J11_125_3794/U5025/Y (NAND2_X4B_A9TR)                                                                                                                                                                        0.0344    10.0308 r
  i_horcrux_top/i_horcrux/multiplier_tree_inst/u_shared_mul/DP_OP_45J11_125_3794/U3387/Y (AO1B2_X6M_A9TR)                                                                                                                                                                        0.0591    10.0899 r
  i_horcrux_top/i_horcrux/multiplier_tree_inst/u_shared_mul/DP_OP_45J11_125_3794/U3629/Y (OAI21_X6M_A9TR)                                                                                                                                                                        0.0318    10.1217 f
  i_horcrux_top/i_horcrux/multiplier_tree_inst/u_shared_mul/DP_OP_45J11_125_3794/U3673/Y (AO1B2_X4M_A9TR)                                                                                                                                                                        0.0366    10.1583 r
  i_horcrux_top/i_horcrux/multiplier_tree_inst/u_shared_mul/DP_OP_45J11_125_3794/U3763/Y (OAI21_X6M_A9TR)                                                                                                                                                                        0.0334    10.1917 f
  i_horcrux_top/i_horcrux/multiplier_tree_inst/u_shared_mul/DP_OP_45J11_125_3794/U3006/Y (AO21B_X4M_A9TR)                                                                                                                                                                        0.0328    10.2245 r
  i_horcrux_top/i_horcrux/multiplier_tree_inst/u_shared_mul/DP_OP_45J11_125_3794/U2993/Y (AO1B2_X4M_A9TR)                                                                                                                                                                        0.0535    10.2780 r
  i_horcrux_top/i_horcrux/multiplier_tree_inst/u_shared_mul/DP_OP_45J11_125_3794/U5322/S (ADDF_X2M_A9TR)                                                                                                                                                                         0.1550    10.4331 f
  i_horcrux_top/i_horcrux/multiplier_tree_inst/u_shared_mul/DP_OP_45J11_125_3794/U2961/Y (NOR2_X4M_A9TR)                                                                                                                                                                         0.0656    10.4987 r
  i_horcrux_top/i_horcrux/multiplier_tree_inst/u_shared_mul/DP_OP_45J11_125_3794/U3451/Y (NOR2_X6M_A9TR)                                                                                                                                                                         0.0529    10.5516 f
  i_horcrux_top/i_horcrux/multiplier_tree_inst/u_shared_mul/DP_OP_45J11_125_3794/U2905/Y (AND2_X2M_A9TR)                                                                                                                                                                         0.0680    10.6196 f
  i_horcrux_top/i_horcrux/multiplier_tree_inst/u_shared_mul/DP_OP_45J11_125_3794/U3224/Y (AOI21_X6M_A9TR)                                                                                                                                                                        0.0416    10.6612 r
  i_horcrux_top/i_horcrux/multiplier_tree_inst/u_shared_mul/DP_OP_45J11_125_3794/U3311/Y (XOR2_X4M_A9TR)                                                                                                                                                                         0.0416    10.7027 r
  i_horcrux_top/i_horcrux/multiplier_tree_inst/u_shared_mul/DP_OP_45J11_125_3794/O2[15] (shared_multiplication_logic_DP_OP_45J11_125_3794_6)                                                                                                                                     0.0000    10.7027 r
  i_horcrux_top/i_horcrux/multiplier_tree_inst/u_shared_mul/U157/Y (AO1B2_X6M_A9TR)                                                                                                                                                                                              0.0731    10.7759 r
  i_horcrux_top/i_horcrux/multiplier_tree_inst/u_shared_mul/res_lo_o[15] (shared_multiplication_logic)                                                                                                                                                                           0.0000    10.7759 r
  i_horcrux_top/i_horcrux/multiplier_tree_inst/U291/Y (INV_X7P5M_A9TR)                                                                                                                                                                                                           0.0304    10.8063 f
  i_horcrux_top/i_horcrux/multiplier_tree_inst/U1069/Y (INV_X16M_A9TR)                                                                                                                                                                                                           0.0268    10.8331 r
  i_horcrux_top/i_horcrux/multiplier_tree_inst/DP_OP_93_149_9367/I2[15] (multiplier_tree_DP_OP_93_149_9367_5)                                                                                                                                                                    0.0000    10.8331 r
  i_horcrux_top/i_horcrux/multiplier_tree_inst/DP_OP_93_149_9367/U482/Y (NAND2_X3A_A9TR)                                                                                                                                                                                         0.0303    10.8634 f
  i_horcrux_top/i_horcrux/multiplier_tree_inst/DP_OP_93_149_9367/U472/Y (INV_X2M_A9TR)                                                                                                                                                                                           0.0394    10.9028 r
  i_horcrux_top/i_horcrux/multiplier_tree_inst/DP_OP_93_149_9367/U516/Y (AOI21_X6M_A9TR)                                                                                                                                                                                         0.0349    10.9377 f
  i_horcrux_top/i_horcrux/multiplier_tree_inst/DP_OP_93_149_9367/U465/Y (OAI21_X8M_A9TR)                                                                                                                                                                                         0.0337    10.9714 r
  i_horcrux_top/i_horcrux/multiplier_tree_inst/DP_OP_93_149_9367/U556/Y (AOI21_X8M_A9TR)                                                                                                                                                                                         0.0461    11.0175 f
  i_horcrux_top/i_horcrux/multiplier_tree_inst/DP_OP_93_149_9367/U571/Y (OAI21_X8M_A9TR)                                                                                                                                                                                         0.0548    11.0723 r
  i_horcrux_top/i_horcrux/multiplier_tree_inst/DP_OP_93_149_9367/U462/Y (BUFH_X9M_A9TR)                                                                                                                                                                                          0.0500    11.1223 r
  i_horcrux_top/i_horcrux/multiplier_tree_inst/DP_OP_93_149_9367/U603/Y (XNOR2_X3M_A9TR)                                                                                                                                                                                         0.0397    11.1620 r
  i_horcrux_top/i_horcrux/multiplier_tree_inst/DP_OP_93_149_9367/O1[26] (multiplier_tree_DP_OP_93_149_9367_5)                                                                                                                                                                    0.0000    11.1620 r
  i_horcrux_top/i_horcrux/multiplier_tree_inst/U166/Y (AO1B2_X4M_A9TR)                                                                                                                                                                                                           0.0642    11.2262 r
  i_horcrux_top/i_horcrux/multiplier_tree_inst/result_o[26] (multiplier_tree)                                                                                                                                                                                                    0.0000    11.2262 r
  i_horcrux_top/i_horcrux/U3241/Y (AO1B2_X6M_A9TR)                                                                                                                                                                                                                               0.0549    11.2811 r
  i_horcrux_top/i_horcrux/rd_values_o[rd1][26] (horcrux_NUM_VARIABLES50_VARIABLE_WIDTH32)                                                                                                                                                                                        0.0000    11.2811 r
  i_horcrux_top/commit_stage_i/result_i[rd1][26] (commit_stage_I_xif_result_if_if_xif_coproc_result_X_NUM_RS_3)                                                                                                                                                                  0.0000    11.2811 r
  i_horcrux_top/commit_stage_i/U30/Y (BUFH_X16M_A9TR)                                                                                                                                                                                                                            0.0550    11.3361 r
  i_horcrux_top/commit_stage_i/xif_result_if.result[data][26] (commit_stage_I_xif_result_if_if_xif_coproc_result_X_NUM_RS_3)                                                                                                                                                     0.0000    11.3361 r
  i_horcrux_top/xif_result_if.result[data][26] (horcrux_top_I_xif_compressed_if_if_xif__X_NUM_RS_3I_xif_issue_if_if_xif__X_NUM_RS_3I_xif_commit_if_if_xif__X_NUM_RS_3I_xif_mem_if_if_xif__X_NUM_RS_3I_xif_mem_result_if_if_xif__X_NUM_RS_3I_xif_result_if_if_xif__X_NUM_RS_3)    0.0000    11.3361 r
  result_o[data][26] (out)                                                                                                                                                                                                                                                       0.0038    11.3400 r
  data arrival time                                                                                                                                                                                                                                                                        11.3400

  clock clk (rise edge)                                                                                                                                                                                                                                                         12.6000    12.6000
  clock network delay (ideal)                                                                                                                                                                                                                                                    1.2600    13.8600
  clock uncertainty                                                                                                                                                                                                                                                             -0.6300    13.2300
  output external delay                                                                                                                                                                                                                                                         -1.8900    11.3400
  data required time                                                                                                                                                                                                                                                                       11.3400
  ---------------------------------------------------------------------------------------------------------------------------------------------------------------------------------------------------------------------------------------------------------------------------------------------------
  data required time                                                                                                                                                                                                                                                                       11.3400
  data arrival time                                                                                                                                                                                                                                                                       -11.3400
  ---------------------------------------------------------------------------------------------------------------------------------------------------------------------------------------------------------------------------------------------------------------------------------------------------
  slack (MET)                                                                                                                                                                                                                                                                               0.0000


