 
****************************************
Report : qor
Design : horcrux_top_synth
Version: X-2025.06
Date   : Wed Oct  7 15:51:42 2026
****************************************


  Timing Path Group 'clk'
  -----------------------------------
  Levels of Logic:             236.00
  Critical Path Length:         10.02
  Critical Path Slack:          -0.02
  Critical Path Clk Period:     12.50
  Total Negative Slack:         -0.17
  No. of Violating Paths:       17.00
  Worst Hold Violation:          0.00
  Total Hold Violation:          0.00
  No. of Hold Violations:        0.00
  -----------------------------------


  Cell Count
  -----------------------------------
  Hierarchical Cell Count:         73
  Hierarchical Port Count:      35069
  Leaf Cell Count:              72269
  Buf/Inv Cell Count:           14661
  Buf Cell Count:                1633
  Inv Cell Count:               13028
  CT Buf/Inv Cell Count:            0
  Combinational Cell Count:     67893
  Sequential Cell Count:         4376
  Macro Count:                      0
  -----------------------------------


  Area
  -----------------------------------
  Combinational Area:   109283.351943
  Noncombinational Area: 19882.421056
  Buf/Inv Area:          10088.744293
  Total Buffer Area:          1810.77
  Total Inverter Area:        8277.97
  Macro/Black Box Area:      0.000000
  Net Area:                  0.000000
  -----------------------------------
  Cell Area:            129165.772999
  Design Area:          129165.772999


  Design Rules
  -----------------------------------
  Total Number of Nets:         80106
  Nets With Violations:          2974
  Max Trans Violations:          2970
  Max Cap Violations:               0
  Max Fanout Violations:            5
  -----------------------------------


  Hostname: localhost.localdomain

  Compile CPU Statistics
  -----------------------------------------
  Resource Sharing:                    4.22
  Logic Optimization:                  3.06
  Mapping Optimization:              432.08
  -----------------------------------------
  Overall Compile Time:              744.26
  Overall Compile Wall Clock Time:   747.98

  --------------------------------------------------------------------

  Design  WNS: 0.02  TNS: 0.17  Number of Violating Paths: 17


  Design (Hold)  WNS: 0.00  TNS: 0.00  Number of Violating Paths: 0

  --------------------------------------------------------------------


1
