 
****************************************
Report : timing
        -path full
        -delay max
        -nworst 5
        -max_paths 20
Design : horcrux_top_synth
Version: X-2025.06
Date   : Wed Oct  7 15:51:42 2026
****************************************

Operating Conditions: ss_typical_max_0p81v_125c   Library: sc9_cln40g_base_rvt_ss_typical_max_0p81v_125c
Wire Load Model Mode: top

  Startpoint: i_horcrux_top/id_stage_i/rs_values_o_reg[rs1][5]
              (rising edge-triggered flip-flop clocked by clk)
  Endpoint: result_o[data][14]
            (output port clocked by clk)
  Path Group: clk
  Path Type: max

  Des/Clust/Port     Wire Load Model       Library
  ------------------------------------------------
  horcrux_top_synth  Medium                sc9_cln40g_base_rvt_ss_typical_max_0p81v_125c

  Point                                                                                                                                                                                                                                                                                                                                                                                                                                                                                                                                                 Incr       Path
  ---------------------------------------------------------------------------------------------------------------------------------------------------------------------------------------------------------------------------------------------------------------------------------------------------
  clock clk (rise edge)                                                                                                                                                                                                                                                          0.0000     0.0000
  clock network delay (ideal)                                                                                                                                                                                                                                                    1.2500     1.2500
  i_horcrux_top/id_stage_i/rs_values_o_reg[rs1][5]/CK (DFFSQN_X3M_A9TR)                                                                                                                                                                                                          0.0000     1.2500 r
  i_horcrux_top/id_stage_i/rs_values_o_reg[rs1][5]/QN (DFFSQN_X3M_A9TR)                                                                                                                                                                                                          0.1807     1.4307 r
  i_horcrux_top/id_stage_i/rs_values_o[rs1][5] (id_stage_I_xif_issue_if_if_xif_coproc_issue_X_NUM_RS_3)                                                                                                                                                                          0.0000     1.4307 r
  i_horcrux_top/i_horcrux/rs_values_i[rs1][5] (horcrux_NUM_VARIABLES50_VARIABLE_WIDTH32)                                                                                                                                                                                         0.0000     1.4307 r
  i_horcrux_top/i_horcrux/multiplier_tree_inst/multiplier_tree1_i[5] (multiplier_tree)                                                                                                                                                                                           0.0000     1.4307 r
  i_horcrux_top/i_horcrux/multiplier_tree_inst/U959/Y (AOI22BB_X8M_A9TR)                                                                                                                                                                                                         0.0744     1.5051 r
  i_horcrux_top/i_horcrux/multiplier_tree_inst/U583/Y (NOR3BB_X8M_A9TR)                                                                                                                                                                                                          0.0539     1.5590 r
  i_horcrux_top/i_horcrux/multiplier_tree_inst/U565/Y (NAND2_X8M_A9TR)                                                                                                                                                                                                           0.0242     1.5833 f
  i_horcrux_top/i_horcrux/multiplier_tree_inst/U954/Y (AOI21_X8M_A9TR)                                                                                                                                                                                                           0.0343     1.6175 r
  i_horcrux_top/i_horcrux/multiplier_tree_inst/U986/Y (OAI21_X8M_A9TR)                                                                                                                                                                                                           0.0382     1.6557 f
  i_horcrux_top/i_horcrux/multiplier_tree_inst/U1084/Y (INV_X16M_A9TR)                                                                                                                                                                                                           0.0361     1.6918 r
  i_horcrux_top/i_horcrux/multiplier_tree_inst/U544/Y (OA21_X4M_A9TR)                                                                                                                                                                                                            0.0560     1.7478 r
  i_horcrux_top/i_horcrux/multiplier_tree_inst/U910/Y (NAND3_X6A_A9TR)                                                                                                                                                                                                           0.0332     1.7810 f
  i_horcrux_top/i_horcrux/multiplier_tree_inst/u_shared_mul/op_b_i[0] (shared_multiplication_logic)                                                                                                                                                                              0.0000     1.7810 f
  i_horcrux_top/i_horcrux/multiplier_tree_inst/u_shared_mul/u_primary_mul/b_i[0] (unified_mul_32x32)                                                                                                                                                                             0.0000     1.7810 f
  i_horcrux_top/i_horcrux/multiplier_tree_inst/u_shared_mul/u_primary_mul/U3257/Y (AND2_X11B_A9TR)                                                                                                                                                                               0.0465     1.8274 f
  i_horcrux_top/i_horcrux/multiplier_tree_inst/u_shared_mul/u_primary_mul/add_x_1/B[1] (unified_mul_32x32_DW01_add_726)                                                                                                                                                          0.0000     1.8274 f
  i_horcrux_top/i_horcrux/multiplier_tree_inst/u_shared_mul/u_primary_mul/add_x_1/U590/Y (NAND2_X8A_A9TR)                                                                                                                                                                        0.0224     1.8498 r
  i_horcrux_top/i_horcrux/multiplier_tree_inst/u_shared_mul/u_primary_mul/add_x_1/U593/Y (INV_X13M_A9TR)                                                                                                                                                                         0.0147     1.8645 f
  i_horcrux_top/i_horcrux/multiplier_tree_inst/u_shared_mul/u_primary_mul/add_x_1/U603/Y (NAND2_X8A_A9TR)                                                                                                                                                                        0.0191     1.8836 r
  i_horcrux_top/i_horcrux/multiplier_tree_inst/u_shared_mul/u_primary_mul/add_x_1/U588/Y (NAND2_X8A_A9TR)                                                                                                                                                                        0.0245     1.9081 f
  i_horcrux_top/i_horcrux/multiplier_tree_inst/u_shared_mul/u_primary_mul/add_x_1/U718/Y (AOI21_X8M_A9TR)                                                                                                                                                                        0.0354     1.9435 r
  i_horcrux_top/i_horcrux/multiplier_tree_inst/u_shared_mul/u_primary_mul/add_x_1/U716/Y (XOR2_X4M_A9TR)                                                                                                                                                                         0.0425     1.9859 r
  i_horcrux_top/i_horcrux/multiplier_tree_inst/u_shared_mul/u_primary_mul/add_x_1/SUM[4] (unified_mul_32x32_DW01_add_726)                                                                                                                                                        0.0000     1.9859 r
  i_horcrux_top/i_horcrux/multiplier_tree_inst/u_shared_mul/u_primary_mul/U544/Y (NAND2_X6A_A9TR)                                                                                                                                                                                0.0329     2.0188 f
  i_horcrux_top/i_horcrux/multiplier_tree_inst/u_shared_mul/u_primary_mul/U1507/Y (NAND2_X8A_A9TR)                                                                                                                                                                               0.0297     2.0485 r
  i_horcrux_top/i_horcrux/multiplier_tree_inst/u_shared_mul/u_primary_mul/add_x_2/A[4] (unified_mul_32x32_DW01_add_707)                                                                                                                                                          0.0000     2.0485 r
  i_horcrux_top/i_horcrux/multiplier_tree_inst/u_shared_mul/u_primary_mul/add_x_2/U424/Y (INV_X13M_A9TR)                                                                                                                                                                         0.0149     2.0634 f
  i_horcrux_top/i_horcrux/multiplier_tree_inst/u_shared_mul/u_primary_mul/add_x_2/U444/Y (NAND2_X8A_A9TR)                                                                                                                                                                        0.0196     2.0829 r
  i_horcrux_top/i_horcrux/multiplier_tree_inst/u_shared_mul/u_primary_mul/add_x_2/U411/Y (NAND2_X4B_A9TR)                                                                                                                                                                        0.0265     2.1094 f
  i_horcrux_top/i_horcrux/multiplier_tree_inst/u_shared_mul/u_primary_mul/add_x_2/U462/Y (XNOR2_X4M_A9TR)                                                                                                                                                                        0.0390     2.1484 f
  i_horcrux_top/i_horcrux/multiplier_tree_inst/u_shared_mul/u_primary_mul/add_x_2/SUM[4] (unified_mul_32x32_DW01_add_707)                                                                                                                                                        0.0000     2.1484 f
  i_horcrux_top/i_horcrux/multiplier_tree_inst/u_shared_mul/u_primary_mul/U3252/Y (AO1B2_X6M_A9TR)                                                                                                                                                                               0.0679     2.2163 f
  i_horcrux_top/i_horcrux/multiplier_tree_inst/u_shared_mul/u_primary_mul/add_x_3/A[4] (unified_mul_32x32_DW01_add_750)                                                                                                                                                          0.0000     2.2163 f
  i_horcrux_top/i_horcrux/multiplier_tree_inst/u_shared_mul/u_primary_mul/add_x_3/U412/Y (XNOR2_X4M_A9TR)                                                                                                                                                                        0.0507     2.2670 f
  i_horcrux_top/i_horcrux/multiplier_tree_inst/u_shared_mul/u_primary_mul/add_x_3/U423/Y (XOR2_X4M_A9TR)                                                                                                                                                                         0.0587     2.3258 f
  i_horcrux_top/i_horcrux/multiplier_tree_inst/u_shared_mul/u_primary_mul/add_x_3/SUM[4] (unified_mul_32x32_DW01_add_750)                                                                                                                                                        0.0000     2.3258 f
  i_horcrux_top/i_horcrux/multiplier_tree_inst/u_shared_mul/u_primary_mul/U3047/Y (AO1B2_X6M_A9TR)                                                                                                                                                                               0.0618     2.3875 f
  i_horcrux_top/i_horcrux/multiplier_tree_inst/u_shared_mul/u_primary_mul/add_x_4/A[4] (unified_mul_32x32_DW01_add_745)                                                                                                                                                          0.0000     2.3875 f
  i_horcrux_top/i_horcrux/multiplier_tree_inst/u_shared_mul/u_primary_mul/add_x_4/U849/Y (NAND2_X8A_A9TR)                                                                                                                                                                        0.0285     2.4160 r
  i_horcrux_top/i_horcrux/multiplier_tree_inst/u_shared_mul/u_primary_mul/add_x_4/U859/Y (AO1B2_X6M_A9TR)                                                                                                                                                                        0.0560     2.4720 r
  i_horcrux_top/i_horcrux/multiplier_tree_inst/u_shared_mul/u_primary_mul/add_x_4/U863/Y (NAND2_X8A_A9TR)                                                                                                                                                                        0.0236     2.4956 f
  i_horcrux_top/i_horcrux/multiplier_tree_inst/u_shared_mul/u_primary_mul/add_x_4/U846/Y (OAI2XB1_X8M_A9TR)                                                                                                                                                                      0.0273     2.5230 r
  i_horcrux_top/i_horcrux/multiplier_tree_inst/u_shared_mul/u_primary_mul/add_x_4/U811/Y (NAND2_X8A_A9TR)                                                                                                                                                                        0.0301     2.5531 f
  i_horcrux_top/i_horcrux/multiplier_tree_inst/u_shared_mul/u_primary_mul/add_x_4/U809/Y (AOI21_X8M_A9TR)                                                                                                                                                                        0.0412     2.5942 r
  i_horcrux_top/i_horcrux/multiplier_tree_inst/u_shared_mul/u_primary_mul/add_x_4/U806/Y (NAND2_X8A_A9TR)                                                                                                                                                                        0.0225     2.6168 f
  i_horcrux_top/i_horcrux/multiplier_tree_inst/u_shared_mul/u_primary_mul/add_x_4/U824/Y (NAND2_X8A_A9TR)                                                                                                                                                                        0.0229     2.6396 r
  i_horcrux_top/i_horcrux/multiplier_tree_inst/u_shared_mul/u_primary_mul/add_x_4/U880/Y (OAI21_X8M_A9TR)                                                                                                                                                                        0.0355     2.6751 f
  i_horcrux_top/i_horcrux/multiplier_tree_inst/u_shared_mul/u_primary_mul/add_x_4/U906/Y (XNOR2_X4M_A9TR)                                                                                                                                                                        0.0657     2.7408 f
  i_horcrux_top/i_horcrux/multiplier_tree_inst/u_shared_mul/u_primary_mul/add_x_4/SUM[10] (unified_mul_32x32_DW01_add_745)                                                                                                                                                       0.0000     2.7408 f
  i_horcrux_top/i_horcrux/multiplier_tree_inst/u_shared_mul/u_primary_mul/U494/Y (NAND2_X6B_A9TR)                                                                                                                                                                                0.0344     2.7752 r
  i_horcrux_top/i_horcrux/multiplier_tree_inst/u_shared_mul/u_primary_mul/U1908/Y (NAND2_X8A_A9TR)                                                                                                                                                                               0.0268     2.8020 f
  i_horcrux_top/i_horcrux/multiplier_tree_inst/u_shared_mul/u_primary_mul/add_x_5/A[10] (unified_mul_32x32_DW01_add_749)                                                                                                                                                         0.0000     2.8020 f
  i_horcrux_top/i_horcrux/multiplier_tree_inst/u_shared_mul/u_primary_mul/add_x_5/U786/Y (NAND2_X8M_A9TR)                                                                                                                                                                        0.0330     2.8351 r
  i_horcrux_top/i_horcrux/multiplier_tree_inst/u_shared_mul/u_primary_mul/add_x_5/U762/Y (INV_X6M_A9TR)                                                                                                                                                                          0.0191     2.8541 f
  i_horcrux_top/i_horcrux/multiplier_tree_inst/u_shared_mul/u_primary_mul/add_x_5/U761/Y (NOR2_X8A_A9TR)                                                                                                                                                                         0.0262     2.8803 r
  i_horcrux_top/i_horcrux/multiplier_tree_inst/u_shared_mul/u_primary_mul/add_x_5/U869/Y (XNOR2_X4M_A9TR)                                                                                                                                                                        0.0389     2.9192 r
  i_horcrux_top/i_horcrux/multiplier_tree_inst/u_shared_mul/u_primary_mul/add_x_5/SUM[10] (unified_mul_32x32_DW01_add_749)                                                                                                                                                       0.0000     2.9192 r
  i_horcrux_top/i_horcrux/multiplier_tree_inst/u_shared_mul/u_primary_mul/U1907/Y (AO1B2_X6M_A9TR)                                                                                                                                                                               0.0670     2.9862 r
  i_horcrux_top/i_horcrux/multiplier_tree_inst/u_shared_mul/u_primary_mul/add_x_6/A[10] (unified_mul_32x32_DW01_add_754)                                                                                                                                                         0.0000     2.9862 r
  i_horcrux_top/i_horcrux/multiplier_tree_inst/u_shared_mul/u_primary_mul/add_x_6/U758/Y (OR2_X8M_A9TR)                                                                                                                                                                          0.0462     3.0324 r
  i_horcrux_top/i_horcrux/multiplier_tree_inst/u_shared_mul/u_primary_mul/add_x_6/U818/Y (NAND2_X6M_A9TR)                                                                                                                                                                        0.0210     3.0535 f
  i_horcrux_top/i_horcrux/multiplier_tree_inst/u_shared_mul/u_primary_mul/add_x_6/U888/Y (XNOR2_X4M_A9TR)                                                                                                                                                                        0.0390     3.0924 f
  i_horcrux_top/i_horcrux/multiplier_tree_inst/u_shared_mul/u_primary_mul/add_x_6/SUM[10] (unified_mul_32x32_DW01_add_754)                                                                                                                                                       0.0000     3.0924 f
  i_horcrux_top/i_horcrux/multiplier_tree_inst/u_shared_mul/u_primary_mul/U3006/Y (NAND2_X6A_A9TR)                                                                                                                                                                               0.0353     3.1278 r
  i_horcrux_top/i_horcrux/multiplier_tree_inst/u_shared_mul/u_primary_mul/U3003/Y (NAND2_X8A_A9TR)                                                                                                                                                                               0.0260     3.1538 f
  i_horcrux_top/i_horcrux/multiplier_tree_inst/u_shared_mul/u_primary_mul/add_x_7/A[10] (unified_mul_32x32_DW01_add_721)                                                                                                                                                         0.0000     3.1538 f
  i_horcrux_top/i_horcrux/multiplier_tree_inst/u_shared_mul/u_primary_mul/add_x_7/U714/Y (OR2_X8M_A9TR)                                                                                                                                                                          0.0487     3.2024 f
  i_horcrux_top/i_horcrux/multiplier_tree_inst/u_shared_mul/u_primary_mul/add_x_7/U647/Y (NAND2_X6A_A9TR)                                                                                                                                                                        0.0242     3.2266 r
  i_horcrux_top/i_horcrux/multiplier_tree_inst/u_shared_mul/u_primary_mul/add_x_7/U651/Y (XNOR2_X4M_A9TR)                                                                                                                                                                        0.0401     3.2667 r
  i_horcrux_top/i_horcrux/multiplier_tree_inst/u_shared_mul/u_primary_mul/add_x_7/SUM[10] (unified_mul_32x32_DW01_add_721)                                                                                                                                                       0.0000     3.2667 r
  i_horcrux_top/i_horcrux/multiplier_tree_inst/u_shared_mul/u_primary_mul/U1485/Y (AO1B2_X6M_A9TR)                                                                                                                                                                               0.0676     3.3344 r
  i_horcrux_top/i_horcrux/multiplier_tree_inst/u_shared_mul/u_primary_mul/add_x_8/A[10] (unified_mul_32x32_DW01_add_173)                                                                                                                                                         0.0000     3.3344 r
  i_horcrux_top/i_horcrux/multiplier_tree_inst/u_shared_mul/u_primary_mul/add_x_8/U714/Y (NAND2XB_X4M_A9TR)                                                                                                                                                                      0.0406     3.3750 f
  i_horcrux_top/i_horcrux/multiplier_tree_inst/u_shared_mul/u_primary_mul/add_x_8/U690/Y (OAI21_X8M_A9TR)                                                                                                                                                                        0.0390     3.4140 r
  i_horcrux_top/i_horcrux/multiplier_tree_inst/u_shared_mul/u_primary_mul/add_x_8/U687/Y (AOI21_X8M_A9TR)                                                                                                                                                                        0.0454     3.4594 f
  i_horcrux_top/i_horcrux/multiplier_tree_inst/u_shared_mul/u_primary_mul/add_x_8/U685/Y (AO21A1AI2_X6M_A9TR)                                                                                                                                                                    0.0517     3.5111 r
  i_horcrux_top/i_horcrux/multiplier_tree_inst/u_shared_mul/u_primary_mul/add_x_8/U625/Y (AOI21_X8M_A9TR)                                                                                                                                                                        0.0527     3.5638 f
  i_horcrux_top/i_horcrux/multiplier_tree_inst/u_shared_mul/u_primary_mul/add_x_8/U624/Y (OAI21_X8M_A9TR)                                                                                                                                                                        0.0485     3.6123 r
  i_horcrux_top/i_horcrux/multiplier_tree_inst/u_shared_mul/u_primary_mul/add_x_8/U727/Y (XNOR2_X4M_A9TR)                                                                                                                                                                        0.0628     3.6750 r
  i_horcrux_top/i_horcrux/multiplier_tree_inst/u_shared_mul/u_primary_mul/add_x_8/SUM[15] (unified_mul_32x32_DW01_add_173)                                                                                                                                                       0.0000     3.6750 r
  i_horcrux_top/i_horcrux/multiplier_tree_inst/u_shared_mul/u_primary_mul/U3248/Y (AO1B2_X6M_A9TR)                                                                                                                                                                               0.0680     3.7431 r
  i_horcrux_top/i_horcrux/multiplier_tree_inst/u_shared_mul/u_primary_mul/add_x_9/A[15] (unified_mul_32x32_DW01_add_744)                                                                                                                                                         0.0000     3.7431 r
  i_horcrux_top/i_horcrux/multiplier_tree_inst/u_shared_mul/u_primary_mul/add_x_9/U624/Y (NAND2_X8A_A9TR)                                                                                                                                                                        0.0296     3.7727 f
  i_horcrux_top/i_horcrux/multiplier_tree_inst/u_shared_mul/u_primary_mul/add_x_9/U608/Y (NAND3_X6A_A9TR)                                                                                                                                                                        0.0295     3.8022 r
  i_horcrux_top/i_horcrux/multiplier_tree_inst/u_shared_mul/u_primary_mul/add_x_9/U577/Y (AND2_X11B_A9TR)                                                                                                                                                                        0.0443     3.8465 r
  i_horcrux_top/i_horcrux/multiplier_tree_inst/u_shared_mul/u_primary_mul/add_x_9/U600/Y (NAND2_X8A_A9TR)                                                                                                                                                                        0.0218     3.8683 f
  i_horcrux_top/i_horcrux/multiplier_tree_inst/u_shared_mul/u_primary_mul/add_x_9/U609/Y (NAND2_X8A_A9TR)                                                                                                                                                                        0.0225     3.8908 r
  i_horcrux_top/i_horcrux/multiplier_tree_inst/u_shared_mul/u_primary_mul/add_x_9/U576/Y (XNOR2_X4M_A9TR)                                                                                                                                                                        0.0577     3.9485 r
  i_horcrux_top/i_horcrux/multiplier_tree_inst/u_shared_mul/u_primary_mul/add_x_9/SUM[17] (unified_mul_32x32_DW01_add_744)                                                                                                                                                       0.0000     3.9485 r
  i_horcrux_top/i_horcrux/multiplier_tree_inst/u_shared_mul/u_primary_mul/U2447/Y (AO1B2_X6M_A9TR)                                                                                                                                                                               0.0712     4.0197 r
  i_horcrux_top/i_horcrux/multiplier_tree_inst/u_shared_mul/u_primary_mul/add_x_10/A[17] (unified_mul_32x32_DW01_add_748)                                                                                                                                                        0.0000     4.0197 r
  i_horcrux_top/i_horcrux/multiplier_tree_inst/u_shared_mul/u_primary_mul/add_x_10/U529/Y (INV_X13M_A9TR)                                                                                                                                                                        0.0175     4.0372 f
  i_horcrux_top/i_horcrux/multiplier_tree_inst/u_shared_mul/u_primary_mul/add_x_10/U603/Y (NAND2B_X8M_A9TR)                                                                                                                                                                      0.0250     4.0622 r
  i_horcrux_top/i_horcrux/multiplier_tree_inst/u_shared_mul/u_primary_mul/add_x_10/U525/Y (AOI21_X8M_A9TR)                                                                                                                                                                       0.0435     4.1057 f
  i_horcrux_top/i_horcrux/multiplier_tree_inst/u_shared_mul/u_primary_mul/add_x_10/U516/Y (OAI21_X8M_A9TR)                                                                                                                                                                       0.0496     4.1553 r
  i_horcrux_top/i_horcrux/multiplier_tree_inst/u_shared_mul/u_primary_mul/add_x_10/U523/Y (NAND2_X8A_A9TR)                                                                                                                                                                       0.0302     4.1855 f
  i_horcrux_top/i_horcrux/multiplier_tree_inst/u_shared_mul/u_primary_mul/add_x_10/U544/Y (NAND2_X8A_A9TR)                                                                                                                                                                       0.0208     4.2062 r
  i_horcrux_top/i_horcrux/multiplier_tree_inst/u_shared_mul/u_primary_mul/add_x_10/U615/Y (XNOR2_X4M_A9TR)                                                                                                                                                                       0.0554     4.2616 r
  i_horcrux_top/i_horcrux/multiplier_tree_inst/u_shared_mul/u_primary_mul/add_x_10/SUM[20] (unified_mul_32x32_DW01_add_748)                                                                                                                                                      0.0000     4.2616 r
  i_horcrux_top/i_horcrux/multiplier_tree_inst/u_shared_mul/u_primary_mul/U3614/Y (AO1B2_X6M_A9TR)                                                                                                                                                                               0.0679     4.3295 r
  i_horcrux_top/i_horcrux/multiplier_tree_inst/u_shared_mul/u_primary_mul/add_x_11/A[20] (unified_mul_32x32_DW01_add_688)                                                                                                                                                        0.0000     4.3295 r
  i_horcrux_top/i_horcrux/multiplier_tree_inst/u_shared_mul/u_primary_mul/add_x_11/U580/Y (NOR2_X8A_A9TR)                                                                                                                                                                        0.0250     4.3545 f
  i_horcrux_top/i_horcrux/multiplier_tree_inst/u_shared_mul/u_primary_mul/add_x_11/U552/Y (NAND2B_X6M_A9TR)                                                                                                                                                                      0.0526     4.4071 f
  i_horcrux_top/i_horcrux/multiplier_tree_inst/u_shared_mul/u_primary_mul/add_x_11/U744/Y (XOR2_X4M_A9TR)                                                                                                                                                                        0.0321     4.4392 r
  i_horcrux_top/i_horcrux/multiplier_tree_inst/u_shared_mul/u_primary_mul/add_x_11/SUM[20] (unified_mul_32x32_DW01_add_688)                                                                                                                                                      0.0000     4.4392 r
  i_horcrux_top/i_horcrux/multiplier_tree_inst/u_shared_mul/u_primary_mul/U3841/Y (AO1B2_X6M_A9TR)                                                                                                                                                                               0.0687     4.5079 r
  i_horcrux_top/i_horcrux/multiplier_tree_inst/u_shared_mul/u_primary_mul/add_x_12/A[20] (unified_mul_32x32_DW01_add_376)                                                                                                                                                        0.0000     4.5079 r
  i_horcrux_top/i_horcrux/multiplier_tree_inst/u_shared_mul/u_primary_mul/add_x_12/U559/Y (INV_X11M_A9TR)                                                                                                                                                                        0.0171     4.5250 f
  i_horcrux_top/i_horcrux/multiplier_tree_inst/u_shared_mul/u_primary_mul/add_x_12/U557/Y (NAND2_X6A_A9TR)                                                                                                                                                                       0.0218     4.5468 r
  i_horcrux_top/i_horcrux/multiplier_tree_inst/u_shared_mul/u_primary_mul/add_x_12/U632/Y (AOI31_X6M_A9TR)                                                                                                                                                                       0.0537     4.6006 f
  i_horcrux_top/i_horcrux/multiplier_tree_inst/u_shared_mul/u_primary_mul/add_x_12/U612/Y (XOR2_X4M_A9TR)                                                                                                                                                                        0.0707     4.6713 f
  i_horcrux_top/i_horcrux/multiplier_tree_inst/u_shared_mul/u_primary_mul/add_x_12/SUM[21] (unified_mul_32x32_DW01_add_376)                                                                                                                                                      0.0000     4.6713 f
  i_horcrux_top/i_horcrux/multiplier_tree_inst/u_shared_mul/u_primary_mul/U2441/Y (AO21_X6M_A9TR)                                                                                                                                                                                0.0646     4.7359 f
  i_horcrux_top/i_horcrux/multiplier_tree_inst/u_shared_mul/u_primary_mul/add_x_13/A[21] (unified_mul_32x32_DW01_add_240)                                                                                                                                                        0.0000     4.7359 f
  i_horcrux_top/i_horcrux/multiplier_tree_inst/u_shared_mul/u_primary_mul/add_x_13/U691/Y (OR2_X8M_A9TR)                                                                                                                                                                         0.0473     4.7832 f
  i_horcrux_top/i_horcrux/multiplier_tree_inst/u_shared_mul/u_primary_mul/add_x_13/U640/Y (INV_X9M_A9TR)                                                                                                                                                                         0.0177     4.8008 r
  i_horcrux_top/i_horcrux/multiplier_tree_inst/u_shared_mul/u_primary_mul/add_x_13/U698/Y (OAI21_X8M_A9TR)                                                                                                                                                                       0.0324     4.8332 f
  i_horcrux_top/i_horcrux/multiplier_tree_inst/u_shared_mul/u_primary_mul/add_x_13/U595/Y (AOI21_X8M_A9TR)                                                                                                                                                                       0.0508     4.8840 r
  i_horcrux_top/i_horcrux/multiplier_tree_inst/u_shared_mul/u_primary_mul/add_x_13/U594/Y (OAI21_X8M_A9TR)                                                                                                                                                                       0.0411     4.9251 f
  i_horcrux_top/i_horcrux/multiplier_tree_inst/u_shared_mul/u_primary_mul/add_x_13/U578/Y (NAND2_X8A_A9TR)                                                                                                                                                                       0.0266     4.9517 r
  i_horcrux_top/i_horcrux/multiplier_tree_inst/u_shared_mul/u_primary_mul/add_x_13/U577/Y (NAND2_X8A_A9TR)                                                                                                                                                                       0.0280     4.9797 f
  i_horcrux_top/i_horcrux/multiplier_tree_inst/u_shared_mul/u_primary_mul/add_x_13/U562/Y (NAND2_X8A_A9TR)                                                                                                                                                                       0.0281     5.0078 r
  i_horcrux_top/i_horcrux/multiplier_tree_inst/u_shared_mul/u_primary_mul/add_x_13/U606/Y (NAND3_X6A_A9TR)                                                                                                                                                                       0.0315     5.0393 f
  i_horcrux_top/i_horcrux/multiplier_tree_inst/u_shared_mul/u_primary_mul/add_x_13/U554/Y (NAND2_X8A_A9TR)                                                                                                                                                                       0.0294     5.0687 r
  i_horcrux_top/i_horcrux/multiplier_tree_inst/u_shared_mul/u_primary_mul/add_x_13/U600/Y (XOR2_X4M_A9TR)                                                                                                                                                                        0.0616     5.1303 r
  i_horcrux_top/i_horcrux/multiplier_tree_inst/u_shared_mul/u_primary_mul/add_x_13/SUM[27] (unified_mul_32x32_DW01_add_240)                                                                                                                                                      0.0000     5.1303 r
  i_horcrux_top/i_horcrux/multiplier_tree_inst/u_shared_mul/u_primary_mul/U2342/Y (AO21_X6M_A9TR)                                                                                                                                                                                0.0711     5.2013 r
  i_horcrux_top/i_horcrux/multiplier_tree_inst/u_shared_mul/u_primary_mul/add_x_14/A[27] (unified_mul_32x32_DW01_add_378)                                                                                                                                                        0.0000     5.2013 r
  i_horcrux_top/i_horcrux/multiplier_tree_inst/u_shared_mul/u_primary_mul/add_x_14/U565/Y (NAND2_X8A_A9TR)                                                                                                                                                                       0.0290     5.2303 f
  i_horcrux_top/i_horcrux/multiplier_tree_inst/u_shared_mul/u_primary_mul/add_x_14/U567/Y (NAND2_X8A_A9TR)                                                                                                                                                                       0.0226     5.2529 r
  i_horcrux_top/i_horcrux/multiplier_tree_inst/u_shared_mul/u_primary_mul/add_x_14/U542/Y (OAI21_X8M_A9TR)                                                                                                                                                                       0.0350     5.2879 f
  i_horcrux_top/i_horcrux/multiplier_tree_inst/u_shared_mul/u_primary_mul/add_x_14/U541/Y (OAI21_X8M_A9TR)                                                                                                                                                                       0.0409     5.3288 r
  i_horcrux_top/i_horcrux/multiplier_tree_inst/u_shared_mul/u_primary_mul/add_x_14/U544/Y (AOI21_X8M_A9TR)                                                                                                                                                                       0.0489     5.3778 f
  i_horcrux_top/i_horcrux/multiplier_tree_inst/u_shared_mul/u_primary_mul/add_x_14/U590/Y (OAI21_X8M_A9TR)                                                                                                                                                                       0.0419     5.4196 r
  i_horcrux_top/i_horcrux/multiplier_tree_inst/u_shared_mul/u_primary_mul/add_x_14/U712/Y (XNOR2_X4M_A9TR)                                                                                                                                                                       0.0630     5.4826 r
  i_horcrux_top/i_horcrux/multiplier_tree_inst/u_shared_mul/u_primary_mul/add_x_14/SUM[31] (unified_mul_32x32_DW01_add_378)                                                                                                                                                      0.0000     5.4826 r
  i_horcrux_top/i_horcrux/multiplier_tree_inst/u_shared_mul/u_primary_mul/U2990/Y (AO1B2_X6M_A9TR)                                                                                                                                                                               0.0669     5.5494 r
  i_horcrux_top/i_horcrux/multiplier_tree_inst/u_shared_mul/u_primary_mul/add_x_15/A[31] (unified_mul_32x32_DW01_add_741)                                                                                                                                                        0.0000     5.5494 r
  i_horcrux_top/i_horcrux/multiplier_tree_inst/u_shared_mul/u_primary_mul/add_x_15/U462/Y (OR2_X8M_A9TR)                                                                                                                                                                         0.0503     5.5997 r
  i_horcrux_top/i_horcrux/multiplier_tree_inst/u_shared_mul/u_primary_mul/add_x_15/U546/Y (OAI2XB1_X8M_A9TR)                                                                                                                                                                     0.0557     5.6555 r
  i_horcrux_top/i_horcrux/multiplier_tree_inst/u_shared_mul/u_primary_mul/add_x_15/U527/Y (XNOR2_X4M_A9TR)                                                                                                                                                                       0.0589     5.7144 r
  i_horcrux_top/i_horcrux/multiplier_tree_inst/u_shared_mul/u_primary_mul/add_x_15/SUM[32] (unified_mul_32x32_DW01_add_741)                                                                                                                                                      0.0000     5.7144 r
  i_horcrux_top/i_horcrux/multiplier_tree_inst/u_shared_mul/u_primary_mul/U4024/Y (AO1B2_X6M_A9TR)                                                                                                                                                                               0.0675     5.7819 r
  i_horcrux_top/i_horcrux/multiplier_tree_inst/u_shared_mul/u_primary_mul/add_x_16/A[32] (unified_mul_32x32_DW01_add_752)                                                                                                                                                        0.0000     5.7819 r
  i_horcrux_top/i_horcrux/multiplier_tree_inst/u_shared_mul/u_primary_mul/add_x_16/U566/Y (OR2_X11M_A9TR)                                                                                                                                                                        0.0555     5.8375 r
  i_horcrux_top/i_horcrux/multiplier_tree_inst/u_shared_mul/u_primary_mul/add_x_16/U417/Y (NAND4_X4A_A9TR)                                                                                                                                                                       0.0486     5.8861 f
  i_horcrux_top/i_horcrux/multiplier_tree_inst/u_shared_mul/u_primary_mul/add_x_16/U432/Y (OAI21_X8M_A9TR)                                                                                                                                                                       0.0363     5.9223 r
  i_horcrux_top/i_horcrux/multiplier_tree_inst/u_shared_mul/u_primary_mul/add_x_16/SUM[32] (unified_mul_32x32_DW01_add_752)                                                                                                                                                      0.0000     5.9223 r
  i_horcrux_top/i_horcrux/multiplier_tree_inst/u_shared_mul/u_primary_mul/U1695/Y (AO21_X6M_A9TR)                                                                                                                                                                                0.0617     5.9841 r
  i_horcrux_top/i_horcrux/multiplier_tree_inst/u_shared_mul/u_primary_mul/add_x_17/A[32] (unified_mul_32x32_DW01_add_718)                                                                                                                                                        0.0000     5.9841 r
  i_horcrux_top/i_horcrux/multiplier_tree_inst/u_shared_mul/u_primary_mul/add_x_17/U484/Y (OR2_X8B_A9TR)                                                                                                                                                                         0.0430     6.0270 r
  i_horcrux_top/i_horcrux/multiplier_tree_inst/u_shared_mul/u_primary_mul/add_x_17/U482/Y (NAND2_X8A_A9TR)                                                                                                                                                                       0.0248     6.0519 f
  i_horcrux_top/i_horcrux/multiplier_tree_inst/u_shared_mul/u_primary_mul/add_x_17/U485/Y (NAND2_X8B_A9TR)                                                                                                                                                                       0.0223     6.0742 r
  i_horcrux_top/i_horcrux/multiplier_tree_inst/u_shared_mul/u_primary_mul/add_x_17/U448/Y (OAI21_X8M_A9TR)                                                                                                                                                                       0.0280     6.1021 f
  i_horcrux_top/i_horcrux/multiplier_tree_inst/u_shared_mul/u_primary_mul/add_x_17/SUM[32] (unified_mul_32x32_DW01_add_718)                                                                                                                                                      0.0000     6.1021 f
  i_horcrux_top/i_horcrux/multiplier_tree_inst/u_shared_mul/u_primary_mul/U1689/Y (NAND2_X8A_A9TR)                                                                                                                                                                               0.0235     6.1256 r
  i_horcrux_top/i_horcrux/multiplier_tree_inst/u_shared_mul/u_primary_mul/U742/Y (NAND2_X8A_A9TR)                                                                                                                                                                                0.0263     6.1519 f
  i_horcrux_top/i_horcrux/multiplier_tree_inst/u_shared_mul/u_primary_mul/add_x_18/A[32] (unified_mul_32x32_DW01_add_737)                                                                                                                                                        0.0000     6.1519 f
  i_horcrux_top/i_horcrux/multiplier_tree_inst/u_shared_mul/u_primary_mul/add_x_18/U404/Y (OR2_X11M_A9TR)                                                                                                                                                                        0.0498     6.2017 f
  i_horcrux_top/i_horcrux/multiplier_tree_inst/u_shared_mul/u_primary_mul/add_x_18/U412/Y (NAND2_X8A_A9TR)                                                                                                                                                                       0.0197     6.2214 r
  i_horcrux_top/i_horcrux/multiplier_tree_inst/u_shared_mul/u_primary_mul/add_x_18/U593/Y (XNOR2_X4M_A9TR)                                                                                                                                                                       0.0550     6.2764 r
  i_horcrux_top/i_horcrux/multiplier_tree_inst/u_shared_mul/u_primary_mul/add_x_18/SUM[32] (unified_mul_32x32_DW01_add_737)                                                                                                                                                      0.0000     6.2764 r
  i_horcrux_top/i_horcrux/multiplier_tree_inst/u_shared_mul/u_primary_mul/U2051/Y (AO1B2_X6M_A9TR)                                                                                                                                                                               0.0660     6.3424 r
  i_horcrux_top/i_horcrux/multiplier_tree_inst/u_shared_mul/u_primary_mul/add_x_19/A[32] (unified_mul_32x32_DW01_add_627)                                                                                                                                                        0.0000     6.3424 r
  i_horcrux_top/i_horcrux/multiplier_tree_inst/u_shared_mul/u_primary_mul/add_x_19/U488/Y (OR2_X8M_A9TR)                                                                                                                                                                         0.0574     6.3998 r
  i_horcrux_top/i_horcrux/multiplier_tree_inst/u_shared_mul/u_primary_mul/add_x_19/U456/Y (NAND2_X3B_A9TR)                                                                                                                                                                       0.0356     6.4354 f
  i_horcrux_top/i_horcrux/multiplier_tree_inst/u_shared_mul/u_primary_mul/add_x_19/U477/Y (OAI21_X8M_A9TR)                                                                                                                                                                       0.0386     6.4740 r
  i_horcrux_top/i_horcrux/multiplier_tree_inst/u_shared_mul/u_primary_mul/add_x_19/SUM[32] (unified_mul_32x32_DW01_add_627)                                                                                                                                                      0.0000     6.4740 r
  i_horcrux_top/i_horcrux/multiplier_tree_inst/u_shared_mul/u_primary_mul/U1948/Y (AO1B2_X6M_A9TR)                                                                                                                                                                               0.0572     6.5312 r
  i_horcrux_top/i_horcrux/multiplier_tree_inst/u_shared_mul/u_primary_mul/add_x_20/A[32] (unified_mul_32x32_DW01_add_600)                                                                                                                                                        0.0000     6.5312 r
  i_horcrux_top/i_horcrux/multiplier_tree_inst/u_shared_mul/u_primary_mul/add_x_20/U575/Y (NOR2_X8A_A9TR)                                                                                                                                                                        0.0263     6.5575 f
  i_horcrux_top/i_horcrux/multiplier_tree_inst/u_shared_mul/u_primary_mul/add_x_20/U447/Y (INV_X6M_A9TR)                                                                                                                                                                         0.0326     6.5901 r
  i_horcrux_top/i_horcrux/multiplier_tree_inst/u_shared_mul/u_primary_mul/add_x_20/U452/Y (NAND2_X6B_A9TR)                                                                                                                                                                       0.0240     6.6141 f
  i_horcrux_top/i_horcrux/multiplier_tree_inst/u_shared_mul/u_primary_mul/add_x_20/U584/Y (XOR2_X4M_A9TR)                                                                                                                                                                        0.0356     6.6497 f
  i_horcrux_top/i_horcrux/multiplier_tree_inst/u_shared_mul/u_primary_mul/add_x_20/SUM[32] (unified_mul_32x32_DW01_add_600)                                                                                                                                                      0.0000     6.6497 f
  i_horcrux_top/i_horcrux/multiplier_tree_inst/u_shared_mul/u_primary_mul/U2506/Y (AO1B2_X6M_A9TR)                                                                                                                                                                               0.0641     6.7138 f
  i_horcrux_top/i_horcrux/multiplier_tree_inst/u_shared_mul/u_primary_mul/add_x_21/A[32] (unified_mul_32x32_DW01_add_724)                                                                                                                                                        0.0000     6.7138 f
  i_horcrux_top/i_horcrux/multiplier_tree_inst/u_shared_mul/u_primary_mul/add_x_21/U528/Y (OR2_X11M_A9TR)                                                                                                                                                                        0.0599     6.7738 f
  i_horcrux_top/i_horcrux/multiplier_tree_inst/u_shared_mul/u_primary_mul/add_x_21/U563/Y (NAND2_X8A_A9TR)                                                                                                                                                                       0.0224     6.7961 r
  i_horcrux_top/i_horcrux/multiplier_tree_inst/u_shared_mul/u_primary_mul/add_x_21/U555/Y (XOR2_X4M_A9TR)                                                                                                                                                                        0.0364     6.8325 r
  i_horcrux_top/i_horcrux/multiplier_tree_inst/u_shared_mul/u_primary_mul/add_x_21/SUM[32] (unified_mul_32x32_DW01_add_724)                                                                                                                                                      0.0000     6.8325 r
  i_horcrux_top/i_horcrux/multiplier_tree_inst/u_shared_mul/u_primary_mul/U1698/Y (AO1B2_X6M_A9TR)                                                                                                                                                                               0.0661     6.8986 r
  i_horcrux_top/i_horcrux/multiplier_tree_inst/u_shared_mul/u_primary_mul/add_x_22/A[32] (unified_mul_32x32_DW01_add_736)                                                                                                                                                        0.0000     6.8986 r
  i_horcrux_top/i_horcrux/multiplier_tree_inst/u_shared_mul/u_primary_mul/add_x_22/U517/Y (NAND2XB_X4M_A9TR)                                                                                                                                                                     0.0393     6.9379 f
  i_horcrux_top/i_horcrux/multiplier_tree_inst/u_shared_mul/u_primary_mul/add_x_22/U330/Y (INV_X1M_A9TR)                                                                                                                                                                         0.0645     7.0024 r
  i_horcrux_top/i_horcrux/multiplier_tree_inst/u_shared_mul/u_primary_mul/add_x_22/U469/Y (AOI21_X6M_A9TR)                                                                                                                                                                       0.0414     7.0438 f
  i_horcrux_top/i_horcrux/multiplier_tree_inst/u_shared_mul/u_primary_mul/add_x_22/U460/Y (XNOR2_X4M_A9TR)                                                                                                                                                                       0.0623     7.1061 f
  i_horcrux_top/i_horcrux/multiplier_tree_inst/u_shared_mul/u_primary_mul/add_x_22/SUM[33] (unified_mul_32x32_DW01_add_736)                                                                                                                                                      0.0000     7.1061 f
  i_horcrux_top/i_horcrux/multiplier_tree_inst/u_shared_mul/u_primary_mul/U1884/Y (AO1B2_X6M_A9TR)                                                                                                                                                                               0.0618     7.1679 f
  i_horcrux_top/i_horcrux/multiplier_tree_inst/u_shared_mul/u_primary_mul/add_x_23/A[33] (unified_mul_32x32_DW01_add_568)                                                                                                                                                        0.0000     7.1679 f
  i_horcrux_top/i_horcrux/multiplier_tree_inst/u_shared_mul/u_primary_mul/add_x_23/U494/Y (OR2_X11M_A9TR)                                                                                                                                                                        0.0531     7.2210 f
  i_horcrux_top/i_horcrux/multiplier_tree_inst/u_shared_mul/u_primary_mul/add_x_23/U438/Y (NAND2_X8A_A9TR)                                                                                                                                                                       0.0238     7.2448 r
  i_horcrux_top/i_horcrux/multiplier_tree_inst/u_shared_mul/u_primary_mul/add_x_23/U460/Y (NAND2_X6A_A9TR)                                                                                                                                                                       0.0264     7.2712 f
  i_horcrux_top/i_horcrux/multiplier_tree_inst/u_shared_mul/u_primary_mul/add_x_23/U366/Y (AOI21_X6M_A9TR)                                                                                                                                                                       0.0369     7.3081 r
  i_horcrux_top/i_horcrux/multiplier_tree_inst/u_shared_mul/u_primary_mul/add_x_23/U499/Y (XOR2_X4M_A9TR)                                                                                                                                                                        0.0625     7.3707 r
  i_horcrux_top/i_horcrux/multiplier_tree_inst/u_shared_mul/u_primary_mul/add_x_23/SUM[35] (unified_mul_32x32_DW01_add_568)                                                                                                                                                      0.0000     7.3707 r
  i_horcrux_top/i_horcrux/multiplier_tree_inst/u_shared_mul/u_primary_mul/U1797/Y (NAND2_X4M_A9TR)                                                                                                                                                                               0.0347     7.4053 f
  i_horcrux_top/i_horcrux/multiplier_tree_inst/u_shared_mul/u_primary_mul/U3340/Y (NAND2XB_X8M_A9TR)                                                                                                                                                                             0.0271     7.4324 r
  i_horcrux_top/i_horcrux/multiplier_tree_inst/u_shared_mul/u_primary_mul/add_x_24/A[35] (unified_mul_32x32_DW01_add_451)                                                                                                                                                        0.0000     7.4324 r
  i_horcrux_top/i_horcrux/multiplier_tree_inst/u_shared_mul/u_primary_mul/add_x_24/U422/Y (OR2_X6M_A9TR)                                                                                                                                                                         0.0535     7.4859 r
  i_horcrux_top/i_horcrux/multiplier_tree_inst/u_shared_mul/u_primary_mul/add_x_24/U376/Y (INV_X9M_A9TR)                                                                                                                                                                         0.0174     7.5034 f
  i_horcrux_top/i_horcrux/multiplier_tree_inst/u_shared_mul/u_primary_mul/add_x_24/U520/Y (AO21A1AI2_X6M_A9TR)                                                                                                                                                                   0.0323     7.5357 r
  i_horcrux_top/i_horcrux/multiplier_tree_inst/u_shared_mul/u_primary_mul/add_x_24/U491/Y (XNOR2_X4M_A9TR)                                                                                                                                                                       0.0612     7.5968 r
  i_horcrux_top/i_horcrux/multiplier_tree_inst/u_shared_mul/u_primary_mul/add_x_24/SUM[36] (unified_mul_32x32_DW01_add_451)                                                                                                                                                      0.0000     7.5968 r
  i_horcrux_top/i_horcrux/multiplier_tree_inst/u_shared_mul/u_primary_mul/U1474/Y (AO1B2_X6M_A9TR)                                                                                                                                                                               0.0661     7.6629 r
  i_horcrux_top/i_horcrux/multiplier_tree_inst/u_shared_mul/u_primary_mul/add_x_25/A[36] (unified_mul_32x32_DW01_add_620)                                                                                                                                                        0.0000     7.6629 r
  i_horcrux_top/i_horcrux/multiplier_tree_inst/u_shared_mul/u_primary_mul/add_x_25/U394/Y (OR2_X8B_A9TR)                                                                                                                                                                         0.0439     7.7068 r
  i_horcrux_top/i_horcrux/multiplier_tree_inst/u_shared_mul/u_primary_mul/add_x_25/U571/Y (OAI2XB1_X8M_A9TR)                                                                                                                                                                     0.0621     7.7689 r
  i_horcrux_top/i_horcrux/multiplier_tree_inst/u_shared_mul/u_primary_mul/add_x_25/U441/Y (NAND2_X8A_A9TR)                                                                                                                                                                       0.0379     7.8068 f
  i_horcrux_top/i_horcrux/multiplier_tree_inst/u_shared_mul/u_primary_mul/add_x_25/U388/Y (NAND3_X4A_A9TR)                                                                                                                                                                       0.0269     7.8337 r
  i_horcrux_top/i_horcrux/multiplier_tree_inst/u_shared_mul/u_primary_mul/add_x_25/U492/Y (OAI21_X8M_A9TR)                                                                                                                                                                       0.0319     7.8657 f
  i_horcrux_top/i_horcrux/multiplier_tree_inst/u_shared_mul/u_primary_mul/add_x_25/U398/Y (INV_X9M_A9TR)                                                                                                                                                                         0.0200     7.8857 r
  i_horcrux_top/i_horcrux/multiplier_tree_inst/u_shared_mul/u_primary_mul/add_x_25/U451/Y (XNOR2_X4M_A9TR)                                                                                                                                                                       0.0344     7.9201 r
  i_horcrux_top/i_horcrux/multiplier_tree_inst/u_shared_mul/u_primary_mul/add_x_25/SUM[39] (unified_mul_32x32_DW01_add_620)                                                                                                                                                      0.0000     7.9201 r
  i_horcrux_top/i_horcrux/multiplier_tree_inst/u_shared_mul/u_primary_mul/U3093/Y (AO1B2_X6M_A9TR)                                                                                                                                                                               0.0645     7.9846 r
  i_horcrux_top/i_horcrux/multiplier_tree_inst/u_shared_mul/u_primary_mul/add_x_26/A[39] (unified_mul_32x32_DW01_add_442)                                                                                                                                                        0.0000     7.9846 r
  i_horcrux_top/i_horcrux/multiplier_tree_inst/u_shared_mul/u_primary_mul/add_x_26/U439/Y (OR2_X6M_A9TR)                                                                                                                                                                         0.0526     8.0372 r
  i_horcrux_top/i_horcrux/multiplier_tree_inst/u_shared_mul/u_primary_mul/add_x_26/U429/Y (NAND2_X6A_A9TR)                                                                                                                                                                       0.0331     8.0703 f
  i_horcrux_top/i_horcrux/multiplier_tree_inst/u_shared_mul/u_primary_mul/add_x_26/U470/Y (NAND3_X6A_A9TR)                                                                                                                                                                       0.0290     8.0993 r
  i_horcrux_top/i_horcrux/multiplier_tree_inst/u_shared_mul/u_primary_mul/add_x_26/U477/Y (NAND3_X6A_A9TR)                                                                                                                                                                       0.0415     8.1408 f
  i_horcrux_top/i_horcrux/multiplier_tree_inst/u_shared_mul/u_primary_mul/add_x_26/U467/Y (NAND2_X8B_A9TR)                                                                                                                                                                       0.0284     8.1693 r
  i_horcrux_top/i_horcrux/multiplier_tree_inst/u_shared_mul/u_primary_mul/add_x_26/U455/Y (XNOR2_X4M_A9TR)                                                                                                                                                                       0.0598     8.2290 r
  i_horcrux_top/i_horcrux/multiplier_tree_inst/u_shared_mul/u_primary_mul/add_x_26/SUM[42] (unified_mul_32x32_DW01_add_442)                                                                                                                                                      0.0000     8.2290 r
  i_horcrux_top/i_horcrux/multiplier_tree_inst/u_shared_mul/u_primary_mul/U2423/Y (AO21_X6M_A9TR)                                                                                                                                                                                0.0686     8.2977 r
  i_horcrux_top/i_horcrux/multiplier_tree_inst/u_shared_mul/u_primary_mul/add_x_27/A[42] (unified_mul_32x32_DW01_add_414)                                                                                                                                                        0.0000     8.2977 r
  i_horcrux_top/i_horcrux/multiplier_tree_inst/u_shared_mul/u_primary_mul/add_x_27/U484/Y (OR2_X8M_A9TR)                                                                                                                                                                         0.0467     8.3444 r
  i_horcrux_top/i_horcrux/multiplier_tree_inst/u_shared_mul/u_primary_mul/add_x_27/U449/Y (NAND3_X6A_A9TR)                                                                                                                                                                       0.0396     8.3839 f
  i_horcrux_top/i_horcrux/multiplier_tree_inst/u_shared_mul/u_primary_mul/add_x_27/U469/Y (NAND3_X6A_A9TR)                                                                                                                                                                       0.0275     8.4114 r
  i_horcrux_top/i_horcrux/multiplier_tree_inst/u_shared_mul/u_primary_mul/add_x_27/U523/Y (NAND2_X8A_A9TR)                                                                                                                                                                       0.0293     8.4408 f
  i_horcrux_top/i_horcrux/multiplier_tree_inst/u_shared_mul/u_primary_mul/add_x_27/U440/Y (OAI21_X8M_A9TR)                                                                                                                                                                       0.0440     8.4848 r
  i_horcrux_top/i_horcrux/multiplier_tree_inst/u_shared_mul/u_primary_mul/add_x_27/U322/Y (XNOR2_X3M_A9TR)                                                                                                                                                                       0.0716     8.5564 r
  i_horcrux_top/i_horcrux/multiplier_tree_inst/u_shared_mul/u_primary_mul/add_x_27/SUM[45] (unified_mul_32x32_DW01_add_414)                                                                                                                                                      0.0000     8.5564 r
  i_horcrux_top/i_horcrux/multiplier_tree_inst/u_shared_mul/u_primary_mul/U6454/Y (AO1B2_X6M_A9TR)                                                                                                                                                                               0.0675     8.6239 r
  i_horcrux_top/i_horcrux/multiplier_tree_inst/u_shared_mul/u_primary_mul/add_x_28/A[45] (unified_mul_32x32_DW01_add_553)                                                                                                                                                        0.0000     8.6239 r
  i_horcrux_top/i_horcrux/multiplier_tree_inst/u_shared_mul/u_primary_mul/add_x_28/U330/Y (OR2_X6M_A9TR)                                                                                                                                                                         0.0582     8.6821 r
  i_horcrux_top/i_horcrux/multiplier_tree_inst/u_shared_mul/u_primary_mul/add_x_28/U326/Y (NAND2_X3B_A9TR)                                                                                                                                                                       0.0381     8.7202 f
  i_horcrux_top/i_horcrux/multiplier_tree_inst/u_shared_mul/u_primary_mul/add_x_28/U471/Y (XNOR2_X4M_A9TR)                                                                                                                                                                       0.0450     8.7652 f
  i_horcrux_top/i_horcrux/multiplier_tree_inst/u_shared_mul/u_primary_mul/add_x_28/SUM[45] (unified_mul_32x32_DW01_add_553)                                                                                                                                                      0.0000     8.7652 f
  i_horcrux_top/i_horcrux/multiplier_tree_inst/u_shared_mul/u_primary_mul/U1662/Y (AO1B2_X6M_A9TR)                                                                                                                                                                               0.0584     8.8235 f
  i_horcrux_top/i_horcrux/multiplier_tree_inst/u_shared_mul/u_primary_mul/add_x_29/A[45] (unified_mul_32x32_DW01_add_586)                                                                                                                                                        0.0000     8.8235 f
  i_horcrux_top/i_horcrux/multiplier_tree_inst/u_shared_mul/u_primary_mul/add_x_29/U471/Y (NAND2_X4A_A9TR)                                                                                                                                                                       0.0367     8.8602 r
  i_horcrux_top/i_horcrux/multiplier_tree_inst/u_shared_mul/u_primary_mul/add_x_29/U419/Y (INV_X3P5M_A9TR)                                                                                                                                                                       0.0333     8.8935 f
  i_horcrux_top/i_horcrux/multiplier_tree_inst/u_shared_mul/u_primary_mul/add_x_29/U351/Y (AOI21_X8M_A9TR)                                                                                                                                                                       0.0366     8.9301 r
  i_horcrux_top/i_horcrux/multiplier_tree_inst/u_shared_mul/u_primary_mul/add_x_29/U407/Y (XNOR2_X4M_A9TR)                                                                                                                                                                       0.0618     8.9919 r
  i_horcrux_top/i_horcrux/multiplier_tree_inst/u_shared_mul/u_primary_mul/add_x_29/SUM[46] (unified_mul_32x32_DW01_add_586)                                                                                                                                                      0.0000     8.9919 r
  i_horcrux_top/i_horcrux/multiplier_tree_inst/u_shared_mul/u_primary_mul/U1352/Y (AO1B2_X6M_A9TR)                                                                                                                                                                               0.0646     9.0565 r
  i_horcrux_top/i_horcrux/multiplier_tree_inst/u_shared_mul/u_primary_mul/add_x_30/A[46] (unified_mul_32x32_DW01_add_599)                                                                                                                                                        0.0000     9.0565 r
  i_horcrux_top/i_horcrux/multiplier_tree_inst/u_shared_mul/u_primary_mul/add_x_30/U425/Y (OR2_X4M_A9TR)                                                                                                                                                                         0.0648     9.1212 r
  i_horcrux_top/i_horcrux/multiplier_tree_inst/u_shared_mul/u_primary_mul/add_x_30/U348/Y (OAI2XB1_X8M_A9TR)                                                                                                                                                                     0.0695     9.1907 r
  i_horcrux_top/i_horcrux/multiplier_tree_inst/u_shared_mul/u_primary_mul/add_x_30/U480/Y (AOI21_X8M_A9TR)                                                                                                                                                                       0.0518     9.2425 f
  i_horcrux_top/i_horcrux/multiplier_tree_inst/u_shared_mul/u_primary_mul/add_x_30/U391/Y (OAI2XB1_X8M_A9TR)                                                                                                                                                                     0.0420     9.2845 r
  i_horcrux_top/i_horcrux/multiplier_tree_inst/u_shared_mul/u_primary_mul/add_x_30/U368/Y (NAND2_X8A_A9TR)                                                                                                                                                                       0.0285     9.3130 f
  i_horcrux_top/i_horcrux/multiplier_tree_inst/u_shared_mul/u_primary_mul/add_x_30/U318/Y (NAND2_X8A_A9TR)                                                                                                                                                                       0.0258     9.3388 r
  i_horcrux_top/i_horcrux/multiplier_tree_inst/u_shared_mul/u_primary_mul/add_x_30/U308/Y (NAND3_X6A_A9TR)                                                                                                                                                                       0.0397     9.3786 f
  i_horcrux_top/i_horcrux/multiplier_tree_inst/u_shared_mul/u_primary_mul/add_x_30/U340/Y (NAND2_X8A_A9TR)                                                                                                                                                                       0.0335     9.4121 r
  i_horcrux_top/i_horcrux/multiplier_tree_inst/u_shared_mul/u_primary_mul/add_x_30/U358/Y (NAND3_X6A_A9TR)                                                                                                                                                                       0.0337     9.4458 f
  i_horcrux_top/i_horcrux/multiplier_tree_inst/u_shared_mul/u_primary_mul/add_x_30/U337/Y (NAND2_X8A_A9TR)                                                                                                                                                                       0.0293     9.4751 r
  i_horcrux_top/i_horcrux/multiplier_tree_inst/u_shared_mul/u_primary_mul/add_x_30/U309/Y (XNOR2_X4M_A9TR)                                                                                                                                                                       0.0614     9.5365 r
  i_horcrux_top/i_horcrux/multiplier_tree_inst/u_shared_mul/u_primary_mul/add_x_30/SUM[55] (unified_mul_32x32_DW01_add_599)                                                                                                                                                      0.0000     9.5365 r
  i_horcrux_top/i_horcrux/multiplier_tree_inst/u_shared_mul/u_primary_mul/U2004/Y (NAND2_X6A_A9TR)                                                                                                                                                                               0.0305     9.5670 f
  i_horcrux_top/i_horcrux/multiplier_tree_inst/u_shared_mul/u_primary_mul/U2511/Y (NAND2_X6A_A9TR)                                                                                                                                                                               0.0331     9.6001 r
  i_horcrux_top/i_horcrux/multiplier_tree_inst/u_shared_mul/u_primary_mul/sub_x_31/A[55] (unified_mul_32x32_DW01_sub_9)                                                                                                                                                          0.0000     9.6001 r
  i_horcrux_top/i_horcrux/multiplier_tree_inst/u_shared_mul/u_primary_mul/sub_x_31/U398/Y (NAND2_X6B_A9TR)                                                                                                                                                                       0.0388     9.6389 f
  i_horcrux_top/i_horcrux/multiplier_tree_inst/u_shared_mul/u_primary_mul/sub_x_31/U295/Y (AOI21B_X6M_A9TR)                                                                                                                                                                      0.0772     9.7161 f
  i_horcrux_top/i_horcrux/multiplier_tree_inst/u_shared_mul/u_primary_mul/sub_x_31/U372/Y (OAI21_X8M_A9TR)                                                                                                                                                                       0.0441     9.7601 r
  i_horcrux_top/i_horcrux/multiplier_tree_inst/u_shared_mul/u_primary_mul/sub_x_31/U382/Y (AOI21_X8M_A9TR)                                                                                                                                                                       0.0482     9.8083 f
  i_horcrux_top/i_horcrux/multiplier_tree_inst/u_shared_mul/u_primary_mul/sub_x_31/U286/Y (NAND2_X6A_A9TR)                                                                                                                                                                       0.0294     9.8377 r
  i_horcrux_top/i_horcrux/multiplier_tree_inst/u_shared_mul/u_primary_mul/sub_x_31/U385/Y (NAND2_X8A_A9TR)                                                                                                                                                                       0.0252     9.8629 f
  i_horcrux_top/i_horcrux/multiplier_tree_inst/u_shared_mul/u_primary_mul/sub_x_31/U356/Y (OAI21_X8M_A9TR)                                                                                                                                                                       0.0311     9.8939 r
  i_horcrux_top/i_horcrux/multiplier_tree_inst/u_shared_mul/u_primary_mul/sub_x_31/U355/Y (XNOR2_X4M_A9TR)                                                                                                                                                                       0.0408     9.9347 r
  i_horcrux_top/i_horcrux/multiplier_tree_inst/u_shared_mul/u_primary_mul/sub_x_31/DIFF[61] (unified_mul_32x32_DW01_sub_9)                                                                                                                                                       0.0000     9.9347 r
  i_horcrux_top/i_horcrux/multiplier_tree_inst/u_shared_mul/u_primary_mul/U823/Y (AO1B2_X6M_A9TR)                                                                                                                                                                                0.0742    10.0089 r
  i_horcrux_top/i_horcrux/multiplier_tree_inst/u_shared_mul/u_primary_mul/prod_o[61] (unified_mul_32x32)                                                                                                                                                                         0.0000    10.0089 r
  i_horcrux_top/i_horcrux/multiplier_tree_inst/u_shared_mul/DP_OP_45J11_125_3794/I3[61] (shared_multiplication_logic_DP_OP_45J11_125_3794_4)                                                                                                                                     0.0000    10.0089 r
  i_horcrux_top/i_horcrux/multiplier_tree_inst/u_shared_mul/DP_OP_45J11_125_3794/U3226/Y (XOR2_X4M_A9TR)                                                                                                                                                                         0.0501    10.0590 r
  i_horcrux_top/i_horcrux/multiplier_tree_inst/u_shared_mul/DP_OP_45J11_125_3794/U3225/Y (NOR2_X8A_A9TR)                                                                                                                                                                         0.0349    10.0939 f
  i_horcrux_top/i_horcrux/multiplier_tree_inst/u_shared_mul/DP_OP_45J11_125_3794/U3218/Y (NOR2_X8B_A9TR)                                                                                                                                                                         0.0325    10.1264 r
  i_horcrux_top/i_horcrux/multiplier_tree_inst/u_shared_mul/DP_OP_45J11_125_3794/U3455/Y (AO21A1AI2_X6M_A9TR)                                                                                                                                                                    0.0540    10.1804 f
  i_horcrux_top/i_horcrux/multiplier_tree_inst/u_shared_mul/DP_OP_45J11_125_3794/U5426/Y (NAND2_X8A_A9TR)                                                                                                                                                                        0.0537    10.2342 r
  i_horcrux_top/i_horcrux/multiplier_tree_inst/u_shared_mul/DP_OP_45J11_125_3794/O1[31] (shared_multiplication_logic_DP_OP_45J11_125_3794_4)                                                                                                                                     0.0000    10.2342 r
  i_horcrux_top/i_horcrux/multiplier_tree_inst/u_shared_mul/U364/Y (INV_X16M_A9TR)                                                                                                                                                                                               0.0335    10.2676 f
  i_horcrux_top/i_horcrux/multiplier_tree_inst/u_shared_mul/U176/Y (NOR2_X8A_A9TR)                                                                                                                                                                                               0.0369    10.3045 r
  i_horcrux_top/i_horcrux/multiplier_tree_inst/u_shared_mul/DP_OP_45J11_125_3794/I4[6] (shared_multiplication_logic_DP_OP_45J11_125_3794_4)                                                                                                                                      0.0000    10.3045 r
  i_horcrux_top/i_horcrux/multiplier_tree_inst/u_shared_mul/DP_OP_45J11_125_3794/U3708/Y (NOR2_X8A_A9TR)                                                                                                                                                                         0.0294    10.3340 f
  i_horcrux_top/i_horcrux/multiplier_tree_inst/u_shared_mul/DP_OP_45J11_125_3794/U3404/Y (NOR2_X8A_A9TR)                                                                                                                                                                         0.0418    10.3758 r
  i_horcrux_top/i_horcrux/multiplier_tree_inst/u_shared_mul/DP_OP_45J11_125_3794/U3401/Y (AOI21_X8M_A9TR)                                                                                                                                                                        0.0415    10.4173 f
  i_horcrux_top/i_horcrux/multiplier_tree_inst/u_shared_mul/DP_OP_45J11_125_3794/U3482/Y (OAI21_X8M_A9TR)                                                                                                                                                                        0.0564    10.4737 r
  i_horcrux_top/i_horcrux/multiplier_tree_inst/u_shared_mul/DP_OP_45J11_125_3794/U3322/Y (NAND2_X8A_A9TR)                                                                                                                                                                        0.0409    10.5146 f
  i_horcrux_top/i_horcrux/multiplier_tree_inst/u_shared_mul/DP_OP_45J11_125_3794/U2920/Y (INV_X5M_A9TR)                                                                                                                                                                          0.0300    10.5446 r
  i_horcrux_top/i_horcrux/multiplier_tree_inst/u_shared_mul/DP_OP_45J11_125_3794/U3326/Y (OAI21_X8M_A9TR)                                                                                                                                                                        0.0305    10.5751 f
  i_horcrux_top/i_horcrux/multiplier_tree_inst/u_shared_mul/DP_OP_45J11_125_3794/U3696/Y (XOR2_X4M_A9TR)                                                                                                                                                                         0.0430    10.6181 f
  i_horcrux_top/i_horcrux/multiplier_tree_inst/u_shared_mul/DP_OP_45J11_125_3794/O2[14] (shared_multiplication_logic_DP_OP_45J11_125_3794_4)                                                                                                                                     0.0000    10.6181 f
  i_horcrux_top/i_horcrux/multiplier_tree_inst/u_shared_mul/U174/Y (NAND2_X8A_A9TR)                                                                                                                                                                                              0.0330    10.6511 r
  i_horcrux_top/i_horcrux/multiplier_tree_inst/u_shared_mul/U172/Y (NAND2_X8A_A9TR)                                                                                                                                                                                              0.0397    10.6907 f
  i_horcrux_top/i_horcrux/multiplier_tree_inst/u_shared_mul/res_lo_o[14] (shared_multiplication_logic)                                                                                                                                                                           0.0000    10.6907 f
  i_horcrux_top/i_horcrux/multiplier_tree_inst/DP_OP_96J8_122_9380/I2[14] (multiplier_tree_DP_OP_96J8_122_9380_2)                                                                                                                                                                0.0000    10.6907 f
  i_horcrux_top/i_horcrux/multiplier_tree_inst/DP_OP_96J8_122_9380/U809/Y (AO21A1AI2_X6M_A9TR)                                                                                                                                                                                   0.0546    10.7453 r
  i_horcrux_top/i_horcrux/multiplier_tree_inst/DP_OP_96J8_122_9380/U774/Y (NAND2_X4B_A9TR)                                                                                                                                                                                       0.0365    10.7818 f
  i_horcrux_top/i_horcrux/multiplier_tree_inst/DP_OP_96J8_122_9380/U835/Y (AOI21_X6M_A9TR)                                                                                                                                                                                       0.0351    10.8169 r
  i_horcrux_top/i_horcrux/multiplier_tree_inst/DP_OP_96J8_122_9380/U834/Y (OAI21_X8M_A9TR)                                                                                                                                                                                       0.0319    10.8489 f
  i_horcrux_top/i_horcrux/multiplier_tree_inst/DP_OP_96J8_122_9380/U814/Y (XOR2_X4M_A9TR)                                                                                                                                                                                        0.0445    10.8934 f
  i_horcrux_top/i_horcrux/multiplier_tree_inst/DP_OP_96J8_122_9380/O2[16] (multiplier_tree_DP_OP_96J8_122_9380_2)                                                                                                                                                                0.0000    10.8934 f
  i_horcrux_top/i_horcrux/multiplier_tree_inst/U952/Y (INV_X11M_A9TR)                                                                                                                                                                                                            0.0317    10.9251 r
  i_horcrux_top/i_horcrux/multiplier_tree_inst/U1650/Y (INV_X16M_A9TR)                                                                                                                                                                                                           0.0290    10.9541 f
  i_horcrux_top/i_horcrux/multiplier_tree_inst/DP_OP_96J8_122_9380/I3[12] (multiplier_tree_DP_OP_96J8_122_9380_2)                                                                                                                                                                0.0000    10.9541 f
  i_horcrux_top/i_horcrux/multiplier_tree_inst/DP_OP_96J8_122_9380/U830/Y (NAND2_X8A_A9TR)                                                                                                                                                                                       0.0228    10.9768 r
  i_horcrux_top/i_horcrux/multiplier_tree_inst/DP_OP_96J8_122_9380/U837/Y (NAND2_X8A_A9TR)                                                                                                                                                                                       0.0284    11.0052 f
  i_horcrux_top/i_horcrux/multiplier_tree_inst/DP_OP_96J8_122_9380/U831/Y (AOI22_X4M_A9TR)                                                                                                                                                                                       0.0487    11.0539 r
  i_horcrux_top/i_horcrux/multiplier_tree_inst/DP_OP_96J8_122_9380/U826/Y (XOR2_X4M_A9TR)                                                                                                                                                                                        0.0476    11.1015 r
  i_horcrux_top/i_horcrux/multiplier_tree_inst/DP_OP_96J8_122_9380/O3[14] (multiplier_tree_DP_OP_96J8_122_9380_2)                                                                                                                                                                0.0000    11.1015 r
  i_horcrux_top/i_horcrux/multiplier_tree_inst/U1597/Y (AO1B2_X6M_A9TR)                                                                                                                                                                                                          0.0646    11.1661 r
  i_horcrux_top/i_horcrux/multiplier_tree_inst/result_o[14] (multiplier_tree)                                                                                                                                                                                                    0.0000    11.1661 r
  i_horcrux_top/i_horcrux/U50/Y (NAND2_X8A_A9TR)                                                                                                                                                                                                                                 0.0219    11.1880 f
  i_horcrux_top/i_horcrux/U124/Y (NAND2_X8A_A9TR)                                                                                                                                                                                                                                0.0256    11.2136 r
  i_horcrux_top/i_horcrux/rd_values_o[rd1][14] (horcrux_NUM_VARIABLES50_VARIABLE_WIDTH32)                                                                                                                                                                                        0.0000    11.2136 r
  i_horcrux_top/commit_stage_i/result_i[rd1][14] (commit_stage_I_xif_result_if_if_xif_coproc_result_X_NUM_RS_3)                                                                                                                                                                  0.0000    11.2136 r
  i_horcrux_top/commit_stage_i/U17/Y (BUFH_X16M_A9TR)                                                                                                                                                                                                                            0.0550    11.2685 r
  i_horcrux_top/commit_stage_i/xif_result_if.result[data][14] (commit_stage_I_xif_result_if_if_xif_coproc_result_X_NUM_RS_3)                                                                                                                                                     0.0000    11.2685 r
  i_horcrux_top/xif_result_if.result[data][14] (horcrux_top_I_xif_compressed_if_if_xif__X_NUM_RS_3I_xif_issue_if_if_xif__X_NUM_RS_3I_xif_commit_if_if_xif__X_NUM_RS_3I_xif_mem_if_if_xif__X_NUM_RS_3I_xif_mem_result_if_if_xif__X_NUM_RS_3I_xif_result_if_if_xif__X_NUM_RS_3)    0.0000    11.2685 r
  result_o[data][14] (out)                                                                                                                                                                                                                                                       0.0038    11.2724 r
  data arrival time                                                                                                                                                                                                                                                                        11.2724

  clock clk (rise edge)                                                                                                                                                                                                                                                         12.5000    12.5000
  clock network delay (ideal)                                                                                                                                                                                                                                                    1.2500    13.7500
  clock uncertainty                                                                                                                                                                                                                                                             -0.6250    13.1250
  output external delay                                                                                                                                                                                                                                                         -1.8750    11.2500
  data required time                                                                                                                                                                                                                                                                       11.2500
  ---------------------------------------------------------------------------------------------------------------------------------------------------------------------------------------------------------------------------------------------------------------------------------------------------
  data required time                                                                                                                                                                                                                                                                       11.2500
  data arrival time                                                                                                                                                                                                                                                                       -11.2724
  ---------------------------------------------------------------------------------------------------------------------------------------------------------------------------------------------------------------------------------------------------------------------------------------------------
  slack (VIOLATED)                                                                                                                                                                                                                                                                         -0.0224


