 
****************************************
Report : timing
        -path full
        -delay max
        -nworst 5
        -max_paths 20
Design : horcrux_top_synth
Version: X-2025.06
Date   : Wed Oct  7 15:59:50 2026
****************************************

Operating Conditions: ss_typical_max_0p81v_125c   Library: sc9_cln40g_base_rvt_ss_typical_max_0p81v_125c
Wire Load Model Mode: top

  Startpoint: i_horcrux_top/id_stage_i/rs_values_o_reg[rs1][14]
              (rising edge-triggered flip-flop clocked by clk)
  Endpoint: result_o[data][26]
            (output port clocked by clk)
  Path Group: clk
  Path Type: max

  Des/Clust/Port     Wire Load Model       Library
  ------------------------------------------------
  horcrux_top_synth  Medium                sc9_cln40g_base_rvt_ss_typical_max_0p81v_125c

  Point                                                                                                                                                                                                                                                                                                                                                                                                                                                                                                                                                 Incr       Path
  ---------------------------------------------------------------------------------------------------------------------------------------------------------------------------------------------------------------------------------------------------------------------------------------------------
  clock clk (rise edge)                                                                                                                                                                                                                                                          0.0000     0.0000
  clock network delay (ideal)                                                                                                                                                                                                                                                    0.6000     0.6000
  i_horcrux_top/id_stage_i/rs_values_o_reg[rs1][14]/CK (DFFSQN_X3M_A9TR)                                                                                                                                                                                                         0.0000     0.6000 r
  i_horcrux_top/id_stage_i/rs_values_o_reg[rs1][14]/QN (DFFSQN_X3M_A9TR)                                                                                                                                                                                                         0.1756     0.7756 r
  i_horcrux_top/id_stage_i/rs_values_o[rs1][14] (id_stage_I_xif_issue_if_if_xif_coproc_issue_X_NUM_RS_3)                                                                                                                                                                         0.0000     0.7756 r
  i_horcrux_top/i_horcrux/rs_values_i[rs1][14] (horcrux_NUM_VARIABLES50_VARIABLE_WIDTH32)                                                                                                                                                                                        0.0000     0.7756 r
  i_horcrux_top/i_horcrux/multiplier_tree_inst/multiplier_tree1_i[14] (multiplier_tree)                                                                                                                                                                                          0.0000     0.7756 r
  i_horcrux_top/i_horcrux/multiplier_tree_inst/U564/Y (INV_X4M_A9TR)                                                                                                                                                                                                             0.0367     0.8124 f
  i_horcrux_top/i_horcrux/multiplier_tree_inst/U1338/Y (BUF_X6M_A9TR)                                                                                                                                                                                                            0.0617     0.8741 f
  i_horcrux_top/i_horcrux/multiplier_tree_inst/U522/Y (INV_X5M_A9TR)                                                                                                                                                                                                             0.0519     0.9260 r
  i_horcrux_top/i_horcrux/multiplier_tree_inst/U847/Y (OAI21_X6M_A9TR)                                                                                                                                                                                                           0.0476     0.9736 f
  i_horcrux_top/i_horcrux/multiplier_tree_inst/U732/Y (NAND2_X4B_A9TR)                                                                                                                                                                                                           0.0343     1.0079 r
  i_horcrux_top/i_horcrux/multiplier_tree_inst/U723/Y (OAI21_X8M_A9TR)                                                                                                                                                                                                           0.0396     1.0474 f
  i_horcrux_top/i_horcrux/multiplier_tree_inst/U867/Y (NOR2_X6B_A9TR)                                                                                                                                                                                                            0.0388     1.0863 r
  i_horcrux_top/i_horcrux/multiplier_tree_inst/U740/Y (NAND2_X6A_A9TR)                                                                                                                                                                                                           0.0347     1.1210 f
  i_horcrux_top/i_horcrux/multiplier_tree_inst/U864/Y (INV_X16M_A9TR)                                                                                                                                                                                                            0.0315     1.1525 r
  i_horcrux_top/i_horcrux/multiplier_tree_inst/U362/Y (INV_X5B_A9TR)                                                                                                                                                                                                             0.0302     1.1827 f
  i_horcrux_top/i_horcrux/multiplier_tree_inst/U336/Y (NAND2B_X4M_A9TR)                                                                                                                                                                                                          0.0499     1.2326 f
  i_horcrux_top/i_horcrux/multiplier_tree_inst/U536/Y (AND2_X8M_A9TR)                                                                                                                                                                                                            0.0492     1.2818 f
  i_horcrux_top/i_horcrux/multiplier_tree_inst/U1241/Y (NAND3_X6A_A9TR)                                                                                                                                                                                                          0.0247     1.3065 r
  i_horcrux_top/i_horcrux/multiplier_tree_inst/u_shared_mul/op_b_i[9] (shared_multiplication_logic)                                                                                                                                                                              0.0000     1.3065 r
  i_horcrux_top/i_horcrux/multiplier_tree_inst/u_shared_mul/u_primary_mul/b_i[9] (unified_mul_32x32)                                                                                                                                                                             0.0000     1.3065 r
  i_horcrux_top/i_horcrux/multiplier_tree_inst/u_shared_mul/u_primary_mul/U350/Y (INV_X9M_A9TR)                                                                                                                                                                                  0.0203     1.3268 f
  i_horcrux_top/i_horcrux/multiplier_tree_inst/u_shared_mul/u_primary_mul/U608/Y (INV_X16M_A9TR)                                                                                                                                                                                 0.0308     1.3576 r
  i_horcrux_top/i_horcrux/multiplier_tree_inst/u_shared_mul/u_primary_mul/mult_x_1/b[9] (unified_mul_32x32_DW_mult_tc_4)                                                                                                                                                         0.0000     1.3576 r
  i_horcrux_top/i_horcrux/multiplier_tree_inst/u_shared_mul/u_primary_mul/mult_x_1/U2778/Y (XNOR2_X1M_A9TR)                                                                                                                                                                      0.1003     1.4580 r
  i_horcrux_top/i_horcrux/multiplier_tree_inst/u_shared_mul/u_primary_mul/mult_x_1/U4405/Y (OAI22_X1M_A9TR)                                                                                                                                                                      0.1326     1.5906 f
  i_horcrux_top/i_horcrux/multiplier_tree_inst/u_shared_mul/u_primary_mul/mult_x_1/U2687/S (ADDF_X1M_A9TR)                                                                                                                                                                       0.1744     1.7650 r
  i_horcrux_top/i_horcrux/multiplier_tree_inst/u_shared_mul/u_primary_mul/mult_x_1/U4535/CO (ADDF_X2M_A9TR)                                                                                                                                                                      0.1072     1.8721 r
  i_horcrux_top/i_horcrux/multiplier_tree_inst/u_shared_mul/u_primary_mul/mult_x_1/U4525/S (ADDF_X2M_A9TR)                                                                                                                                                                       0.1715     2.0436 f
  i_horcrux_top/i_horcrux/multiplier_tree_inst/u_shared_mul/u_primary_mul/mult_x_1/U3828/Y (OAI21_X2M_A9TR)                                                                                                                                                                      0.0723     2.1159 r
  i_horcrux_top/i_horcrux/multiplier_tree_inst/u_shared_mul/u_primary_mul/mult_x_1/U3827/Y (AO1B2_X2M_A9TR)                                                                                                                                                                      0.0589     2.1748 f
  i_horcrux_top/i_horcrux/multiplier_tree_inst/u_shared_mul/u_primary_mul/mult_x_1/U3648/Y (XOR2_X3M_A9TR)                                                                                                                                                                       0.0565     2.2313 f
  i_horcrux_top/i_horcrux/multiplier_tree_inst/u_shared_mul/u_primary_mul/mult_x_1/U3645/Y (XOR2_X4M_A9TR)                                                                                                                                                                       0.0568     2.2881 f
  i_horcrux_top/i_horcrux/multiplier_tree_inst/u_shared_mul/u_primary_mul/mult_x_1/U3861/Y (NOR2_X4A_A9TR)                                                                                                                                                                       0.0657     2.3537 r
  i_horcrux_top/i_horcrux/multiplier_tree_inst/u_shared_mul/u_primary_mul/mult_x_1/U3572/Y (OAI21_X3M_A9TR)                                                                                                                                                                      0.0604     2.4142 f
  i_horcrux_top/i_horcrux/multiplier_tree_inst/u_shared_mul/u_primary_mul/mult_x_1/U3149/Y (AOI21_X6M_A9TR)                                                                                                                                                                      0.0428     2.4570 r
  i_horcrux_top/i_horcrux/multiplier_tree_inst/u_shared_mul/u_primary_mul/mult_x_1/U3389/Y (NAND2_X8A_A9TR)                                                                                                                                                                      0.0418     2.4987 f
  i_horcrux_top/i_horcrux/multiplier_tree_inst/u_shared_mul/u_primary_mul/mult_x_1/U2532/Y (NAND2B_X1M_A9TR)                                                                                                                                                                     0.0599     2.5586 r
  i_horcrux_top/i_horcrux/multiplier_tree_inst/u_shared_mul/u_primary_mul/mult_x_1/U3966/Y (NAND2_X2B_A9TR)                                                                                                                                                                      0.0485     2.6071 f
  i_horcrux_top/i_horcrux/multiplier_tree_inst/u_shared_mul/u_primary_mul/mult_x_1/U3965/Y (XOR2_X2M_A9TR)                                                                                                                                                                       0.0541     2.6611 r
  i_horcrux_top/i_horcrux/multiplier_tree_inst/u_shared_mul/u_primary_mul/mult_x_1/product[33] (unified_mul_32x32_DW_mult_tc_4)                                                                                                                                                  0.0000     2.6611 r
  i_horcrux_top/i_horcrux/multiplier_tree_inst/u_shared_mul/u_primary_mul/U437/Y (AO1B2_X4M_A9TR)                                                                                                                                                                                0.0865     2.7476 r
  i_horcrux_top/i_horcrux/multiplier_tree_inst/u_shared_mul/u_primary_mul/prod_o[33] (unified_mul_32x32)                                                                                                                                                                         0.0000     2.7476 r
  i_horcrux_top/i_horcrux/multiplier_tree_inst/u_shared_mul/DP_OP_45J11_125_3794/I3[33] (shared_multiplication_logic_DP_OP_45J11_125_3794_2)                                                                                                                                     0.0000     2.7476 r
  i_horcrux_top/i_horcrux/multiplier_tree_inst/u_shared_mul/DP_OP_45J11_125_3794/U3966/Y (XOR2_X4M_A9TR)                                                                                                                                                                         0.0531     2.8007 r
  i_horcrux_top/i_horcrux/multiplier_tree_inst/u_shared_mul/DP_OP_45J11_125_3794/U4177/Y (XOR2_X3M_A9TR)                                                                                                                                                                         0.0625     2.8632 r
  i_horcrux_top/i_horcrux/multiplier_tree_inst/u_shared_mul/DP_OP_45J11_125_3794/U4155/S (ADDF_X1M_A9TR)                                                                                                                                                                         0.1406     3.0037 f
  i_horcrux_top/i_horcrux/multiplier_tree_inst/u_shared_mul/DP_OP_45J11_125_3794/U5358/S (ADDF_X2M_A9TR)                                                                                                                                                                         0.1497     3.1534 r
  i_horcrux_top/i_horcrux/multiplier_tree_inst/u_shared_mul/DP_OP_45J11_125_3794/U3990/Y (AO1B2_X4M_A9TR)                                                                                                                                                                        0.0710     3.2244 r
  i_horcrux_top/i_horcrux/multiplier_tree_inst/u_shared_mul/DP_OP_45J11_125_3794/U4096/Y (NAND2B_X3M_A9TR)                                                                                                                                                                       0.0569     3.2813 r
  i_horcrux_top/i_horcrux/multiplier_tree_inst/u_shared_mul/DP_OP_45J11_125_3794/U4608/Y (AO1B2_X4M_A9TR)                                                                                                                                                                        0.0597     3.3410 r
  i_horcrux_top/i_horcrux/multiplier_tree_inst/u_shared_mul/DP_OP_45J11_125_3794/U5856/S (ADDF_X2M_A9TR)                                                                                                                                                                         0.1379     3.4789 f
  i_horcrux_top/i_horcrux/multiplier_tree_inst/u_shared_mul/DP_OP_45J11_125_3794/U5878/S (ADDF_X2M_A9TR)                                                                                                                                                                         0.1529     3.6318 r
  i_horcrux_top/i_horcrux/multiplier_tree_inst/u_shared_mul/DP_OP_45J11_125_3794/U4667/Y (XNOR2_X3M_A9TR)                                                                                                                                                                        0.0602     3.6920 r
  i_horcrux_top/i_horcrux/multiplier_tree_inst/u_shared_mul/DP_OP_45J11_125_3794/U4666/Y (XNOR2_X3M_A9TR)                                                                                                                                                                        0.0561     3.7480 r
  i_horcrux_top/i_horcrux/multiplier_tree_inst/u_shared_mul/DP_OP_45J11_125_3794/U6026/S (ADDF_X2M_A9TR)                                                                                                                                                                         0.1665     3.9146 f
  i_horcrux_top/i_horcrux/multiplier_tree_inst/u_shared_mul/DP_OP_45J11_125_3794/U4673/Y (NAND2_X3A_A9TR)                                                                                                                                                                        0.0458     3.9604 r
  i_horcrux_top/i_horcrux/multiplier_tree_inst/u_shared_mul/DP_OP_45J11_125_3794/U4452/Y (OAI21_X6M_A9TR)                                                                                                                                                                        0.0437     4.0040 f
  i_horcrux_top/i_horcrux/multiplier_tree_inst/u_shared_mul/DP_OP_45J11_125_3794/U3461/Y (AOI21_X6M_A9TR)                                                                                                                                                                        0.0412     4.0453 r
  i_horcrux_top/i_horcrux/multiplier_tree_inst/u_shared_mul/DP_OP_45J11_125_3794/U4467/Y (OAI21_X8M_A9TR)                                                                                                                                                                        0.0323     4.0775 f
  i_horcrux_top/i_horcrux/multiplier_tree_inst/u_shared_mul/DP_OP_45J11_125_3794/U6395/Y (AOI21_X8M_A9TR)                                                                                                                                                                        0.0440     4.1215 r
  i_horcrux_top/i_horcrux/multiplier_tree_inst/u_shared_mul/DP_OP_45J11_125_3794/U6382/Y (OAI211_X4M_A9TR)                                                                                                                                                                       0.0586     4.1801 f
  i_horcrux_top/i_horcrux/multiplier_tree_inst/u_shared_mul/DP_OP_45J11_125_3794/U4273/Y (NAND2_X8A_A9TR)                                                                                                                                                                        0.0376     4.2178 r
  i_horcrux_top/i_horcrux/multiplier_tree_inst/u_shared_mul/DP_OP_45J11_125_3794/U4447/Y (INV_X16M_A9TR)                                                                                                                                                                         0.0311     4.2488 f
  i_horcrux_top/i_horcrux/multiplier_tree_inst/u_shared_mul/DP_OP_45J11_125_3794/O1[31] (shared_multiplication_logic_DP_OP_45J11_125_3794_2)                                                                                                                                     0.0000     4.2488 f
  i_horcrux_top/i_horcrux/multiplier_tree_inst/u_shared_mul/U222/Y (INV_X16M_A9TR)                                                                                                                                                                                               0.0301     4.2790 r
  i_horcrux_top/i_horcrux/multiplier_tree_inst/u_shared_mul/U44/Y (NOR2_X2B_A9TR)                                                                                                                                                                                                0.0413     4.3203 f
  i_horcrux_top/i_horcrux/multiplier_tree_inst/u_shared_mul/DP_OP_45J11_125_3794/I4[19] (shared_multiplication_logic_DP_OP_45J11_125_3794_2)                                                                                                                                     0.0000     4.3203 f
  i_horcrux_top/i_horcrux/multiplier_tree_inst/u_shared_mul/DP_OP_45J11_125_3794/U6446/S (ADDF_X1M_A9TR)                                                                                                                                                                         0.1552     4.4755 r
  i_horcrux_top/i_horcrux/multiplier_tree_inst/u_shared_mul/DP_OP_45J11_125_3794/U3378/Y (NOR2_X4M_A9TR)                                                                                                                                                                         0.0679     4.5433 f
  i_horcrux_top/i_horcrux/multiplier_tree_inst/u_shared_mul/DP_OP_45J11_125_3794/U3375/Y (NOR2_X4A_A9TR)                                                                                                                                                                         0.0597     4.6031 r
  i_horcrux_top/i_horcrux/multiplier_tree_inst/u_shared_mul/DP_OP_45J11_125_3794/U4535/Y (NAND2_X3A_A9TR)                                                                                                                                                                        0.0500     4.6531 f
  i_horcrux_top/i_horcrux/multiplier_tree_inst/u_shared_mul/DP_OP_45J11_125_3794/U3358/Y (INV_X5M_A9TR)                                                                                                                                                                          0.0353     4.6884 r
  i_horcrux_top/i_horcrux/multiplier_tree_inst/u_shared_mul/DP_OP_45J11_125_3794/U5017/Y (NAND2_X2M_A9TR)                                                                                                                                                                        0.0269     4.7153 f
  i_horcrux_top/i_horcrux/multiplier_tree_inst/u_shared_mul/DP_OP_45J11_125_3794/U4547/Y (INV_X2B_A9TR)                                                                                                                                                                          0.0316     4.7469 r
  i_horcrux_top/i_horcrux/multiplier_tree_inst/u_shared_mul/DP_OP_45J11_125_3794/U4549/Y (AO1B2_X4M_A9TR)                                                                                                                                                                        0.0562     4.8031 r
  i_horcrux_top/i_horcrux/multiplier_tree_inst/u_shared_mul/DP_OP_45J11_125_3794/U5316/Y (XOR2_X4M_A9TR)                                                                                                                                                                         0.0383     4.8413 r
  i_horcrux_top/i_horcrux/multiplier_tree_inst/u_shared_mul/DP_OP_45J11_125_3794/O2[24] (shared_multiplication_logic_DP_OP_45J11_125_3794_2)                                                                                                                                     0.0000     4.8413 r
  i_horcrux_top/i_horcrux/multiplier_tree_inst/u_shared_mul/U507/Y (AO1B2_X6M_A9TR)                                                                                                                                                                                              0.0743     4.9156 r
  i_horcrux_top/i_horcrux/multiplier_tree_inst/u_shared_mul/res_lo_o[24] (shared_multiplication_logic)                                                                                                                                                                           0.0000     4.9156 r
  i_horcrux_top/i_horcrux/multiplier_tree_inst/DP_OP_93_150_9367/I2[24] (multiplier_tree_DP_OP_93_150_9367_4)                                                                                                                                                                    0.0000     4.9156 r
  i_horcrux_top/i_horcrux/multiplier_tree_inst/DP_OP_93_150_9367/U490/Y (OR2_X8M_A9TR)                                                                                                                                                                                           0.0510     4.9665 r
  i_horcrux_top/i_horcrux/multiplier_tree_inst/DP_OP_93_150_9367/U489/Y (NAND2_X8A_A9TR)                                                                                                                                                                                         0.0221     4.9886 f
  i_horcrux_top/i_horcrux/multiplier_tree_inst/DP_OP_93_150_9367/U495/Y (NOR2_X6B_A9TR)                                                                                                                                                                                          0.0337     5.0223 r
  i_horcrux_top/i_horcrux/multiplier_tree_inst/DP_OP_93_150_9367/U388/Y (NAND2_X3M_A9TR)                                                                                                                                                                                         0.0361     5.0585 f
  i_horcrux_top/i_horcrux/multiplier_tree_inst/DP_OP_93_150_9367/U433/Y (OAI21_X8M_A9TR)                                                                                                                                                                                         0.0482     5.1067 r
  i_horcrux_top/i_horcrux/multiplier_tree_inst/DP_OP_93_150_9367/U340/Y (INV_X13B_A9TR)                                                                                                                                                                                          0.0352     5.1419 f
  i_horcrux_top/i_horcrux/multiplier_tree_inst/DP_OP_93_150_9367/U335/Y (OAI2XB1_X6M_A9TR)                                                                                                                                                                                       0.0363     5.1783 r
  i_horcrux_top/i_horcrux/multiplier_tree_inst/DP_OP_93_150_9367/U325/Y (XOR2_X4M_A9TR)                                                                                                                                                                                          0.0421     5.2204 r
  i_horcrux_top/i_horcrux/multiplier_tree_inst/DP_OP_93_150_9367/O1[26] (multiplier_tree_DP_OP_93_150_9367_4)                                                                                                                                                                    0.0000     5.2204 r
  i_horcrux_top/i_horcrux/multiplier_tree_inst/U1099/Y (AO1B2_X6M_A9TR)                                                                                                                                                                                                          0.0627     5.2831 r
  i_horcrux_top/i_horcrux/multiplier_tree_inst/result_o[26] (multiplier_tree)                                                                                                                                                                                                    0.0000     5.2831 r
  i_horcrux_top/i_horcrux/U13/Y (NAND2_X6A_A9TR)                                                                                                                                                                                                                                 0.0230     5.3061 f
  i_horcrux_top/i_horcrux/U4/Y (NAND2_X6M_A9TR)                                                                                                                                                                                                                                  0.0386     5.3446 r
  i_horcrux_top/i_horcrux/rd_values_o[rd1][26] (horcrux_NUM_VARIABLES50_VARIABLE_WIDTH32)                                                                                                                                                                                        0.0000     5.3446 r
  i_horcrux_top/commit_stage_i/result_i[rd1][26] (commit_stage_I_xif_result_if_if_xif_coproc_result_X_NUM_RS_3)                                                                                                                                                                  0.0000     5.3446 r
  i_horcrux_top/commit_stage_i/U31/Y (BUFH_X16M_A9TR)                                                                                                                                                                                                                            0.0515     5.3961 r
  i_horcrux_top/commit_stage_i/xif_result_if.result[data][26] (commit_stage_I_xif_result_if_if_xif_coproc_result_X_NUM_RS_3)                                                                                                                                                     0.0000     5.3961 r
  i_horcrux_top/xif_result_if.result[data][26] (horcrux_top_I_xif_compressed_if_if_xif__X_NUM_RS_3I_xif_issue_if_if_xif__X_NUM_RS_3I_xif_commit_if_if_xif__X_NUM_RS_3I_xif_mem_if_if_xif__X_NUM_RS_3I_xif_mem_result_if_if_xif__X_NUM_RS_3I_xif_result_if_if_xif__X_NUM_RS_3)    0.0000     5.3961 r
  result_o[data][26] (out)                                                                                                                                                                                                                                                       0.0038     5.4000 r
  data arrival time                                                                                                                                                                                                                                                                         5.4000

  clock clk (rise edge)                                                                                                                                                                                                                                                          6.0000     6.0000
  clock network delay (ideal)                                                                                                                                                                                                                                                    0.6000     6.6000
  clock uncertainty                                                                                                                                                                                                                                                             -0.3000     6.3000
  output external delay                                                                                                                                                                                                                                                         -0.9000     5.4000
  data required time                                                                                                                                                                                                                                                                        5.4000
  ---------------------------------------------------------------------------------------------------------------------------------------------------------------------------------------------------------------------------------------------------------------------------------------------------
  data required time                                                                                                                                                                                                                                                                        5.4000
  data arrival time                                                                                                                                                                                                                                                                        -5.4000
  ---------------------------------------------------------------------------------------------------------------------------------------------------------------------------------------------------------------------------------------------------------------------------------------------------
  slack (MET)                                                                                                                                                                                                                                                                               0.0000


