 
****************************************
Report : area
Design : horcrux_top_synth
Version: X-2025.06
Date   : Wed Oct  7 16:35:12 2026
****************************************

Information: Updating design information... (UID-85)
Library(s) Used:

    sc9_cln40g_base_rvt_ss_typical_max_0p81v_125c (File: /cad/designkit/CBDK_TSMC40_Arm_f2.0/CIC/SynopsysDC/db/sc9_base_rvt/sc9_cln40g_base_rvt_ss_typical_max_0p81v_125c.db)

Number of ports:                        35483
Number of nets:                         98209
Number of cells:                        71396
Number of combinational cells:          66947
Number of sequential cells:              4376
Number of macros/black boxes:               0
Number of buf/inv:                      13970
Number of references:                       6

Combinational area:             105503.956599
Buf/Inv area:                     9087.875905
Noncombinational area:           19881.740655
Macro/Black Box area:                0.000000
Net Interconnect area:               0.000000

Total cell area:                125385.697254
Total area:                     125385.697254

Hierarchical area distribution
------------------------------

                                  Global cell area              Local cell area
                                  --------------------  ------------------------------- 
Hierarchical cell                 Absolute     Percent  Combi-       Noncombi-   Black-
                                  Total        Total    national     national    boxes   Design
--------------------------------  -----------  -------  -----------  ----------  ------  ----------------------------------------------------------------------------------------------------------------------------------------------------------------------------------------------------------------------------
horcrux_top_synth                 125385.6973    100.0     143.5644      0.0000  0.0000  horcrux_top_synth
i_horcrux_top                     125242.1329     99.9      21.5460     40.8240  0.0000  horcrux_top_I_xif_compressed_if_if_xif__X_NUM_RS_3I_xif_issue_if_if_xif__X_NUM_RS_3I_xif_commit_if_if_xif__X_NUM_RS_3I_xif_mem_if_if_xif__X_NUM_RS_3I_xif_mem_result_if_if_xif__X_NUM_RS_3I_xif_result_if_if_xif__X_NUM_RS_3
i_horcrux_top/commit_stage_i         189.8316      0.2     189.8316      0.0000  0.0000  commit_stage_I_xif_result_if_if_xif_coproc_result_X_NUM_RS_3
i_horcrux_top/i_horcrux           124253.2848     99.1    8864.7046      4.5360  0.0000  horcrux_NUM_VARIABLES50_VARIABLE_WIDTH32
i_horcrux_top/i_horcrux/chain_lengths_inst   2942.7299     2.3    820.5624  1211.1119 0.0000 chain_lengths_00000032_00000020
i_horcrux_top/i_horcrux/chain_lengths_inst/DP_OP_977J9_122_926    443.1672     0.4    443.1672     0.0000 0.0000 chain_lengths_00000032_00000020_DP_OP_977J9_122_926_J9_0
i_horcrux_top/i_horcrux/chain_lengths_inst/DP_OP_978J9_123_2435    467.8884     0.4    467.8884     0.0000 0.0000 chain_lengths_00000032_00000020_DP_OP_978J9_123_2435_J9_0
i_horcrux_top/i_horcrux/fpr_inst    1980.4175      1.6    1130.3712    585.1440  0.0000  fpr
i_horcrux_top/i_horcrux/fpr_inst/DP_OP_96J13_122_7816    159.6672     0.1    159.6672     0.0000 0.0000 fpr_DP_OP_96J13_122_7816_J13_0
i_horcrux_top/i_horcrux/fpr_inst/add_x_66     20.8656     0.0     20.8656     0.0000 0.0000 fpr_DW01_inc_J13_0
i_horcrux_top/i_horcrux/fpr_inst/sub_x_70     84.3696     0.1     84.3696     0.0000 0.0000 fpr_DW01_sub_J13_0
i_horcrux_top/i_horcrux/horcrux_register_inst  15260.0106    12.2   8002.4109  7257.5996 0.0000 horcrux_register_00000032_00000020
i_horcrux_top/i_horcrux/keccak_i   24138.7769     19.3       0.0000      0.0000  0.0000  keccak_f
i_horcrux_top/i_horcrux/keccak_i/u_cu     49.4424     0.0     17.6904    31.7520 0.0000  keccak_cu
i_horcrux_top/i_horcrux/keccak_i/u_dp  24089.3345    19.2   6916.2658  7289.3516 0.0000  keccak_dp
i_horcrux_top/i_horcrux/keccak_i/u_dp/round_constants_gen     36.7416     0.0     36.7416     0.0000 0.0000 keccak_round_constants_gen
i_horcrux_top/i_horcrux/keccak_i/u_dp/round_map   9846.9754     7.9   9846.9754     0.0000 0.0000 keccak_round
i_horcrux_top/i_horcrux/multiplier_tree_inst  63646.6567    50.8   3135.7368   580.6080 0.0000 multiplier_tree
i_horcrux_top/i_horcrux/multiplier_tree_inst/DP_OP_87J8_127_9004    508.2588     0.4    508.2588     0.0000 0.0000 multiplier_tree_DP_OP_87J8_127_9004_4
i_horcrux_top/i_horcrux/multiplier_tree_inst/DP_OP_88J8_128_2685    292.5720     0.2    292.5720     0.0000 0.0000 multiplier_tree_DP_OP_88J8_128_2685_0
i_horcrux_top/i_horcrux/multiplier_tree_inst/DP_OP_93_149_9367    637.7616     0.5    637.7616     0.0000 0.0000 multiplier_tree_DP_OP_93_149_9367_4
i_horcrux_top/i_horcrux/multiplier_tree_inst/DP_OP_94_150_9367    117.4824     0.1    117.4824     0.0000 0.0000 multiplier_tree_DP_OP_94_150_9367_0
i_horcrux_top/i_horcrux/multiplier_tree_inst/DP_OP_96J8_122_9380    766.3572     0.6    766.3572     0.0000 0.0000 multiplier_tree_DP_OP_96J8_122_9380_2
i_horcrux_top/i_horcrux/multiplier_tree_inst/DP_OP_97J8_123_4100    608.0508     0.5    608.0508     0.0000 0.0000 multiplier_tree_DP_OP_97J8_123_4100_1
i_horcrux_top/i_horcrux/multiplier_tree_inst/DP_OP_98J8_124_4100    132.2244     0.1    132.2244     0.0000 0.0000 multiplier_tree_DP_OP_98J8_124_4100_J8_0
i_horcrux_top/i_horcrux/multiplier_tree_inst/kyber_barrett_inst   5670.2267     4.5    216.8208     0.0000 0.0000 barrett
i_horcrux_top/i_horcrux/multiplier_tree_inst/kyber_barrett_inst/DP_OP_193J10_122_1739    719.6364     0.6    719.6364     0.0000 0.0000 barrett_DP_OP_193J10_122_1739_J10_0
i_horcrux_top/i_horcrux/multiplier_tree_inst/kyber_barrett_inst/DP_OP_194J10_123_9305    375.5808     0.3    375.5808     0.0000 0.0000 barrett_DP_OP_194J10_123_9305_J10_0
i_horcrux_top/i_horcrux/multiplier_tree_inst/kyber_barrett_inst/DP_OP_196J10_124_1798   4358.1887     3.5   4358.1887     0.0000 0.0000 barrett_DP_OP_196J10_124_1798_J10_0
i_horcrux_top/i_horcrux/multiplier_tree_inst/sub_x_13     58.5144     0.0     58.5144     0.0000 0.0000 multiplier_tree_DW01_sub_J8_1
i_horcrux_top/i_horcrux/multiplier_tree_inst/sub_x_14    219.3156     0.2    219.3156     0.0000 0.0000 multiplier_tree_DW01_sub_4
i_horcrux_top/i_horcrux/multiplier_tree_inst/sub_x_3    568.3608     0.5    568.3608     0.0000 0.0000 multiplier_tree_DW01_sub_0
i_horcrux_top/i_horcrux/multiplier_tree_inst/u_shared_mul  50351.1873    40.2    944.3952     0.0000 0.0000 shared_multiplication_logic
i_horcrux_top/i_horcrux/multiplier_tree_inst/u_shared_mul/DP_OP_44J11_124_8342     36.7416     0.0     36.7416     0.0000 0.0000 shared_multiplication_logic_DP_OP_44J11_124_8342_J11_0
i_horcrux_top/i_horcrux/multiplier_tree_inst/u_shared_mul/DP_OP_45J11_125_3794   4915.2095     3.9   4915.2095     0.0000 0.0000 shared_multiplication_logic_DP_OP_45J11_125_3794_3
i_horcrux_top/i_horcrux/multiplier_tree_inst/u_shared_mul/DP_OP_46J11_122_2489   3974.8967     3.2   3974.8967     0.0000 0.0000 shared_multiplication_logic_DP_OP_46J11_122_2489_2
i_horcrux_top/i_horcrux/multiplier_tree_inst/u_shared_mul/mult_x_3   1263.9564     1.0   1263.9564     0.0000 0.0000 shared_multiplication_logic_DW_mult_uns_0
i_horcrux_top/i_horcrux/multiplier_tree_inst/u_shared_mul/u_primary_mul  39215.9879    31.3  10416.9238     0.0000 0.0000 unified_mul_32x32
i_horcrux_top/i_horcrux/multiplier_tree_inst/u_shared_mul/u_primary_mul/add_x_1    872.7264     0.7    872.7264     0.0000 0.0000 unified_mul_32x32_DW01_add_379
i_horcrux_top/i_horcrux/multiplier_tree_inst/u_shared_mul/u_primary_mul/add_x_10   1058.9292     0.8   1058.9292     0.0000 0.0000 unified_mul_32x32_DW01_add_522
i_horcrux_top/i_horcrux/multiplier_tree_inst/u_shared_mul/u_primary_mul/add_x_11   1084.1040     0.9   1084.1040     0.0000 0.0000 unified_mul_32x32_DW01_add_388
i_horcrux_top/i_horcrux/multiplier_tree_inst/u_shared_mul/u_primary_mul/add_x_12   1046.4552     0.8   1046.4552     0.0000 0.0000 unified_mul_32x32_DW01_add_239
i_horcrux_top/i_horcrux/multiplier_tree_inst/u_shared_mul/u_primary_mul/add_x_13   1095.2172     0.9   1095.2172     0.0000 0.0000 unified_mul_32x32_DW01_add_562
i_horcrux_top/i_horcrux/multiplier_tree_inst/u_shared_mul/u_primary_mul/add_x_14   1043.2800     0.8   1043.2800     0.0000 0.0000 unified_mul_32x32_DW01_add_486
i_horcrux_top/i_horcrux/multiplier_tree_inst/u_shared_mul/u_primary_mul/add_x_15   1197.5040     1.0   1197.5040     0.0000 0.0000 unified_mul_32x32_DW01_add_561
i_horcrux_top/i_horcrux/multiplier_tree_inst/u_shared_mul/u_primary_mul/add_x_16   1067.3208     0.9   1067.3208     0.0000 0.0000 unified_mul_32x32_DW01_add_567
i_horcrux_top/i_horcrux/multiplier_tree_inst/u_shared_mul/u_primary_mul/add_x_17   1007.6724     0.8   1007.6724     0.0000 0.0000 unified_mul_32x32_DW01_add_566
i_horcrux_top/i_horcrux/multiplier_tree_inst/u_shared_mul/u_primary_mul/add_x_18    965.9412     0.8    965.9412     0.0000 0.0000 unified_mul_32x32_DW01_add_592
i_horcrux_top/i_horcrux/multiplier_tree_inst/u_shared_mul/u_primary_mul/add_x_19    957.3228     0.8    957.3228     0.0000 0.0000 unified_mul_32x32_DW01_add_590
i_horcrux_top/i_horcrux/multiplier_tree_inst/u_shared_mul/u_primary_mul/add_x_2    803.3256     0.6    803.3256     0.0000 0.0000 unified_mul_32x32_DW01_add_433
i_horcrux_top/i_horcrux/multiplier_tree_inst/u_shared_mul/u_primary_mul/add_x_20    971.8380     0.8    971.8380     0.0000 0.0000 unified_mul_32x32_DW01_add_513
i_horcrux_top/i_horcrux/multiplier_tree_inst/u_shared_mul/u_primary_mul/add_x_21    941.4468     0.8    941.4468     0.0000 0.0000 unified_mul_32x32_DW01_add_493
i_horcrux_top/i_horcrux/multiplier_tree_inst/u_shared_mul/u_primary_mul/add_x_22    874.9944     0.7    874.9944     0.0000 0.0000 unified_mul_32x32_DW01_add_376
i_horcrux_top/i_horcrux/multiplier_tree_inst/u_shared_mul/u_primary_mul/add_x_23    876.1284     0.7    876.1284     0.0000 0.0000 unified_mul_32x32_DW01_add_354
i_horcrux_top/i_horcrux/multiplier_tree_inst/u_shared_mul/u_primary_mul/add_x_24    862.9740     0.7    862.9740     0.0000 0.0000 unified_mul_32x32_DW01_add_484
i_horcrux_top/i_horcrux/multiplier_tree_inst/u_shared_mul/u_primary_mul/add_x_25    844.8300     0.7    844.8300     0.0000 0.0000 unified_mul_32x32_DW01_add_520
i_horcrux_top/i_horcrux/multiplier_tree_inst/u_shared_mul/u_primary_mul/add_x_26    832.3560     0.7    832.3560     0.0000 0.0000 unified_mul_32x32_DW01_add_519
i_horcrux_top/i_horcrux/multiplier_tree_inst/u_shared_mul/u_primary_mul/add_x_27    799.9236     0.6    799.9236     0.0000 0.0000 unified_mul_32x32_DW01_add_417
i_horcrux_top/i_horcrux/multiplier_tree_inst/u_shared_mul/u_primary_mul/add_x_28    751.3884     0.6    751.3884     0.0000 0.0000 unified_mul_32x32_DW01_add_518
i_horcrux_top/i_horcrux/multiplier_tree_inst/u_shared_mul/u_primary_mul/add_x_29    728.9352     0.6    728.9352     0.0000 0.0000 unified_mul_32x32_DW01_add_525
i_horcrux_top/i_horcrux/multiplier_tree_inst/u_shared_mul/u_primary_mul/add_x_3    817.3872     0.7    817.3872     0.0000 0.0000 unified_mul_32x32_DW01_add_556
i_horcrux_top/i_horcrux/multiplier_tree_inst/u_shared_mul/u_primary_mul/add_x_30    679.0392     0.5    679.0392     0.0000 0.0000 unified_mul_32x32_DW01_add_526
i_horcrux_top/i_horcrux/multiplier_tree_inst/u_shared_mul/u_primary_mul/add_x_4   1028.3112     0.8   1028.3112     0.0000 0.0000 unified_mul_32x32_DW01_add_573
i_horcrux_top/i_horcrux/multiplier_tree_inst/u_shared_mul/u_primary_mul/add_x_5   1021.7340     0.8   1021.7340     0.0000 0.0000 unified_mul_32x32_DW01_add_461
i_horcrux_top/i_horcrux/multiplier_tree_inst/u_shared_mul/u_primary_mul/add_x_6    914.2308     0.7    914.2308     0.0000 0.0000 unified_mul_32x32_DW01_add_599
i_horcrux_top/i_horcrux/multiplier_tree_inst/u_shared_mul/u_primary_mul/add_x_7    986.8068     0.8    986.8068     0.0000 0.0000 unified_mul_32x32_DW01_add_603
i_horcrux_top/i_horcrux/multiplier_tree_inst/u_shared_mul/u_primary_mul/add_x_8   1003.8168     0.8   1003.8168     0.0000 0.0000 unified_mul_32x32_DW01_add_559
i_horcrux_top/i_horcrux/multiplier_tree_inst/u_shared_mul/u_primary_mul/add_x_9   1040.1048     0.8   1040.1048     0.0000 0.0000 unified_mul_32x32_DW01_add_588
i_horcrux_top/i_horcrux/multiplier_tree_inst/u_shared_mul/u_primary_mul/sub_x_31    623.0196     0.5    623.0196     0.0000 0.0000 unified_mul_32x32_DW01_sub_6
i_horcrux_top/i_horcrux/sampler_inst    475.1460     0.4    382.6116     0.0000  0.0000  sampler
i_horcrux_top/i_horcrux/sampler_inst/DP_OP_45J12_125_127     46.7208     0.0     46.7208     0.0000 0.0000 sampler_DP_OP_45J12_125_127_J12_0
i_horcrux_top/i_horcrux/sampler_inst/mult_x_5     45.8136     0.0     45.8136     0.0000 0.0000 sampler_DW_mult_uns_J12_0
i_horcrux_top/i_horcrux/sphincs_ops_inst   6940.3066     5.5   4581.5867  2358.7199 0.0000 sphincs_ops_00000032_00000020
i_horcrux_top/id_stage_i             736.6464      0.6     214.5528    522.0936  0.0000  id_stage_I_xif_issue_if_if_xif_coproc_issue_X_NUM_RS_3
--------------------------------  -----------  -------  -----------  ----------  ------  ----------------------------------------------------------------------------------------------------------------------------------------------------------------------------------------------------------------------------
Total                                                   105503.9566  19881.7407  0.0000

1
