 
****************************************
Report : qor
Design : horcrux_top_synth
Version: X-2025.06
Date   : Wed Oct  7 16:35:15 2026
****************************************


  Timing Path Group 'clk'
  -----------------------------------
  Levels of Logic:             215.00
  Critical Path Length:         10.24
  Critical Path Slack:           0.00
  Critical Path Clk Period:     12.80
  Total Negative Slack:          0.00
  No. of Violating Paths:        0.00
  Worst Hold Violation:          0.00
  Total Hold Violation:          0.00
  No. of Hold Violations:        0.00
  -----------------------------------


  Cell Count
  -----------------------------------
  Hierarchical Cell Count:         73
  Hierarchical Port Count:      35070
  Leaf Cell Count:              71323
  Buf/Inv Cell Count:           13970
  Buf Cell Count:                1450
  Inv Cell Count:               12520
  CT Buf/Inv Cell Count:            0
  Combinational Cell Count:     66947
  Sequential Cell Count:         4376
  Macro Count:                      0
  -----------------------------------


  Area
  -----------------------------------
  Combinational Area:   105503.956599
  Noncombinational Area: 19881.740655
  Buf/Inv Area:           9087.875905
  Total Buffer Area:          1542.47
  Total Inverter Area:        7545.41
  Macro/Black Box Area:      0.000000
  Net Area:                  0.000000
  -----------------------------------
  Cell Area:            125385.697254
  Design Area:          125385.697254


  Design Rules
  -----------------------------------
  Total Number of Nets:         79213
  Nets With Violations:          3043
  Max Trans Violations:          3043
  Max Cap Violations:               0
  -----------------------------------


  Hostname: localhost.localdomain

  Compile CPU Statistics
  -----------------------------------------
  Resource Sharing:                    4.29
  Logic Optimization:                  3.02
  Mapping Optimization:              224.91
  -----------------------------------------
  Overall Compile Time:              515.56
  Overall Compile Wall Clock Time:   517.99

  --------------------------------------------------------------------

  Design  WNS: 0.00  TNS: 0.00  Number of Violating Paths: 0


  Design (Hold)  WNS: 0.00  TNS: 0.00  Number of Violating Paths: 0

  --------------------------------------------------------------------


1
