 
****************************************
Report : timing
        -path full
        -delay max
        -nworst 5
        -max_paths 20
Design : horcrux_top_synth
Version: X-2025.06
Date   : Wed Oct  7 16:35:15 2026
****************************************

Operating Conditions: ss_typical_max_0p81v_125c   Library: sc9_cln40g_base_rvt_ss_typical_max_0p81v_125c
Wire Load Model Mode: top

  Startpoint: i_horcrux_top/id_stage_i/rs_values_o_reg[rs1][11]
              (rising edge-triggered flip-flop clocked by clk)
  Endpoint: result_o[data][30]
            (output port clocked by clk)
  Path Group: clk
  Path Type: max

  Des/Clust/Port     Wire Load Model       Library
  ------------------------------------------------
  horcrux_top_synth  Medium                sc9_cln40g_base_rvt_ss_typical_max_0p81v_125c

  Point                                                                                                                                                                                                                                                                                                                                                                                                                                                                                                                                                 Incr       Path
  ---------------------------------------------------------------------------------------------------------------------------------------------------------------------------------------------------------------------------------------------------------------------------------------------------
  clock clk (rise edge)                                                                                                                                                                                                                                                          0.0000     0.0000
  clock network delay (ideal)                                                                                                                                                                                                                                                    1.2800     1.2800
  i_horcrux_top/id_stage_i/rs_values_o_reg[rs1][11]/CK (DFFSQN_X2M_A9TR)                                                                                                                                                                                                         0.0000     1.2800 r
  i_horcrux_top/id_stage_i/rs_values_o_reg[rs1][11]/QN (DFFSQN_X2M_A9TR)                                                                                                                                                                                                         0.1645     1.4445 f
  i_horcrux_top/id_stage_i/rs_values_o[rs1][11] (id_stage_I_xif_issue_if_if_xif_coproc_issue_X_NUM_RS_3)                                                                                                                                                                         0.0000     1.4445 f
  i_horcrux_top/i_horcrux/rs_values_i[rs1][11] (horcrux_NUM_VARIABLES50_VARIABLE_WIDTH32)                                                                                                                                                                                        0.0000     1.4445 f
  i_horcrux_top/i_horcrux/multiplier_tree_inst/multiplier_tree1_i[11] (multiplier_tree)                                                                                                                                                                                          0.0000     1.4445 f
  i_horcrux_top/i_horcrux/multiplier_tree_inst/U968/Y (INV_X6M_A9TR)                                                                                                                                                                                                             0.0492     1.4937 r
  i_horcrux_top/i_horcrux/multiplier_tree_inst/U1044/Y (INV_X7P5M_A9TR)                                                                                                                                                                                                          0.0344     1.5282 f
  i_horcrux_top/i_horcrux/multiplier_tree_inst/U525/Y (OAI22BB_X3M_A9TR)                                                                                                                                                                                                         0.0822     1.6104 f
  i_horcrux_top/i_horcrux/multiplier_tree_inst/U524/Y (NOR2_X8A_A9TR)                                                                                                                                                                                                            0.0553     1.6657 r
  i_horcrux_top/i_horcrux/multiplier_tree_inst/U788/Y (AOI21_X8M_A9TR)                                                                                                                                                                                                           0.0548     1.7204 f
  i_horcrux_top/i_horcrux/multiplier_tree_inst/U711/Y (NAND2_X8A_A9TR)                                                                                                                                                                                                           0.0448     1.7652 r
  i_horcrux_top/i_horcrux/multiplier_tree_inst/U737/Y (NOR2XB_X6M_A9TR)                                                                                                                                                                                                          0.0306     1.7959 f
  i_horcrux_top/i_horcrux/multiplier_tree_inst/U754/Y (NAND3BB_X8M_A9TR)                                                                                                                                                                                                         0.0491     1.8449 f
  i_horcrux_top/i_horcrux/multiplier_tree_inst/u_shared_mul/op_b_i[2] (shared_multiplication_logic)                                                                                                                                                                              0.0000     1.8449 f
  i_horcrux_top/i_horcrux/multiplier_tree_inst/u_shared_mul/u_primary_mul/b_i[2] (unified_mul_32x32)                                                                                                                                                                             0.0000     1.8449 f
  i_horcrux_top/i_horcrux/multiplier_tree_inst/u_shared_mul/u_primary_mul/U1559/Y (AND2_X11B_A9TR)                                                                                                                                                                               0.0454     1.8903 f
  i_horcrux_top/i_horcrux/multiplier_tree_inst/u_shared_mul/u_primary_mul/add_x_1/A[2] (unified_mul_32x32_DW01_add_379)                                                                                                                                                          0.0000     1.8903 f
  i_horcrux_top/i_horcrux/multiplier_tree_inst/u_shared_mul/u_primary_mul/add_x_1/U578/Y (NOR2_X8A_A9TR)                                                                                                                                                                         0.0291     1.9195 r
  i_horcrux_top/i_horcrux/multiplier_tree_inst/u_shared_mul/u_primary_mul/add_x_1/U615/Y (OAI21_X8M_A9TR)                                                                                                                                                                        0.0418     1.9613 f
  i_horcrux_top/i_horcrux/multiplier_tree_inst/u_shared_mul/u_primary_mul/add_x_1/U655/Y (XNOR2_X4M_A9TR)                                                                                                                                                                        0.0679     2.0292 f
  i_horcrux_top/i_horcrux/multiplier_tree_inst/u_shared_mul/u_primary_mul/add_x_1/SUM[3] (unified_mul_32x32_DW01_add_379)                                                                                                                                                        0.0000     2.0292 f
  i_horcrux_top/i_horcrux/multiplier_tree_inst/u_shared_mul/u_primary_mul/U2947/Y (NAND2_X6A_A9TR)                                                                                                                                                                               0.0352     2.0644 r
  i_horcrux_top/i_horcrux/multiplier_tree_inst/u_shared_mul/u_primary_mul/U2536/Y (NAND2_X8M_A9TR)                                                                                                                                                                               0.0243     2.0888 f
  i_horcrux_top/i_horcrux/multiplier_tree_inst/u_shared_mul/u_primary_mul/add_x_2/A[3] (unified_mul_32x32_DW01_add_433)                                                                                                                                                          0.0000     2.0888 f
  i_horcrux_top/i_horcrux/multiplier_tree_inst/u_shared_mul/u_primary_mul/add_x_2/U509/Y (OR2_X6M_A9TR)                                                                                                                                                                          0.0472     2.1359 f
  i_horcrux_top/i_horcrux/multiplier_tree_inst/u_shared_mul/u_primary_mul/add_x_2/U463/Y (NAND2_X3B_A9TR)                                                                                                                                                                        0.0290     2.1649 r
  i_horcrux_top/i_horcrux/multiplier_tree_inst/u_shared_mul/u_primary_mul/add_x_2/U573/Y (XOR2_X4M_A9TR)                                                                                                                                                                         0.0397     2.2046 r
  i_horcrux_top/i_horcrux/multiplier_tree_inst/u_shared_mul/u_primary_mul/add_x_2/SUM[3] (unified_mul_32x32_DW01_add_433)                                                                                                                                                        0.0000     2.2046 r
  i_horcrux_top/i_horcrux/multiplier_tree_inst/u_shared_mul/u_primary_mul/U5329/Y (AO1B2_X6M_A9TR)                                                                                                                                                                               0.0687     2.2733 r
  i_horcrux_top/i_horcrux/multiplier_tree_inst/u_shared_mul/u_primary_mul/add_x_3/A[3] (unified_mul_32x32_DW01_add_556)                                                                                                                                                          0.0000     2.2733 r
  i_horcrux_top/i_horcrux/multiplier_tree_inst/u_shared_mul/u_primary_mul/add_x_3/U466/Y (NAND2_X6M_A9TR)                                                                                                                                                                        0.0246     2.2979 f
  i_horcrux_top/i_horcrux/multiplier_tree_inst/u_shared_mul/u_primary_mul/add_x_3/U520/Y (OAI22BB_X8M_A9TR)                                                                                                                                                                      0.0612     2.3591 f
  i_horcrux_top/i_horcrux/multiplier_tree_inst/u_shared_mul/u_primary_mul/add_x_3/U386/Y (NAND2_X4B_A9TR)                                                                                                                                                                        0.0362     2.3953 r
  i_horcrux_top/i_horcrux/multiplier_tree_inst/u_shared_mul/u_primary_mul/add_x_3/U552/Y (NAND3_X6A_A9TR)                                                                                                                                                                        0.0384     2.4336 f
  i_horcrux_top/i_horcrux/multiplier_tree_inst/u_shared_mul/u_primary_mul/add_x_3/U506/Y (NAND2_X8A_A9TR)                                                                                                                                                                        0.0299     2.4635 r
  i_horcrux_top/i_horcrux/multiplier_tree_inst/u_shared_mul/u_primary_mul/add_x_3/U529/Y (XNOR2_X4M_A9TR)                                                                                                                                                                        0.0616     2.5251 r
  i_horcrux_top/i_horcrux/multiplier_tree_inst/u_shared_mul/u_primary_mul/add_x_3/SUM[7] (unified_mul_32x32_DW01_add_556)                                                                                                                                                        0.0000     2.5251 r
  i_horcrux_top/i_horcrux/multiplier_tree_inst/u_shared_mul/u_primary_mul/U2525/Y (NAND2_X6A_A9TR)                                                                                                                                                                               0.0327     2.5578 f
  i_horcrux_top/i_horcrux/multiplier_tree_inst/u_shared_mul/u_primary_mul/U2883/Y (NAND2_X8A_A9TR)                                                                                                                                                                               0.0366     2.5944 r
  i_horcrux_top/i_horcrux/multiplier_tree_inst/u_shared_mul/u_primary_mul/add_x_4/A[7] (unified_mul_32x32_DW01_add_573)                                                                                                                                                          0.0000     2.5944 r
  i_horcrux_top/i_horcrux/multiplier_tree_inst/u_shared_mul/u_primary_mul/add_x_4/U818/Y (NAND2_X6M_A9TR)                                                                                                                                                                        0.0278     2.6223 f
  i_horcrux_top/i_horcrux/multiplier_tree_inst/u_shared_mul/u_primary_mul/add_x_4/U851/Y (NAND2_X6A_A9TR)                                                                                                                                                                        0.0345     2.6567 r
  i_horcrux_top/i_horcrux/multiplier_tree_inst/u_shared_mul/u_primary_mul/add_x_4/U878/Y (XOR2_X4M_A9TR)                                                                                                                                                                         0.0378     2.6945 r
  i_horcrux_top/i_horcrux/multiplier_tree_inst/u_shared_mul/u_primary_mul/add_x_4/SUM[7] (unified_mul_32x32_DW01_add_573)                                                                                                                                                        0.0000     2.6945 r
  i_horcrux_top/i_horcrux/multiplier_tree_inst/u_shared_mul/u_primary_mul/U3446/Y (AO1B2_X6M_A9TR)                                                                                                                                                                               0.0644     2.7589 r
  i_horcrux_top/i_horcrux/multiplier_tree_inst/u_shared_mul/u_primary_mul/add_x_5/A[7] (unified_mul_32x32_DW01_add_461)                                                                                                                                                          0.0000     2.7589 r
  i_horcrux_top/i_horcrux/multiplier_tree_inst/u_shared_mul/u_primary_mul/add_x_5/U524/Y (OR2_X6M_A9TR)                                                                                                                                                                          0.0486     2.8075 r
  i_horcrux_top/i_horcrux/multiplier_tree_inst/u_shared_mul/u_primary_mul/add_x_5/U690/Y (NAND2_X6A_A9TR)                                                                                                                                                                        0.0235     2.8310 f
  i_horcrux_top/i_horcrux/multiplier_tree_inst/u_shared_mul/u_primary_mul/add_x_5/U689/Y (NAND2_X8A_A9TR)                                                                                                                                                                        0.0229     2.8539 r
  i_horcrux_top/i_horcrux/multiplier_tree_inst/u_shared_mul/u_primary_mul/add_x_5/U804/Y (XNOR2_X4M_A9TR)                                                                                                                                                                        0.0589     2.9128 r
  i_horcrux_top/i_horcrux/multiplier_tree_inst/u_shared_mul/u_primary_mul/add_x_5/SUM[8] (unified_mul_32x32_DW01_add_461)                                                                                                                                                        0.0000     2.9128 r
  i_horcrux_top/i_horcrux/multiplier_tree_inst/u_shared_mul/u_primary_mul/U3704/Y (AO1B2_X6M_A9TR)                                                                                                                                                                               0.0652     2.9780 r
  i_horcrux_top/i_horcrux/multiplier_tree_inst/u_shared_mul/u_primary_mul/add_x_6/A[8] (unified_mul_32x32_DW01_add_599)                                                                                                                                                          0.0000     2.9780 r
  i_horcrux_top/i_horcrux/multiplier_tree_inst/u_shared_mul/u_primary_mul/add_x_6/U590/Y (OR2_X8M_A9TR)                                                                                                                                                                          0.0482     3.0262 r
  i_horcrux_top/i_horcrux/multiplier_tree_inst/u_shared_mul/u_primary_mul/add_x_6/U553/Y (NAND2_X3B_A9TR)                                                                                                                                                                        0.0330     3.0592 f
  i_horcrux_top/i_horcrux/multiplier_tree_inst/u_shared_mul/u_primary_mul/add_x_6/U687/Y (XOR2_X4M_A9TR)                                                                                                                                                                         0.0401     3.0993 f
  i_horcrux_top/i_horcrux/multiplier_tree_inst/u_shared_mul/u_primary_mul/add_x_6/SUM[8] (unified_mul_32x32_DW01_add_599)                                                                                                                                                        0.0000     3.0993 f
  i_horcrux_top/i_horcrux/multiplier_tree_inst/u_shared_mul/u_primary_mul/U3441/Y (AO1B2_X6M_A9TR)                                                                                                                                                                               0.0618     3.1611 f
  i_horcrux_top/i_horcrux/multiplier_tree_inst/u_shared_mul/u_primary_mul/add_x_7/A[8] (unified_mul_32x32_DW01_add_603)                                                                                                                                                          0.0000     3.1611 f
  i_horcrux_top/i_horcrux/multiplier_tree_inst/u_shared_mul/u_primary_mul/add_x_7/U683/Y (INV_X2M_A9TR)                                                                                                                                                                          0.0422     3.2033 r
  i_horcrux_top/i_horcrux/multiplier_tree_inst/u_shared_mul/u_primary_mul/add_x_7/U556/Y (OAI22_X6M_A9TR)                                                                                                                                                                        0.0420     3.2454 f
  i_horcrux_top/i_horcrux/multiplier_tree_inst/u_shared_mul/u_primary_mul/add_x_7/SUM[8] (unified_mul_32x32_DW01_add_603)                                                                                                                                                        0.0000     3.2454 f
  i_horcrux_top/i_horcrux/multiplier_tree_inst/u_shared_mul/u_primary_mul/U2284/Y (AO1B2_X6M_A9TR)                                                                                                                                                                               0.0577     3.3030 f
  i_horcrux_top/i_horcrux/multiplier_tree_inst/u_shared_mul/u_primary_mul/add_x_8/A[8] (unified_mul_32x32_DW01_add_559)                                                                                                                                                          0.0000     3.3030 f
  i_horcrux_top/i_horcrux/multiplier_tree_inst/u_shared_mul/u_primary_mul/add_x_8/U603/Y (AND2_X11B_A9TR)                                                                                                                                                                        0.0454     3.3484 f
  i_horcrux_top/i_horcrux/multiplier_tree_inst/u_shared_mul/u_primary_mul/add_x_8/U581/Y (INV_X2B_A9TR)                                                                                                                                                                          0.0400     3.3884 r
  i_horcrux_top/i_horcrux/multiplier_tree_inst/u_shared_mul/u_primary_mul/add_x_8/U654/Y (OAI22BB_X8M_A9TR)                                                                                                                                                                      0.0618     3.4502 r
  i_horcrux_top/i_horcrux/multiplier_tree_inst/u_shared_mul/u_primary_mul/add_x_8/U689/Y (INV_X6B_A9TR)                                                                                                                                                                          0.0256     3.4758 f
  i_horcrux_top/i_horcrux/multiplier_tree_inst/u_shared_mul/u_primary_mul/add_x_8/U571/Y (NAND2_X6M_A9TR)                                                                                                                                                                        0.0299     3.5057 r
  i_horcrux_top/i_horcrux/multiplier_tree_inst/u_shared_mul/u_primary_mul/add_x_8/U644/Y (NAND3_X6M_A9TR)                                                                                                                                                                        0.0310     3.5367 f
  i_horcrux_top/i_horcrux/multiplier_tree_inst/u_shared_mul/u_primary_mul/add_x_8/U599/Y (NAND2_X6A_A9TR)                                                                                                                                                                        0.0306     3.5673 r
  i_horcrux_top/i_horcrux/multiplier_tree_inst/u_shared_mul/u_primary_mul/add_x_8/U631/Y (OAI21_X8M_A9TR)                                                                                                                                                                        0.0408     3.6081 f
  i_horcrux_top/i_horcrux/multiplier_tree_inst/u_shared_mul/u_primary_mul/add_x_8/U641/Y (AOI21_X8M_A9TR)                                                                                                                                                                        0.0474     3.6555 r
  i_horcrux_top/i_horcrux/multiplier_tree_inst/u_shared_mul/u_primary_mul/add_x_8/U669/Y (OAI21_X8M_A9TR)                                                                                                                                                                        0.0445     3.7000 f
  i_horcrux_top/i_horcrux/multiplier_tree_inst/u_shared_mul/u_primary_mul/add_x_8/U662/Y (AOI21_X8M_A9TR)                                                                                                                                                                        0.0459     3.7459 r
  i_horcrux_top/i_horcrux/multiplier_tree_inst/u_shared_mul/u_primary_mul/add_x_8/U673/Y (OAI21_X8M_A9TR)                                                                                                                                                                        0.0441     3.7899 f
  i_horcrux_top/i_horcrux/multiplier_tree_inst/u_shared_mul/u_primary_mul/add_x_8/U637/Y (XNOR2_X4M_A9TR)                                                                                                                                                                        0.0641     3.8540 f
  i_horcrux_top/i_horcrux/multiplier_tree_inst/u_shared_mul/u_primary_mul/add_x_8/SUM[17] (unified_mul_32x32_DW01_add_559)                                                                                                                                                       0.0000     3.8540 f
  i_horcrux_top/i_horcrux/multiplier_tree_inst/u_shared_mul/u_primary_mul/U663/Y (NAND2_X4A_A9TR)                                                                                                                                                                                0.0378     3.8919 r
  i_horcrux_top/i_horcrux/multiplier_tree_inst/u_shared_mul/u_primary_mul/U2608/Y (NAND2_X8A_A9TR)                                                                                                                                                                               0.0337     3.9256 f
  i_horcrux_top/i_horcrux/multiplier_tree_inst/u_shared_mul/u_primary_mul/add_x_9/A[17] (unified_mul_32x32_DW01_add_588)                                                                                                                                                         0.0000     3.9256 f
  i_horcrux_top/i_horcrux/multiplier_tree_inst/u_shared_mul/u_primary_mul/add_x_9/U515/Y (NOR2_X8A_A9TR)                                                                                                                                                                         0.0479     3.9735 r
  i_horcrux_top/i_horcrux/multiplier_tree_inst/u_shared_mul/u_primary_mul/add_x_9/U444/Y (INV_X9M_A9TR)                                                                                                                                                                          0.0198     3.9933 f
  i_horcrux_top/i_horcrux/multiplier_tree_inst/u_shared_mul/u_primary_mul/add_x_9/U445/Y (NAND2_X6B_A9TR)                                                                                                                                                                        0.0200     4.0133 r
  i_horcrux_top/i_horcrux/multiplier_tree_inst/u_shared_mul/u_primary_mul/add_x_9/U496/Y (XOR2_X4M_A9TR)                                                                                                                                                                         0.0371     4.0504 r
  i_horcrux_top/i_horcrux/multiplier_tree_inst/u_shared_mul/u_primary_mul/add_x_9/SUM[17] (unified_mul_32x32_DW01_add_588)                                                                                                                                                       0.0000     4.0504 r
  i_horcrux_top/i_horcrux/multiplier_tree_inst/u_shared_mul/u_primary_mul/U3046/Y (AO1B2_X6M_A9TR)                                                                                                                                                                               0.0655     4.1159 r
  i_horcrux_top/i_horcrux/multiplier_tree_inst/u_shared_mul/u_primary_mul/add_x_10/A[17] (unified_mul_32x32_DW01_add_522)                                                                                                                                                        0.0000     4.1159 r
  i_horcrux_top/i_horcrux/multiplier_tree_inst/u_shared_mul/u_primary_mul/add_x_10/U608/Y (OR2_X8M_A9TR)                                                                                                                                                                         0.0487     4.1646 r
  i_horcrux_top/i_horcrux/multiplier_tree_inst/u_shared_mul/u_primary_mul/add_x_10/U529/Y (INV_X11M_A9TR)                                                                                                                                                                        0.0149     4.1794 f
  i_horcrux_top/i_horcrux/multiplier_tree_inst/u_shared_mul/u_primary_mul/add_x_10/U649/Y (OAI21_X8M_A9TR)                                                                                                                                                                       0.0376     4.2171 r
  i_horcrux_top/i_horcrux/multiplier_tree_inst/u_shared_mul/u_primary_mul/add_x_10/U662/Y (XNOR2_X4M_A9TR)                                                                                                                                                                       0.0668     4.2839 r
  i_horcrux_top/i_horcrux/multiplier_tree_inst/u_shared_mul/u_primary_mul/add_x_10/SUM[18] (unified_mul_32x32_DW01_add_522)                                                                                                                                                      0.0000     4.2839 r
  i_horcrux_top/i_horcrux/multiplier_tree_inst/u_shared_mul/u_primary_mul/U2636/Y (AO1B2_X6M_A9TR)                                                                                                                                                                               0.0673     4.3512 r
  i_horcrux_top/i_horcrux/multiplier_tree_inst/u_shared_mul/u_primary_mul/add_x_11/A[18] (unified_mul_32x32_DW01_add_388)                                                                                                                                                        0.0000     4.3512 r
  i_horcrux_top/i_horcrux/multiplier_tree_inst/u_shared_mul/u_primary_mul/add_x_11/U540/Y (OR2_X8M_A9TR)                                                                                                                                                                         0.0491     4.4002 r
  i_horcrux_top/i_horcrux/multiplier_tree_inst/u_shared_mul/u_primary_mul/add_x_11/U547/Y (NAND2_X8A_A9TR)                                                                                                                                                                       0.0220     4.4223 f
  i_horcrux_top/i_horcrux/multiplier_tree_inst/u_shared_mul/u_primary_mul/add_x_11/U667/Y (XNOR2_X4M_A9TR)                                                                                                                                                                       0.0389     4.4612 f
  i_horcrux_top/i_horcrux/multiplier_tree_inst/u_shared_mul/u_primary_mul/add_x_11/SUM[18] (unified_mul_32x32_DW01_add_388)                                                                                                                                                      0.0000     4.4612 f
  i_horcrux_top/i_horcrux/multiplier_tree_inst/u_shared_mul/u_primary_mul/U3260/Y (NAND2XB_X6M_A9TR)                                                                                                                                                                             0.0357     4.4969 r
  i_horcrux_top/i_horcrux/multiplier_tree_inst/u_shared_mul/u_primary_mul/U1197/Y (NAND2_X8A_A9TR)                                                                                                                                                                               0.0310     4.5279 f
  i_horcrux_top/i_horcrux/multiplier_tree_inst/u_shared_mul/u_primary_mul/add_x_12/A[18] (unified_mul_32x32_DW01_add_239)                                                                                                                                                        0.0000     4.5279 f
  i_horcrux_top/i_horcrux/multiplier_tree_inst/u_shared_mul/u_primary_mul/add_x_12/U606/Y (XOR2_X4M_A9TR)                                                                                                                                                                        0.0438     4.5718 f
  i_horcrux_top/i_horcrux/multiplier_tree_inst/u_shared_mul/u_primary_mul/add_x_12/U663/Y (XNOR2_X4M_A9TR)                                                                                                                                                                       0.0657     4.6375 f
  i_horcrux_top/i_horcrux/multiplier_tree_inst/u_shared_mul/u_primary_mul/add_x_12/SUM[18] (unified_mul_32x32_DW01_add_239)                                                                                                                                                      0.0000     4.6375 f
  i_horcrux_top/i_horcrux/multiplier_tree_inst/u_shared_mul/u_primary_mul/U2626/Y (AO1B2_X6M_A9TR)                                                                                                                                                                               0.0634     4.7009 f
  i_horcrux_top/i_horcrux/multiplier_tree_inst/u_shared_mul/u_primary_mul/add_x_13/A[18] (unified_mul_32x32_DW01_add_562)                                                                                                                                                        0.0000     4.7009 f
  i_horcrux_top/i_horcrux/multiplier_tree_inst/u_shared_mul/u_primary_mul/add_x_13/U610/Y (OR2_X8M_A9TR)                                                                                                                                                                         0.0570     4.7580 f
  i_horcrux_top/i_horcrux/multiplier_tree_inst/u_shared_mul/u_primary_mul/add_x_13/U545/Y (NAND2_X6A_A9TR)                                                                                                                                                                       0.0236     4.7815 r
  i_horcrux_top/i_horcrux/multiplier_tree_inst/u_shared_mul/u_primary_mul/add_x_13/U659/Y (XNOR2_X4M_A9TR)                                                                                                                                                                       0.0377     4.8192 r
  i_horcrux_top/i_horcrux/multiplier_tree_inst/u_shared_mul/u_primary_mul/add_x_13/SUM[18] (unified_mul_32x32_DW01_add_562)                                                                                                                                                      0.0000     4.8192 r
  i_horcrux_top/i_horcrux/multiplier_tree_inst/u_shared_mul/u_primary_mul/U2461/Y (AO1B2_X6M_A9TR)                                                                                                                                                                               0.0658     4.8850 r
  i_horcrux_top/i_horcrux/multiplier_tree_inst/u_shared_mul/u_primary_mul/add_x_14/A[18] (unified_mul_32x32_DW01_add_486)                                                                                                                                                        0.0000     4.8850 r
  i_horcrux_top/i_horcrux/multiplier_tree_inst/u_shared_mul/u_primary_mul/add_x_14/U519/Y (OR2_X8M_A9TR)                                                                                                                                                                         0.0535     4.9386 r
  i_horcrux_top/i_horcrux/multiplier_tree_inst/u_shared_mul/u_primary_mul/add_x_14/U559/Y (NAND2_X6M_A9TR)                                                                                                                                                                       0.0228     4.9614 f
  i_horcrux_top/i_horcrux/multiplier_tree_inst/u_shared_mul/u_primary_mul/add_x_14/U544/Y (NAND2_X6A_A9TR)                                                                                                                                                                       0.0259     4.9873 r
  i_horcrux_top/i_horcrux/multiplier_tree_inst/u_shared_mul/u_primary_mul/add_x_14/U597/Y (AOI21_X8M_A9TR)                                                                                                                                                                       0.0455     5.0328 f
  i_horcrux_top/i_horcrux/multiplier_tree_inst/u_shared_mul/u_primary_mul/add_x_14/U524/Y (INV_X5M_A9TR)                                                                                                                                                                         0.0309     5.0637 r
  i_horcrux_top/i_horcrux/multiplier_tree_inst/u_shared_mul/u_primary_mul/add_x_14/U643/Y (AOI21_X6M_A9TR)                                                                                                                                                                       0.0335     5.0972 f
  i_horcrux_top/i_horcrux/multiplier_tree_inst/u_shared_mul/u_primary_mul/add_x_14/U652/Y (XOR2_X4M_A9TR)                                                                                                                                                                        0.0590     5.1562 f
  i_horcrux_top/i_horcrux/multiplier_tree_inst/u_shared_mul/u_primary_mul/add_x_14/SUM[21] (unified_mul_32x32_DW01_add_486)                                                                                                                                                      0.0000     5.1562 f
  i_horcrux_top/i_horcrux/multiplier_tree_inst/u_shared_mul/u_primary_mul/U3258/Y (AO1B2_X6M_A9TR)                                                                                                                                                                               0.0623     5.2186 f
  i_horcrux_top/i_horcrux/multiplier_tree_inst/u_shared_mul/u_primary_mul/add_x_15/A[21] (unified_mul_32x32_DW01_add_561)                                                                                                                                                        0.0000     5.2186 f
  i_horcrux_top/i_horcrux/multiplier_tree_inst/u_shared_mul/u_primary_mul/add_x_15/U594/Y (OR2_X11M_A9TR)                                                                                                                                                                        0.0554     5.2739 f
  i_horcrux_top/i_horcrux/multiplier_tree_inst/u_shared_mul/u_primary_mul/add_x_15/U740/Y (NAND2_X8B_A9TR)                                                                                                                                                                       0.0202     5.2942 r
  i_horcrux_top/i_horcrux/multiplier_tree_inst/u_shared_mul/u_primary_mul/add_x_15/U739/Y (XOR2_X4M_A9TR)                                                                                                                                                                        0.0595     5.3536 r
  i_horcrux_top/i_horcrux/multiplier_tree_inst/u_shared_mul/u_primary_mul/add_x_15/SUM[21] (unified_mul_32x32_DW01_add_561)                                                                                                                                                      0.0000     5.3536 r
  i_horcrux_top/i_horcrux/multiplier_tree_inst/u_shared_mul/u_primary_mul/U2429/Y (AO21_X6M_A9TR)                                                                                                                                                                                0.0715     5.4252 r
  i_horcrux_top/i_horcrux/multiplier_tree_inst/u_shared_mul/u_primary_mul/add_x_16/A[21] (unified_mul_32x32_DW01_add_567)                                                                                                                                                        0.0000     5.4252 r
  i_horcrux_top/i_horcrux/multiplier_tree_inst/u_shared_mul/u_primary_mul/add_x_16/U550/Y (OR2_X8M_A9TR)                                                                                                                                                                         0.0510     5.4762 r
  i_horcrux_top/i_horcrux/multiplier_tree_inst/u_shared_mul/u_primary_mul/add_x_16/U441/Y (NAND2_X4B_A9TR)                                                                                                                                                                       0.0299     5.5061 f
  i_horcrux_top/i_horcrux/multiplier_tree_inst/u_shared_mul/u_primary_mul/add_x_16/U548/Y (XOR2_X4M_A9TR)                                                                                                                                                                        0.0380     5.5441 f
  i_horcrux_top/i_horcrux/multiplier_tree_inst/u_shared_mul/u_primary_mul/add_x_16/SUM[21] (unified_mul_32x32_DW01_add_567)                                                                                                                                                      0.0000     5.5441 f
  i_horcrux_top/i_horcrux/multiplier_tree_inst/u_shared_mul/u_primary_mul/U1195/Y (AO1B2_X6M_A9TR)                                                                                                                                                                               0.0592     5.6033 f
  i_horcrux_top/i_horcrux/multiplier_tree_inst/u_shared_mul/u_primary_mul/add_x_17/A[21] (unified_mul_32x32_DW01_add_566)                                                                                                                                                        0.0000     5.6033 f
  i_horcrux_top/i_horcrux/multiplier_tree_inst/u_shared_mul/u_primary_mul/add_x_17/U591/Y (NAND2XB_X4M_A9TR)                                                                                                                                                                     0.0439     5.6471 r
  i_horcrux_top/i_horcrux/multiplier_tree_inst/u_shared_mul/u_primary_mul/add_x_17/U492/Y (AOI21B_X4M_A9TR)                                                                                                                                                                      0.0672     5.7143 r
  i_horcrux_top/i_horcrux/multiplier_tree_inst/u_shared_mul/u_primary_mul/add_x_17/U655/Y (XOR2_X4M_A9TR)                                                                                                                                                                        0.0643     5.7786 r
  i_horcrux_top/i_horcrux/multiplier_tree_inst/u_shared_mul/u_primary_mul/add_x_17/SUM[22] (unified_mul_32x32_DW01_add_566)                                                                                                                                                      0.0000     5.7786 r
  i_horcrux_top/i_horcrux/multiplier_tree_inst/u_shared_mul/u_primary_mul/U2614/Y (AO1B2_X6M_A9TR)                                                                                                                                                                               0.0648     5.8435 r
  i_horcrux_top/i_horcrux/multiplier_tree_inst/u_shared_mul/u_primary_mul/add_x_18/A[22] (unified_mul_32x32_DW01_add_592)                                                                                                                                                        0.0000     5.8435 r
  i_horcrux_top/i_horcrux/multiplier_tree_inst/u_shared_mul/u_primary_mul/add_x_18/U378/Y (OR2_X6M_A9TR)                                                                                                                                                                         0.0577     5.9012 r
  i_horcrux_top/i_horcrux/multiplier_tree_inst/u_shared_mul/u_primary_mul/add_x_18/U370/Y (NAND2_X6A_A9TR)                                                                                                                                                                       0.0263     5.9275 f
  i_horcrux_top/i_horcrux/multiplier_tree_inst/u_shared_mul/u_primary_mul/add_x_18/U587/Y (XNOR2_X4M_A9TR)                                                                                                                                                                       0.0378     5.9653 f
  i_horcrux_top/i_horcrux/multiplier_tree_inst/u_shared_mul/u_primary_mul/add_x_18/SUM[22] (unified_mul_32x32_DW01_add_592)                                                                                                                                                      0.0000     5.9653 f
  i_horcrux_top/i_horcrux/multiplier_tree_inst/u_shared_mul/u_primary_mul/U1056/Y (AO1B2_X6M_A9TR)                                                                                                                                                                               0.0622     6.0275 f
  i_horcrux_top/i_horcrux/multiplier_tree_inst/u_shared_mul/u_primary_mul/add_x_19/A[22] (unified_mul_32x32_DW01_add_590)                                                                                                                                                        0.0000     6.0275 f
  i_horcrux_top/i_horcrux/multiplier_tree_inst/u_shared_mul/u_primary_mul/add_x_19/U384/Y (NAND2B_X6M_A9TR)                                                                                                                                                                      0.0464     6.0739 r
  i_horcrux_top/i_horcrux/multiplier_tree_inst/u_shared_mul/u_primary_mul/add_x_19/U407/Y (NAND2_X6B_A9TR)                                                                                                                                                                       0.0310     6.1049 f
  i_horcrux_top/i_horcrux/multiplier_tree_inst/u_shared_mul/u_primary_mul/add_x_19/U500/Y (XNOR2_X4M_A9TR)                                                                                                                                                                       0.0371     6.1420 f
  i_horcrux_top/i_horcrux/multiplier_tree_inst/u_shared_mul/u_primary_mul/add_x_19/SUM[22] (unified_mul_32x32_DW01_add_590)                                                                                                                                                      0.0000     6.1420 f
  i_horcrux_top/i_horcrux/multiplier_tree_inst/u_shared_mul/u_primary_mul/U2513/Y (AO1B2_X6M_A9TR)                                                                                                                                                                               0.0616     6.2036 f
  i_horcrux_top/i_horcrux/multiplier_tree_inst/u_shared_mul/u_primary_mul/add_x_20/A[22] (unified_mul_32x32_DW01_add_513)                                                                                                                                                        0.0000     6.2036 f
  i_horcrux_top/i_horcrux/multiplier_tree_inst/u_shared_mul/u_primary_mul/add_x_20/U510/Y (OR2_X8B_A9TR)                                                                                                                                                                         0.0582     6.2618 f
  i_horcrux_top/i_horcrux/multiplier_tree_inst/u_shared_mul/u_primary_mul/add_x_20/U478/Y (INV_X7P5M_A9TR)                                                                                                                                                                       0.0218     6.2837 r
  i_horcrux_top/i_horcrux/multiplier_tree_inst/u_shared_mul/u_primary_mul/add_x_20/U507/Y (OAI21_X8M_A9TR)                                                                                                                                                                       0.0337     6.3174 f
  i_horcrux_top/i_horcrux/multiplier_tree_inst/u_shared_mul/u_primary_mul/add_x_20/U490/Y (XOR2_X4M_A9TR)                                                                                                                                                                        0.0641     6.3815 f
  i_horcrux_top/i_horcrux/multiplier_tree_inst/u_shared_mul/u_primary_mul/add_x_20/SUM[23] (unified_mul_32x32_DW01_add_513)                                                                                                                                                      0.0000     6.3815 f
  i_horcrux_top/i_horcrux/multiplier_tree_inst/u_shared_mul/u_primary_mul/U2712/Y (AO21_X6M_A9TR)                                                                                                                                                                                0.0671     6.4486 f
  i_horcrux_top/i_horcrux/multiplier_tree_inst/u_shared_mul/u_primary_mul/add_x_21/A[23] (unified_mul_32x32_DW01_add_493)                                                                                                                                                        0.0000     6.4486 f
  i_horcrux_top/i_horcrux/multiplier_tree_inst/u_shared_mul/u_primary_mul/add_x_21/U490/Y (NAND2XB_X3M_A9TR)                                                                                                                                                                     0.0341     6.4828 r
  i_horcrux_top/i_horcrux/multiplier_tree_inst/u_shared_mul/u_primary_mul/add_x_21/U489/Y (AOI21B_X6M_A9TR)                                                                                                                                                                      0.0666     6.5493 r
  i_horcrux_top/i_horcrux/multiplier_tree_inst/u_shared_mul/u_primary_mul/add_x_21/U488/Y (XOR2_X4M_A9TR)                                                                                                                                                                        0.0679     6.6172 r
  i_horcrux_top/i_horcrux/multiplier_tree_inst/u_shared_mul/u_primary_mul/add_x_21/SUM[24] (unified_mul_32x32_DW01_add_493)                                                                                                                                                      0.0000     6.6172 r
  i_horcrux_top/i_horcrux/multiplier_tree_inst/u_shared_mul/u_primary_mul/U2690/Y (AO1B2_X6M_A9TR)                                                                                                                                                                               0.0653     6.6825 r
  i_horcrux_top/i_horcrux/multiplier_tree_inst/u_shared_mul/u_primary_mul/add_x_22/A[24] (unified_mul_32x32_DW01_add_376)                                                                                                                                                        0.0000     6.6825 r
  i_horcrux_top/i_horcrux/multiplier_tree_inst/u_shared_mul/u_primary_mul/add_x_22/U425/Y (OR2_X8M_A9TR)                                                                                                                                                                         0.0546     6.7371 r
  i_horcrux_top/i_horcrux/multiplier_tree_inst/u_shared_mul/u_primary_mul/add_x_22/U389/Y (NAND2_X4B_A9TR)                                                                                                                                                                       0.0318     6.7689 f
  i_horcrux_top/i_horcrux/multiplier_tree_inst/u_shared_mul/u_primary_mul/add_x_22/U626/Y (XOR2_X4M_A9TR)                                                                                                                                                                        0.0379     6.8068 f
  i_horcrux_top/i_horcrux/multiplier_tree_inst/u_shared_mul/u_primary_mul/add_x_22/SUM[24] (unified_mul_32x32_DW01_add_376)                                                                                                                                                      0.0000     6.8068 f
  i_horcrux_top/i_horcrux/multiplier_tree_inst/u_shared_mul/u_primary_mul/U296/Y (AO1B2_X4M_A9TR)                                                                                                                                                                                0.0631     6.8699 f
  i_horcrux_top/i_horcrux/multiplier_tree_inst/u_shared_mul/u_primary_mul/add_x_23/A[24] (unified_mul_32x32_DW01_add_354)                                                                                                                                                        0.0000     6.8699 f
  i_horcrux_top/i_horcrux/multiplier_tree_inst/u_shared_mul/u_primary_mul/add_x_23/U567/Y (OR2_X8M_A9TR)                                                                                                                                                                         0.0562     6.9261 f
  i_horcrux_top/i_horcrux/multiplier_tree_inst/u_shared_mul/u_primary_mul/add_x_23/U404/Y (NAND2_X2B_A9TR)                                                                                                                                                                       0.0305     6.9566 r
  i_horcrux_top/i_horcrux/multiplier_tree_inst/u_shared_mul/u_primary_mul/add_x_23/U426/Y (XNOR2_X1P4M_A9TR)                                                                                                                                                                     0.0554     7.0119 r
  i_horcrux_top/i_horcrux/multiplier_tree_inst/u_shared_mul/u_primary_mul/add_x_23/SUM[24] (unified_mul_32x32_DW01_add_354)                                                                                                                                                      0.0000     7.0119 r
  i_horcrux_top/i_horcrux/multiplier_tree_inst/u_shared_mul/u_primary_mul/U47/Y (AO1B2_X2M_A9TR)                                                                                                                                                                                 0.0861     7.0980 r
  i_horcrux_top/i_horcrux/multiplier_tree_inst/u_shared_mul/u_primary_mul/add_x_24/A[24] (unified_mul_32x32_DW01_add_484)                                                                                                                                                        0.0000     7.0980 r
  i_horcrux_top/i_horcrux/multiplier_tree_inst/u_shared_mul/u_primary_mul/add_x_24/U603/Y (AND2_X6B_A9TR)                                                                                                                                                                        0.0634     7.1613 r
  i_horcrux_top/i_horcrux/multiplier_tree_inst/u_shared_mul/u_primary_mul/add_x_24/U545/Y (AOI21_X8M_A9TR)                                                                                                                                                                       0.0412     7.2026 f
  i_horcrux_top/i_horcrux/multiplier_tree_inst/u_shared_mul/u_primary_mul/add_x_24/U544/Y (NAND2B_X6M_A9TR)                                                                                                                                                                      0.0502     7.2527 f
  i_horcrux_top/i_horcrux/multiplier_tree_inst/u_shared_mul/u_primary_mul/add_x_24/U543/Y (NAND2_X6B_A9TR)                                                                                                                                                                       0.0249     7.2776 r
  i_horcrux_top/i_horcrux/multiplier_tree_inst/u_shared_mul/u_primary_mul/add_x_24/U481/Y (NAND2_X6A_A9TR)                                                                                                                                                                       0.0272     7.3048 f
  i_horcrux_top/i_horcrux/multiplier_tree_inst/u_shared_mul/u_primary_mul/add_x_24/U470/Y (NAND2_X8B_A9TR)                                                                                                                                                                       0.0229     7.3277 r
  i_horcrux_top/i_horcrux/multiplier_tree_inst/u_shared_mul/u_primary_mul/add_x_24/U575/Y (XNOR2_X4M_A9TR)                                                                                                                                                                       0.0568     7.3845 r
  i_horcrux_top/i_horcrux/multiplier_tree_inst/u_shared_mul/u_primary_mul/add_x_24/SUM[28] (unified_mul_32x32_DW01_add_484)                                                                                                                                                      0.0000     7.3845 r
  i_horcrux_top/i_horcrux/multiplier_tree_inst/u_shared_mul/u_primary_mul/U2452/Y (AO1B2_X6M_A9TR)                                                                                                                                                                               0.0655     7.4500 r
  i_horcrux_top/i_horcrux/multiplier_tree_inst/u_shared_mul/u_primary_mul/add_x_25/A[28] (unified_mul_32x32_DW01_add_520)                                                                                                                                                        0.0000     7.4500 r
  i_horcrux_top/i_horcrux/multiplier_tree_inst/u_shared_mul/u_primary_mul/add_x_25/U515/Y (OR2_X8B_A9TR)                                                                                                                                                                         0.0513     7.5014 r
  i_horcrux_top/i_horcrux/multiplier_tree_inst/u_shared_mul/u_primary_mul/add_x_25/U390/Y (NAND2_X3A_A9TR)                                                                                                                                                                       0.0307     7.5320 f
  i_horcrux_top/i_horcrux/multiplier_tree_inst/u_shared_mul/u_primary_mul/add_x_25/U554/Y (XNOR2_X4M_A9TR)                                                                                                                                                                       0.0438     7.5759 f
  i_horcrux_top/i_horcrux/multiplier_tree_inst/u_shared_mul/u_primary_mul/add_x_25/SUM[28] (unified_mul_32x32_DW01_add_520)                                                                                                                                                      0.0000     7.5759 f
  i_horcrux_top/i_horcrux/multiplier_tree_inst/u_shared_mul/u_primary_mul/U2815/Y (AO22_X6M_A9TR)                                                                                                                                                                                0.0747     7.6505 f
  i_horcrux_top/i_horcrux/multiplier_tree_inst/u_shared_mul/u_primary_mul/add_x_26/A[28] (unified_mul_32x32_DW01_add_519)                                                                                                                                                        0.0000     7.6505 f
  i_horcrux_top/i_horcrux/multiplier_tree_inst/u_shared_mul/u_primary_mul/add_x_26/U362/Y (NAND2B_X4M_A9TR)                                                                                                                                                                      0.0370     7.6875 r
  i_horcrux_top/i_horcrux/multiplier_tree_inst/u_shared_mul/u_primary_mul/add_x_26/U358/Y (INV_X3P5B_A9TR)                                                                                                                                                                       0.0304     7.7180 f
  i_horcrux_top/i_horcrux/multiplier_tree_inst/u_shared_mul/u_primary_mul/add_x_26/U481/Y (AOI21_X8M_A9TR)                                                                                                                                                                       0.0366     7.7546 r
  i_horcrux_top/i_horcrux/multiplier_tree_inst/u_shared_mul/u_primary_mul/add_x_26/U491/Y (OAI21_X8M_A9TR)                                                                                                                                                                       0.0411     7.7957 f
  i_horcrux_top/i_horcrux/multiplier_tree_inst/u_shared_mul/u_primary_mul/add_x_26/U393/Y (XNOR2_X4M_A9TR)                                                                                                                                                                       0.0648     7.8605 f
  i_horcrux_top/i_horcrux/multiplier_tree_inst/u_shared_mul/u_primary_mul/add_x_26/SUM[30] (unified_mul_32x32_DW01_add_519)                                                                                                                                                      0.0000     7.8605 f
  i_horcrux_top/i_horcrux/multiplier_tree_inst/u_shared_mul/u_primary_mul/U2705/Y (AO21_X6M_A9TR)                                                                                                                                                                                0.0669     7.9273 f
  i_horcrux_top/i_horcrux/multiplier_tree_inst/u_shared_mul/u_primary_mul/add_x_27/A[30] (unified_mul_32x32_DW01_add_417)                                                                                                                                                        0.0000     7.9273 f
  i_horcrux_top/i_horcrux/multiplier_tree_inst/u_shared_mul/u_primary_mul/add_x_27/U428/Y (NOR2_X8A_A9TR)                                                                                                                                                                        0.0376     7.9649 r
  i_horcrux_top/i_horcrux/multiplier_tree_inst/u_shared_mul/u_primary_mul/add_x_27/U421/Y (INV_X6B_A9TR)                                                                                                                                                                         0.0284     7.9933 f
  i_horcrux_top/i_horcrux/multiplier_tree_inst/u_shared_mul/u_primary_mul/add_x_27/U478/Y (NAND2_X4B_A9TR)                                                                                                                                                                       0.0262     8.0195 r
  i_horcrux_top/i_horcrux/multiplier_tree_inst/u_shared_mul/u_primary_mul/add_x_27/U583/Y (XOR2_X4M_A9TR)                                                                                                                                                                        0.0408     8.0603 r
  i_horcrux_top/i_horcrux/multiplier_tree_inst/u_shared_mul/u_primary_mul/add_x_27/SUM[30] (unified_mul_32x32_DW01_add_417)                                                                                                                                                      0.0000     8.0603 r
  i_horcrux_top/i_horcrux/multiplier_tree_inst/u_shared_mul/u_primary_mul/U1244/Y (AO21_X6M_A9TR)                                                                                                                                                                                0.0696     8.1299 r
  i_horcrux_top/i_horcrux/multiplier_tree_inst/u_shared_mul/u_primary_mul/add_x_28/A[30] (unified_mul_32x32_DW01_add_518)                                                                                                                                                        0.0000     8.1299 r
  i_horcrux_top/i_horcrux/multiplier_tree_inst/u_shared_mul/u_primary_mul/add_x_28/U372/Y (OR2_X8B_A9TR)                                                                                                                                                                         0.0426     8.1725 r
  i_horcrux_top/i_horcrux/multiplier_tree_inst/u_shared_mul/u_primary_mul/add_x_28/U378/Y (NAND2_X6B_A9TR)                                                                                                                                                                       0.0243     8.1968 f
  i_horcrux_top/i_horcrux/multiplier_tree_inst/u_shared_mul/u_primary_mul/add_x_28/U514/Y (XNOR2_X4M_A9TR)                                                                                                                                                                       0.0398     8.2366 f
  i_horcrux_top/i_horcrux/multiplier_tree_inst/u_shared_mul/u_primary_mul/add_x_28/SUM[30] (unified_mul_32x32_DW01_add_518)                                                                                                                                                      0.0000     8.2366 f
  i_horcrux_top/i_horcrux/multiplier_tree_inst/u_shared_mul/u_primary_mul/U2717/Y (NAND2_X4A_A9TR)                                                                                                                                                                               0.0360     8.2727 r
  i_horcrux_top/i_horcrux/multiplier_tree_inst/u_shared_mul/u_primary_mul/U2709/Y (AO21B_X6M_A9TR)                                                                                                                                                                               0.0373     8.3100 f
  i_horcrux_top/i_horcrux/multiplier_tree_inst/u_shared_mul/u_primary_mul/add_x_29/A[30] (unified_mul_32x32_DW01_add_525)                                                                                                                                                        0.0000     8.3100 f
  i_horcrux_top/i_horcrux/multiplier_tree_inst/u_shared_mul/u_primary_mul/add_x_29/U480/Y (OR2_X6M_A9TR)                                                                                                                                                                         0.0502     8.3602 f
  i_horcrux_top/i_horcrux/multiplier_tree_inst/u_shared_mul/u_primary_mul/add_x_29/U340/Y (INV_X3P5M_A9TR)                                                                                                                                                                       0.0257     8.3859 r
  i_horcrux_top/i_horcrux/multiplier_tree_inst/u_shared_mul/u_primary_mul/add_x_29/U458/Y (OAI21_X6M_A9TR)                                                                                                                                                                       0.0402     8.4261 f
  i_horcrux_top/i_horcrux/multiplier_tree_inst/u_shared_mul/u_primary_mul/add_x_29/U482/Y (AOI21_X6M_A9TR)                                                                                                                                                                       0.0568     8.4829 r
  i_horcrux_top/i_horcrux/multiplier_tree_inst/u_shared_mul/u_primary_mul/add_x_29/U481/Y (OAI21_X6M_A9TR)                                                                                                                                                                       0.0468     8.5297 f
  i_horcrux_top/i_horcrux/multiplier_tree_inst/u_shared_mul/u_primary_mul/add_x_29/U451/Y (AOI21B_X6M_A9TR)                                                                                                                                                                      0.0573     8.5870 r
  i_horcrux_top/i_horcrux/multiplier_tree_inst/u_shared_mul/u_primary_mul/add_x_29/U444/Y (OAI21_X8M_A9TR)                                                                                                                                                                       0.0440     8.6309 f
  i_horcrux_top/i_horcrux/multiplier_tree_inst/u_shared_mul/u_primary_mul/add_x_29/U528/Y (XNOR2_X4M_A9TR)                                                                                                                                                                       0.0654     8.6963 f
  i_horcrux_top/i_horcrux/multiplier_tree_inst/u_shared_mul/u_primary_mul/add_x_29/SUM[35] (unified_mul_32x32_DW01_add_525)                                                                                                                                                      0.0000     8.6963 f
  i_horcrux_top/i_horcrux/multiplier_tree_inst/u_shared_mul/u_primary_mul/U3126/Y (NAND2_X4B_A9TR)                                                                                                                                                                               0.0338     8.7301 r
  i_horcrux_top/i_horcrux/multiplier_tree_inst/u_shared_mul/u_primary_mul/U3123/Y (NAND2_X4B_A9TR)                                                                                                                                                                               0.0414     8.7715 f
  i_horcrux_top/i_horcrux/multiplier_tree_inst/u_shared_mul/u_primary_mul/add_x_30/A[35] (unified_mul_32x32_DW01_add_526)                                                                                                                                                        0.0000     8.7715 f
  i_horcrux_top/i_horcrux/multiplier_tree_inst/u_shared_mul/u_primary_mul/add_x_30/U455/Y (NAND2XB_X2M_A9TR)                                                                                                                                                                     0.0536     8.8251 r
  i_horcrux_top/i_horcrux/multiplier_tree_inst/u_shared_mul/u_primary_mul/add_x_30/U316/Y (NAND2_X2B_A9TR)                                                                                                                                                                       0.0492     8.8743 f
  i_horcrux_top/i_horcrux/multiplier_tree_inst/u_shared_mul/u_primary_mul/add_x_30/U310/Y (XNOR2_X3M_A9TR)                                                                                                                                                                       0.0481     8.9224 f
  i_horcrux_top/i_horcrux/multiplier_tree_inst/u_shared_mul/u_primary_mul/add_x_30/SUM[35] (unified_mul_32x32_DW01_add_526)                                                                                                                                                      0.0000     8.9224 f
  i_horcrux_top/i_horcrux/multiplier_tree_inst/u_shared_mul/u_primary_mul/U6411/Y (NAND2_X3B_A9TR)                                                                                                                                                                               0.0410     8.9633 r
  i_horcrux_top/i_horcrux/multiplier_tree_inst/u_shared_mul/u_primary_mul/U1419/Y (AO1B2_X4M_A9TR)                                                                                                                                                                               0.0369     9.0003 f
  i_horcrux_top/i_horcrux/multiplier_tree_inst/u_shared_mul/u_primary_mul/sub_x_31/A[35] (unified_mul_32x32_DW01_sub_6)                                                                                                                                                          0.0000     9.0003 f
  i_horcrux_top/i_horcrux/multiplier_tree_inst/u_shared_mul/u_primary_mul/sub_x_31/U488/Y (NOR2_X6M_A9TR)                                                                                                                                                                        0.0417     9.0420 r
  i_horcrux_top/i_horcrux/multiplier_tree_inst/u_shared_mul/u_primary_mul/sub_x_31/U517/Y (INV_X2M_A9TR)                                                                                                                                                                         0.0348     9.0769 f
  i_horcrux_top/i_horcrux/multiplier_tree_inst/u_shared_mul/u_primary_mul/sub_x_31/U518/Y (NAND2_X2B_A9TR)                                                                                                                                                                       0.0366     9.1135 r
  i_horcrux_top/i_horcrux/multiplier_tree_inst/u_shared_mul/u_primary_mul/sub_x_31/U312/Y (XOR2_X3M_A9TR)                                                                                                                                                                        0.0484     9.1619 r
  i_horcrux_top/i_horcrux/multiplier_tree_inst/u_shared_mul/u_primary_mul/sub_x_31/DIFF[35] (unified_mul_32x32_DW01_sub_6)                                                                                                                                                       0.0000     9.1619 r
  i_horcrux_top/i_horcrux/multiplier_tree_inst/u_shared_mul/u_primary_mul/U32/Y (NAND2_X2B_A9TR)                                                                                                                                                                                 0.0478     9.2096 f
  i_horcrux_top/i_horcrux/multiplier_tree_inst/u_shared_mul/u_primary_mul/U5542/Y (OAI21_X6M_A9TR)                                                                                                                                                                               0.0534     9.2630 r
  i_horcrux_top/i_horcrux/multiplier_tree_inst/u_shared_mul/u_primary_mul/prod_o[35] (unified_mul_32x32)                                                                                                                                                                         0.0000     9.2630 r
  i_horcrux_top/i_horcrux/multiplier_tree_inst/u_shared_mul/DP_OP_45J11_125_3794/I3[35] (shared_multiplication_logic_DP_OP_45J11_125_3794_3)                                                                                                                                     0.0000     9.2630 r
  i_horcrux_top/i_horcrux/multiplier_tree_inst/u_shared_mul/DP_OP_45J11_125_3794/U4971/CO (ADDF_X1M_A9TR)                                                                                                                                                                        0.1153     9.3784 r
  i_horcrux_top/i_horcrux/multiplier_tree_inst/u_shared_mul/DP_OP_45J11_125_3794/U3042/S (ADDF_X1M_A9TR)                                                                                                                                                                         0.1438     9.5221 f
  i_horcrux_top/i_horcrux/multiplier_tree_inst/u_shared_mul/DP_OP_45J11_125_3794/U4165/S (ADDF_X1M_A9TR)                                                                                                                                                                         0.1747     9.6968 r
  i_horcrux_top/i_horcrux/multiplier_tree_inst/u_shared_mul/DP_OP_45J11_125_3794/U5118/Y (AND2_X0P7B_A9TR)                                                                                                                                                                       0.1225     9.8194 r
  i_horcrux_top/i_horcrux/multiplier_tree_inst/u_shared_mul/DP_OP_45J11_125_3794/U3209/Y (AOI21_X2M_A9TR)                                                                                                                                                                        0.0642     9.8836 f
  i_horcrux_top/i_horcrux/multiplier_tree_inst/u_shared_mul/DP_OP_45J11_125_3794/U3207/Y (OAI21_X2M_A9TR)                                                                                                                                                                        0.0552     9.9388 r
  i_horcrux_top/i_horcrux/multiplier_tree_inst/u_shared_mul/DP_OP_45J11_125_3794/U3616/Y (AOI21_X3M_A9TR)                                                                                                                                                                        0.0535     9.9923 f
  i_horcrux_top/i_horcrux/multiplier_tree_inst/u_shared_mul/DP_OP_45J11_125_3794/U4630/Y (OAI21_X3M_A9TR)                                                                                                                                                                        0.0498    10.0422 r
  i_horcrux_top/i_horcrux/multiplier_tree_inst/u_shared_mul/DP_OP_45J11_125_3794/U3221/Y (NAND3BB_X3M_A9TR)                                                                                                                                                                      0.0379    10.0801 f
  i_horcrux_top/i_horcrux/multiplier_tree_inst/u_shared_mul/DP_OP_45J11_125_3794/U3191/Y (AOI2XB1_X6M_A9TR)                                                                                                                                                                      0.0434    10.1235 r
  i_horcrux_top/i_horcrux/multiplier_tree_inst/u_shared_mul/DP_OP_45J11_125_3794/U3596/Y (OAI21_X8M_A9TR)                                                                                                                                                                        0.0356    10.1591 f
  i_horcrux_top/i_horcrux/multiplier_tree_inst/u_shared_mul/DP_OP_45J11_125_3794/U4479/Y (AOI22BB_X8M_A9TR)                                                                                                                                                                      0.0398    10.1989 r
  i_horcrux_top/i_horcrux/multiplier_tree_inst/u_shared_mul/DP_OP_45J11_125_3794/U4233/Y (OAI21_X8M_A9TR)                                                                                                                                                                        0.0350    10.2339 f
  i_horcrux_top/i_horcrux/multiplier_tree_inst/u_shared_mul/DP_OP_45J11_125_3794/U3397/Y (OAI21_X8M_A9TR)                                                                                                                                                                        0.0349    10.2688 r
  i_horcrux_top/i_horcrux/multiplier_tree_inst/u_shared_mul/DP_OP_45J11_125_3794/U4629/Y (NAND2_X8A_A9TR)                                                                                                                                                                        0.0231    10.2919 f
  i_horcrux_top/i_horcrux/multiplier_tree_inst/u_shared_mul/DP_OP_45J11_125_3794/U4559/Y (NAND2_X8A_A9TR)                                                                                                                                                                        0.0202    10.3121 r
  i_horcrux_top/i_horcrux/multiplier_tree_inst/u_shared_mul/DP_OP_45J11_125_3794/U4637/Y (AOI21_X8M_A9TR)                                                                                                                                                                        0.0335    10.3456 f
  i_horcrux_top/i_horcrux/multiplier_tree_inst/u_shared_mul/DP_OP_45J11_125_3794/U3689/Y (OAI22BB_X8M_A9TR)                                                                                                                                                                      0.0346    10.3802 r
  i_horcrux_top/i_horcrux/multiplier_tree_inst/u_shared_mul/DP_OP_45J11_125_3794/U5106/Y (XNOR2_X4M_A9TR)                                                                                                                                                                        0.0514    10.4316 r
  i_horcrux_top/i_horcrux/multiplier_tree_inst/u_shared_mul/DP_OP_45J11_125_3794/O1[31] (shared_multiplication_logic_DP_OP_45J11_125_3794_3)                                                                                                                                     0.0000    10.4316 r
  i_horcrux_top/i_horcrux/multiplier_tree_inst/u_shared_mul/U152/Y (INV_X13M_A9TR)                                                                                                                                                                                               0.0408    10.4724 f
  i_horcrux_top/i_horcrux/multiplier_tree_inst/u_shared_mul/U270/Y (INV_X13M_A9TR)                                                                                                                                                                                               0.0301    10.5026 r
  i_horcrux_top/i_horcrux/multiplier_tree_inst/u_shared_mul/U6/Y (AND2_X6B_A9TR)                                                                                                                                                                                                 0.0455    10.5480 r
  i_horcrux_top/i_horcrux/multiplier_tree_inst/u_shared_mul/DP_OP_45J11_125_3794/I4[19] (shared_multiplication_logic_DP_OP_45J11_125_3794_3)                                                                                                                                     0.0000    10.5480 r
  i_horcrux_top/i_horcrux/multiplier_tree_inst/u_shared_mul/DP_OP_45J11_125_3794/U4593/S (ADDF_X2M_A9TR)                                                                                                                                                                         0.1501    10.6981 f
  i_horcrux_top/i_horcrux/multiplier_tree_inst/u_shared_mul/DP_OP_45J11_125_3794/U3217/Y (NOR2_X8A_A9TR)                                                                                                                                                                         0.0571    10.7552 r
  i_horcrux_top/i_horcrux/multiplier_tree_inst/u_shared_mul/DP_OP_45J11_125_3794/U3235/Y (OAI21_X8M_A9TR)                                                                                                                                                                        0.0410    10.7962 f
  i_horcrux_top/i_horcrux/multiplier_tree_inst/u_shared_mul/DP_OP_45J11_125_3794/U3315/Y (NAND2B_X8M_A9TR)                                                                                                                                                                       0.0592    10.8553 f
  i_horcrux_top/i_horcrux/multiplier_tree_inst/u_shared_mul/DP_OP_45J11_125_3794/U3276/Y (NAND2B_X8M_A9TR)                                                                                                                                                                       0.0403    10.8956 r
  i_horcrux_top/i_horcrux/multiplier_tree_inst/u_shared_mul/DP_OP_45J11_125_3794/U3275/Y (NAND3_X6A_A9TR)                                                                                                                                                                        0.0534    10.9490 f
  i_horcrux_top/i_horcrux/multiplier_tree_inst/u_shared_mul/DP_OP_45J11_125_3794/U3766/Y (AOI2XB1_X6M_A9TR)                                                                                                                                                                      0.0498    10.9989 r
  i_horcrux_top/i_horcrux/multiplier_tree_inst/u_shared_mul/DP_OP_45J11_125_3794/U3327/Y (XOR2_X4M_A9TR)                                                                                                                                                                         0.0429    11.0417 r
  i_horcrux_top/i_horcrux/multiplier_tree_inst/u_shared_mul/DP_OP_45J11_125_3794/O2[27] (shared_multiplication_logic_DP_OP_45J11_125_3794_3)                                                                                                                                     0.0000    11.0417 r
  i_horcrux_top/i_horcrux/multiplier_tree_inst/u_shared_mul/U184/Y (NAND2XB_X4M_A9TR)                                                                                                                                                                                            0.0332    11.0749 f
  i_horcrux_top/i_horcrux/multiplier_tree_inst/u_shared_mul/U187/Y (NAND2_X6A_A9TR)                                                                                                                                                                                              0.0306    11.1055 r
  i_horcrux_top/i_horcrux/multiplier_tree_inst/u_shared_mul/res_lo_o[27] (shared_multiplication_logic)                                                                                                                                                                           0.0000    11.1055 r
  i_horcrux_top/i_horcrux/multiplier_tree_inst/DP_OP_93_149_9367/I2[27] (multiplier_tree_DP_OP_93_149_9367_4)                                                                                                                                                                    0.0000    11.1055 r
  i_horcrux_top/i_horcrux/multiplier_tree_inst/DP_OP_93_149_9367/U515/Y (AND2_X11B_A9TR)                                                                                                                                                                                         0.0469    11.1525 r
  i_horcrux_top/i_horcrux/multiplier_tree_inst/DP_OP_93_149_9367/U514/Y (AOI21_X8M_A9TR)                                                                                                                                                                                         0.0377    11.1902 f
  i_horcrux_top/i_horcrux/multiplier_tree_inst/DP_OP_93_149_9367/U511/Y (OAI21_X8M_A9TR)                                                                                                                                                                                         0.0402    11.2304 r
  i_horcrux_top/i_horcrux/multiplier_tree_inst/DP_OP_93_149_9367/U390/Y (BUFH_X1P7M_A9TR)                                                                                                                                                                                        0.0571    11.2876 r
  i_horcrux_top/i_horcrux/multiplier_tree_inst/DP_OP_93_149_9367/U562/Y (AOI21_X8M_A9TR)                                                                                                                                                                                         0.0325    11.3201 f
  i_horcrux_top/i_horcrux/multiplier_tree_inst/DP_OP_93_149_9367/U575/Y (XOR2_X4M_A9TR)                                                                                                                                                                                          0.0350    11.3550 r
  i_horcrux_top/i_horcrux/multiplier_tree_inst/DP_OP_93_149_9367/O1[30] (multiplier_tree_DP_OP_93_149_9367_4)                                                                                                                                                                    0.0000    11.3550 r
  i_horcrux_top/i_horcrux/multiplier_tree_inst/U937/Y (AO1B2_X6M_A9TR)                                                                                                                                                                                                           0.0629    11.4179 r
  i_horcrux_top/i_horcrux/multiplier_tree_inst/result_o[30] (multiplier_tree)                                                                                                                                                                                                    0.0000    11.4179 r
  i_horcrux_top/i_horcrux/U5670/Y (NAND2_X8A_A9TR)                                                                                                                                                                                                                               0.0229    11.4408 f
  i_horcrux_top/i_horcrux/U289/Y (NAND2_X8A_A9TR)                                                                                                                                                                                                                                0.0251    11.4659 r
  i_horcrux_top/i_horcrux/rd_values_o[rd1][30] (horcrux_NUM_VARIABLES50_VARIABLE_WIDTH32)                                                                                                                                                                                        0.0000    11.4659 r
  i_horcrux_top/commit_stage_i/result_i[rd1][30] (commit_stage_I_xif_result_if_if_xif_coproc_result_X_NUM_RS_3)                                                                                                                                                                  0.0000    11.4659 r
  i_horcrux_top/commit_stage_i/U38/Y (BUFH_X16M_A9TR)                                                                                                                                                                                                                            0.0502    11.5161 r
  i_horcrux_top/commit_stage_i/xif_result_if.result[data][30] (commit_stage_I_xif_result_if_if_xif_coproc_result_X_NUM_RS_3)                                                                                                                                                     0.0000    11.5161 r
  i_horcrux_top/xif_result_if.result[data][30] (horcrux_top_I_xif_compressed_if_if_xif__X_NUM_RS_3I_xif_issue_if_if_xif__X_NUM_RS_3I_xif_commit_if_if_xif__X_NUM_RS_3I_xif_mem_if_if_xif__X_NUM_RS_3I_xif_mem_result_if_if_xif__X_NUM_RS_3I_xif_result_if_if_xif__X_NUM_RS_3)    0.0000    11.5161 r
  result_o[data][30] (out)                                                                                                                                                                                                                                                       0.0038    11.5200 r
  data arrival time                                                                                                                                                                                                                                                                        11.5200

  clock clk (rise edge)                                                                                                                                                                                                                                                         12.8000    12.8000
  clock network delay (ideal)                                                                                                                                                                                                                                                    1.2800    14.0800
  clock uncertainty                                                                                                                                                                                                                                                             -0.6400    13.4400
  output external delay                                                                                                                                                                                                                                                         -1.9200    11.5200
  data required time                                                                                                                                                                                                                                                                       11.5200
  ---------------------------------------------------------------------------------------------------------------------------------------------------------------------------------------------------------------------------------------------------------------------------------------------------
  data required time                                                                                                                                                                                                                                                                       11.5200
  data arrival time                                                                                                                                                                                                                                                                       -11.5200
  ---------------------------------------------------------------------------------------------------------------------------------------------------------------------------------------------------------------------------------------------------------------------------------------------------
  slack (MET)                                                                                                                                                                                                                                                                               0.0000


