 
****************************************
Report : area
Design : horcrux_top_synth
Version: X-2025.06
Date   : Thu Oct  8 10:06:13 2026
****************************************

Information: Updating design information... (UID-85)
Library(s) Used:

    sc9_cln40g_base_rvt_tt_typical_max_0p90v_25c (File: /cad/designkit/CBDK_TSMC40_Arm_f2.0/CIC/SynopsysDC/db/sc9_base_rvt/sc9_cln40g_base_rvt_tt_typical_max_0p90v_25c.db)

Number of ports:                        35482
Number of nets:                         95350
Number of cells:                        68542
Number of combinational cells:          64093
Number of sequential cells:              4376
Number of macros/black boxes:               0
Number of buf/inv:                      11872
Number of references:                       6

Combinational area:              95338.327001
Buf/Inv area:                     7449.699527
Noncombinational area:           19874.029448
Macro/Black Box area:                0.000000
Net Interconnect area:               0.000000

Total cell area:                115212.356449
Total area:                     115212.356449

Hierarchical area distribution
------------------------------

                                  Global cell area             Local cell area
                                  --------------------  ------------------------------ 
Hierarchical cell                 Absolute     Percent  Combi-      Noncombi-   Black-
                                  Total        Total    national    national    boxes   Design
--------------------------------  -----------  -------  ----------  ----------  ------  ----------------------------------------------------------------------------------------------------------------------------------------------------------------------------------------------------------------------------
horcrux_top_synth                 115212.3564    100.0    142.4304      0.0000  0.0000  horcrux_top_synth
i_horcrux_top                     115069.9260     99.9     18.5976     40.8240  0.0000  horcrux_top_I_xif_compressed_if_if_xif__X_NUM_RS_3I_xif_issue_if_if_xif__X_NUM_RS_3I_xif_commit_if_if_xif__X_NUM_RS_3I_xif_mem_if_if_xif__X_NUM_RS_3I_xif_mem_result_if_if_xif__X_NUM_RS_3I_xif_result_if_if_xif__X_NUM_RS_3
i_horcrux_top/commit_stage_i         149.9148      0.1    149.9148      0.0000  0.0000  commit_stage_I_xif_result_if_if_xif_coproc_result_X_NUM_RS_3
i_horcrux_top/i_horcrux           114134.1492     99.1   8523.3706      4.5360  0.0000  horcrux_NUM_VARIABLES50_VARIABLE_WIDTH32
i_horcrux_top/i_horcrux/chain_lengths_inst   2927.7611     2.5   805.5936  1211.1119 0.0000 chain_lengths_00000032_00000020
i_horcrux_top/i_horcrux/chain_lengths_inst/DP_OP_977J9_122_926    443.1672     0.4   443.1672     0.0000 0.0000 chain_lengths_00000032_00000020_DP_OP_977J9_122_926_J9_0
i_horcrux_top/i_horcrux/chain_lengths_inst/DP_OP_978J9_123_2435    467.8884     0.4   467.8884     0.0000 0.0000 chain_lengths_00000032_00000020_DP_OP_978J9_123_2435_J9_0
i_horcrux_top/i_horcrux/fpr_inst    1931.6555      1.7   1082.0628    585.1440  0.0000  fpr
i_horcrux_top/i_horcrux/fpr_inst/DP_OP_96J13_122_7816    159.6672     0.1   159.6672     0.0000 0.0000 fpr_DP_OP_96J13_122_7816_J13_0
i_horcrux_top/i_horcrux/fpr_inst/add_x_66     20.8656     0.0    20.8656     0.0000 0.0000 fpr_DW01_inc_J13_0
i_horcrux_top/i_horcrux/fpr_inst/sub_x_70     83.9160     0.1    83.9160     0.0000 0.0000 fpr_DW01_sub_J13_0
i_horcrux_top/i_horcrux/horcrux_register_inst  14971.0674    13.0  7713.4678  7257.5996 0.0000 horcrux_register_00000032_00000020
i_horcrux_top/i_horcrux/keccak_i   23235.4325     20.2      0.0000      0.0000  0.0000  keccak_f
i_horcrux_top/i_horcrux/keccak_i/u_cu     49.8960     0.0    18.1440    31.7520 0.0000  keccak_cu
i_horcrux_top/i_horcrux/keccak_i/u_dp  23185.5365    20.1  6860.2463  7289.3516 0.0000  keccak_dp
i_horcrux_top/i_horcrux/keccak_i/u_dp/round_constants_gen     36.7416     0.0    36.7416     0.0000 0.0000 keccak_round_constants_gen
i_horcrux_top/i_horcrux/keccak_i/u_dp/round_map   8999.1970     7.8  8999.1970     0.0000 0.0000 keccak_round
i_horcrux_top/i_horcrux/multiplier_tree_inst  55283.1799    48.0  2363.9364   580.6080 0.0000 multiplier_tree
i_horcrux_top/i_horcrux/multiplier_tree_inst/DP_OP_87J8_127_9004    384.1992     0.3   384.1992     0.0000 0.0000 multiplier_tree_DP_OP_87J8_127_9004_4
i_horcrux_top/i_horcrux/multiplier_tree_inst/DP_OP_88J8_128_2685    231.7896     0.2   231.7896     0.0000 0.0000 multiplier_tree_DP_OP_88J8_128_2685_0
i_horcrux_top/i_horcrux/multiplier_tree_inst/DP_OP_93_149_9367    469.2492     0.4   469.2492     0.0000 0.0000 multiplier_tree_DP_OP_93_149_9367_3
i_horcrux_top/i_horcrux/multiplier_tree_inst/DP_OP_94_150_9367    114.3072     0.1   114.3072     0.0000 0.0000 multiplier_tree_DP_OP_94_150_9367_0
i_horcrux_top/i_horcrux/multiplier_tree_inst/DP_OP_96J8_122_9380    575.3916     0.5   575.3916     0.0000 0.0000 multiplier_tree_DP_OP_96J8_122_9380_3
i_horcrux_top/i_horcrux/multiplier_tree_inst/DP_OP_97J8_123_4100    498.9600     0.4   498.9600     0.0000 0.0000 multiplier_tree_DP_OP_97J8_123_4100_3
i_horcrux_top/i_horcrux/multiplier_tree_inst/DP_OP_98J8_124_4100    131.9976     0.1   131.9976     0.0000 0.0000 multiplier_tree_DP_OP_98J8_124_4100_J8_0
i_horcrux_top/i_horcrux/multiplier_tree_inst/kyber_barrett_inst   5451.8183     4.7   212.9652     0.0000 0.0000 barrett
i_horcrux_top/i_horcrux/multiplier_tree_inst/kyber_barrett_inst/DP_OP_193J10_122_1739    695.1420     0.6   695.1420     0.0000 0.0000 barrett_DP_OP_193J10_122_1739_J10_0
i_horcrux_top/i_horcrux/multiplier_tree_inst/kyber_barrett_inst/DP_OP_194J10_123_9305    375.1272     0.3   375.1272     0.0000 0.0000 barrett_DP_OP_194J10_123_9305_J10_0
i_horcrux_top/i_horcrux/multiplier_tree_inst/kyber_barrett_inst/DP_OP_196J10_124_1798   4168.5839     3.6  4168.5839     0.0000 0.0000 barrett_DP_OP_196J10_124_1798_J10_0
i_horcrux_top/i_horcrux/multiplier_tree_inst/sub_x_13     58.5144     0.1    58.5144     0.0000 0.0000 multiplier_tree_DW01_sub_J8_1
i_horcrux_top/i_horcrux/multiplier_tree_inst/sub_x_14    163.2960     0.1   163.2960     0.0000 0.0000 multiplier_tree_DW01_sub_J8_0
i_horcrux_top/i_horcrux/multiplier_tree_inst/sub_x_3    441.8064     0.4   441.8064     0.0000 0.0000 multiplier_tree_DW01_sub_0
i_horcrux_top/i_horcrux/multiplier_tree_inst/u_shared_mul  43817.3061    38.0   821.0160     0.0000 0.0000 shared_multiplication_logic
i_horcrux_top/i_horcrux/multiplier_tree_inst/u_shared_mul/DP_OP_44J11_124_8342     36.7416     0.0    36.7416     0.0000 0.0000 shared_multiplication_logic_DP_OP_44J11_124_8342_J11_0
i_horcrux_top/i_horcrux/multiplier_tree_inst/u_shared_mul/DP_OP_45J11_125_3794   4585.4423     4.0  4585.4423     0.0000 0.0000 shared_multiplication_logic_DP_OP_45J11_125_3794_1
i_horcrux_top/i_horcrux/multiplier_tree_inst/u_shared_mul/DP_OP_46J11_122_2489   4131.1619     3.6  4131.1619     0.0000 0.0000 shared_multiplication_logic_DP_OP_46J11_122_2489_2
i_horcrux_top/i_horcrux/multiplier_tree_inst/u_shared_mul/mult_x_3   1264.1832     1.1  1264.1832     0.0000 0.0000 shared_multiplication_logic_DW_mult_uns_0
i_horcrux_top/i_horcrux/multiplier_tree_inst/u_shared_mul/u_primary_mul  32978.7611    28.6  9718.6067     0.0000 0.0000 unified_mul_32x32
i_horcrux_top/i_horcrux/multiplier_tree_inst/u_shared_mul/u_primary_mul/add_x_1    652.0500     0.6   652.0500     0.0000 0.0000 unified_mul_32x32_DW01_add_402
i_horcrux_top/i_horcrux/multiplier_tree_inst/u_shared_mul/u_primary_mul/add_x_10    901.7568     0.8   901.7568     0.0000 0.0000 unified_mul_32x32_DW01_add_387
i_horcrux_top/i_horcrux/multiplier_tree_inst/u_shared_mul/u_primary_mul/add_x_11    874.9944     0.8   874.9944     0.0000 0.0000 unified_mul_32x32_DW01_add_295
i_horcrux_top/i_horcrux/multiplier_tree_inst/u_shared_mul/u_primary_mul/add_x_12    853.2216     0.7   853.2216     0.0000 0.0000 unified_mul_32x32_DW01_add_205
i_horcrux_top/i_horcrux/multiplier_tree_inst/u_shared_mul/u_primary_mul/add_x_13    856.3968     0.7   856.3968     0.0000 0.0000 unified_mul_32x32_DW01_add_206
i_horcrux_top/i_horcrux/multiplier_tree_inst/u_shared_mul/u_primary_mul/add_x_14    837.7992     0.7   837.7992     0.0000 0.0000 unified_mul_32x32_DW01_add_207
i_horcrux_top/i_horcrux/multiplier_tree_inst/u_shared_mul/u_primary_mul/add_x_15    825.7788     0.7   825.7788     0.0000 0.0000 unified_mul_32x32_DW01_add_224
i_horcrux_top/i_horcrux/multiplier_tree_inst/u_shared_mul/u_primary_mul/add_x_16    831.2220     0.7   831.2220     0.0000 0.0000 unified_mul_32x32_DW01_add_225
i_horcrux_top/i_horcrux/multiplier_tree_inst/u_shared_mul/u_primary_mul/add_x_17    830.7684     0.7   830.7684     0.0000 0.0000 unified_mul_32x32_DW01_add_226
i_horcrux_top/i_horcrux/multiplier_tree_inst/u_shared_mul/u_primary_mul/add_x_18    806.2740     0.7   806.2740     0.0000 0.0000 unified_mul_32x32_DW01_add_240
i_horcrux_top/i_horcrux/multiplier_tree_inst/u_shared_mul/u_primary_mul/add_x_19    798.3360     0.7   798.3360     0.0000 0.0000 unified_mul_32x32_DW01_add_241
i_horcrux_top/i_horcrux/multiplier_tree_inst/u_shared_mul/u_primary_mul/add_x_2    617.3496     0.5   617.3496     0.0000 0.0000 unified_mul_32x32_DW01_add_394
i_horcrux_top/i_horcrux/multiplier_tree_inst/u_shared_mul/u_primary_mul/add_x_20    779.9652     0.7   779.9652     0.0000 0.0000 unified_mul_32x32_DW01_add_330
i_horcrux_top/i_horcrux/multiplier_tree_inst/u_shared_mul/u_primary_mul/add_x_21    728.4816     0.6   728.4816     0.0000 0.0000 unified_mul_32x32_DW01_add_305
i_horcrux_top/i_horcrux/multiplier_tree_inst/u_shared_mul/u_primary_mul/add_x_22    723.2652     0.6   723.2652     0.0000 0.0000 unified_mul_32x32_DW01_add_264
i_horcrux_top/i_horcrux/multiplier_tree_inst/u_shared_mul/u_primary_mul/add_x_23    698.9976     0.6   698.9976     0.0000 0.0000 unified_mul_32x32_DW01_add_332
i_horcrux_top/i_horcrux/multiplier_tree_inst/u_shared_mul/u_primary_mul/add_x_24    681.3072     0.6   681.3072     0.0000 0.0000 unified_mul_32x32_DW01_add_333
i_horcrux_top/i_horcrux/multiplier_tree_inst/u_shared_mul/u_primary_mul/add_x_25    670.8744     0.6   670.8744     0.0000 0.0000 unified_mul_32x32_DW01_add_279
i_horcrux_top/i_horcrux/multiplier_tree_inst/u_shared_mul/u_primary_mul/add_x_26    637.5348     0.6   637.5348     0.0000 0.0000 unified_mul_32x32_DW01_add_335
i_horcrux_top/i_horcrux/multiplier_tree_inst/u_shared_mul/u_primary_mul/add_x_27    640.0296     0.6   640.0296     0.0000 0.0000 unified_mul_32x32_DW01_add_396
i_horcrux_top/i_horcrux/multiplier_tree_inst/u_shared_mul/u_primary_mul/add_x_28    611.6796     0.5   611.6796     0.0000 0.0000 unified_mul_32x32_DW01_add_370
i_horcrux_top/i_horcrux/multiplier_tree_inst/u_shared_mul/u_primary_mul/add_x_29    573.5772     0.5   573.5772     0.0000 0.0000 unified_mul_32x32_DW01_add_400
i_horcrux_top/i_horcrux/multiplier_tree_inst/u_shared_mul/u_primary_mul/add_x_3    607.1436     0.5   607.1436     0.0000 0.0000 unified_mul_32x32_DW01_add_403
i_horcrux_top/i_horcrux/multiplier_tree_inst/u_shared_mul/u_primary_mul/add_x_30    537.7428     0.5   537.7428     0.0000 0.0000 unified_mul_32x32_DW01_add_397
i_horcrux_top/i_horcrux/multiplier_tree_inst/u_shared_mul/u_primary_mul/add_x_4    857.9844     0.7   857.9844     0.0000 0.0000 unified_mul_32x32_DW01_add_411
i_horcrux_top/i_horcrux/multiplier_tree_inst/u_shared_mul/u_primary_mul/add_x_5    824.1912     0.7   824.1912     0.0000 0.0000 unified_mul_32x32_DW01_add_401
i_horcrux_top/i_horcrux/multiplier_tree_inst/u_shared_mul/u_primary_mul/add_x_6    887.4684     0.8   887.4684     0.0000 0.0000 unified_mul_32x32_DW01_add_404
i_horcrux_top/i_horcrux/multiplier_tree_inst/u_shared_mul/u_primary_mul/add_x_7    871.5924     0.8   871.5924     0.0000 0.0000 unified_mul_32x32_DW01_add_406
i_horcrux_top/i_horcrux/multiplier_tree_inst/u_shared_mul/u_primary_mul/add_x_8    890.8704     0.8   890.8704     0.0000 0.0000 unified_mul_32x32_DW01_add_292
i_horcrux_top/i_horcrux/multiplier_tree_inst/u_shared_mul/u_primary_mul/add_x_9    874.0872     0.8   874.0872     0.0000 0.0000 unified_mul_32x32_DW01_add_384
i_horcrux_top/i_horcrux/multiplier_tree_inst/u_shared_mul/u_primary_mul/sub_x_31    477.4140     0.4   477.4140     0.0000 0.0000 unified_mul_32x32_DW01_sub_16
i_horcrux_top/i_horcrux/sampler_inst    464.4864     0.4   371.9520     0.0000  0.0000  sampler
i_horcrux_top/i_horcrux/sampler_inst/DP_OP_45J12_125_127     46.7208     0.0    46.7208     0.0000 0.0000 sampler_DP_OP_45J12_125_127_J12_0
i_horcrux_top/i_horcrux/sampler_inst/mult_x_5     45.8136     0.0    45.8136     0.0000 0.0000 sampler_DW_mult_uns_J12_0
i_horcrux_top/i_horcrux/sphincs_ops_inst   6792.6598     5.9  4433.9399  2358.7199 0.0000 sphincs_ops_00000032_00000020
i_horcrux_top/id_stage_i             726.4404      0.6    212.0580    514.3824  0.0000  id_stage_I_xif_issue_if_if_xif_coproc_issue_X_NUM_RS_3
--------------------------------  -----------  -------  ----------  ----------  ------  ----------------------------------------------------------------------------------------------------------------------------------------------------------------------------------------------------------------------------
Total                                                   95338.3270  19874.0294  0.0000

1
