Information: Propagating switching activity (medium effort zero delay simulation). (PWR-6)
Warning: Design has unannotated primary inputs. (PWR-414)
Warning: Design has unannotated sequential cell outputs. (PWR-415)
 
****************************************
Report : power
        -analysis_effort medium
Design : horcrux_top_synth
Version: X-2025.06
Date   : Thu Oct  8 10:06:24 2026
****************************************


Library(s) Used:

    sc9_cln40g_base_rvt_tt_typical_max_0p90v_25c (File: /cad/designkit/CBDK_TSMC40_Arm_f2.0/CIC/SynopsysDC/db/sc9_base_rvt/sc9_cln40g_base_rvt_tt_typical_max_0p90v_25c.db)


Operating Conditions: tt_typical_max_0p90v_25c   Library: sc9_cln40g_base_rvt_tt_typical_max_0p90v_25c
Wire Load Model Mode: top

Design        Wire Load Model            Library
------------------------------------------------
horcrux_top_synth      Medium            sc9_cln40g_base_rvt_tt_typical_max_0p90v_25c


Global Operating Voltage = 0.9  
Power-specific unit information :
    Voltage Units = 1V
    Capacitance Units = 1.000000pf
    Time Units = 1ns
    Dynamic Power Units = 1mW    (derived from V,C,T units)
    Leakage Power Units = 1uW


Attributes
----------
i - Including register clock pin internal power


  Cell Internal Power  =   1.9451 mW   (98%)
  Net Switching Power  =  36.5972 uW    (2%)
                         ---------
Total Dynamic Power    =   1.9817 mW  (100%)

Cell Leakage Power     =   1.2595 mW


                 Internal         Switching           Leakage            Total
Power Group      Power            Power               Power              Power   (   %    )  Attrs
--------------------------------------------------------------------------------------------------
io_pad             0.0000            0.0000            0.0000            0.0000  (   0.00%)
memory             0.0000            0.0000            0.0000            0.0000  (   0.00%)
black_box          0.0000            0.0000            0.0000            0.0000  (   0.00%)
clock_network      1.9280            0.0000            0.0000            1.9280  (  59.49%)  i
register       4.4736e-03        2.7788e-03          111.5443            0.1188  (   3.67%)
sequential         0.0000            0.0000            0.0000            0.0000  (   0.00%)
combinational  1.2605e-02        3.3818e-02        1.1479e+03            1.1944  (  36.85%)
--------------------------------------------------------------------------------------------------
Total              1.9451 mW     3.6597e-02 mW     1.2595e+03 uW         3.2412 mW
1
