 
****************************************
Report : timing
        -path full
        -delay max
        -nworst 5
        -max_paths 20
Design : horcrux_top_synth
Version: X-2025.06
Date   : Thu Oct  8 10:06:16 2026
****************************************

Operating Conditions: tt_typical_max_0p90v_25c   Library: sc9_cln40g_base_rvt_tt_typical_max_0p90v_25c
Wire Load Model Mode: top

  Startpoint: i_horcrux_top/id_stage_i/rs_values_o_reg[rs1][0]
              (rising edge-triggered flip-flop clocked by clk)
  Endpoint: result_o[data][31]
            (output port clocked by clk)
  Path Group: clk
  Path Type: max

  Des/Clust/Port     Wire Load Model       Library
  ------------------------------------------------
  horcrux_top_synth  Medium                sc9_cln40g_base_rvt_tt_typical_max_0p90v_25c

  Point                                                                                                                                                                                                                                                                                                                                                                                                                                                                                                                                                 Incr       Path
  ---------------------------------------------------------------------------------------------------------------------------------------------------------------------------------------------------------------------------------------------------------------------------------------------------
  clock clk (rise edge)                                                                                                                                                                                                                                                          0.0000     0.0000
  clock network delay (ideal)                                                                                                                                                                                                                                                    0.8000     0.8000
  i_horcrux_top/id_stage_i/rs_values_o_reg[rs1][0]/CK (DFFSQN_X3M_A9TR)                                                                                                                                                                                                          0.0000     0.8000 r
  i_horcrux_top/id_stage_i/rs_values_o_reg[rs1][0]/QN (DFFSQN_X3M_A9TR)                                                                                                                                                                                                          0.0994     0.8994 f
  i_horcrux_top/id_stage_i/rs_values_o[rs1][0] (id_stage_I_xif_issue_if_if_xif_coproc_issue_X_NUM_RS_3)                                                                                                                                                                          0.0000     0.8994 f
  i_horcrux_top/i_horcrux/rs_values_i[rs1][0] (horcrux_NUM_VARIABLES50_VARIABLE_WIDTH32)                                                                                                                                                                                         0.0000     0.8994 f
  i_horcrux_top/i_horcrux/multiplier_tree_inst/multiplier_tree1_i[0] (multiplier_tree)                                                                                                                                                                                           0.0000     0.8994 f
  i_horcrux_top/i_horcrux/multiplier_tree_inst/U461/Y (BUFH_X2P5M_A9TR)                                                                                                                                                                                                          0.0403     0.9397 f
  i_horcrux_top/i_horcrux/multiplier_tree_inst/sub_x_3/A[0] (multiplier_tree_DW01_sub_0)                                                                                                                                                                                         0.0000     0.9397 f
  i_horcrux_top/i_horcrux/multiplier_tree_inst/sub_x_3/U583/Y (XNOR2_X0P7M_A9TR)                                                                                                                                                                                                 0.0606     1.0003 f
  i_horcrux_top/i_horcrux/multiplier_tree_inst/sub_x_3/DIFF[0] (multiplier_tree_DW01_sub_0)                                                                                                                                                                                      0.0000     1.0003 f
  i_horcrux_top/i_horcrux/multiplier_tree_inst/U786/Y (INV_X1M_A9TR)                                                                                                                                                                                                             0.0424     1.0427 r
  i_horcrux_top/i_horcrux/multiplier_tree_inst/U560/Y (NOR2_X1P4B_A9TR)                                                                                                                                                                                                          0.0386     1.0813 f
  i_horcrux_top/i_horcrux/multiplier_tree_inst/U559/Y (AOI21_X3M_A9TR)                                                                                                                                                                                                           0.0274     1.1086 r
  i_horcrux_top/i_horcrux/multiplier_tree_inst/U358/Y (OAI21_X4M_A9TR)                                                                                                                                                                                                           0.0265     1.1351 f
  i_horcrux_top/i_horcrux/multiplier_tree_inst/U352/Y (NOR2_X4A_A9TR)                                                                                                                                                                                                            0.0272     1.1623 r
  i_horcrux_top/i_horcrux/multiplier_tree_inst/U761/Y (NAND3_X6A_A9TR)                                                                                                                                                                                                           0.0206     1.1829 f
  i_horcrux_top/i_horcrux/multiplier_tree_inst/u_shared_mul/op_b_i[0] (shared_multiplication_logic)                                                                                                                                                                              0.0000     1.1829 f
  i_horcrux_top/i_horcrux/multiplier_tree_inst/u_shared_mul/u_primary_mul/b_i[0] (unified_mul_32x32)                                                                                                                                                                             0.0000     1.1829 f
  i_horcrux_top/i_horcrux/multiplier_tree_inst/u_shared_mul/u_primary_mul/U797/Y (INV_X7P5M_A9TR)                                                                                                                                                                                0.0154     1.1983 r
  i_horcrux_top/i_horcrux/multiplier_tree_inst/u_shared_mul/u_primary_mul/U4422/Y (NOR2_X8A_A9TR)                                                                                                                                                                                0.0118     1.2101 f
  i_horcrux_top/i_horcrux/multiplier_tree_inst/u_shared_mul/u_primary_mul/add_x_1/B[1] (unified_mul_32x32_DW01_add_402)                                                                                                                                                          0.0000     1.2101 f
  i_horcrux_top/i_horcrux/multiplier_tree_inst/u_shared_mul/u_primary_mul/add_x_1/U604/Y (AND2_X8M_A9TR)                                                                                                                                                                         0.0270     1.2371 f
  i_horcrux_top/i_horcrux/multiplier_tree_inst/u_shared_mul/u_primary_mul/add_x_1/U580/Y (AOI21_X8M_A9TR)                                                                                                                                                                        0.0275     1.2646 r
  i_horcrux_top/i_horcrux/multiplier_tree_inst/u_shared_mul/u_primary_mul/add_x_1/U579/Y (OAI21_X8M_A9TR)                                                                                                                                                                        0.0327     1.2973 f
  i_horcrux_top/i_horcrux/multiplier_tree_inst/u_shared_mul/u_primary_mul/add_x_1/U547/Y (AOI21_X6M_A9TR)                                                                                                                                                                        0.0284     1.3258 r
  i_horcrux_top/i_horcrux/multiplier_tree_inst/u_shared_mul/u_primary_mul/add_x_1/U601/Y (XOR2_X4M_A9TR)                                                                                                                                                                         0.0225     1.3483 r
  i_horcrux_top/i_horcrux/multiplier_tree_inst/u_shared_mul/u_primary_mul/add_x_1/SUM[6] (unified_mul_32x32_DW01_add_402)                                                                                                                                                        0.0000     1.3483 r
  i_horcrux_top/i_horcrux/multiplier_tree_inst/u_shared_mul/u_primary_mul/U1818/Y (AO1B2_X6M_A9TR)                                                                                                                                                                               0.0361     1.3845 r
  i_horcrux_top/i_horcrux/multiplier_tree_inst/u_shared_mul/u_primary_mul/add_x_2/A[6] (unified_mul_32x32_DW01_add_394)                                                                                                                                                          0.0000     1.3845 r
  i_horcrux_top/i_horcrux/multiplier_tree_inst/u_shared_mul/u_primary_mul/add_x_2/U441/Y (OR2_X8M_A9TR)                                                                                                                                                                          0.0278     1.4122 r
  i_horcrux_top/i_horcrux/multiplier_tree_inst/u_shared_mul/u_primary_mul/add_x_2/U508/Y (AND2_X4M_A9TR)                                                                                                                                                                         0.0295     1.4417 r
  i_horcrux_top/i_horcrux/multiplier_tree_inst/u_shared_mul/u_primary_mul/add_x_2/U512/Y (XNOR2_X4M_A9TR)                                                                                                                                                                        0.0172     1.4589 f
  i_horcrux_top/i_horcrux/multiplier_tree_inst/u_shared_mul/u_primary_mul/add_x_2/SUM[6] (unified_mul_32x32_DW01_add_394)                                                                                                                                                        0.0000     1.4589 f
  i_horcrux_top/i_horcrux/multiplier_tree_inst/u_shared_mul/u_primary_mul/U503/Y (NAND2_X4A_A9TR)                                                                                                                                                                                0.0200     1.4789 r
  i_horcrux_top/i_horcrux/multiplier_tree_inst/u_shared_mul/u_primary_mul/U1769/Y (NAND2_X6A_A9TR)                                                                                                                                                                               0.0174     1.4963 f
  i_horcrux_top/i_horcrux/multiplier_tree_inst/u_shared_mul/u_primary_mul/add_x_3/A[6] (unified_mul_32x32_DW01_add_403)                                                                                                                                                          0.0000     1.4963 f
  i_horcrux_top/i_horcrux/multiplier_tree_inst/u_shared_mul/u_primary_mul/add_x_3/U439/Y (NOR2_X8A_A9TR)                                                                                                                                                                         0.0199     1.5162 r
  i_horcrux_top/i_horcrux/multiplier_tree_inst/u_shared_mul/u_primary_mul/add_x_3/U409/Y (NAND2B_X8M_A9TR)                                                                                                                                                                       0.0292     1.5454 r
  i_horcrux_top/i_horcrux/multiplier_tree_inst/u_shared_mul/u_primary_mul/add_x_3/U451/Y (XOR2_X4M_A9TR)                                                                                                                                                                         0.0219     1.5672 r
  i_horcrux_top/i_horcrux/multiplier_tree_inst/u_shared_mul/u_primary_mul/add_x_3/SUM[6] (unified_mul_32x32_DW01_add_403)                                                                                                                                                        0.0000     1.5672 r
  i_horcrux_top/i_horcrux/multiplier_tree_inst/u_shared_mul/u_primary_mul/U1756/Y (NAND2_X4B_A9TR)                                                                                                                                                                               0.0219     1.5891 f
  i_horcrux_top/i_horcrux/multiplier_tree_inst/u_shared_mul/u_primary_mul/U1751/Y (NAND2_X8A_A9TR)                                                                                                                                                                               0.0234     1.6125 r
  i_horcrux_top/i_horcrux/multiplier_tree_inst/u_shared_mul/u_primary_mul/add_x_4/A[6] (unified_mul_32x32_DW01_add_411)                                                                                                                                                          0.0000     1.6125 r
  i_horcrux_top/i_horcrux/multiplier_tree_inst/u_shared_mul/u_primary_mul/add_x_4/U772/Y (NAND2_X6B_A9TR)                                                                                                                                                                        0.0183     1.6308 f
  i_horcrux_top/i_horcrux/multiplier_tree_inst/u_shared_mul/u_primary_mul/add_x_4/U807/Y (AOI21B_X8M_A9TR)                                                                                                                                                                       0.0382     1.6690 f
  i_horcrux_top/i_horcrux/multiplier_tree_inst/u_shared_mul/u_primary_mul/add_x_4/U725/Y (OA21_X6M_A9TR)                                                                                                                                                                         0.0323     1.7013 f
  i_horcrux_top/i_horcrux/multiplier_tree_inst/u_shared_mul/u_primary_mul/add_x_4/U843/Y (XOR2_X4M_A9TR)                                                                                                                                                                         0.0340     1.7353 f
  i_horcrux_top/i_horcrux/multiplier_tree_inst/u_shared_mul/u_primary_mul/add_x_4/SUM[8] (unified_mul_32x32_DW01_add_411)                                                                                                                                                        0.0000     1.7353 f
  i_horcrux_top/i_horcrux/multiplier_tree_inst/u_shared_mul/u_primary_mul/U2725/Y (NAND2_X6A_A9TR)                                                                                                                                                                               0.0186     1.7539 r
  i_horcrux_top/i_horcrux/multiplier_tree_inst/u_shared_mul/u_primary_mul/U677/Y (NAND2_X8B_A9TR)                                                                                                                                                                                0.0167     1.7706 f
  i_horcrux_top/i_horcrux/multiplier_tree_inst/u_shared_mul/u_primary_mul/add_x_5/A[8] (unified_mul_32x32_DW01_add_401)                                                                                                                                                          0.0000     1.7706 f
  i_horcrux_top/i_horcrux/multiplier_tree_inst/u_shared_mul/u_primary_mul/add_x_5/U567/Y (AND2_X3M_A9TR)                                                                                                                                                                         0.0319     1.8025 f
  i_horcrux_top/i_horcrux/multiplier_tree_inst/u_shared_mul/u_primary_mul/add_x_5/U632/Y (AOI21_X8M_A9TR)                                                                                                                                                                        0.0208     1.8233 r
  i_horcrux_top/i_horcrux/multiplier_tree_inst/u_shared_mul/u_primary_mul/add_x_5/U631/Y (OAI21_X8M_A9TR)                                                                                                                                                                        0.0241     1.8474 f
  i_horcrux_top/i_horcrux/multiplier_tree_inst/u_shared_mul/u_primary_mul/add_x_5/U720/Y (AOI21_X8M_A9TR)                                                                                                                                                                        0.0276     1.8750 r
  i_horcrux_top/i_horcrux/multiplier_tree_inst/u_shared_mul/u_primary_mul/add_x_5/U665/Y (OAI21_X8M_A9TR)                                                                                                                                                                        0.0274     1.9024 f
  i_horcrux_top/i_horcrux/multiplier_tree_inst/u_shared_mul/u_primary_mul/add_x_5/U634/Y (AOI21_X8M_A9TR)                                                                                                                                                                        0.0301     1.9325 r
  i_horcrux_top/i_horcrux/multiplier_tree_inst/u_shared_mul/u_primary_mul/add_x_5/U655/Y (OA21A1OI2_X6M_A9TR)                                                                                                                                                                    0.0313     1.9638 f
  i_horcrux_top/i_horcrux/multiplier_tree_inst/u_shared_mul/u_primary_mul/add_x_5/U623/Y (NAND2_X4B_A9TR)                                                                                                                                                                        0.0194     1.9832 r
  i_horcrux_top/i_horcrux/multiplier_tree_inst/u_shared_mul/u_primary_mul/add_x_5/U706/Y (NAND3_X6M_A9TR)                                                                                                                                                                        0.0275     2.0108 f
  i_horcrux_top/i_horcrux/multiplier_tree_inst/u_shared_mul/u_primary_mul/add_x_5/U550/Y (XNOR2_X3M_A9TR)                                                                                                                                                                        0.0261     2.0369 r
  i_horcrux_top/i_horcrux/multiplier_tree_inst/u_shared_mul/u_primary_mul/add_x_5/SUM[16] (unified_mul_32x32_DW01_add_401)                                                                                                                                                       0.0000     2.0369 r
  i_horcrux_top/i_horcrux/multiplier_tree_inst/u_shared_mul/u_primary_mul/U894/Y (MX2_X8B_A9TR)                                                                                                                                                                                  0.0380     2.0749 r
  i_horcrux_top/i_horcrux/multiplier_tree_inst/u_shared_mul/u_primary_mul/add_x_6/A[16] (unified_mul_32x32_DW01_add_404)                                                                                                                                                         0.0000     2.0749 r
  i_horcrux_top/i_horcrux/multiplier_tree_inst/u_shared_mul/u_primary_mul/add_x_6/U600/Y (NAND2_X3B_A9TR)                                                                                                                                                                        0.0251     2.1000 f
  i_horcrux_top/i_horcrux/multiplier_tree_inst/u_shared_mul/u_primary_mul/add_x_6/U593/Y (OAI21_X6M_A9TR)                                                                                                                                                                        0.0234     2.1234 r
  i_horcrux_top/i_horcrux/multiplier_tree_inst/u_shared_mul/u_primary_mul/add_x_6/U700/Y (AOI21_X8M_A9TR)                                                                                                                                                                        0.0221     2.1455 f
  i_horcrux_top/i_horcrux/multiplier_tree_inst/u_shared_mul/u_primary_mul/add_x_6/U699/Y (OAI21_X8M_A9TR)                                                                                                                                                                        0.0261     2.1716 r
  i_horcrux_top/i_horcrux/multiplier_tree_inst/u_shared_mul/u_primary_mul/add_x_6/U767/Y (XNOR2_X4M_A9TR)                                                                                                                                                                        0.0372     2.2088 r
  i_horcrux_top/i_horcrux/multiplier_tree_inst/u_shared_mul/u_primary_mul/add_x_6/SUM[18] (unified_mul_32x32_DW01_add_404)                                                                                                                                                       0.0000     2.2088 r
  i_horcrux_top/i_horcrux/multiplier_tree_inst/u_shared_mul/u_primary_mul/U3924/Y (AO1B2_X6M_A9TR)                                                                                                                                                                               0.0376     2.2464 r
  i_horcrux_top/i_horcrux/multiplier_tree_inst/u_shared_mul/u_primary_mul/add_x_7/A[18] (unified_mul_32x32_DW01_add_406)                                                                                                                                                         0.0000     2.2464 r
  i_horcrux_top/i_horcrux/multiplier_tree_inst/u_shared_mul/u_primary_mul/add_x_7/U670/Y (XNOR2_X3M_A9TR)                                                                                                                                                                        0.0265     2.2728 r
  i_horcrux_top/i_horcrux/multiplier_tree_inst/u_shared_mul/u_primary_mul/add_x_7/U673/Y (XOR2_X4M_A9TR)                                                                                                                                                                         0.0418     2.3147 r
  i_horcrux_top/i_horcrux/multiplier_tree_inst/u_shared_mul/u_primary_mul/add_x_7/SUM[18] (unified_mul_32x32_DW01_add_406)                                                                                                                                                       0.0000     2.3147 r
  i_horcrux_top/i_horcrux/multiplier_tree_inst/u_shared_mul/u_primary_mul/U688/Y (NAND2_X4B_A9TR)                                                                                                                                                                                0.0209     2.3356 f
  i_horcrux_top/i_horcrux/multiplier_tree_inst/u_shared_mul/u_primary_mul/U671/Y (NAND2_X6A_A9TR)                                                                                                                                                                                0.0190     2.3546 r
  i_horcrux_top/i_horcrux/multiplier_tree_inst/u_shared_mul/u_primary_mul/add_x_8/A[18] (unified_mul_32x32_DW01_add_292)                                                                                                                                                         0.0000     2.3546 r
  i_horcrux_top/i_horcrux/multiplier_tree_inst/u_shared_mul/u_primary_mul/add_x_8/U619/Y (OR2_X6M_A9TR)                                                                                                                                                                          0.0303     2.3848 r
  i_horcrux_top/i_horcrux/multiplier_tree_inst/u_shared_mul/u_primary_mul/add_x_8/U635/Y (INV_X6B_A9TR)                                                                                                                                                                          0.0156     2.4004 f
  i_horcrux_top/i_horcrux/multiplier_tree_inst/u_shared_mul/u_primary_mul/add_x_8/U703/Y (OAI21_X8M_A9TR)                                                                                                                                                                        0.0196     2.4201 r
  i_horcrux_top/i_horcrux/multiplier_tree_inst/u_shared_mul/u_primary_mul/add_x_8/U853/Y (XNOR2_X4M_A9TR)                                                                                                                                                                        0.0385     2.4585 r
  i_horcrux_top/i_horcrux/multiplier_tree_inst/u_shared_mul/u_primary_mul/add_x_8/SUM[19] (unified_mul_32x32_DW01_add_292)                                                                                                                                                       0.0000     2.4585 r
  i_horcrux_top/i_horcrux/multiplier_tree_inst/u_shared_mul/u_primary_mul/U5005/Y (AO1B2_X6M_A9TR)                                                                                                                                                                               0.0375     2.4961 r
  i_horcrux_top/i_horcrux/multiplier_tree_inst/u_shared_mul/u_primary_mul/add_x_9/A[19] (unified_mul_32x32_DW01_add_384)                                                                                                                                                         0.0000     2.4961 r
  i_horcrux_top/i_horcrux/multiplier_tree_inst/u_shared_mul/u_primary_mul/add_x_9/U565/Y (NAND2_X6B_A9TR)                                                                                                                                                                        0.0188     2.5148 f
  i_horcrux_top/i_horcrux/multiplier_tree_inst/u_shared_mul/u_primary_mul/add_x_9/U520/Y (NAND2_X6A_A9TR)                                                                                                                                                                        0.0226     2.5374 r
  i_horcrux_top/i_horcrux/multiplier_tree_inst/u_shared_mul/u_primary_mul/add_x_9/U769/Y (XOR2_X4M_A9TR)                                                                                                                                                                         0.0344     2.5718 r
  i_horcrux_top/i_horcrux/multiplier_tree_inst/u_shared_mul/u_primary_mul/add_x_9/SUM[19] (unified_mul_32x32_DW01_add_384)                                                                                                                                                       0.0000     2.5718 r
  i_horcrux_top/i_horcrux/multiplier_tree_inst/u_shared_mul/u_primary_mul/U4187/Y (AO1B2_X6M_A9TR)                                                                                                                                                                               0.0359     2.6077 r
  i_horcrux_top/i_horcrux/multiplier_tree_inst/u_shared_mul/u_primary_mul/add_x_10/A[19] (unified_mul_32x32_DW01_add_387)                                                                                                                                                        0.0000     2.6077 r
  i_horcrux_top/i_horcrux/multiplier_tree_inst/u_shared_mul/u_primary_mul/add_x_10/U503/Y (OR2_X3M_A9TR)                                                                                                                                                                         0.0393     2.6470 r
  i_horcrux_top/i_horcrux/multiplier_tree_inst/u_shared_mul/u_primary_mul/add_x_10/U683/Y (NAND2_X4A_A9TR)                                                                                                                                                                       0.0165     2.6635 f
  i_horcrux_top/i_horcrux/multiplier_tree_inst/u_shared_mul/u_primary_mul/add_x_10/U606/Y (XOR2_X3M_A9TR)                                                                                                                                                                        0.0349     2.6983 f
  i_horcrux_top/i_horcrux/multiplier_tree_inst/u_shared_mul/u_primary_mul/add_x_10/SUM[19] (unified_mul_32x32_DW01_add_387)                                                                                                                                                      0.0000     2.6983 f
  i_horcrux_top/i_horcrux/multiplier_tree_inst/u_shared_mul/u_primary_mul/U416/Y (AO1B2_X4M_A9TR)                                                                                                                                                                                0.0364     2.7347 f
  i_horcrux_top/i_horcrux/multiplier_tree_inst/u_shared_mul/u_primary_mul/add_x_11/A[19] (unified_mul_32x32_DW01_add_295)                                                                                                                                                        0.0000     2.7347 f
  i_horcrux_top/i_horcrux/multiplier_tree_inst/u_shared_mul/u_primary_mul/add_x_11/U540/Y (OR2_X4M_A9TR)                                                                                                                                                                         0.0338     2.7685 f
  i_horcrux_top/i_horcrux/multiplier_tree_inst/u_shared_mul/u_primary_mul/add_x_11/U642/Y (NAND2_X4B_A9TR)                                                                                                                                                                       0.0174     2.7859 r
  i_horcrux_top/i_horcrux/multiplier_tree_inst/u_shared_mul/u_primary_mul/add_x_11/U641/Y (XNOR2_X4M_A9TR)                                                                                                                                                                       0.0246     2.8105 r
  i_horcrux_top/i_horcrux/multiplier_tree_inst/u_shared_mul/u_primary_mul/add_x_11/SUM[19] (unified_mul_32x32_DW01_add_295)                                                                                                                                                      0.0000     2.8105 r
  i_horcrux_top/i_horcrux/multiplier_tree_inst/u_shared_mul/u_primary_mul/U1092/Y (AO1B2_X6M_A9TR)                                                                                                                                                                               0.0367     2.8471 r
  i_horcrux_top/i_horcrux/multiplier_tree_inst/u_shared_mul/u_primary_mul/add_x_12/A[19] (unified_mul_32x32_DW01_add_205)                                                                                                                                                        0.0000     2.8471 r
  i_horcrux_top/i_horcrux/multiplier_tree_inst/u_shared_mul/u_primary_mul/add_x_12/U605/Y (OR2_X6M_A9TR)                                                                                                                                                                         0.0316     2.8788 r
  i_horcrux_top/i_horcrux/multiplier_tree_inst/u_shared_mul/u_primary_mul/add_x_12/U604/Y (NAND2_X4B_A9TR)                                                                                                                                                                       0.0184     2.8972 f
  i_horcrux_top/i_horcrux/multiplier_tree_inst/u_shared_mul/u_primary_mul/add_x_12/U602/Y (XNOR2_X4M_A9TR)                                                                                                                                                                       0.0235     2.9207 f
  i_horcrux_top/i_horcrux/multiplier_tree_inst/u_shared_mul/u_primary_mul/add_x_12/SUM[19] (unified_mul_32x32_DW01_add_205)                                                                                                                                                      0.0000     2.9207 f
  i_horcrux_top/i_horcrux/multiplier_tree_inst/u_shared_mul/u_primary_mul/U802/Y (AO1B2_X6M_A9TR)                                                                                                                                                                                0.0345     2.9552 f
  i_horcrux_top/i_horcrux/multiplier_tree_inst/u_shared_mul/u_primary_mul/add_x_13/A[19] (unified_mul_32x32_DW01_add_206)                                                                                                                                                        0.0000     2.9552 f
  i_horcrux_top/i_horcrux/multiplier_tree_inst/u_shared_mul/u_primary_mul/add_x_13/U631/Y (OR2_X6M_A9TR)                                                                                                                                                                         0.0296     2.9848 f
  i_horcrux_top/i_horcrux/multiplier_tree_inst/u_shared_mul/u_primary_mul/add_x_13/U606/Y (INV_X4B_A9TR)                                                                                                                                                                         0.0156     3.0004 r
  i_horcrux_top/i_horcrux/multiplier_tree_inst/u_shared_mul/u_primary_mul/add_x_13/U540/Y (OAI21_X8M_A9TR)                                                                                                                                                                       0.0212     3.0217 f
  i_horcrux_top/i_horcrux/multiplier_tree_inst/u_shared_mul/u_primary_mul/add_x_13/U527/Y (XNOR2_X4M_A9TR)                                                                                                                                                                       0.0386     3.0603 f
  i_horcrux_top/i_horcrux/multiplier_tree_inst/u_shared_mul/u_primary_mul/add_x_13/SUM[20] (unified_mul_32x32_DW01_add_206)                                                                                                                                                      0.0000     3.0603 f
  i_horcrux_top/i_horcrux/multiplier_tree_inst/u_shared_mul/u_primary_mul/U4952/Y (NAND2_X6B_A9TR)                                                                                                                                                                               0.0193     3.0796 r
  i_horcrux_top/i_horcrux/multiplier_tree_inst/u_shared_mul/u_primary_mul/U4953/Y (AO1B2_X6M_A9TR)                                                                                                                                                                               0.0278     3.1074 f
  i_horcrux_top/i_horcrux/multiplier_tree_inst/u_shared_mul/u_primary_mul/add_x_14/A[20] (unified_mul_32x32_DW01_add_207)                                                                                                                                                        0.0000     3.1074 f
  i_horcrux_top/i_horcrux/multiplier_tree_inst/u_shared_mul/u_primary_mul/add_x_14/U522/Y (NOR2_X8A_A9TR)                                                                                                                                                                        0.0247     3.1322 r
  i_horcrux_top/i_horcrux/multiplier_tree_inst/u_shared_mul/u_primary_mul/add_x_14/U464/Y (INV_X7P5M_A9TR)                                                                                                                                                                       0.0142     3.1464 f
  i_horcrux_top/i_horcrux/multiplier_tree_inst/u_shared_mul/u_primary_mul/add_x_14/U483/Y (NAND2_X6B_A9TR)                                                                                                                                                                       0.0131     3.1595 r
  i_horcrux_top/i_horcrux/multiplier_tree_inst/u_shared_mul/u_primary_mul/add_x_14/U605/Y (XOR2_X4M_A9TR)                                                                                                                                                                        0.0240     3.1835 r
  i_horcrux_top/i_horcrux/multiplier_tree_inst/u_shared_mul/u_primary_mul/add_x_14/SUM[20] (unified_mul_32x32_DW01_add_207)                                                                                                                                                      0.0000     3.1835 r
  i_horcrux_top/i_horcrux/multiplier_tree_inst/u_shared_mul/u_primary_mul/U1031/Y (NAND2_X4M_A9TR)                                                                                                                                                                               0.0199     3.2035 f
  i_horcrux_top/i_horcrux/multiplier_tree_inst/u_shared_mul/u_primary_mul/U1561/Y (NAND2_X8B_A9TR)                                                                                                                                                                               0.0217     3.2252 r
  i_horcrux_top/i_horcrux/multiplier_tree_inst/u_shared_mul/u_primary_mul/add_x_15/A[20] (unified_mul_32x32_DW01_add_224)                                                                                                                                                        0.0000     3.2252 r
  i_horcrux_top/i_horcrux/multiplier_tree_inst/u_shared_mul/u_primary_mul/add_x_15/U490/Y (OR2_X8M_A9TR)                                                                                                                                                                         0.0324     3.2576 r
  i_horcrux_top/i_horcrux/multiplier_tree_inst/u_shared_mul/u_primary_mul/add_x_15/U464/Y (NAND2_X4B_A9TR)                                                                                                                                                                       0.0184     3.2760 f
  i_horcrux_top/i_horcrux/multiplier_tree_inst/u_shared_mul/u_primary_mul/add_x_15/U506/Y (XNOR2_X4M_A9TR)                                                                                                                                                                       0.0229     3.2989 f
  i_horcrux_top/i_horcrux/multiplier_tree_inst/u_shared_mul/u_primary_mul/add_x_15/SUM[20] (unified_mul_32x32_DW01_add_224)                                                                                                                                                      0.0000     3.2989 f
  i_horcrux_top/i_horcrux/multiplier_tree_inst/u_shared_mul/u_primary_mul/U303/Y (AO1B2_X4M_A9TR)                                                                                                                                                                                0.0374     3.3363 f
  i_horcrux_top/i_horcrux/multiplier_tree_inst/u_shared_mul/u_primary_mul/add_x_16/A[20] (unified_mul_32x32_DW01_add_225)                                                                                                                                                        0.0000     3.3363 f
  i_horcrux_top/i_horcrux/multiplier_tree_inst/u_shared_mul/u_primary_mul/add_x_16/U541/Y (OR2_X6M_A9TR)                                                                                                                                                                         0.0308     3.3671 f
  i_horcrux_top/i_horcrux/multiplier_tree_inst/u_shared_mul/u_primary_mul/add_x_16/U470/Y (NAND2_X4M_A9TR)                                                                                                                                                                       0.0176     3.3847 r
  i_horcrux_top/i_horcrux/multiplier_tree_inst/u_shared_mul/u_primary_mul/add_x_16/U656/Y (XNOR2_X4M_A9TR)                                                                                                                                                                       0.0259     3.4106 r
  i_horcrux_top/i_horcrux/multiplier_tree_inst/u_shared_mul/u_primary_mul/add_x_16/SUM[20] (unified_mul_32x32_DW01_add_225)                                                                                                                                                      0.0000     3.4106 r
  i_horcrux_top/i_horcrux/multiplier_tree_inst/u_shared_mul/u_primary_mul/U5180/Y (NAND2_X6B_A9TR)                                                                                                                                                                               0.0183     3.4289 f
  i_horcrux_top/i_horcrux/multiplier_tree_inst/u_shared_mul/u_primary_mul/U2082/Y (AO1B2_X6M_A9TR)                                                                                                                                                                               0.0255     3.4544 r
  i_horcrux_top/i_horcrux/multiplier_tree_inst/u_shared_mul/u_primary_mul/add_x_17/A[20] (unified_mul_32x32_DW01_add_226)                                                                                                                                                        0.0000     3.4544 r
  i_horcrux_top/i_horcrux/multiplier_tree_inst/u_shared_mul/u_primary_mul/add_x_17/U491/Y (OR2_X11M_A9TR)                                                                                                                                                                        0.0275     3.4818 r
  i_horcrux_top/i_horcrux/multiplier_tree_inst/u_shared_mul/u_primary_mul/add_x_17/U468/Y (INV_X2P5M_A9TR)                                                                                                                                                                       0.0142     3.4961 f
  i_horcrux_top/i_horcrux/multiplier_tree_inst/u_shared_mul/u_primary_mul/add_x_17/U558/Y (OAI21_X3M_A9TR)                                                                                                                                                                       0.0256     3.5216 r
  i_horcrux_top/i_horcrux/multiplier_tree_inst/u_shared_mul/u_primary_mul/add_x_17/U646/Y (XNOR2_X4M_A9TR)                                                                                                                                                                       0.0386     3.5603 r
  i_horcrux_top/i_horcrux/multiplier_tree_inst/u_shared_mul/u_primary_mul/add_x_17/SUM[21] (unified_mul_32x32_DW01_add_226)                                                                                                                                                      0.0000     3.5603 r
  i_horcrux_top/i_horcrux/multiplier_tree_inst/u_shared_mul/u_primary_mul/U1082/Y (AO1B2_X6M_A9TR)                                                                                                                                                                               0.0359     3.5962 r
  i_horcrux_top/i_horcrux/multiplier_tree_inst/u_shared_mul/u_primary_mul/add_x_18/A[21] (unified_mul_32x32_DW01_add_240)                                                                                                                                                        0.0000     3.5962 r
  i_horcrux_top/i_horcrux/multiplier_tree_inst/u_shared_mul/u_primary_mul/add_x_18/U509/Y (OR2_X4B_A9TR)                                                                                                                                                                         0.0313     3.6275 r
  i_horcrux_top/i_horcrux/multiplier_tree_inst/u_shared_mul/u_primary_mul/add_x_18/U639/Y (NAND2_X3A_A9TR)                                                                                                                                                                       0.0212     3.6487 f
  i_horcrux_top/i_horcrux/multiplier_tree_inst/u_shared_mul/u_primary_mul/add_x_18/U640/Y (XNOR2_X4M_A9TR)                                                                                                                                                                       0.0263     3.6749 f
  i_horcrux_top/i_horcrux/multiplier_tree_inst/u_shared_mul/u_primary_mul/add_x_18/SUM[21] (unified_mul_32x32_DW01_add_240)                                                                                                                                                      0.0000     3.6749 f
  i_horcrux_top/i_horcrux/multiplier_tree_inst/u_shared_mul/u_primary_mul/U1427/Y (NAND2_X6B_A9TR)                                                                                                                                                                               0.0174     3.6924 r
  i_horcrux_top/i_horcrux/multiplier_tree_inst/u_shared_mul/u_primary_mul/U1627/Y (NAND2_X4B_A9TR)                                                                                                                                                                               0.0244     3.7168 f
  i_horcrux_top/i_horcrux/multiplier_tree_inst/u_shared_mul/u_primary_mul/add_x_19/A[21] (unified_mul_32x32_DW01_add_241)                                                                                                                                                        0.0000     3.7168 f
  i_horcrux_top/i_horcrux/multiplier_tree_inst/u_shared_mul/u_primary_mul/add_x_19/U551/Y (NOR2_X8A_A9TR)                                                                                                                                                                        0.0244     3.7412 r
  i_horcrux_top/i_horcrux/multiplier_tree_inst/u_shared_mul/u_primary_mul/add_x_19/U441/Y (INV_X6M_A9TR)                                                                                                                                                                         0.0145     3.7557 f
  i_horcrux_top/i_horcrux/multiplier_tree_inst/u_shared_mul/u_primary_mul/add_x_19/U552/Y (NAND2_X4B_A9TR)                                                                                                                                                                       0.0155     3.7712 r
  i_horcrux_top/i_horcrux/multiplier_tree_inst/u_shared_mul/u_primary_mul/add_x_19/U618/Y (XOR2_X4M_A9TR)                                                                                                                                                                        0.0264     3.7976 r
  i_horcrux_top/i_horcrux/multiplier_tree_inst/u_shared_mul/u_primary_mul/add_x_19/SUM[21] (unified_mul_32x32_DW01_add_241)                                                                                                                                                      0.0000     3.7976 r
  i_horcrux_top/i_horcrux/multiplier_tree_inst/u_shared_mul/u_primary_mul/U696/Y (NAND2_X6M_A9TR)                                                                                                                                                                                0.0166     3.8142 f
  i_horcrux_top/i_horcrux/multiplier_tree_inst/u_shared_mul/u_primary_mul/U3963/Y (AO21B_X6M_A9TR)                                                                                                                                                                               0.0212     3.8354 r
  i_horcrux_top/i_horcrux/multiplier_tree_inst/u_shared_mul/u_primary_mul/add_x_20/A[21] (unified_mul_32x32_DW01_add_330)                                                                                                                                                        0.0000     3.8354 r
  i_horcrux_top/i_horcrux/multiplier_tree_inst/u_shared_mul/u_primary_mul/add_x_20/U411/Y (NAND2_X4B_A9TR)                                                                                                                                                                       0.0208     3.8562 f
  i_horcrux_top/i_horcrux/multiplier_tree_inst/u_shared_mul/u_primary_mul/add_x_20/U530/Y (OAI21_X6M_A9TR)                                                                                                                                                                       0.0353     3.8915 r
  i_horcrux_top/i_horcrux/multiplier_tree_inst/u_shared_mul/u_primary_mul/add_x_20/U577/Y (XNOR2_X4M_A9TR)                                                                                                                                                                       0.0376     3.9291 r
  i_horcrux_top/i_horcrux/multiplier_tree_inst/u_shared_mul/u_primary_mul/add_x_20/SUM[22] (unified_mul_32x32_DW01_add_330)                                                                                                                                                      0.0000     3.9291 r
  i_horcrux_top/i_horcrux/multiplier_tree_inst/u_shared_mul/u_primary_mul/U2949/Y (OAI22BB_X6M_A9TR)                                                                                                                                                                             0.0357     3.9648 r
  i_horcrux_top/i_horcrux/multiplier_tree_inst/u_shared_mul/u_primary_mul/add_x_21/A[22] (unified_mul_32x32_DW01_add_305)                                                                                                                                                        0.0000     3.9648 r
  i_horcrux_top/i_horcrux/multiplier_tree_inst/u_shared_mul/u_primary_mul/add_x_21/U489/Y (OR2_X4M_A9TR)                                                                                                                                                                         0.0370     4.0018 r
  i_horcrux_top/i_horcrux/multiplier_tree_inst/u_shared_mul/u_primary_mul/add_x_21/U490/Y (NAND2_X2B_A9TR)                                                                                                                                                                       0.0219     4.0237 f
  i_horcrux_top/i_horcrux/multiplier_tree_inst/u_shared_mul/u_primary_mul/add_x_21/U423/Y (XNOR2_X1P4M_A9TR)                                                                                                                                                                     0.0324     4.0562 f
  i_horcrux_top/i_horcrux/multiplier_tree_inst/u_shared_mul/u_primary_mul/add_x_21/SUM[22] (unified_mul_32x32_DW01_add_305)                                                                                                                                                      0.0000     4.0562 f
  i_horcrux_top/i_horcrux/multiplier_tree_inst/u_shared_mul/u_primary_mul/U208/Y (OAI22BB_X4M_A9TR)                                                                                                                                                                              0.0460     4.1022 f
  i_horcrux_top/i_horcrux/multiplier_tree_inst/u_shared_mul/u_primary_mul/add_x_22/A[22] (unified_mul_32x32_DW01_add_264)                                                                                                                                                        0.0000     4.1022 f
  i_horcrux_top/i_horcrux/multiplier_tree_inst/u_shared_mul/u_primary_mul/add_x_22/U523/Y (NAND2_X3B_A9TR)                                                                                                                                                                       0.0413     4.1435 r
  i_horcrux_top/i_horcrux/multiplier_tree_inst/u_shared_mul/u_primary_mul/add_x_22/U524/Y (OAI21_X6M_A9TR)                                                                                                                                                                       0.0402     4.1837 f
  i_horcrux_top/i_horcrux/multiplier_tree_inst/u_shared_mul/u_primary_mul/add_x_22/U426/Y (AOI21_X8M_A9TR)                                                                                                                                                                       0.0288     4.2125 r
  i_horcrux_top/i_horcrux/multiplier_tree_inst/u_shared_mul/u_primary_mul/add_x_22/U425/Y (OAI21_X8M_A9TR)                                                                                                                                                                       0.0244     4.2369 f
  i_horcrux_top/i_horcrux/multiplier_tree_inst/u_shared_mul/u_primary_mul/add_x_22/U483/Y (AOI21B_X8M_A9TR)                                                                                                                                                                      0.0279     4.2648 r
  i_horcrux_top/i_horcrux/multiplier_tree_inst/u_shared_mul/u_primary_mul/add_x_22/U563/Y (XOR2_X4M_A9TR)                                                                                                                                                                        0.0361     4.3009 r
  i_horcrux_top/i_horcrux/multiplier_tree_inst/u_shared_mul/u_primary_mul/add_x_22/SUM[27] (unified_mul_32x32_DW01_add_264)                                                                                                                                                      0.0000     4.3009 r
  i_horcrux_top/i_horcrux/multiplier_tree_inst/u_shared_mul/u_primary_mul/U2705/Y (AO21_X6M_A9TR)                                                                                                                                                                                0.0384     4.3393 r
  i_horcrux_top/i_horcrux/multiplier_tree_inst/u_shared_mul/u_primary_mul/add_x_23/A[27] (unified_mul_32x32_DW01_add_332)                                                                                                                                                        0.0000     4.3393 r
  i_horcrux_top/i_horcrux/multiplier_tree_inst/u_shared_mul/u_primary_mul/add_x_23/U386/Y (NOR2_X6A_A9TR)                                                                                                                                                                        0.0166     4.3559 f
  i_horcrux_top/i_horcrux/multiplier_tree_inst/u_shared_mul/u_primary_mul/add_x_23/U383/Y (INV_X6M_A9TR)                                                                                                                                                                         0.0195     4.3754 r
  i_horcrux_top/i_horcrux/multiplier_tree_inst/u_shared_mul/u_primary_mul/add_x_23/U380/Y (NAND2_X4B_A9TR)                                                                                                                                                                       0.0194     4.3948 f
  i_horcrux_top/i_horcrux/multiplier_tree_inst/u_shared_mul/u_primary_mul/add_x_23/U532/Y (XOR2_X4M_A9TR)                                                                                                                                                                        0.0238     4.4186 f
  i_horcrux_top/i_horcrux/multiplier_tree_inst/u_shared_mul/u_primary_mul/add_x_23/SUM[27] (unified_mul_32x32_DW01_add_332)                                                                                                                                                      0.0000     4.4186 f
  i_horcrux_top/i_horcrux/multiplier_tree_inst/u_shared_mul/u_primary_mul/U2710/Y (AO1B2_X6M_A9TR)                                                                                                                                                                               0.0351     4.4538 f
  i_horcrux_top/i_horcrux/multiplier_tree_inst/u_shared_mul/u_primary_mul/add_x_24/A[27] (unified_mul_32x32_DW01_add_333)                                                                                                                                                        0.0000     4.4538 f
  i_horcrux_top/i_horcrux/multiplier_tree_inst/u_shared_mul/u_primary_mul/add_x_24/U439/Y (NOR2_X8A_A9TR)                                                                                                                                                                        0.0251     4.4789 r
  i_horcrux_top/i_horcrux/multiplier_tree_inst/u_shared_mul/u_primary_mul/add_x_24/U390/Y (INV_X6M_A9TR)                                                                                                                                                                         0.0145     4.4933 f
  i_horcrux_top/i_horcrux/multiplier_tree_inst/u_shared_mul/u_primary_mul/add_x_24/U378/Y (NAND2_X4M_A9TR)                                                                                                                                                                       0.0166     4.5100 r
  i_horcrux_top/i_horcrux/multiplier_tree_inst/u_shared_mul/u_primary_mul/add_x_24/U539/Y (XOR2_X4M_A9TR)                                                                                                                                                                        0.0243     4.5342 r
  i_horcrux_top/i_horcrux/multiplier_tree_inst/u_shared_mul/u_primary_mul/add_x_24/SUM[27] (unified_mul_32x32_DW01_add_333)                                                                                                                                                      0.0000     4.5342 r
  i_horcrux_top/i_horcrux/multiplier_tree_inst/u_shared_mul/u_primary_mul/U2081/Y (AO1B2_X6M_A9TR)                                                                                                                                                                               0.0370     4.5713 r
  i_horcrux_top/i_horcrux/multiplier_tree_inst/u_shared_mul/u_primary_mul/add_x_25/A[27] (unified_mul_32x32_DW01_add_279)                                                                                                                                                        0.0000     4.5713 r
  i_horcrux_top/i_horcrux/multiplier_tree_inst/u_shared_mul/u_primary_mul/add_x_25/U400/Y (OR2_X8M_A9TR)                                                                                                                                                                         0.0313     4.6026 r
  i_horcrux_top/i_horcrux/multiplier_tree_inst/u_shared_mul/u_primary_mul/add_x_25/U369/Y (INV_X4M_A9TR)                                                                                                                                                                         0.0138     4.6164 f
  i_horcrux_top/i_horcrux/multiplier_tree_inst/u_shared_mul/u_primary_mul/add_x_25/U452/Y (OAI21_X8M_A9TR)                                                                                                                                                                       0.0189     4.6354 r
  i_horcrux_top/i_horcrux/multiplier_tree_inst/u_shared_mul/u_primary_mul/add_x_25/U523/Y (XNOR2_X4M_A9TR)                                                                                                                                                                       0.0389     4.6743 r
  i_horcrux_top/i_horcrux/multiplier_tree_inst/u_shared_mul/u_primary_mul/add_x_25/SUM[28] (unified_mul_32x32_DW01_add_279)                                                                                                                                                      0.0000     4.6743 r
  i_horcrux_top/i_horcrux/multiplier_tree_inst/u_shared_mul/u_primary_mul/U1180/Y (AO21_X6M_A9TR)                                                                                                                                                                                0.0370     4.7113 r
  i_horcrux_top/i_horcrux/multiplier_tree_inst/u_shared_mul/u_primary_mul/add_x_26/A[28] (unified_mul_32x32_DW01_add_335)                                                                                                                                                        0.0000     4.7113 r
  i_horcrux_top/i_horcrux/multiplier_tree_inst/u_shared_mul/u_primary_mul/add_x_26/U340/Y (OR2_X4B_A9TR)                                                                                                                                                                         0.0297     4.7410 r
  i_horcrux_top/i_horcrux/multiplier_tree_inst/u_shared_mul/u_primary_mul/add_x_26/U339/Y (NAND2_X3B_A9TR)                                                                                                                                                                       0.0219     4.7628 f
  i_horcrux_top/i_horcrux/multiplier_tree_inst/u_shared_mul/u_primary_mul/add_x_26/U490/Y (XNOR2_X4M_A9TR)                                                                                                                                                                       0.0252     4.7881 f
  i_horcrux_top/i_horcrux/multiplier_tree_inst/u_shared_mul/u_primary_mul/add_x_26/SUM[28] (unified_mul_32x32_DW01_add_335)                                                                                                                                                      0.0000     4.7881 f
  i_horcrux_top/i_horcrux/multiplier_tree_inst/u_shared_mul/u_primary_mul/U2715/Y (AO1B2_X6M_A9TR)                                                                                                                                                                               0.0363     4.8243 f
  i_horcrux_top/i_horcrux/multiplier_tree_inst/u_shared_mul/u_primary_mul/add_x_27/A[28] (unified_mul_32x32_DW01_add_396)                                                                                                                                                        0.0000     4.8243 f
  i_horcrux_top/i_horcrux/multiplier_tree_inst/u_shared_mul/u_primary_mul/add_x_27/U436/Y (OR2_X6M_A9TR)                                                                                                                                                                         0.0322     4.8565 f
  i_horcrux_top/i_horcrux/multiplier_tree_inst/u_shared_mul/u_primary_mul/add_x_27/U489/Y (NAND2_X6B_A9TR)                                                                                                                                                                       0.0143     4.8709 r
  i_horcrux_top/i_horcrux/multiplier_tree_inst/u_shared_mul/u_primary_mul/add_x_27/U490/Y (XNOR2_X4M_A9TR)                                                                                                                                                                       0.0233     4.8942 r
  i_horcrux_top/i_horcrux/multiplier_tree_inst/u_shared_mul/u_primary_mul/add_x_27/SUM[28] (unified_mul_32x32_DW01_add_396)                                                                                                                                                      0.0000     4.8942 r
  i_horcrux_top/i_horcrux/multiplier_tree_inst/u_shared_mul/u_primary_mul/U1261/Y (AO1B2_X6M_A9TR)                                                                                                                                                                               0.0356     4.9298 r
  i_horcrux_top/i_horcrux/multiplier_tree_inst/u_shared_mul/u_primary_mul/add_x_28/A[28] (unified_mul_32x32_DW01_add_370)                                                                                                                                                        0.0000     4.9298 r
  i_horcrux_top/i_horcrux/multiplier_tree_inst/u_shared_mul/u_primary_mul/add_x_28/U467/Y (AND2_X11M_A9TR)                                                                                                                                                                       0.0313     4.9611 r
  i_horcrux_top/i_horcrux/multiplier_tree_inst/u_shared_mul/u_primary_mul/add_x_28/U458/Y (INV_X1P2B_A9TR)                                                                                                                                                                       0.0243     4.9854 f
  i_horcrux_top/i_horcrux/multiplier_tree_inst/u_shared_mul/u_primary_mul/add_x_28/U485/Y (AND2_X3B_A9TR)                                                                                                                                                                        0.0337     5.0191 f
  i_horcrux_top/i_horcrux/multiplier_tree_inst/u_shared_mul/u_primary_mul/add_x_28/SUM[28] (unified_mul_32x32_DW01_add_370)                                                                                                                                                      0.0000     5.0191 f
  i_horcrux_top/i_horcrux/multiplier_tree_inst/u_shared_mul/u_primary_mul/U5132/Y (NAND2_X6B_A9TR)                                                                                                                                                                               0.0129     5.0319 r
  i_horcrux_top/i_horcrux/multiplier_tree_inst/u_shared_mul/u_primary_mul/U5133/Y (OAI21_X8M_A9TR)                                                                                                                                                                               0.0374     5.0693 f
  i_horcrux_top/i_horcrux/multiplier_tree_inst/u_shared_mul/u_primary_mul/prod_o[28] (unified_mul_32x32)                                                                                                                                                                         0.0000     5.0693 f
  i_horcrux_top/i_horcrux/multiplier_tree_inst/u_shared_mul/U285/Y (AND2_X6B_A9TR)                                                                                                                                                                                               0.0369     5.1062 f
  i_horcrux_top/i_horcrux/multiplier_tree_inst/u_shared_mul/mult_x_3/a[28] (shared_multiplication_logic_DW_mult_uns_0)                                                                                                                                                           0.0000     5.1062 f
  i_horcrux_top/i_horcrux/multiplier_tree_inst/u_shared_mul/mult_x_3/U1404/Y (XNOR2_X4M_A9TR)                                                                                                                                                                                    0.0246     5.1308 r
  i_horcrux_top/i_horcrux/multiplier_tree_inst/u_shared_mul/mult_x_3/U1405/Y (OAI22_X6M_A9TR)                                                                                                                                                                                    0.0343     5.1651 f
  i_horcrux_top/i_horcrux/multiplier_tree_inst/u_shared_mul/mult_x_3/U853/Y (AO1B2_X2M_A9TR)                                                                                                                                                                                     0.0509     5.2160 f
  i_horcrux_top/i_horcrux/multiplier_tree_inst/u_shared_mul/mult_x_3/U1449/Y (XNOR2_X2M_A9TR)                                                                                                                                                                                    0.0378     5.2539 f
  i_horcrux_top/i_horcrux/multiplier_tree_inst/u_shared_mul/mult_x_3/U841/Y (XNOR2_X3M_A9TR)                                                                                                                                                                                     0.0446     5.2985 f
  i_horcrux_top/i_horcrux/multiplier_tree_inst/u_shared_mul/mult_x_3/product[29] (shared_multiplication_logic_DW_mult_uns_0)                                                                                                                                                     0.0000     5.2985 f
  i_horcrux_top/i_horcrux/multiplier_tree_inst/u_shared_mul/U255/Y (AO1B2_X4M_A9TR)                                                                                                                                                                                              0.0395     5.3381 f
  i_horcrux_top/i_horcrux/multiplier_tree_inst/u_shared_mul/U109/Y (NAND2B_X1M_A9TR)                                                                                                                                                                                             0.0620     5.4000 f
  i_horcrux_top/i_horcrux/multiplier_tree_inst/u_shared_mul/DP_OP_46J11_122_2489/I1[29] (shared_multiplication_logic_DP_OP_46J11_122_2489_2)                                                                                                                                     0.0000     5.4000 f
  i_horcrux_top/i_horcrux/multiplier_tree_inst/u_shared_mul/DP_OP_46J11_122_2489/U3507/Y (BUF_X3P5M_A9TR)                                                                                                                                                                        0.0685     5.4685 f
  i_horcrux_top/i_horcrux/multiplier_tree_inst/u_shared_mul/DP_OP_46J11_122_2489/U3759/Y (AOI222_X0P5M_A9TR)                                                                                                                                                                     0.1155     5.5841 r
  i_horcrux_top/i_horcrux/multiplier_tree_inst/u_shared_mul/DP_OP_46J11_122_2489/U3455/Y (OAI21_X1P4M_A9TR)                                                                                                                                                                      0.0595     5.6436 f
  i_horcrux_top/i_horcrux/multiplier_tree_inst/u_shared_mul/DP_OP_46J11_122_2489/U5212/Y (XOR2_X2M_A9TR)                                                                                                                                                                         0.0489     5.6925 f
  i_horcrux_top/i_horcrux/multiplier_tree_inst/u_shared_mul/DP_OP_46J11_122_2489/U5213/Y (INV_X3P5B_A9TR)                                                                                                                                                                        0.0310     5.7235 r
  i_horcrux_top/i_horcrux/multiplier_tree_inst/u_shared_mul/DP_OP_46J11_122_2489/U5414/Y (NAND2_X2M_A9TR)                                                                                                                                                                        0.0287     5.7522 f
  i_horcrux_top/i_horcrux/multiplier_tree_inst/u_shared_mul/DP_OP_46J11_122_2489/U5415/Y (INV_X0P5B_A9TR)                                                                                                                                                                        0.0453     5.7975 r
  i_horcrux_top/i_horcrux/multiplier_tree_inst/u_shared_mul/DP_OP_46J11_122_2489/U3390/Y (AOI21_X2M_A9TR)                                                                                                                                                                        0.0396     5.8371 f
  i_horcrux_top/i_horcrux/multiplier_tree_inst/u_shared_mul/DP_OP_46J11_122_2489/U5418/Y (OAI21_X4M_A9TR)                                                                                                                                                                        0.0242     5.8613 r
  i_horcrux_top/i_horcrux/multiplier_tree_inst/u_shared_mul/DP_OP_46J11_122_2489/U5419/Y (AOI21_X4M_A9TR)                                                                                                                                                                        0.0224     5.8837 f
  i_horcrux_top/i_horcrux/multiplier_tree_inst/u_shared_mul/DP_OP_46J11_122_2489/U5420/Y (OAI21_X6M_A9TR)                                                                                                                                                                        0.0253     5.9090 r
  i_horcrux_top/i_horcrux/multiplier_tree_inst/u_shared_mul/DP_OP_46J11_122_2489/U5421/Y (OA1B2_X6M_A9TR)                                                                                                                                                                        0.0275     5.9365 f
  i_horcrux_top/i_horcrux/multiplier_tree_inst/u_shared_mul/DP_OP_46J11_122_2489/U4051/Y (INV_X0P5B_A9TR)                                                                                                                                                                        0.0392     5.9757 r
  i_horcrux_top/i_horcrux/multiplier_tree_inst/u_shared_mul/DP_OP_46J11_122_2489/U4050/Y (AND2_X1M_A9TR)                                                                                                                                                                         0.0520     6.0276 r
  i_horcrux_top/i_horcrux/multiplier_tree_inst/u_shared_mul/DP_OP_46J11_122_2489/U4049/Y (OAI21_X3M_A9TR)                                                                                                                                                                        0.0285     6.0561 f
  i_horcrux_top/i_horcrux/multiplier_tree_inst/u_shared_mul/DP_OP_46J11_122_2489/U3292/Y (NAND2XB_X3M_A9TR)                                                                                                                                                                      0.0277     6.0838 r
  i_horcrux_top/i_horcrux/multiplier_tree_inst/u_shared_mul/DP_OP_46J11_122_2489/U4048/Y (OAI21_X4M_A9TR)                                                                                                                                                                        0.0255     6.1092 f
  i_horcrux_top/i_horcrux/multiplier_tree_inst/u_shared_mul/DP_OP_46J11_122_2489/U4047/Y (NAND2_X4B_A9TR)                                                                                                                                                                        0.0244     6.1336 r
  i_horcrux_top/i_horcrux/multiplier_tree_inst/u_shared_mul/DP_OP_46J11_122_2489/U5431/Y (AO1B2_X4M_A9TR)                                                                                                                                                                        0.0373     6.1709 r
  i_horcrux_top/i_horcrux/multiplier_tree_inst/u_shared_mul/DP_OP_46J11_122_2489/U5435/Y (AOI2XB1_X6M_A9TR)                                                                                                                                                                      0.0250     6.1960 f
  i_horcrux_top/i_horcrux/multiplier_tree_inst/u_shared_mul/DP_OP_46J11_122_2489/U4029/Y (OAI22_X6M_A9TR)                                                                                                                                                                        0.0254     6.2214 r
  i_horcrux_top/i_horcrux/multiplier_tree_inst/u_shared_mul/DP_OP_46J11_122_2489/U3192/Y (AO21B_X4M_A9TR)                                                                                                                                                                        0.0403     6.2616 r
  i_horcrux_top/i_horcrux/multiplier_tree_inst/u_shared_mul/DP_OP_46J11_122_2489/U3179/Y (INV_X5M_A9TR)                                                                                                                                                                          0.0156     6.2772 f
  i_horcrux_top/i_horcrux/multiplier_tree_inst/u_shared_mul/DP_OP_46J11_122_2489/U5474/Y (OAI21_X8M_A9TR)                                                                                                                                                                        0.0186     6.2957 r
  i_horcrux_top/i_horcrux/multiplier_tree_inst/u_shared_mul/DP_OP_46J11_122_2489/U4045/Y (AO1B2_X4M_A9TR)                                                                                                                                                                        0.0337     6.3294 r
  i_horcrux_top/i_horcrux/multiplier_tree_inst/u_shared_mul/DP_OP_46J11_122_2489/U4044/Y (AO1B2_X2M_A9TR)                                                                                                                                                                        0.0404     6.3698 r
  i_horcrux_top/i_horcrux/multiplier_tree_inst/u_shared_mul/DP_OP_46J11_122_2489/U4043/Y (AOI21B_X3M_A9TR)                                                                                                                                                                       0.0355     6.4054 f
  i_horcrux_top/i_horcrux/multiplier_tree_inst/u_shared_mul/DP_OP_46J11_122_2489/U5486/Y (OAI22BB_X3M_A9TR)                                                                                                                                                                      0.0277     6.4331 r
  i_horcrux_top/i_horcrux/multiplier_tree_inst/u_shared_mul/DP_OP_46J11_122_2489/U5662/CO (ADDF_X2M_A9TR)                                                                                                                                                                        0.0733     6.5064 r
  i_horcrux_top/i_horcrux/multiplier_tree_inst/u_shared_mul/DP_OP_46J11_122_2489/U3143/Y (AO1B2_X4M_A9TR)                                                                                                                                                                        0.0370     6.5434 r
  i_horcrux_top/i_horcrux/multiplier_tree_inst/u_shared_mul/DP_OP_46J11_122_2489/U5663/CO (ADDF_X2M_A9TR)                                                                                                                                                                        0.0511     6.5945 r
  i_horcrux_top/i_horcrux/multiplier_tree_inst/u_shared_mul/DP_OP_46J11_122_2489/U5664/CO (ADDF_X2M_A9TR)                                                                                                                                                                        0.0584     6.6529 r
  i_horcrux_top/i_horcrux/multiplier_tree_inst/u_shared_mul/DP_OP_46J11_122_2489/U3971/Y (AO1B2_X4M_A9TR)                                                                                                                                                                        0.0335     6.6865 r
  i_horcrux_top/i_horcrux/multiplier_tree_inst/u_shared_mul/DP_OP_46J11_122_2489/U5666/CO (ADDF_X2M_A9TR)                                                                                                                                                                        0.0554     6.7419 r
  i_horcrux_top/i_horcrux/multiplier_tree_inst/u_shared_mul/DP_OP_46J11_122_2489/U3101/Y (AO1B2_X3M_A9TR)                                                                                                                                                                        0.0355     6.7773 r
  i_horcrux_top/i_horcrux/multiplier_tree_inst/u_shared_mul/DP_OP_46J11_122_2489/U5668/CO (ADDF_X2M_A9TR)                                                                                                                                                                        0.0565     6.8339 r
  i_horcrux_top/i_horcrux/multiplier_tree_inst/u_shared_mul/DP_OP_46J11_122_2489/U3098/Y (XOR2_X0P7M_A9TR)                                                                                                                                                                       0.0532     6.8871 r
  i_horcrux_top/i_horcrux/multiplier_tree_inst/u_shared_mul/DP_OP_46J11_122_2489/O1[61] (shared_multiplication_logic_DP_OP_46J11_122_2489_2)                                                                                                                                     0.0000     6.8871 r
  i_horcrux_top/i_horcrux/multiplier_tree_inst/u_shared_mul/U213/Y (AOI21B_X3M_A9TR)                                                                                                                                                                                             0.0445     6.9316 f
  i_horcrux_top/i_horcrux/multiplier_tree_inst/u_shared_mul/U117/Y (AO21B_X6M_A9TR)                                                                                                                                                                                              0.0395     6.9711 r
  i_horcrux_top/i_horcrux/multiplier_tree_inst/u_shared_mul/res_lo_o[29] (shared_multiplication_logic)                                                                                                                                                                           0.0000     6.9711 r
  i_horcrux_top/i_horcrux/multiplier_tree_inst/DP_OP_93_149_9367/I2[29] (multiplier_tree_DP_OP_93_149_9367_3)                                                                                                                                                                    0.0000     6.9711 r
  i_horcrux_top/i_horcrux/multiplier_tree_inst/DP_OP_93_149_9367/U400/Y (NAND2_X3B_A9TR)                                                                                                                                                                                         0.0240     6.9951 f
  i_horcrux_top/i_horcrux/multiplier_tree_inst/DP_OP_93_149_9367/U540/Y (NAND2B_X4M_A9TR)                                                                                                                                                                                        0.0382     7.0333 f
  i_horcrux_top/i_horcrux/multiplier_tree_inst/DP_OP_93_149_9367/U353/Y (NAND2_X2B_A9TR)                                                                                                                                                                                         0.0178     7.0511 r
  i_horcrux_top/i_horcrux/multiplier_tree_inst/DP_OP_93_149_9367/U388/Y (AOI21_X4M_A9TR)                                                                                                                                                                                         0.0239     7.0750 f
  i_horcrux_top/i_horcrux/multiplier_tree_inst/DP_OP_93_149_9367/U533/Y (XOR2_X4M_A9TR)                                                                                                                                                                                          0.0235     7.0985 f
  i_horcrux_top/i_horcrux/multiplier_tree_inst/DP_OP_93_149_9367/O1[31] (multiplier_tree_DP_OP_93_149_9367_3)                                                                                                                                                                    0.0000     7.0985 f
  i_horcrux_top/i_horcrux/multiplier_tree_inst/U43/Y (AO1B2_X4M_A9TR)                                                                                                                                                                                                            0.0333     7.1318 f
  i_horcrux_top/i_horcrux/multiplier_tree_inst/result_o[31] (multiplier_tree)                                                                                                                                                                                                    0.0000     7.1318 f
  i_horcrux_top/i_horcrux/U52/Y (AO1B2_X6M_A9TR)                                                                                                                                                                                                                                 0.0322     7.1639 f
  i_horcrux_top/i_horcrux/rd_values_o[rd1][31] (horcrux_NUM_VARIABLES50_VARIABLE_WIDTH32)                                                                                                                                                                                        0.0000     7.1639 f
  i_horcrux_top/commit_stage_i/result_i[rd1][31] (commit_stage_I_xif_result_if_if_xif_coproc_result_X_NUM_RS_3)                                                                                                                                                                  0.0000     7.1639 f
  i_horcrux_top/commit_stage_i/U34/Y (BUFH_X16M_A9TR)                                                                                                                                                                                                                            0.0322     7.1961 f
  i_horcrux_top/commit_stage_i/xif_result_if.result[data][31] (commit_stage_I_xif_result_if_if_xif_coproc_result_X_NUM_RS_3)                                                                                                                                                     0.0000     7.1961 f
  i_horcrux_top/xif_result_if.result[data][31] (horcrux_top_I_xif_compressed_if_if_xif__X_NUM_RS_3I_xif_issue_if_if_xif__X_NUM_RS_3I_xif_commit_if_if_xif__X_NUM_RS_3I_xif_mem_if_if_xif__X_NUM_RS_3I_xif_mem_result_if_if_xif__X_NUM_RS_3I_xif_result_if_if_xif__X_NUM_RS_3)    0.0000     7.1961 f
  result_o[data][31] (out)                                                                                                                                                                                                                                                       0.0038     7.2000 f
  data arrival time                                                                                                                                                                                                                                                                         7.2000

  clock clk (rise edge)                                                                                                                                                                                                                                                          8.0000     8.0000
  clock network delay (ideal)                                                                                                                                                                                                                                                    0.8000     8.8000
  clock uncertainty                                                                                                                                                                                                                                                             -0.4000     8.4000
  output external delay                                                                                                                                                                                                                                                         -1.2000     7.2000
  data required time                                                                                                                                                                                                                                                                        7.2000
  ---------------------------------------------------------------------------------------------------------------------------------------------------------------------------------------------------------------------------------------------------------------------------------------------------
  data required time                                                                                                                                                                                                                                                                        7.2000
  data arrival time                                                                                                                                                                                                                                                                        -7.2000
  ---------------------------------------------------------------------------------------------------------------------------------------------------------------------------------------------------------------------------------------------------------------------------------------------------
  slack (MET)                                                                                                                                                                                                                                                                               0.0000


