 
****************************************
Report : timing
        -path full
        -delay max
        -nworst 5
        -max_paths 20
Design : horcrux_top_synth
Version: X-2025.06
Date   : Wed Oct  7 17:19:35 2026
****************************************

Operating Conditions: ss_typical_max_0p81v_125c   Library: sc9_cln40g_base_rvt_ss_typical_max_0p81v_125c
Wire Load Model Mode: top

  Startpoint: i_horcrux_top/id_stage_i/rs_values_o_reg[rs1][8]
              (rising edge-triggered flip-flop clocked by clk)
  Endpoint: result_o[data][7]
            (output port clocked by clk)
  Path Group: clk
  Path Type: max

  Des/Clust/Port     Wire Load Model       Library
  ------------------------------------------------
  horcrux_top_synth  Medium                sc9_cln40g_base_rvt_ss_typical_max_0p81v_125c

  Point                                                                                                                                                                                                                                                                                                                                                                                                                                                                                                                                               Incr       Path
  --------------------------------------------------------------------------------------------------------------------------------------------------------------------------------------------------------------------------------------------------------------------------------------------------
  clock clk (rise edge)                                                                                                                                                                                                                                                         0.0000     0.0000
  clock network delay (ideal)                                                                                                                                                                                                                                                   0.5400     0.5400
  i_horcrux_top/id_stage_i/rs_values_o_reg[rs1][8]/CK (DFFSQN_X3M_A9TR)                                                                                                                                                                                                         0.0000     0.5400 r
  i_horcrux_top/id_stage_i/rs_values_o_reg[rs1][8]/QN (DFFSQN_X3M_A9TR)                                                                                                                                                                                                         0.1682     0.7082 r
  i_horcrux_top/id_stage_i/rs_values_o[rs1][8] (id_stage_I_xif_issue_if_if_xif_coproc_issue_X_NUM_RS_3)                                                                                                                                                                         0.0000     0.7082 r
  i_horcrux_top/i_horcrux/rs_values_i[rs1][8] (horcrux_NUM_VARIABLES50_VARIABLE_WIDTH32)                                                                                                                                                                                        0.0000     0.7082 r
  i_horcrux_top/i_horcrux/multiplier_tree_inst/multiplier_tree1_i[8] (multiplier_tree)                                                                                                                                                                                          0.0000     0.7082 r
  i_horcrux_top/i_horcrux/multiplier_tree_inst/U838/Y (INV_X11M_A9TR)                                                                                                                                                                                                           0.0357     0.7439 f
  i_horcrux_top/i_horcrux/multiplier_tree_inst/U394/Y (INV_X9M_A9TR)                                                                                                                                                                                                            0.0320     0.7758 r
  i_horcrux_top/i_horcrux/multiplier_tree_inst/DP_OP_88J7_128_2685/I2[8] (multiplier_tree_DP_OP_88J7_128_2685_0)                                                                                                                                                                0.0000     0.7758 r
  i_horcrux_top/i_horcrux/multiplier_tree_inst/DP_OP_88J7_128_2685/U215/Y (INV_X7P5M_A9TR)                                                                                                                                                                                      0.0211     0.7969 f
  i_horcrux_top/i_horcrux/multiplier_tree_inst/DP_OP_88J7_128_2685/U279/Y (NAND2_X3M_A9TR)                                                                                                                                                                                      0.0433     0.8402 r
  i_horcrux_top/i_horcrux/multiplier_tree_inst/DP_OP_88J7_128_2685/U278/Y (OAI21_X8M_A9TR)                                                                                                                                                                                      0.0481     0.8883 f
  i_horcrux_top/i_horcrux/multiplier_tree_inst/DP_OP_88J7_128_2685/U315/Y (INV_X2M_A9TR)                                                                                                                                                                                        0.0360     0.9243 r
  i_horcrux_top/i_horcrux/multiplier_tree_inst/DP_OP_88J7_128_2685/U181/Y (OA21_X1P4M_A9TR)                                                                                                                                                                                     0.0684     0.9927 r
  i_horcrux_top/i_horcrux/multiplier_tree_inst/DP_OP_88J7_128_2685/U255/Y (AOI21B_X4M_A9TR)                                                                                                                                                                                     0.0654     1.0582 r
  i_horcrux_top/i_horcrux/multiplier_tree_inst/DP_OP_88J7_128_2685/U267/Y (XOR2_X4M_A9TR)                                                                                                                                                                                       0.0355     1.0937 f
  i_horcrux_top/i_horcrux/multiplier_tree_inst/DP_OP_88J7_128_2685/O1[11] (multiplier_tree_DP_OP_88J7_128_2685_0)                                                                                                                                                               0.0000     1.0937 f
  i_horcrux_top/i_horcrux/multiplier_tree_inst/U1416/Y (NAND2_X3M_A9TR)                                                                                                                                                                                                         0.0522     1.1458 r
  i_horcrux_top/i_horcrux/multiplier_tree_inst/U868/Y (NAND2B_X6M_A9TR)                                                                                                                                                                                                         0.0292     1.1751 f
  i_horcrux_top/i_horcrux/multiplier_tree_inst/U984/Y (NAND3BB_X8M_A9TR)                                                                                                                                                                                                        0.0547     1.2298 f
  i_horcrux_top/i_horcrux/multiplier_tree_inst/u_shared_mul/op_b_i[11] (shared_multiplication_logic)                                                                                                                                                                            0.0000     1.2298 f
  i_horcrux_top/i_horcrux/multiplier_tree_inst/u_shared_mul/u_primary_mul/b_i[11] (unified_mul_32x32)                                                                                                                                                                           0.0000     1.2298 f
  i_horcrux_top/i_horcrux/multiplier_tree_inst/u_shared_mul/u_primary_mul/mult_x_1/b[11] (unified_mul_32x32_DW_mult_tc_4)                                                                                                                                                       0.0000     1.2298 f
  i_horcrux_top/i_horcrux/multiplier_tree_inst/u_shared_mul/u_primary_mul/mult_x_1/U3756/Y (INV_X16M_A9TR)                                                                                                                                                                      0.0406     1.2704 r
  i_horcrux_top/i_horcrux/multiplier_tree_inst/u_shared_mul/u_primary_mul/mult_x_1/U4337/Y (XOR2_X4M_A9TR)                                                                                                                                                                      0.0572     1.3276 r
  i_horcrux_top/i_horcrux/multiplier_tree_inst/u_shared_mul/u_primary_mul/mult_x_1/U3874/Y (OAI22_X6M_A9TR)                                                                                                                                                                     0.0651     1.3927 f
  i_horcrux_top/i_horcrux/multiplier_tree_inst/u_shared_mul/u_primary_mul/mult_x_1/U2884/Y (NAND2_X2B_A9TR)                                                                                                                                                                     0.0520     1.4446 r
  i_horcrux_top/i_horcrux/multiplier_tree_inst/u_shared_mul/u_primary_mul/mult_x_1/U5180/Y (OAI21_X8M_A9TR)                                                                                                                                                                     0.0458     1.4904 f
  i_horcrux_top/i_horcrux/multiplier_tree_inst/u_shared_mul/u_primary_mul/mult_x_1/U3862/Y (XOR2_X4M_A9TR)                                                                                                                                                                      0.0468     1.5371 f
  i_horcrux_top/i_horcrux/multiplier_tree_inst/u_shared_mul/u_primary_mul/mult_x_1/U3861/Y (XOR2_X4M_A9TR)                                                                                                                                                                      0.0589     1.5961 f
  i_horcrux_top/i_horcrux/multiplier_tree_inst/u_shared_mul/u_primary_mul/mult_x_1/U3860/Y (XNOR2_X4M_A9TR)                                                                                                                                                                     0.0767     1.6728 f
  i_horcrux_top/i_horcrux/multiplier_tree_inst/u_shared_mul/u_primary_mul/mult_x_1/U4186/Y (XOR2_X4M_A9TR)                                                                                                                                                                      0.0606     1.7333 f
  i_horcrux_top/i_horcrux/multiplier_tree_inst/u_shared_mul/u_primary_mul/mult_x_1/U2754/Y (NAND2_X2A_A9TR)                                                                                                                                                                     0.0612     1.7945 r
  i_horcrux_top/i_horcrux/multiplier_tree_inst/u_shared_mul/u_primary_mul/mult_x_1/U3875/Y (OA21_X6M_A9TR)                                                                                                                                                                      0.0615     1.8560 r
  i_horcrux_top/i_horcrux/multiplier_tree_inst/u_shared_mul/u_primary_mul/mult_x_1/U4377/Y (NAND2_X8A_A9TR)                                                                                                                                                                     0.0316     1.8876 f
  i_horcrux_top/i_horcrux/multiplier_tree_inst/u_shared_mul/u_primary_mul/mult_x_1/U3068/Y (AOI21B_X8M_A9TR)                                                                                                                                                                    0.0397     1.9273 r
  i_horcrux_top/i_horcrux/multiplier_tree_inst/u_shared_mul/u_primary_mul/mult_x_1/U5209/Y (XOR2_X4M_A9TR)                                                                                                                                                                      0.0390     1.9663 r
  i_horcrux_top/i_horcrux/multiplier_tree_inst/u_shared_mul/u_primary_mul/mult_x_1/product[16] (unified_mul_32x32_DW_mult_tc_4)                                                                                                                                                 0.0000     1.9663 r
  i_horcrux_top/i_horcrux/multiplier_tree_inst/u_shared_mul/u_primary_mul/U317/Y (AO1B2_X6M_A9TR)                                                                                                                                                                               0.0640     2.0303 r
  i_horcrux_top/i_horcrux/multiplier_tree_inst/u_shared_mul/u_primary_mul/prod_o[16] (unified_mul_32x32)                                                                                                                                                                        0.0000     2.0303 r
  i_horcrux_top/i_horcrux/multiplier_tree_inst/u_shared_mul/U445/Y (AND2_X11M_A9TR)                                                                                                                                                                                             0.0486     2.0789 r
  i_horcrux_top/i_horcrux/multiplier_tree_inst/u_shared_mul/mult_x_3/a[16] (shared_multiplication_logic_DW_mult_uns_4)                                                                                                                                                          0.0000     2.0789 r
  i_horcrux_top/i_horcrux/multiplier_tree_inst/u_shared_mul/mult_x_3/U1587/Y (XOR2_X4M_A9TR)                                                                                                                                                                                    0.0491     2.1280 r
  i_horcrux_top/i_horcrux/multiplier_tree_inst/u_shared_mul/mult_x_3/U1408/Y (NAND2_X6A_A9TR)                                                                                                                                                                                   0.0316     2.1596 f
  i_horcrux_top/i_horcrux/multiplier_tree_inst/u_shared_mul/mult_x_3/U875/Y (NAND2_X6B_A9TR)                                                                                                                                                                                    0.0292     2.1888 r
  i_horcrux_top/i_horcrux/multiplier_tree_inst/u_shared_mul/mult_x_3/U1066/Y (XOR2_X4M_A9TR)                                                                                                                                                                                    0.0476     2.2364 r
  i_horcrux_top/i_horcrux/multiplier_tree_inst/u_shared_mul/mult_x_3/U1132/Y (OR2_X8M_A9TR)                                                                                                                                                                                     0.0593     2.2957 r
  i_horcrux_top/i_horcrux/multiplier_tree_inst/u_shared_mul/mult_x_3/U892/Y (INV_X9M_A9TR)                                                                                                                                                                                      0.0150     2.3107 f
  i_horcrux_top/i_horcrux/multiplier_tree_inst/u_shared_mul/mult_x_3/U1170/Y (OAI21_X8M_A9TR)                                                                                                                                                                                   0.0363     2.3470 r
  i_horcrux_top/i_horcrux/multiplier_tree_inst/u_shared_mul/mult_x_3/U1615/Y (AOI21_X8M_A9TR)                                                                                                                                                                                   0.0480     2.3950 f
  i_horcrux_top/i_horcrux/multiplier_tree_inst/u_shared_mul/mult_x_3/U1613/Y (OAI21_X8M_A9TR)                                                                                                                                                                                   0.0418     2.4369 r
  i_horcrux_top/i_horcrux/multiplier_tree_inst/u_shared_mul/mult_x_3/U1622/Y (XNOR2_X4M_A9TR)                                                                                                                                                                                   0.0637     2.5006 r
  i_horcrux_top/i_horcrux/multiplier_tree_inst/u_shared_mul/mult_x_3/product[19] (shared_multiplication_logic_DW_mult_uns_4)                                                                                                                                                    0.0000     2.5006 r
  i_horcrux_top/i_horcrux/multiplier_tree_inst/u_shared_mul/U280/Y (AO1B2_X6M_A9TR)                                                                                                                                                                                             0.0719     2.5725 r
  i_horcrux_top/i_horcrux/multiplier_tree_inst/u_shared_mul/DP_OP_45J11_125_3794/I1[19] (shared_multiplication_logic_DP_OP_45J11_125_3794_3)                                                                                                                                    0.0000     2.5725 r
  i_horcrux_top/i_horcrux/multiplier_tree_inst/u_shared_mul/DP_OP_45J11_125_3794/U6124/Y (INV_X16M_A9TR)                                                                                                                                                                        0.0257     2.5982 f
  i_horcrux_top/i_horcrux/multiplier_tree_inst/u_shared_mul/DP_OP_45J11_125_3794/U4459/Y (INV_X11M_A9TR)                                                                                                                                                                        0.0262     2.6245 r
  i_horcrux_top/i_horcrux/multiplier_tree_inst/u_shared_mul/DP_OP_45J11_125_3794/U3804/Y (XNOR2_X3M_A9TR)                                                                                                                                                                       0.0491     2.6736 r
  i_horcrux_top/i_horcrux/multiplier_tree_inst/u_shared_mul/DP_OP_45J11_125_3794/U4510/Y (OAI22_X2M_A9TR)                                                                                                                                                                       0.0760     2.7495 f
  i_horcrux_top/i_horcrux/multiplier_tree_inst/u_shared_mul/DP_OP_45J11_125_3794/U6386/CO (ADDF_X2M_A9TR)                                                                                                                                                                       0.1345     2.8840 f
  i_horcrux_top/i_horcrux/multiplier_tree_inst/u_shared_mul/DP_OP_45J11_125_3794/U6387/S (ADDF_X2M_A9TR)                                                                                                                                                                        0.1453     3.0293 r
  i_horcrux_top/i_horcrux/multiplier_tree_inst/u_shared_mul/DP_OP_45J11_125_3794/U6420/S (ADDF_X2M_A9TR)                                                                                                                                                                        0.1753     3.2046 f
  i_horcrux_top/i_horcrux/multiplier_tree_inst/u_shared_mul/DP_OP_45J11_125_3794/U4414/Y (XNOR2_X4M_A9TR)                                                                                                                                                                       0.0580     3.2626 f
  i_horcrux_top/i_horcrux/multiplier_tree_inst/u_shared_mul/DP_OP_45J11_125_3794/U5053/Y (XOR2_X4M_A9TR)                                                                                                                                                                        0.0572     3.3198 f
  i_horcrux_top/i_horcrux/multiplier_tree_inst/u_shared_mul/DP_OP_45J11_125_3794/U4277/Y (OAI22BB_X3M_A9TR)                                                                                                                                                                     0.1118     3.4316 r
  i_horcrux_top/i_horcrux/multiplier_tree_inst/u_shared_mul/DP_OP_45J11_125_3794/U4444/Y (XOR2_X0P7M_A9TR)                                                                                                                                                                      0.1828     3.6144 r
  i_horcrux_top/i_horcrux/multiplier_tree_inst/u_shared_mul/DP_OP_45J11_125_3794/U3508/Y (XOR2_X3M_A9TR)                                                                                                                                                                        0.0974     3.7118 f
  i_horcrux_top/i_horcrux/multiplier_tree_inst/u_shared_mul/DP_OP_45J11_125_3794/U5911/Y (INV_X1P2B_A9TR)                                                                                                                                                                       0.0730     3.7848 r
  i_horcrux_top/i_horcrux/multiplier_tree_inst/u_shared_mul/DP_OP_45J11_125_3794/U5205/Y (NAND2B_X3M_A9TR)                                                                                                                                                                      0.0734     3.8582 r
  i_horcrux_top/i_horcrux/multiplier_tree_inst/u_shared_mul/DP_OP_45J11_125_3794/U5269/Y (OAI21_X8M_A9TR)                                                                                                                                                                       0.0384     3.8966 f
  i_horcrux_top/i_horcrux/multiplier_tree_inst/u_shared_mul/DP_OP_45J11_125_3794/U4763/Y (AOI21_X4M_A9TR)                                                                                                                                                                       0.0416     3.9382 r
  i_horcrux_top/i_horcrux/multiplier_tree_inst/u_shared_mul/DP_OP_45J11_125_3794/U3477/Y (OA21_X6M_A9TR)                                                                                                                                                                        0.0617     3.9999 r
  i_horcrux_top/i_horcrux/multiplier_tree_inst/u_shared_mul/DP_OP_45J11_125_3794/U5926/Y (XOR2_X4M_A9TR)                                                                                                                                                                        0.0425     4.0424 r
  i_horcrux_top/i_horcrux/multiplier_tree_inst/u_shared_mul/DP_OP_45J11_125_3794/O2[4] (shared_multiplication_logic_DP_OP_45J11_125_3794_3)                                                                                                                                     0.0000     4.0424 r
  i_horcrux_top/i_horcrux/multiplier_tree_inst/u_shared_mul/U479/Y (NAND2_X6A_A9TR)                                                                                                                                                                                             0.0307     4.0731 f
  i_horcrux_top/i_horcrux/multiplier_tree_inst/u_shared_mul/U471/Y (NAND2_X6A_A9TR)                                                                                                                                                                                             0.0268     4.0999 r
  i_horcrux_top/i_horcrux/multiplier_tree_inst/u_shared_mul/res_lo_o[4] (shared_multiplication_logic)                                                                                                                                                                           0.0000     4.0999 r
  i_horcrux_top/i_horcrux/multiplier_tree_inst/U687/Y (INV_X11M_A9TR)                                                                                                                                                                                                           0.0205     4.1204 f
  i_horcrux_top/i_horcrux/multiplier_tree_inst/U140/Y (INV_X7P5M_A9TR)                                                                                                                                                                                                          0.0261     4.1465 r
  i_horcrux_top/i_horcrux/multiplier_tree_inst/DP_OP_96J7_122_9380/I2[4] (multiplier_tree_DP_OP_96J7_122_9380_2)                                                                                                                                                                0.0000     4.1465 r
  i_horcrux_top/i_horcrux/multiplier_tree_inst/DP_OP_96J7_122_9380/U766/Y (AND2_X3M_A9TR)                                                                                                                                                                                       0.0485     4.1949 r
  i_horcrux_top/i_horcrux/multiplier_tree_inst/DP_OP_96J7_122_9380/U787/Y (AOI2XB1_X4M_A9TR)                                                                                                                                                                                    0.0329     4.2278 f
  i_horcrux_top/i_horcrux/multiplier_tree_inst/DP_OP_96J7_122_9380/U849/Y (OAI21_X8M_A9TR)                                                                                                                                                                                      0.0351     4.2630 r
  i_horcrux_top/i_horcrux/multiplier_tree_inst/DP_OP_96J7_122_9380/U932/Y (AOI21_X8M_A9TR)                                                                                                                                                                                      0.0374     4.3003 f
  i_horcrux_top/i_horcrux/multiplier_tree_inst/DP_OP_96J7_122_9380/U920/Y (OAI21_X8M_A9TR)                                                                                                                                                                                      0.0345     4.3348 r
  i_horcrux_top/i_horcrux/multiplier_tree_inst/DP_OP_96J7_122_9380/U795/Y (AOI21_X8M_A9TR)                                                                                                                                                                                      0.0416     4.3764 f
  i_horcrux_top/i_horcrux/multiplier_tree_inst/DP_OP_96J7_122_9380/U893/Y (OAI21_X8M_A9TR)                                                                                                                                                                                      0.0438     4.4203 r
  i_horcrux_top/i_horcrux/multiplier_tree_inst/DP_OP_96J7_122_9380/U855/Y (AO1B2_X4M_A9TR)                                                                                                                                                                                      0.0584     4.4787 r
  i_horcrux_top/i_horcrux/multiplier_tree_inst/DP_OP_96J7_122_9380/U741/Y (NAND2_X6A_A9TR)                                                                                                                                                                                      0.0288     4.5075 f
  i_horcrux_top/i_horcrux/multiplier_tree_inst/DP_OP_96J7_122_9380/O2[16] (multiplier_tree_DP_OP_96J7_122_9380_2)                                                                                                                                                               0.0000     4.5075 f
  i_horcrux_top/i_horcrux/multiplier_tree_inst/U1412/Y (INV_X13M_A9TR)                                                                                                                                                                                                          0.0254     4.5329 r
  i_horcrux_top/i_horcrux/multiplier_tree_inst/U1254/Y (INV_X16M_A9TR)                                                                                                                                                                                                          0.0227     4.5555 f
  i_horcrux_top/i_horcrux/multiplier_tree_inst/DP_OP_96J7_122_9380/I3[12] (multiplier_tree_DP_OP_96J7_122_9380_2)                                                                                                                                                               0.0000     4.5555 f
  i_horcrux_top/i_horcrux/multiplier_tree_inst/DP_OP_96J7_122_9380/U649/Y (BUFH_X3M_A9TR)                                                                                                                                                                                       0.0389     4.5945 f
  i_horcrux_top/i_horcrux/multiplier_tree_inst/DP_OP_96J7_122_9380/U786/Y (AOI21_X6M_A9TR)                                                                                                                                                                                      0.0356     4.6301 r
  i_horcrux_top/i_horcrux/multiplier_tree_inst/DP_OP_96J7_122_9380/U603/Y (XOR2_X3M_A9TR)                                                                                                                                                                                       0.0441     4.6742 r
  i_horcrux_top/i_horcrux/multiplier_tree_inst/DP_OP_96J7_122_9380/O3[7] (multiplier_tree_DP_OP_96J7_122_9380_2)                                                                                                                                                                0.0000     4.6742 r
  i_horcrux_top/i_horcrux/multiplier_tree_inst/U12/Y (AO1B2_X4M_A9TR)                                                                                                                                                                                                           0.0650     4.7391 r
  i_horcrux_top/i_horcrux/multiplier_tree_inst/result_o[7] (multiplier_tree)                                                                                                                                                                                                    0.0000     4.7391 r
  i_horcrux_top/i_horcrux/U5588/Y (AO1B2_X4M_A9TR)                                                                                                                                                                                                                              0.0599     4.7990 r
  i_horcrux_top/i_horcrux/rd_values_o[rd1][7] (horcrux_NUM_VARIABLES50_VARIABLE_WIDTH32)                                                                                                                                                                                        0.0000     4.7990 r
  i_horcrux_top/commit_stage_i/result_i[rd1][7] (commit_stage_I_xif_result_if_if_xif_coproc_result_X_NUM_RS_3)                                                                                                                                                                  0.0000     4.7990 r
  i_horcrux_top/commit_stage_i/U13/Y (BUFH_X13M_A9TR)                                                                                                                                                                                                                           0.0571     4.8561 r
  i_horcrux_top/commit_stage_i/xif_result_if.result[data][7] (commit_stage_I_xif_result_if_if_xif_coproc_result_X_NUM_RS_3)                                                                                                                                                     0.0000     4.8561 r
  i_horcrux_top/xif_result_if.result[data][7] (horcrux_top_I_xif_compressed_if_if_xif__X_NUM_RS_3I_xif_issue_if_if_xif__X_NUM_RS_3I_xif_commit_if_if_xif__X_NUM_RS_3I_xif_mem_if_if_xif__X_NUM_RS_3I_xif_mem_result_if_if_xif__X_NUM_RS_3I_xif_result_if_if_xif__X_NUM_RS_3)    0.0000     4.8561 r
  result_o[data][7] (out)                                                                                                                                                                                                                                                       0.0038     4.8599 r
  data arrival time                                                                                                                                                                                                                                                                        4.8599

  clock clk (rise edge)                                                                                                                                                                                                                                                         5.4000     5.4000
  clock network delay (ideal)                                                                                                                                                                                                                                                   0.5400     5.9400
  clock uncertainty                                                                                                                                                                                                                                                            -0.2700     5.6700
  output external delay                                                                                                                                                                                                                                                        -0.8100     4.8600
  data required time                                                                                                                                                                                                                                                                       4.8600
  --------------------------------------------------------------------------------------------------------------------------------------------------------------------------------------------------------------------------------------------------------------------------------------------------
  data required time                                                                                                                                                                                                                                                                       4.8600
  data arrival time                                                                                                                                                                                                                                                                       -4.8599
  --------------------------------------------------------------------------------------------------------------------------------------------------------------------------------------------------------------------------------------------------------------------------------------------------
  slack (MET)                                                                                                                                                                                                                                                                              0.0001


