 
****************************************
Report : qor
Design : horcrux_top_synth
Version: X-2025.06
Date   : Thu Oct  8 09:45:10 2026
****************************************


  Timing Path Group 'clk'
  -----------------------------------
  Levels of Logic:             232.00
  Critical Path Length:          7.20
  Critical Path Slack:           0.00
  Critical Path Clk Period:      9.00
  Total Negative Slack:          0.00
  No. of Violating Paths:        0.00
  Worst Hold Violation:          0.00
  Total Hold Violation:          0.00
  No. of Hold Violations:        0.00
  -----------------------------------


  Cell Count
  -----------------------------------
  Hierarchical Cell Count:         73
  Hierarchical Port Count:      35069
  Leaf Cell Count:              66823
  Buf/Inv Cell Count:           11463
  Buf Cell Count:                2613
  Inv Cell Count:                8850
  CT Buf/Inv Cell Count:            0
  Combinational Cell Count:     62447
  Sequential Cell Count:         4376
  Macro Count:                      0
  -----------------------------------


  Area
  -----------------------------------
  Combinational Area:    89631.585332
  Noncombinational Area: 19867.679042
  Buf/Inv Area:           7186.157931
  Total Buffer Area:          2203.14
  Total Inverter Area:        4983.02
  Macro/Black Box Area:      0.000000
  Net Area:                  0.000000
  -----------------------------------
  Cell Area:            109499.264375
  Design Area:          109499.264375


  Design Rules
  -----------------------------------
  Total Number of Nets:         74792
  Nets With Violations:             5
  Max Trans Violations:             5
  Max Cap Violations:               0
  -----------------------------------


  Hostname: localhost.localdomain

  Compile CPU Statistics
  -----------------------------------------
  Resource Sharing:                    4.07
  Logic Optimization:                  2.90
  Mapping Optimization:              124.57
  -----------------------------------------
  Overall Compile Time:              369.29
  Overall Compile Wall Clock Time:   371.42

  --------------------------------------------------------------------

  Design  WNS: 0.00  TNS: 0.00  Number of Violating Paths: 0


  Design (Hold)  WNS: 0.00  TNS: 0.00  Number of Violating Paths: 0

  --------------------------------------------------------------------


1
