########################################################################
### SYNTHESIS SUMMARY - horcrux_top_synth
###   library         : /cad/designkit/CBDK_TSMC40_Arm_f2.0/CIC/SynopsysDC/db/sc9_base_rvt/sc9_cln40g_base_rvt_tt_typical_max_0p90v_25c.db
###   io_delay_frac   : 0.15  (1.350 ns of the period given to the boundary)
###   clk uncertainty : 0.45 ns setup / 0.09 ns hold
###   wire load       : Medium
###   opcond          : library default
###   compile         : ultra=1 keep_hier=1 incr=1 retime=0 clk_gate=0 fix_hold=1
###   target period   : 9.000 ns  (111.1 MHz)
###   worst slack     : +0.000 ns
###   achieved period : 9.000 ns  (111.1 MHz)
###   est. closure    : 9.000 ns  (111.1 MHz)  [reg->out path, slack scaled by 1/0.800]
###   total cell area : 109499.3  (library area units)
###   gate equivalent : 160.9 kGE  (1 GE = sc9_cln40g_base_rvt_tt_typical_max_0p90v_25c/NAND2_X1A_A9TR, 0.6804)
###   reports         : /home/Charmander/horcrux-baseline/implementation/synthesis/horcrux_top_synth_9ns_20261008_092710/report
########################################################################
