 
****************************************
Report : timing
        -path full
        -delay max
        -nworst 5
        -max_paths 20
Design : horcrux_top_synth
Version: X-2025.06
Date   : Thu Oct  8 09:45:11 2026
****************************************

Operating Conditions: tt_typical_max_0p90v_25c   Library: sc9_cln40g_base_rvt_tt_typical_max_0p90v_25c
Wire Load Model Mode: top

  Startpoint: i_horcrux_top/id_stage_i/rs_values_o_reg[rs1][6]
              (rising edge-triggered flip-flop clocked by clk)
  Endpoint: result_o[data][31]
            (output port clocked by clk)
  Path Group: clk
  Path Type: max

  Des/Clust/Port     Wire Load Model       Library
  ------------------------------------------------
  horcrux_top_synth  Medium                sc9_cln40g_base_rvt_tt_typical_max_0p90v_25c

  Point                                                                                                                                                                                                                                                                                                                                                                                                                                                                                                                                                 Incr       Path
  ---------------------------------------------------------------------------------------------------------------------------------------------------------------------------------------------------------------------------------------------------------------------------------------------------
  clock clk (rise edge)                                                                                                                                                                                                                                                          0.0000     0.0000
  clock network delay (ideal)                                                                                                                                                                                                                                                    0.9000     0.9000
  i_horcrux_top/id_stage_i/rs_values_o_reg[rs1][6]/CK (DFFSQN_X2M_A9TR)                                                                                                                                                                                                          0.0000     0.9000 r
  i_horcrux_top/id_stage_i/rs_values_o_reg[rs1][6]/QN (DFFSQN_X2M_A9TR)                                                                                                                                                                                                          0.0980     0.9980 r
  i_horcrux_top/id_stage_i/rs_values_o[rs1][6] (id_stage_I_xif_issue_if_if_xif_coproc_issue_X_NUM_RS_3)                                                                                                                                                                          0.0000     0.9980 r
  i_horcrux_top/i_horcrux/rs_values_i[rs1][6] (horcrux_NUM_VARIABLES50_VARIABLE_WIDTH32)                                                                                                                                                                                         0.0000     0.9980 r
  i_horcrux_top/i_horcrux/multiplier_tree_inst/multiplier_tree1_i[6] (multiplier_tree)                                                                                                                                                                                           0.0000     0.9980 r
  i_horcrux_top/i_horcrux/multiplier_tree_inst/U358/Y (INV_X4M_A9TR)                                                                                                                                                                                                             0.0280     1.0260 f
  i_horcrux_top/i_horcrux/multiplier_tree_inst/U644/Y (INV_X4M_A9TR)                                                                                                                                                                                                             0.0327     1.0588 r
  i_horcrux_top/i_horcrux/multiplier_tree_inst/DP_OP_88J8_128_2685/I2[6] (multiplier_tree_DP_OP_88J8_128_2685_0)                                                                                                                                                                 0.0000     1.0588 r
  i_horcrux_top/i_horcrux/multiplier_tree_inst/DP_OP_88J8_128_2685/U224/Y (INV_X2P5M_A9TR)                                                                                                                                                                                       0.0215     1.0803 f
  i_horcrux_top/i_horcrux/multiplier_tree_inst/DP_OP_88J8_128_2685/U257/Y (NAND2_X1P4M_A9TR)                                                                                                                                                                                     0.0373     1.1176 r
  i_horcrux_top/i_horcrux/multiplier_tree_inst/DP_OP_88J8_128_2685/U258/Y (OAI21_X3M_A9TR)                                                                                                                                                                                       0.0323     1.1499 f
  i_horcrux_top/i_horcrux/multiplier_tree_inst/DP_OP_88J8_128_2685/U206/Y (AOI21_X2M_A9TR)                                                                                                                                                                                       0.0294     1.1794 r
  i_horcrux_top/i_horcrux/multiplier_tree_inst/DP_OP_88J8_128_2685/U259/Y (OA21_X4M_A9TR)                                                                                                                                                                                        0.0399     1.2193 r
  i_horcrux_top/i_horcrux/multiplier_tree_inst/DP_OP_88J8_128_2685/U197/Y (INV_X4M_A9TR)                                                                                                                                                                                         0.0168     1.2361 f
  i_horcrux_top/i_horcrux/multiplier_tree_inst/DP_OP_88J8_128_2685/U305/Y (AOI21_X2M_A9TR)                                                                                                                                                                                       0.0298     1.2659 r
  i_horcrux_top/i_horcrux/multiplier_tree_inst/DP_OP_88J8_128_2685/U307/Y (XOR2_X1P4M_A9TR)                                                                                                                                                                                      0.0353     1.3013 r
  i_horcrux_top/i_horcrux/multiplier_tree_inst/DP_OP_88J8_128_2685/O1[10] (multiplier_tree_DP_OP_88J8_128_2685_0)                                                                                                                                                                0.0000     1.3013 r
  i_horcrux_top/i_horcrux/multiplier_tree_inst/U1309/Y (AOI22_X2M_A9TR)                                                                                                                                                                                                          0.0470     1.3483 f
  i_horcrux_top/i_horcrux/multiplier_tree_inst/U1310/Y (NAND4_X4A_A9TR)                                                                                                                                                                                                          0.0320     1.3802 r
  i_horcrux_top/i_horcrux/multiplier_tree_inst/u_shared_mul/op_b_i[10] (shared_multiplication_logic)                                                                                                                                                                             0.0000     1.3802 r
  i_horcrux_top/i_horcrux/multiplier_tree_inst/u_shared_mul/u_primary_mul/b_i[10] (unified_mul_32x32)                                                                                                                                                                            0.0000     1.3802 r
  i_horcrux_top/i_horcrux/multiplier_tree_inst/u_shared_mul/u_primary_mul/U1558/Y (INV_X7P5M_A9TR)                                                                                                                                                                               0.0169     1.3971 f
  i_horcrux_top/i_horcrux/multiplier_tree_inst/u_shared_mul/u_primary_mul/U1153/Y (NOR2_X8A_A9TR)                                                                                                                                                                                0.0219     1.4191 r
  i_horcrux_top/i_horcrux/multiplier_tree_inst/u_shared_mul/u_primary_mul/add_x_1/A[10] (unified_mul_32x32_DW01_add_295)                                                                                                                                                         0.0000     1.4191 r
  i_horcrux_top/i_horcrux/multiplier_tree_inst/u_shared_mul/u_primary_mul/add_x_1/U562/Y (NOR2_X8A_A9TR)                                                                                                                                                                         0.0155     1.4346 f
  i_horcrux_top/i_horcrux/multiplier_tree_inst/u_shared_mul/u_primary_mul/add_x_1/U586/Y (NOR2_X4A_A9TR)                                                                                                                                                                         0.0248     1.4594 r
  i_horcrux_top/i_horcrux/multiplier_tree_inst/u_shared_mul/u_primary_mul/add_x_1/U520/Y (NAND2_X2B_A9TR)                                                                                                                                                                        0.0254     1.4848 f
  i_horcrux_top/i_horcrux/multiplier_tree_inst/u_shared_mul/u_primary_mul/add_x_1/U627/Y (OAI21_X4M_A9TR)                                                                                                                                                                        0.0410     1.5258 r
  i_horcrux_top/i_horcrux/multiplier_tree_inst/u_shared_mul/u_primary_mul/add_x_1/U684/Y (AO1B2_X3M_A9TR)                                                                                                                                                                        0.0408     1.5666 r
  i_horcrux_top/i_horcrux/multiplier_tree_inst/u_shared_mul/u_primary_mul/add_x_1/U685/Y (XNOR2_X3M_A9TR)                                                                                                                                                                        0.0247     1.5913 r
  i_horcrux_top/i_horcrux/multiplier_tree_inst/u_shared_mul/u_primary_mul/add_x_1/SUM[12] (unified_mul_32x32_DW01_add_295)                                                                                                                                                       0.0000     1.5913 r
  i_horcrux_top/i_horcrux/multiplier_tree_inst/u_shared_mul/u_primary_mul/U853/Y (NAND2_X3B_A9TR)                                                                                                                                                                                0.0214     1.6127 f
  i_horcrux_top/i_horcrux/multiplier_tree_inst/u_shared_mul/u_primary_mul/U3329/Y (OAI21_X6M_A9TR)                                                                                                                                                                               0.0236     1.6363 r
  i_horcrux_top/i_horcrux/multiplier_tree_inst/u_shared_mul/u_primary_mul/add_x_2/A[12] (unified_mul_32x32_DW01_add_296)                                                                                                                                                         0.0000     1.6363 r
  i_horcrux_top/i_horcrux/multiplier_tree_inst/u_shared_mul/u_primary_mul/add_x_2/U394/Y (NOR2_X6A_A9TR)                                                                                                                                                                         0.0200     1.6563 f
  i_horcrux_top/i_horcrux/multiplier_tree_inst/u_shared_mul/u_primary_mul/add_x_2/U349/Y (INV_X1P4M_A9TR)                                                                                                                                                                        0.0232     1.6795 r
  i_horcrux_top/i_horcrux/multiplier_tree_inst/u_shared_mul/u_primary_mul/add_x_2/U465/Y (NAND2_X3B_A9TR)                                                                                                                                                                        0.0218     1.7013 f
  i_horcrux_top/i_horcrux/multiplier_tree_inst/u_shared_mul/u_primary_mul/add_x_2/U336/Y (XOR2_X4M_A9TR)                                                                                                                                                                         0.0218     1.7231 f
  i_horcrux_top/i_horcrux/multiplier_tree_inst/u_shared_mul/u_primary_mul/add_x_2/SUM[12] (unified_mul_32x32_DW01_add_296)                                                                                                                                                       0.0000     1.7231 f
  i_horcrux_top/i_horcrux/multiplier_tree_inst/u_shared_mul/u_primary_mul/U3436/Y (AO1B2_X4M_A9TR)                                                                                                                                                                               0.0376     1.7608 f
  i_horcrux_top/i_horcrux/multiplier_tree_inst/u_shared_mul/u_primary_mul/add_x_3/A[12] (unified_mul_32x32_DW01_add_325)                                                                                                                                                         0.0000     1.7608 f
  i_horcrux_top/i_horcrux/multiplier_tree_inst/u_shared_mul/u_primary_mul/add_x_3/U363/Y (NOR2_X6A_A9TR)                                                                                                                                                                         0.0271     1.7879 r
  i_horcrux_top/i_horcrux/multiplier_tree_inst/u_shared_mul/u_primary_mul/add_x_3/U391/Y (INV_X2P5M_A9TR)                                                                                                                                                                        0.0175     1.8054 f
  i_horcrux_top/i_horcrux/multiplier_tree_inst/u_shared_mul/u_primary_mul/add_x_3/U496/Y (NAND2_X4B_A9TR)                                                                                                                                                                        0.0139     1.8193 r
  i_horcrux_top/i_horcrux/multiplier_tree_inst/u_shared_mul/u_primary_mul/add_x_3/U497/Y (XOR2_X4M_A9TR)                                                                                                                                                                         0.0330     1.8523 r
  i_horcrux_top/i_horcrux/multiplier_tree_inst/u_shared_mul/u_primary_mul/add_x_3/SUM[12] (unified_mul_32x32_DW01_add_325)                                                                                                                                                       0.0000     1.8523 r
  i_horcrux_top/i_horcrux/multiplier_tree_inst/u_shared_mul/u_primary_mul/U589/Y (NAND2_X3M_A9TR)                                                                                                                                                                                0.0211     1.8733 f
  i_horcrux_top/i_horcrux/multiplier_tree_inst/u_shared_mul/u_primary_mul/U3393/Y (NAND2_X6A_A9TR)                                                                                                                                                                               0.0191     1.8924 r
  i_horcrux_top/i_horcrux/multiplier_tree_inst/u_shared_mul/u_primary_mul/add_x_4/A[12] (unified_mul_32x32_DW01_add_347)                                                                                                                                                         0.0000     1.8924 r
  i_horcrux_top/i_horcrux/multiplier_tree_inst/u_shared_mul/u_primary_mul/add_x_4/U836/Y (NOR2_X8A_A9TR)                                                                                                                                                                         0.0149     1.9074 f
  i_horcrux_top/i_horcrux/multiplier_tree_inst/u_shared_mul/u_primary_mul/add_x_4/U741/Y (NOR2_X4A_A9TR)                                                                                                                                                                         0.0260     1.9333 r
  i_horcrux_top/i_horcrux/multiplier_tree_inst/u_shared_mul/u_primary_mul/add_x_4/U850/Y (AOI21_X8M_A9TR)                                                                                                                                                                        0.0261     1.9594 f
  i_horcrux_top/i_horcrux/multiplier_tree_inst/u_shared_mul/u_primary_mul/add_x_4/U771/Y (OAI21_X8M_A9TR)                                                                                                                                                                        0.0219     1.9813 r
  i_horcrux_top/i_horcrux/multiplier_tree_inst/u_shared_mul/u_primary_mul/add_x_4/U765/Y (AOI21_X6M_A9TR)                                                                                                                                                                        0.0270     2.0083 f
  i_horcrux_top/i_horcrux/multiplier_tree_inst/u_shared_mul/u_primary_mul/add_x_4/U857/Y (OA21_X8M_A9TR)                                                                                                                                                                         0.0319     2.0402 f
  i_horcrux_top/i_horcrux/multiplier_tree_inst/u_shared_mul/u_primary_mul/add_x_4/U728/Y (INV_X5M_A9TR)                                                                                                                                                                          0.0142     2.0544 r
  i_horcrux_top/i_horcrux/multiplier_tree_inst/u_shared_mul/u_primary_mul/add_x_4/U861/Y (AOI21_X8M_A9TR)                                                                                                                                                                        0.0269     2.0814 f
  i_horcrux_top/i_horcrux/multiplier_tree_inst/u_shared_mul/u_primary_mul/add_x_4/U862/Y (XOR2_X4M_A9TR)                                                                                                                                                                         0.0371     2.1185 f
  i_horcrux_top/i_horcrux/multiplier_tree_inst/u_shared_mul/u_primary_mul/add_x_4/SUM[19] (unified_mul_32x32_DW01_add_347)                                                                                                                                                       0.0000     2.1185 f
  i_horcrux_top/i_horcrux/multiplier_tree_inst/u_shared_mul/u_primary_mul/U728/Y (NAND2_X4B_A9TR)                                                                                                                                                                                0.0179     2.1364 r
  i_horcrux_top/i_horcrux/multiplier_tree_inst/u_shared_mul/u_primary_mul/U713/Y (OAI21_X6M_A9TR)                                                                                                                                                                                0.0330     2.1694 f
  i_horcrux_top/i_horcrux/multiplier_tree_inst/u_shared_mul/u_primary_mul/add_x_5/A[19] (unified_mul_32x32_DW01_add_114)                                                                                                                                                         0.0000     2.1694 f
  i_horcrux_top/i_horcrux/multiplier_tree_inst/u_shared_mul/u_primary_mul/add_x_5/U710/Y (NOR2_X6A_A9TR)                                                                                                                                                                         0.0286     2.1980 r
  i_horcrux_top/i_horcrux/multiplier_tree_inst/u_shared_mul/u_primary_mul/add_x_5/U860/Y (INV_X4M_A9TR)                                                                                                                                                                          0.0148     2.2129 f
  i_horcrux_top/i_horcrux/multiplier_tree_inst/u_shared_mul/u_primary_mul/add_x_5/U861/Y (NAND2_X4B_A9TR)                                                                                                                                                                        0.0149     2.2277 r
  i_horcrux_top/i_horcrux/multiplier_tree_inst/u_shared_mul/u_primary_mul/add_x_5/U862/Y (XOR2_X4M_A9TR)                                                                                                                                                                         0.0229     2.2506 r
  i_horcrux_top/i_horcrux/multiplier_tree_inst/u_shared_mul/u_primary_mul/add_x_5/SUM[19] (unified_mul_32x32_DW01_add_114)                                                                                                                                                       0.0000     2.2506 r
  i_horcrux_top/i_horcrux/multiplier_tree_inst/u_shared_mul/u_primary_mul/U4208/Y (NAND2_X4B_A9TR)                                                                                                                                                                               0.0186     2.2692 f
  i_horcrux_top/i_horcrux/multiplier_tree_inst/u_shared_mul/u_primary_mul/U970/Y (AO21B_X4M_A9TR)                                                                                                                                                                                0.0205     2.2897 r
  i_horcrux_top/i_horcrux/multiplier_tree_inst/u_shared_mul/u_primary_mul/add_x_6/A[19] (unified_mul_32x32_DW01_add_300)                                                                                                                                                         0.0000     2.2897 r
  i_horcrux_top/i_horcrux/multiplier_tree_inst/u_shared_mul/u_primary_mul/add_x_6/U667/Y (NAND2_X3B_A9TR)                                                                                                                                                                        0.0223     2.3120 f
  i_horcrux_top/i_horcrux/multiplier_tree_inst/u_shared_mul/u_primary_mul/add_x_6/U574/Y (NAND2_X2M_A9TR)                                                                                                                                                                        0.0339     2.3458 r
  i_horcrux_top/i_horcrux/multiplier_tree_inst/u_shared_mul/u_primary_mul/add_x_6/U570/Y (XNOR2_X3M_A9TR)                                                                                                                                                                        0.0275     2.3734 r
  i_horcrux_top/i_horcrux/multiplier_tree_inst/u_shared_mul/u_primary_mul/add_x_6/SUM[19] (unified_mul_32x32_DW01_add_300)                                                                                                                                                       0.0000     2.3734 r
  i_horcrux_top/i_horcrux/multiplier_tree_inst/u_shared_mul/u_primary_mul/U2016/Y (NAND2_X3A_A9TR)                                                                                                                                                                               0.0204     2.3938 f
  i_horcrux_top/i_horcrux/multiplier_tree_inst/u_shared_mul/u_primary_mul/U640/Y (AO21B_X4M_A9TR)                                                                                                                                                                                0.0222     2.4160 r
  i_horcrux_top/i_horcrux/multiplier_tree_inst/u_shared_mul/u_primary_mul/add_x_7/A[19] (unified_mul_32x32_DW01_add_140)                                                                                                                                                         0.0000     2.4160 r
  i_horcrux_top/i_horcrux/multiplier_tree_inst/u_shared_mul/u_primary_mul/add_x_7/U569/Y (NAND2_X4B_A9TR)                                                                                                                                                                        0.0215     2.4375 f
  i_horcrux_top/i_horcrux/multiplier_tree_inst/u_shared_mul/u_primary_mul/add_x_7/U680/Y (INV_X3M_A9TR)                                                                                                                                                                          0.0252     2.4627 r
  i_horcrux_top/i_horcrux/multiplier_tree_inst/u_shared_mul/u_primary_mul/add_x_7/U681/Y (AOI21_X6M_A9TR)                                                                                                                                                                        0.0234     2.4861 f
  i_horcrux_top/i_horcrux/multiplier_tree_inst/u_shared_mul/u_primary_mul/add_x_7/U756/Y (XOR2_X4M_A9TR)                                                                                                                                                                         0.0360     2.5221 f
  i_horcrux_top/i_horcrux/multiplier_tree_inst/u_shared_mul/u_primary_mul/add_x_7/SUM[20] (unified_mul_32x32_DW01_add_140)                                                                                                                                                       0.0000     2.5221 f
  i_horcrux_top/i_horcrux/multiplier_tree_inst/u_shared_mul/u_primary_mul/U953/Y (NAND2_X4B_A9TR)                                                                                                                                                                                0.0184     2.5405 r
  i_horcrux_top/i_horcrux/multiplier_tree_inst/u_shared_mul/u_primary_mul/U3550/Y (OAI21_X8M_A9TR)                                                                                                                                                                               0.0255     2.5661 f
  i_horcrux_top/i_horcrux/multiplier_tree_inst/u_shared_mul/u_primary_mul/add_x_8/A[20] (unified_mul_32x32_DW01_add_302)                                                                                                                                                         0.0000     2.5661 f
  i_horcrux_top/i_horcrux/multiplier_tree_inst/u_shared_mul/u_primary_mul/add_x_8/U536/Y (OR2_X6M_A9TR)                                                                                                                                                                          0.0361     2.6022 f
  i_horcrux_top/i_horcrux/multiplier_tree_inst/u_shared_mul/u_primary_mul/add_x_8/U530/Y (NAND2_X4B_A9TR)                                                                                                                                                                        0.0167     2.6189 r
  i_horcrux_top/i_horcrux/multiplier_tree_inst/u_shared_mul/u_primary_mul/add_x_8/U759/Y (XNOR2_X4M_A9TR)                                                                                                                                                                        0.0224     2.6413 r
  i_horcrux_top/i_horcrux/multiplier_tree_inst/u_shared_mul/u_primary_mul/add_x_8/SUM[20] (unified_mul_32x32_DW01_add_302)                                                                                                                                                       0.0000     2.6413 r
  i_horcrux_top/i_horcrux/multiplier_tree_inst/u_shared_mul/u_primary_mul/U586/Y (NAND2_X4B_A9TR)                                                                                                                                                                                0.0190     2.6603 f
  i_horcrux_top/i_horcrux/multiplier_tree_inst/u_shared_mul/u_primary_mul/U4128/Y (OAI21_X8M_A9TR)                                                                                                                                                                               0.0192     2.6795 r
  i_horcrux_top/i_horcrux/multiplier_tree_inst/u_shared_mul/u_primary_mul/add_x_9/A[20] (unified_mul_32x32_DW01_add_303)                                                                                                                                                         0.0000     2.6795 r
  i_horcrux_top/i_horcrux/multiplier_tree_inst/u_shared_mul/u_primary_mul/add_x_9/U516/Y (OR2_X6M_A9TR)                                                                                                                                                                          0.0363     2.7158 r
  i_horcrux_top/i_horcrux/multiplier_tree_inst/u_shared_mul/u_primary_mul/add_x_9/U507/Y (NAND2_X4M_A9TR)                                                                                                                                                                        0.0169     2.7327 f
  i_horcrux_top/i_horcrux/multiplier_tree_inst/u_shared_mul/u_primary_mul/add_x_9/U723/Y (XNOR2_X4M_A9TR)                                                                                                                                                                        0.0253     2.7580 f
  i_horcrux_top/i_horcrux/multiplier_tree_inst/u_shared_mul/u_primary_mul/add_x_9/SUM[20] (unified_mul_32x32_DW01_add_303)                                                                                                                                                       0.0000     2.7580 f
  i_horcrux_top/i_horcrux/multiplier_tree_inst/u_shared_mul/u_primary_mul/U1215/Y (NAND2_X6B_A9TR)                                                                                                                                                                               0.0184     2.7764 r
  i_horcrux_top/i_horcrux/multiplier_tree_inst/u_shared_mul/u_primary_mul/U2978/Y (AO21B_X6M_A9TR)                                                                                                                                                                               0.0236     2.8000 f
  i_horcrux_top/i_horcrux/multiplier_tree_inst/u_shared_mul/u_primary_mul/add_x_10/A[20] (unified_mul_32x32_DW01_add_304)                                                                                                                                                        0.0000     2.8000 f
  i_horcrux_top/i_horcrux/multiplier_tree_inst/u_shared_mul/u_primary_mul/add_x_10/U561/Y (NOR2_X8A_A9TR)                                                                                                                                                                        0.0256     2.8256 r
  i_horcrux_top/i_horcrux/multiplier_tree_inst/u_shared_mul/u_primary_mul/add_x_10/U478/Y (OAI21_X6M_A9TR)                                                                                                                                                                       0.0237     2.8493 f
  i_horcrux_top/i_horcrux/multiplier_tree_inst/u_shared_mul/u_primary_mul/add_x_10/U573/Y (AOI21_X6M_A9TR)                                                                                                                                                                       0.0245     2.8738 r
  i_horcrux_top/i_horcrux/multiplier_tree_inst/u_shared_mul/u_primary_mul/add_x_10/U503/Y (XOR2_X3M_A9TR)                                                                                                                                                                        0.0398     2.9135 r
  i_horcrux_top/i_horcrux/multiplier_tree_inst/u_shared_mul/u_primary_mul/add_x_10/SUM[21] (unified_mul_32x32_DW01_add_304)                                                                                                                                                      0.0000     2.9135 r
  i_horcrux_top/i_horcrux/multiplier_tree_inst/u_shared_mul/u_primary_mul/U2961/Y (NAND2_X3M_A9TR)                                                                                                                                                                               0.0219     2.9354 f
  i_horcrux_top/i_horcrux/multiplier_tree_inst/u_shared_mul/u_primary_mul/U2962/Y (AO21B_X6M_A9TR)                                                                                                                                                                               0.0173     2.9528 r
  i_horcrux_top/i_horcrux/multiplier_tree_inst/u_shared_mul/u_primary_mul/add_x_11/A[21] (unified_mul_32x32_DW01_add_186)                                                                                                                                                        0.0000     2.9528 r
  i_horcrux_top/i_horcrux/multiplier_tree_inst/u_shared_mul/u_primary_mul/add_x_11/U612/Y (NOR2_X6A_A9TR)                                                                                                                                                                        0.0155     2.9683 f
  i_horcrux_top/i_horcrux/multiplier_tree_inst/u_shared_mul/u_primary_mul/add_x_11/U544/Y (INV_X5M_A9TR)                                                                                                                                                                         0.0211     2.9893 r
  i_horcrux_top/i_horcrux/multiplier_tree_inst/u_shared_mul/u_primary_mul/add_x_11/U700/Y (NAND2_X4B_A9TR)                                                                                                                                                                       0.0197     3.0090 f
  i_horcrux_top/i_horcrux/multiplier_tree_inst/u_shared_mul/u_primary_mul/add_x_11/U701/Y (XOR2_X4M_A9TR)                                                                                                                                                                        0.0261     3.0351 f
  i_horcrux_top/i_horcrux/multiplier_tree_inst/u_shared_mul/u_primary_mul/add_x_11/SUM[21] (unified_mul_32x32_DW01_add_186)                                                                                                                                                      0.0000     3.0351 f
  i_horcrux_top/i_horcrux/multiplier_tree_inst/u_shared_mul/u_primary_mul/U3423/Y (NAND2_X6B_A9TR)                                                                                                                                                                               0.0177     3.0528 r
  i_horcrux_top/i_horcrux/multiplier_tree_inst/u_shared_mul/u_primary_mul/U1105/Y (AO1B2_X6M_A9TR)                                                                                                                                                                               0.0264     3.0792 f
  i_horcrux_top/i_horcrux/multiplier_tree_inst/u_shared_mul/u_primary_mul/add_x_12/A[21] (unified_mul_32x32_DW01_add_187)                                                                                                                                                        0.0000     3.0792 f
  i_horcrux_top/i_horcrux/multiplier_tree_inst/u_shared_mul/u_primary_mul/add_x_12/U483/Y (OR2_X4M_A9TR)                                                                                                                                                                         0.0318     3.1110 f
  i_horcrux_top/i_horcrux/multiplier_tree_inst/u_shared_mul/u_primary_mul/add_x_12/U521/Y (NAND2_X3M_A9TR)                                                                                                                                                                       0.0199     3.1309 r
  i_horcrux_top/i_horcrux/multiplier_tree_inst/u_shared_mul/u_primary_mul/add_x_12/U481/Y (XNOR2_X3M_A9TR)                                                                                                                                                                       0.0251     3.1560 r
  i_horcrux_top/i_horcrux/multiplier_tree_inst/u_shared_mul/u_primary_mul/add_x_12/SUM[21] (unified_mul_32x32_DW01_add_187)                                                                                                                                                      0.0000     3.1560 r
  i_horcrux_top/i_horcrux/multiplier_tree_inst/u_shared_mul/u_primary_mul/U2026/Y (AO1B2_X4M_A9TR)                                                                                                                                                                               0.0403     3.1964 r
  i_horcrux_top/i_horcrux/multiplier_tree_inst/u_shared_mul/u_primary_mul/add_x_13/A[21] (unified_mul_32x32_DW01_add_307)                                                                                                                                                        0.0000     3.1964 r
  i_horcrux_top/i_horcrux/multiplier_tree_inst/u_shared_mul/u_primary_mul/add_x_13/U476/Y (OR2_X6M_A9TR)                                                                                                                                                                         0.0326     3.2289 r
  i_horcrux_top/i_horcrux/multiplier_tree_inst/u_shared_mul/u_primary_mul/add_x_13/U470/Y (NAND2_X4M_A9TR)                                                                                                                                                                       0.0162     3.2451 f
  i_horcrux_top/i_horcrux/multiplier_tree_inst/u_shared_mul/u_primary_mul/add_x_13/U619/Y (XNOR2_X3M_A9TR)                                                                                                                                                                       0.0243     3.2694 f
  i_horcrux_top/i_horcrux/multiplier_tree_inst/u_shared_mul/u_primary_mul/add_x_13/SUM[21] (unified_mul_32x32_DW01_add_307)                                                                                                                                                      0.0000     3.2694 f
  i_horcrux_top/i_horcrux/multiplier_tree_inst/u_shared_mul/u_primary_mul/U1178/Y (AO1B2_X6M_A9TR)                                                                                                                                                                               0.0367     3.3062 f
  i_horcrux_top/i_horcrux/multiplier_tree_inst/u_shared_mul/u_primary_mul/add_x_14/A[21] (unified_mul_32x32_DW01_add_207)                                                                                                                                                        0.0000     3.3062 f
  i_horcrux_top/i_horcrux/multiplier_tree_inst/u_shared_mul/u_primary_mul/add_x_14/U476/Y (NOR2_X8A_A9TR)                                                                                                                                                                        0.0235     3.3297 r
  i_horcrux_top/i_horcrux/multiplier_tree_inst/u_shared_mul/u_primary_mul/add_x_14/U450/Y (NAND2B_X6M_A9TR)                                                                                                                                                                      0.0337     3.3634 r
  i_horcrux_top/i_horcrux/multiplier_tree_inst/u_shared_mul/u_primary_mul/add_x_14/U636/Y (XOR2_X4M_A9TR)                                                                                                                                                                        0.0259     3.3894 r
  i_horcrux_top/i_horcrux/multiplier_tree_inst/u_shared_mul/u_primary_mul/add_x_14/SUM[21] (unified_mul_32x32_DW01_add_207)                                                                                                                                                      0.0000     3.3894 r
  i_horcrux_top/i_horcrux/multiplier_tree_inst/u_shared_mul/u_primary_mul/U382/Y (NAND2_X6B_A9TR)                                                                                                                                                                                0.0181     3.4075 f
  i_horcrux_top/i_horcrux/multiplier_tree_inst/u_shared_mul/u_primary_mul/U697/Y (AO21B_X6M_A9TR)                                                                                                                                                                                0.0242     3.4316 r
  i_horcrux_top/i_horcrux/multiplier_tree_inst/u_shared_mul/u_primary_mul/add_x_15/A[21] (unified_mul_32x32_DW01_add_224)                                                                                                                                                        0.0000     3.4316 r
  i_horcrux_top/i_horcrux/multiplier_tree_inst/u_shared_mul/u_primary_mul/add_x_15/U508/Y (NOR2_X8A_A9TR)                                                                                                                                                                        0.0158     3.4475 f
  i_horcrux_top/i_horcrux/multiplier_tree_inst/u_shared_mul/u_primary_mul/add_x_15/U617/Y (INV_X7P5M_A9TR)                                                                                                                                                                       0.0170     3.4645 r
  i_horcrux_top/i_horcrux/multiplier_tree_inst/u_shared_mul/u_primary_mul/add_x_15/U618/Y (NAND2_X4B_A9TR)                                                                                                                                                                       0.0173     3.4818 f
  i_horcrux_top/i_horcrux/multiplier_tree_inst/u_shared_mul/u_primary_mul/add_x_15/U619/Y (XOR2_X4M_A9TR)                                                                                                                                                                        0.0237     3.5054 f
  i_horcrux_top/i_horcrux/multiplier_tree_inst/u_shared_mul/u_primary_mul/add_x_15/SUM[21] (unified_mul_32x32_DW01_add_224)                                                                                                                                                      0.0000     3.5054 f
  i_horcrux_top/i_horcrux/multiplier_tree_inst/u_shared_mul/u_primary_mul/U375/Y (INV_X5M_A9TR)                                                                                                                                                                                  0.0181     3.5236 r
  i_horcrux_top/i_horcrux/multiplier_tree_inst/u_shared_mul/u_primary_mul/U1080/Y (OAI22BB_X8M_A9TR)                                                                                                                                                                             0.0213     3.5449 f
  i_horcrux_top/i_horcrux/multiplier_tree_inst/u_shared_mul/u_primary_mul/add_x_16/A[21] (unified_mul_32x32_DW01_add_239)                                                                                                                                                        0.0000     3.5449 f
  i_horcrux_top/i_horcrux/multiplier_tree_inst/u_shared_mul/u_primary_mul/add_x_16/U505/Y (NAND2_X4B_A9TR)                                                                                                                                                                       0.0212     3.5661 r
  i_horcrux_top/i_horcrux/multiplier_tree_inst/u_shared_mul/u_primary_mul/add_x_16/U431/Y (INV_X3P5M_A9TR)                                                                                                                                                                       0.0192     3.5854 f
  i_horcrux_top/i_horcrux/multiplier_tree_inst/u_shared_mul/u_primary_mul/add_x_16/U465/Y (AOI21_X6M_A9TR)                                                                                                                                                                       0.0241     3.6095 r
  i_horcrux_top/i_horcrux/multiplier_tree_inst/u_shared_mul/u_primary_mul/add_x_16/U609/Y (XOR2_X4M_A9TR)                                                                                                                                                                        0.0385     3.6480 r
  i_horcrux_top/i_horcrux/multiplier_tree_inst/u_shared_mul/u_primary_mul/add_x_16/SUM[22] (unified_mul_32x32_DW01_add_239)                                                                                                                                                      0.0000     3.6480 r
  i_horcrux_top/i_horcrux/multiplier_tree_inst/u_shared_mul/u_primary_mul/U349/Y (NAND2_X6B_A9TR)                                                                                                                                                                                0.0181     3.6661 f
  i_horcrux_top/i_horcrux/multiplier_tree_inst/u_shared_mul/u_primary_mul/U971/Y (AO21B_X6M_A9TR)                                                                                                                                                                                0.0222     3.6883 r
  i_horcrux_top/i_horcrux/multiplier_tree_inst/u_shared_mul/u_primary_mul/add_x_17/A[22] (unified_mul_32x32_DW01_add_240)                                                                                                                                                        0.0000     3.6883 r
  i_horcrux_top/i_horcrux/multiplier_tree_inst/u_shared_mul/u_primary_mul/add_x_17/U509/Y (NAND2_X4B_A9TR)                                                                                                                                                                       0.0207     3.7090 f
  i_horcrux_top/i_horcrux/multiplier_tree_inst/u_shared_mul/u_primary_mul/add_x_17/U437/Y (NAND2_X3B_A9TR)                                                                                                                                                                       0.0311     3.7401 r
  i_horcrux_top/i_horcrux/multiplier_tree_inst/u_shared_mul/u_primary_mul/add_x_17/U606/Y (XOR2_X4M_A9TR)                                                                                                                                                                        0.0256     3.7657 r
  i_horcrux_top/i_horcrux/multiplier_tree_inst/u_shared_mul/u_primary_mul/add_x_17/SUM[22] (unified_mul_32x32_DW01_add_240)                                                                                                                                                      0.0000     3.7657 r
  i_horcrux_top/i_horcrux/multiplier_tree_inst/u_shared_mul/u_primary_mul/U772/Y (NAND2_X4A_A9TR)                                                                                                                                                                                0.0176     3.7833 f
  i_horcrux_top/i_horcrux/multiplier_tree_inst/u_shared_mul/u_primary_mul/U1209/Y (AO21B_X4M_A9TR)                                                                                                                                                                               0.0177     3.8010 r
  i_horcrux_top/i_horcrux/multiplier_tree_inst/u_shared_mul/u_primary_mul/add_x_18/A[22] (unified_mul_32x32_DW01_add_335)                                                                                                                                                        0.0000     3.8010 r
  i_horcrux_top/i_horcrux/multiplier_tree_inst/u_shared_mul/u_primary_mul/add_x_18/U421/Y (OR2_X4M_A9TR)                                                                                                                                                                         0.0342     3.8352 r
  i_horcrux_top/i_horcrux/multiplier_tree_inst/u_shared_mul/u_primary_mul/add_x_18/U515/Y (NAND2_X3A_A9TR)                                                                                                                                                                       0.0203     3.8555 f
  i_horcrux_top/i_horcrux/multiplier_tree_inst/u_shared_mul/u_primary_mul/add_x_18/U423/Y (XNOR2_X3M_A9TR)                                                                                                                                                                       0.0262     3.8817 f
  i_horcrux_top/i_horcrux/multiplier_tree_inst/u_shared_mul/u_primary_mul/add_x_18/SUM[22] (unified_mul_32x32_DW01_add_335)                                                                                                                                                      0.0000     3.8817 f
  i_horcrux_top/i_horcrux/multiplier_tree_inst/u_shared_mul/u_primary_mul/U337/Y (NAND2_X4M_A9TR)                                                                                                                                                                                0.0222     3.9039 r
  i_horcrux_top/i_horcrux/multiplier_tree_inst/u_shared_mul/u_primary_mul/U303/Y (NAND2_X6B_A9TR)                                                                                                                                                                                0.0208     3.9247 f
  i_horcrux_top/i_horcrux/multiplier_tree_inst/u_shared_mul/u_primary_mul/add_x_19/A[22] (unified_mul_32x32_DW01_add_254)                                                                                                                                                        0.0000     3.9247 f
  i_horcrux_top/i_horcrux/multiplier_tree_inst/u_shared_mul/u_primary_mul/add_x_19/U411/Y (OR2_X6M_A9TR)                                                                                                                                                                         0.0322     3.9569 f
  i_horcrux_top/i_horcrux/multiplier_tree_inst/u_shared_mul/u_primary_mul/add_x_19/U414/Y (NAND2_X6B_A9TR)                                                                                                                                                                       0.0147     3.9716 r
  i_horcrux_top/i_horcrux/multiplier_tree_inst/u_shared_mul/u_primary_mul/add_x_19/U568/Y (XNOR2_X4M_A9TR)                                                                                                                                                                       0.0220     3.9936 r
  i_horcrux_top/i_horcrux/multiplier_tree_inst/u_shared_mul/u_primary_mul/add_x_19/SUM[22] (unified_mul_32x32_DW01_add_254)                                                                                                                                                      0.0000     3.9936 r
  i_horcrux_top/i_horcrux/multiplier_tree_inst/u_shared_mul/u_primary_mul/U3433/Y (AO1B2_X4M_A9TR)                                                                                                                                                                               0.0397     4.0334 r
  i_horcrux_top/i_horcrux/multiplier_tree_inst/u_shared_mul/u_primary_mul/add_x_20/A[22] (unified_mul_32x32_DW01_add_337)                                                                                                                                                        0.0000     4.0334 r
  i_horcrux_top/i_horcrux/multiplier_tree_inst/u_shared_mul/u_primary_mul/add_x_20/U407/Y (NOR2_X6A_A9TR)                                                                                                                                                                        0.0206     4.0539 f
  i_horcrux_top/i_horcrux/multiplier_tree_inst/u_shared_mul/u_primary_mul/add_x_20/U366/Y (INV_X5M_A9TR)                                                                                                                                                                         0.0224     4.0764 r
  i_horcrux_top/i_horcrux/multiplier_tree_inst/u_shared_mul/u_primary_mul/add_x_20/U516/Y (NAND2_X6B_A9TR)                                                                                                                                                                       0.0161     4.0924 f
  i_horcrux_top/i_horcrux/multiplier_tree_inst/u_shared_mul/u_primary_mul/add_x_20/U517/Y (XOR2_X4M_A9TR)                                                                                                                                                                        0.0239     4.1163 f
  i_horcrux_top/i_horcrux/multiplier_tree_inst/u_shared_mul/u_primary_mul/add_x_20/SUM[22] (unified_mul_32x32_DW01_add_337)                                                                                                                                                      0.0000     4.1163 f
  i_horcrux_top/i_horcrux/multiplier_tree_inst/u_shared_mul/u_primary_mul/U700/Y (NAND2_X6M_A9TR)                                                                                                                                                                                0.0187     4.1350 r
  i_horcrux_top/i_horcrux/multiplier_tree_inst/u_shared_mul/u_primary_mul/U266/Y (NAND2_X6B_A9TR)                                                                                                                                                                                0.0188     4.1538 f
  i_horcrux_top/i_horcrux/multiplier_tree_inst/u_shared_mul/u_primary_mul/add_x_21/A[22] (unified_mul_32x32_DW01_add_267)                                                                                                                                                        0.0000     4.1538 f
  i_horcrux_top/i_horcrux/multiplier_tree_inst/u_shared_mul/u_primary_mul/add_x_21/U346/Y (NAND2_X4M_A9TR)                                                                                                                                                                       0.0225     4.1763 r
  i_horcrux_top/i_horcrux/multiplier_tree_inst/u_shared_mul/u_primary_mul/add_x_21/U449/Y (INV_X4M_A9TR)                                                                                                                                                                         0.0184     4.1947 f
  i_horcrux_top/i_horcrux/multiplier_tree_inst/u_shared_mul/u_primary_mul/add_x_21/U450/Y (AOI21_X8M_A9TR)                                                                                                                                                                       0.0219     4.2166 r
  i_horcrux_top/i_horcrux/multiplier_tree_inst/u_shared_mul/u_primary_mul/add_x_21/U453/Y (OAI21_X8M_A9TR)                                                                                                                                                                       0.0232     4.2398 f
  i_horcrux_top/i_horcrux/multiplier_tree_inst/u_shared_mul/u_primary_mul/add_x_21/U386/Y (AOI21_X6M_A9TR)                                                                                                                                                                       0.0316     4.2714 r
  i_horcrux_top/i_horcrux/multiplier_tree_inst/u_shared_mul/u_primary_mul/add_x_21/U549/Y (XOR2_X4M_A9TR)                                                                                                                                                                        0.0360     4.3074 r
  i_horcrux_top/i_horcrux/multiplier_tree_inst/u_shared_mul/u_primary_mul/add_x_21/SUM[25] (unified_mul_32x32_DW01_add_267)                                                                                                                                                      0.0000     4.3074 r
  i_horcrux_top/i_horcrux/multiplier_tree_inst/u_shared_mul/u_primary_mul/U1404/Y (AO1B2_X6M_A9TR)                                                                                                                                                                               0.0378     4.3452 r
  i_horcrux_top/i_horcrux/multiplier_tree_inst/u_shared_mul/u_primary_mul/add_x_22/A[25] (unified_mul_32x32_DW01_add_277)                                                                                                                                                        0.0000     4.3452 r
  i_horcrux_top/i_horcrux/multiplier_tree_inst/u_shared_mul/u_primary_mul/add_x_22/U391/Y (NOR2_X8A_A9TR)                                                                                                                                                                        0.0186     4.3638 f
  i_horcrux_top/i_horcrux/multiplier_tree_inst/u_shared_mul/u_primary_mul/add_x_22/U365/Y (INV_X6M_A9TR)                                                                                                                                                                         0.0190     4.3827 r
  i_horcrux_top/i_horcrux/multiplier_tree_inst/u_shared_mul/u_primary_mul/add_x_22/U522/Y (NAND2_X4A_A9TR)                                                                                                                                                                       0.0156     4.3983 f
  i_horcrux_top/i_horcrux/multiplier_tree_inst/u_shared_mul/u_primary_mul/add_x_22/U362/Y (XOR2_X3M_A9TR)                                                                                                                                                                        0.0241     4.4224 f
  i_horcrux_top/i_horcrux/multiplier_tree_inst/u_shared_mul/u_primary_mul/add_x_22/SUM[25] (unified_mul_32x32_DW01_add_277)                                                                                                                                                      0.0000     4.4224 f
  i_horcrux_top/i_horcrux/multiplier_tree_inst/u_shared_mul/u_primary_mul/U914/Y (AO1B2_X6M_A9TR)                                                                                                                                                                                0.0344     4.4568 f
  i_horcrux_top/i_horcrux/multiplier_tree_inst/u_shared_mul/u_primary_mul/add_x_23/A[25] (unified_mul_32x32_DW01_add_317)                                                                                                                                                        0.0000     4.4568 f
  i_horcrux_top/i_horcrux/multiplier_tree_inst/u_shared_mul/u_primary_mul/add_x_23/U369/Y (NAND2_X4M_A9TR)                                                                                                                                                                       0.0226     4.4794 r
  i_horcrux_top/i_horcrux/multiplier_tree_inst/u_shared_mul/u_primary_mul/add_x_23/U398/Y (INV_X3M_A9TR)                                                                                                                                                                         0.0201     4.4996 f
  i_horcrux_top/i_horcrux/multiplier_tree_inst/u_shared_mul/u_primary_mul/add_x_23/U373/Y (AOI21_X6M_A9TR)                                                                                                                                                                       0.0254     4.5249 r
  i_horcrux_top/i_horcrux/multiplier_tree_inst/u_shared_mul/u_primary_mul/add_x_23/U513/Y (XOR2_X4M_A9TR)                                                                                                                                                                        0.0365     4.5614 r
  i_horcrux_top/i_horcrux/multiplier_tree_inst/u_shared_mul/u_primary_mul/add_x_23/SUM[26] (unified_mul_32x32_DW01_add_317)                                                                                                                                                      0.0000     4.5614 r
  i_horcrux_top/i_horcrux/multiplier_tree_inst/u_shared_mul/u_primary_mul/U3335/Y (AO1B2_X6M_A9TR)                                                                                                                                                                               0.0362     4.5976 r
  i_horcrux_top/i_horcrux/multiplier_tree_inst/u_shared_mul/u_primary_mul/add_x_24/A[26] (unified_mul_32x32_DW01_add_340)                                                                                                                                                        0.0000     4.5976 r
  i_horcrux_top/i_horcrux/multiplier_tree_inst/u_shared_mul/u_primary_mul/add_x_24/U329/Y (OR2_X6M_A9TR)                                                                                                                                                                         0.0320     4.6297 r
  i_horcrux_top/i_horcrux/multiplier_tree_inst/u_shared_mul/u_primary_mul/add_x_24/U333/Y (NAND2_X3B_A9TR)                                                                                                                                                                       0.0199     4.6495 f
  i_horcrux_top/i_horcrux/multiplier_tree_inst/u_shared_mul/u_primary_mul/add_x_24/U473/Y (XNOR2_X3M_A9TR)                                                                                                                                                                       0.0269     4.6765 f
  i_horcrux_top/i_horcrux/multiplier_tree_inst/u_shared_mul/u_primary_mul/add_x_24/SUM[26] (unified_mul_32x32_DW01_add_340)                                                                                                                                                      0.0000     4.6765 f
  i_horcrux_top/i_horcrux/multiplier_tree_inst/u_shared_mul/u_primary_mul/U197/Y (NAND2_X4B_A9TR)                                                                                                                                                                                0.0208     4.6973 r
  i_horcrux_top/i_horcrux/multiplier_tree_inst/u_shared_mul/u_primary_mul/U2673/Y (AO21B_X6M_A9TR)                                                                                                                                                                               0.0177     4.7150 f
  i_horcrux_top/i_horcrux/multiplier_tree_inst/u_shared_mul/u_primary_mul/add_x_25/A[26] (unified_mul_32x32_DW01_add_292)                                                                                                                                                        0.0000     4.7150 f
  i_horcrux_top/i_horcrux/multiplier_tree_inst/u_shared_mul/u_primary_mul/add_x_25/U393/Y (OR2_X4M_A9TR)                                                                                                                                                                         0.0328     4.7478 f
  i_horcrux_top/i_horcrux/multiplier_tree_inst/u_shared_mul/u_primary_mul/add_x_25/U398/Y (AOI21_X8M_A9TR)                                                                                                                                                                       0.0235     4.7713 r
  i_horcrux_top/i_horcrux/multiplier_tree_inst/u_shared_mul/u_primary_mul/add_x_25/U400/Y (OAI21_X4M_A9TR)                                                                                                                                                                       0.0315     4.8028 f
  i_horcrux_top/i_horcrux/multiplier_tree_inst/u_shared_mul/u_primary_mul/add_x_25/U490/Y (XNOR2_X4M_A9TR)                                                                                                                                                                       0.0393     4.8421 f
  i_horcrux_top/i_horcrux/multiplier_tree_inst/u_shared_mul/u_primary_mul/add_x_25/SUM[28] (unified_mul_32x32_DW01_add_292)                                                                                                                                                      0.0000     4.8421 f
  i_horcrux_top/i_horcrux/multiplier_tree_inst/u_shared_mul/u_primary_mul/U3342/Y (AO1B2_X6M_A9TR)                                                                                                                                                                               0.0361     4.8782 f
  i_horcrux_top/i_horcrux/multiplier_tree_inst/u_shared_mul/u_primary_mul/add_x_26/A[28] (unified_mul_32x32_DW01_add_342)                                                                                                                                                        0.0000     4.8782 f
  i_horcrux_top/i_horcrux/multiplier_tree_inst/u_shared_mul/u_primary_mul/add_x_26/U309/Y (OR2_X6M_A9TR)                                                                                                                                                                         0.0292     4.9074 f
  i_horcrux_top/i_horcrux/multiplier_tree_inst/u_shared_mul/u_primary_mul/add_x_26/U463/Y (NAND2_X6B_A9TR)                                                                                                                                                                       0.0138     4.9211 r
  i_horcrux_top/i_horcrux/multiplier_tree_inst/u_shared_mul/u_primary_mul/add_x_26/U464/Y (XNOR2_X4M_A9TR)                                                                                                                                                                       0.0227     4.9438 r
  i_horcrux_top/i_horcrux/multiplier_tree_inst/u_shared_mul/u_primary_mul/add_x_26/SUM[28] (unified_mul_32x32_DW01_add_342)                                                                                                                                                      0.0000     4.9438 r
  i_horcrux_top/i_horcrux/multiplier_tree_inst/u_shared_mul/u_primary_mul/U3451/Y (AO1B2_X6M_A9TR)                                                                                                                                                                               0.0373     4.9812 r
  i_horcrux_top/i_horcrux/multiplier_tree_inst/u_shared_mul/u_primary_mul/add_x_27/A[28] (unified_mul_32x32_DW01_add_343)                                                                                                                                                        0.0000     4.9812 r
  i_horcrux_top/i_horcrux/multiplier_tree_inst/u_shared_mul/u_primary_mul/add_x_27/U357/Y (NAND2_X6B_A9TR)                                                                                                                                                                       0.0203     5.0015 f
  i_horcrux_top/i_horcrux/multiplier_tree_inst/u_shared_mul/u_primary_mul/add_x_27/U313/Y (INV_X1P7M_A9TR)                                                                                                                                                                       0.0330     5.0345 r
  i_horcrux_top/i_horcrux/multiplier_tree_inst/u_shared_mul/u_primary_mul/add_x_27/U358/Y (AOI21_X6M_A9TR)                                                                                                                                                                       0.0244     5.0589 f
  i_horcrux_top/i_horcrux/multiplier_tree_inst/u_shared_mul/u_primary_mul/add_x_27/U480/Y (XOR2_X4M_A9TR)                                                                                                                                                                        0.0354     5.0943 f
  i_horcrux_top/i_horcrux/multiplier_tree_inst/u_shared_mul/u_primary_mul/add_x_27/SUM[29] (unified_mul_32x32_DW01_add_343)                                                                                                                                                      0.0000     5.0943 f
  i_horcrux_top/i_horcrux/multiplier_tree_inst/u_shared_mul/u_primary_mul/U3354/Y (NAND2_X4M_A9TR)                                                                                                                                                                               0.0187     5.1130 r
  i_horcrux_top/i_horcrux/multiplier_tree_inst/u_shared_mul/u_primary_mul/U147/Y (AO21B_X3M_A9TR)                                                                                                                                                                                0.0161     5.1291 f
  i_horcrux_top/i_horcrux/multiplier_tree_inst/u_shared_mul/u_primary_mul/add_x_28/A[29] (unified_mul_32x32_DW01_add_J7_2)                                                                                                                                                       0.0000     5.1291 f
  i_horcrux_top/i_horcrux/multiplier_tree_inst/u_shared_mul/u_primary_mul/add_x_28/U109/CO (ADDF_X2M_A9TR)                                                                                                                                                                       0.0481     5.1772 f
  i_horcrux_top/i_horcrux/multiplier_tree_inst/u_shared_mul/u_primary_mul/add_x_28/U87/S (ADDF_X1P4M_A9TR)                                                                                                                                                                       0.0721     5.2493 r
  i_horcrux_top/i_horcrux/multiplier_tree_inst/u_shared_mul/u_primary_mul/add_x_28/SUM[30] (unified_mul_32x32_DW01_add_J7_2)                                                                                                                                                     0.0000     5.2493 r
  i_horcrux_top/i_horcrux/multiplier_tree_inst/u_shared_mul/u_primary_mul/U3517/Y (MX2_X3B_A9TR)                                                                                                                                                                                 0.0353     5.2846 r
  i_horcrux_top/i_horcrux/multiplier_tree_inst/u_shared_mul/u_primary_mul/add_x_29/A[30] (unified_mul_32x32_DW01_add_J7_1)                                                                                                                                                       0.0000     5.2846 r
  i_horcrux_top/i_horcrux/multiplier_tree_inst/u_shared_mul/u_primary_mul/add_x_29/U77/S (ADDF_X2M_A9TR)                                                                                                                                                                         0.0781     5.3628 f
  i_horcrux_top/i_horcrux/multiplier_tree_inst/u_shared_mul/u_primary_mul/add_x_29/SUM[30] (unified_mul_32x32_DW01_add_J7_1)                                                                                                                                                     0.0000     5.3628 f
  i_horcrux_top/i_horcrux/multiplier_tree_inst/u_shared_mul/u_primary_mul/U128/Y (AO1B2_X6M_A9TR)                                                                                                                                                                                0.0312     5.3939 f
  i_horcrux_top/i_horcrux/multiplier_tree_inst/u_shared_mul/u_primary_mul/add_x_30/A[30] (unified_mul_32x32_DW01_add_J7_0)                                                                                                                                                       0.0000     5.3939 f
  i_horcrux_top/i_horcrux/multiplier_tree_inst/u_shared_mul/u_primary_mul/add_x_30/U106/Y (AND2_X3B_A9TR)                                                                                                                                                                        0.0318     5.4257 f
  i_horcrux_top/i_horcrux/multiplier_tree_inst/u_shared_mul/u_primary_mul/add_x_30/U59/Y (XOR2_X1P4M_A9TR)                                                                                                                                                                       0.0311     5.4567 f
  i_horcrux_top/i_horcrux/multiplier_tree_inst/u_shared_mul/u_primary_mul/add_x_30/U57/Y (XOR2_X3M_A9TR)                                                                                                                                                                         0.0512     5.5079 f
  i_horcrux_top/i_horcrux/multiplier_tree_inst/u_shared_mul/u_primary_mul/add_x_30/SUM[31] (unified_mul_32x32_DW01_add_J7_0)                                                                                                                                                     0.0000     5.5079 f
  i_horcrux_top/i_horcrux/multiplier_tree_inst/u_shared_mul/u_primary_mul/U113/Y (NAND2_X3B_A9TR)                                                                                                                                                                                0.0237     5.5316 r
  i_horcrux_top/i_horcrux/multiplier_tree_inst/u_shared_mul/u_primary_mul/U109/Y (NAND2_X3A_A9TR)                                                                                                                                                                                0.0228     5.5544 f
  i_horcrux_top/i_horcrux/multiplier_tree_inst/u_shared_mul/u_primary_mul/sub_x_31/A[31] (unified_mul_32x32_DW01_sub_15)                                                                                                                                                         0.0000     5.5544 f
  i_horcrux_top/i_horcrux/multiplier_tree_inst/u_shared_mul/u_primary_mul/sub_x_31/U316/Y (XNOR2_X3M_A9TR)                                                                                                                                                                       0.0283     5.5827 f
  i_horcrux_top/i_horcrux/multiplier_tree_inst/u_shared_mul/u_primary_mul/sub_x_31/DIFF[31] (unified_mul_32x32_DW01_sub_15)                                                                                                                                                      0.0000     5.5827 f
  i_horcrux_top/i_horcrux/multiplier_tree_inst/u_shared_mul/u_primary_mul/U4336/Y (OAI22BB_X8M_A9TR)                                                                                                                                                                             0.0481     5.6308 f
  i_horcrux_top/i_horcrux/multiplier_tree_inst/u_shared_mul/u_primary_mul/prod_o[31] (unified_mul_32x32)                                                                                                                                                                         0.0000     5.6308 f
  i_horcrux_top/i_horcrux/multiplier_tree_inst/u_shared_mul/U65/Y (AND2_X6B_A9TR)                                                                                                                                                                                                0.0344     5.6652 f
  i_horcrux_top/i_horcrux/multiplier_tree_inst/u_shared_mul/mult_x_3/a[31] (shared_multiplication_logic_DW_mult_uns_0)                                                                                                                                                           0.0000     5.6652 f
  i_horcrux_top/i_horcrux/multiplier_tree_inst/u_shared_mul/mult_x_3/U1450/Y (XOR2_X4M_A9TR)                                                                                                                                                                                     0.0217     5.6869 f
  i_horcrux_top/i_horcrux/multiplier_tree_inst/u_shared_mul/mult_x_3/U1451/Y (OAI21_X8M_A9TR)                                                                                                                                                                                    0.0263     5.7132 r
  i_horcrux_top/i_horcrux/multiplier_tree_inst/u_shared_mul/mult_x_3/U841/Y (OR2_X4M_A9TR)                                                                                                                                                                                       0.0299     5.7431 r
  i_horcrux_top/i_horcrux/multiplier_tree_inst/u_shared_mul/mult_x_3/U840/Y (NAND2_X6A_A9TR)                                                                                                                                                                                     0.0140     5.7571 f
  i_horcrux_top/i_horcrux/multiplier_tree_inst/u_shared_mul/mult_x_3/U1489/Y (XOR2_X4M_A9TR)                                                                                                                                                                                     0.0201     5.7771 f
  i_horcrux_top/i_horcrux/multiplier_tree_inst/u_shared_mul/mult_x_3/product[31] (shared_multiplication_logic_DW_mult_uns_0)                                                                                                                                                     0.0000     5.7771 f
  i_horcrux_top/i_horcrux/multiplier_tree_inst/u_shared_mul/U173/Y (AO1B2_X6M_A9TR)                                                                                                                                                                                              0.0372     5.8143 f
  i_horcrux_top/i_horcrux/multiplier_tree_inst/u_shared_mul/DP_OP_45J11_125_3794/I1[31] (shared_multiplication_logic_DP_OP_45J11_125_3794_2)                                                                                                                                     0.0000     5.8143 f
  i_horcrux_top/i_horcrux/multiplier_tree_inst/u_shared_mul/DP_OP_45J11_125_3794/U3699/Y (BUFH_X6M_A9TR)                                                                                                                                                                         0.0347     5.8490 f
  i_horcrux_top/i_horcrux/multiplier_tree_inst/u_shared_mul/DP_OP_45J11_125_3794/U3486/Y (INV_X0P5B_A9TR)                                                                                                                                                                        0.0444     5.8934 r
  i_horcrux_top/i_horcrux/multiplier_tree_inst/u_shared_mul/DP_OP_45J11_125_3794/U3040/Y (XNOR2_X3M_A9TR)                                                                                                                                                                        0.0517     5.9450 r
  i_horcrux_top/i_horcrux/multiplier_tree_inst/u_shared_mul/DP_OP_45J11_125_3794/U3021/Y (INV_X1B_A9TR)                                                                                                                                                                          0.0385     5.9836 f
  i_horcrux_top/i_horcrux/multiplier_tree_inst/u_shared_mul/DP_OP_45J11_125_3794/U3013/Y (BUFH_X3P5M_A9TR)                                                                                                                                                                       0.0399     6.0235 f
  i_horcrux_top/i_horcrux/multiplier_tree_inst/u_shared_mul/DP_OP_45J11_125_3794/U4493/Y (OAI21_X0P5M_A9TR)                                                                                                                                                                      0.0652     6.0887 r
  i_horcrux_top/i_horcrux/multiplier_tree_inst/u_shared_mul/DP_OP_45J11_125_3794/U4494/Y (XOR2_X0P5M_A9TR)                                                                                                                                                                       0.1264     6.2151 r
  i_horcrux_top/i_horcrux/multiplier_tree_inst/u_shared_mul/DP_OP_45J11_125_3794/U4628/CO (ADDF_X2M_A9TR)                                                                                                                                                                        0.0973     6.3124 r
  i_horcrux_top/i_horcrux/multiplier_tree_inst/u_shared_mul/DP_OP_45J11_125_3794/U4725/Y (AO1B2_X3M_A9TR)                                                                                                                                                                        0.0362     6.3486 r
  i_horcrux_top/i_horcrux/multiplier_tree_inst/u_shared_mul/DP_OP_45J11_125_3794/U4748/CO (ADDF_X2M_A9TR)                                                                                                                                                                        0.0545     6.4030 r
  i_horcrux_top/i_horcrux/multiplier_tree_inst/u_shared_mul/DP_OP_45J11_125_3794/U4746/CO (ADDF_X2M_A9TR)                                                                                                                                                                        0.0537     6.4567 r
  i_horcrux_top/i_horcrux/multiplier_tree_inst/u_shared_mul/DP_OP_45J11_125_3794/U4744/CO (ADDF_X2M_A9TR)                                                                                                                                                                        0.0550     6.5117 r
  i_horcrux_top/i_horcrux/multiplier_tree_inst/u_shared_mul/DP_OP_45J11_125_3794/U4774/CO (ADDF_X2M_A9TR)                                                                                                                                                                        0.0538     6.5655 r
  i_horcrux_top/i_horcrux/multiplier_tree_inst/u_shared_mul/DP_OP_45J11_125_3794/U4795/CO (ADDF_X2M_A9TR)                                                                                                                                                                        0.0550     6.6205 r
  i_horcrux_top/i_horcrux/multiplier_tree_inst/u_shared_mul/DP_OP_45J11_125_3794/U4816/CO (ADDF_X2M_A9TR)                                                                                                                                                                        0.0544     6.6749 r
  i_horcrux_top/i_horcrux/multiplier_tree_inst/u_shared_mul/DP_OP_45J11_125_3794/U5061/CO (ADDF_X2M_A9TR)                                                                                                                                                                        0.0564     6.7313 r
  i_horcrux_top/i_horcrux/multiplier_tree_inst/u_shared_mul/DP_OP_45J11_125_3794/U5062/CO (ADDF_X2M_A9TR)                                                                                                                                                                        0.0540     6.7853 r
  i_horcrux_top/i_horcrux/multiplier_tree_inst/u_shared_mul/DP_OP_45J11_125_3794/U5064/CO (ADDF_X2M_A9TR)                                                                                                                                                                        0.0542     6.8396 r
  i_horcrux_top/i_horcrux/multiplier_tree_inst/u_shared_mul/DP_OP_45J11_125_3794/U5066/CO (ADDF_X2M_A9TR)                                                                                                                                                                        0.0542     6.8938 r
  i_horcrux_top/i_horcrux/multiplier_tree_inst/u_shared_mul/DP_OP_45J11_125_3794/U5068/CO (ADDF_X2M_A9TR)                                                                                                                                                                        0.0540     6.9478 r
  i_horcrux_top/i_horcrux/multiplier_tree_inst/u_shared_mul/DP_OP_45J11_125_3794/U3876/CO (ADDF_X2M_A9TR)                                                                                                                                                                        0.0544     7.0022 r
  i_horcrux_top/i_horcrux/multiplier_tree_inst/u_shared_mul/DP_OP_45J11_125_3794/U3701/CO (ADDF_X2M_A9TR)                                                                                                                                                                        0.0562     7.0584 r
  i_horcrux_top/i_horcrux/multiplier_tree_inst/u_shared_mul/DP_OP_45J11_125_3794/U3767/CO (ADDF_X2M_A9TR)                                                                                                                                                                        0.0542     7.1125 r
  i_horcrux_top/i_horcrux/multiplier_tree_inst/u_shared_mul/DP_OP_45J11_125_3794/U5074/CO (ADDF_X2M_A9TR)                                                                                                                                                                        0.0618     7.1743 r
  i_horcrux_top/i_horcrux/multiplier_tree_inst/u_shared_mul/DP_OP_45J11_125_3794/U5076/Y (AOI22_X4M_A9TR)                                                                                                                                                                        0.0305     7.2048 f
  i_horcrux_top/i_horcrux/multiplier_tree_inst/u_shared_mul/DP_OP_45J11_125_3794/U5080/Y (OAI22_X3M_A9TR)                                                                                                                                                                        0.0288     7.2336 r
  i_horcrux_top/i_horcrux/multiplier_tree_inst/u_shared_mul/DP_OP_45J11_125_3794/U5081/CO (ADDF_X2M_A9TR)                                                                                                                                                                        0.0575     7.2911 r
  i_horcrux_top/i_horcrux/multiplier_tree_inst/u_shared_mul/DP_OP_45J11_125_3794/U5083/CO (ADDF_X2M_A9TR)                                                                                                                                                                        0.0539     7.3450 r
  i_horcrux_top/i_horcrux/multiplier_tree_inst/u_shared_mul/DP_OP_45J11_125_3794/U5086/CO (ADDF_X2M_A9TR)                                                                                                                                                                        0.0538     7.3988 r
  i_horcrux_top/i_horcrux/multiplier_tree_inst/u_shared_mul/DP_OP_45J11_125_3794/U5090/CO (ADDF_X2M_A9TR)                                                                                                                                                                        0.0538     7.4526 r
  i_horcrux_top/i_horcrux/multiplier_tree_inst/u_shared_mul/DP_OP_45J11_125_3794/U5093/S (ADDF_X2M_A9TR)                                                                                                                                                                         0.0825     7.5351 f
  i_horcrux_top/i_horcrux/multiplier_tree_inst/u_shared_mul/DP_OP_45J11_125_3794/U2654/Y (NAND2_X1A_A9TR)                                                                                                                                                                        0.0422     7.5773 r
  i_horcrux_top/i_horcrux/multiplier_tree_inst/u_shared_mul/DP_OP_45J11_125_3794/U5092/Y (OAI21_X4M_A9TR)                                                                                                                                                                        0.0385     7.6158 f
  i_horcrux_top/i_horcrux/multiplier_tree_inst/u_shared_mul/DP_OP_45J11_125_3794/U5096/Y (INV_X0P5B_A9TR)                                                                                                                                                                        0.0469     7.6627 r
  i_horcrux_top/i_horcrux/multiplier_tree_inst/u_shared_mul/DP_OP_45J11_125_3794/U5097/Y (OAI21_X1P4M_A9TR)                                                                                                                                                                      0.0393     7.7020 f
  i_horcrux_top/i_horcrux/multiplier_tree_inst/u_shared_mul/DP_OP_45J11_125_3794/U2611/Y (AOI21_X2M_A9TR)                                                                                                                                                                        0.0322     7.7342 r
  i_horcrux_top/i_horcrux/multiplier_tree_inst/u_shared_mul/DP_OP_45J11_125_3794/U5098/Y (OAI21_X3M_A9TR)                                                                                                                                                                        0.0309     7.7651 f
  i_horcrux_top/i_horcrux/multiplier_tree_inst/u_shared_mul/DP_OP_45J11_125_3794/U2598/Y (XNOR2_X3M_A9TR)                                                                                                                                                                        0.0273     7.7923 f
  i_horcrux_top/i_horcrux/multiplier_tree_inst/u_shared_mul/DP_OP_45J11_125_3794/O2[29] (shared_multiplication_logic_DP_OP_45J11_125_3794_2)                                                                                                                                     0.0000     7.7923 f
  i_horcrux_top/i_horcrux/multiplier_tree_inst/u_shared_mul/U320/Y (AO1B2_X4M_A9TR)                                                                                                                                                                                              0.0534     7.8457 f
  i_horcrux_top/i_horcrux/multiplier_tree_inst/u_shared_mul/res_lo_o[29] (shared_multiplication_logic)                                                                                                                                                                           0.0000     7.8457 f
  i_horcrux_top/i_horcrux/multiplier_tree_inst/DP_OP_93_149_9367/I2[29] (multiplier_tree_DP_OP_93_149_9367_2)                                                                                                                                                                    0.0000     7.8457 f
  i_horcrux_top/i_horcrux/multiplier_tree_inst/DP_OP_93_149_9367/U373/Y (NOR2_X6A_A9TR)                                                                                                                                                                                          0.0353     7.8810 r
  i_horcrux_top/i_horcrux/multiplier_tree_inst/DP_OP_93_149_9367/U363/Y (NOR2_X6A_A9TR)                                                                                                                                                                                          0.0190     7.9001 f
  i_horcrux_top/i_horcrux/multiplier_tree_inst/DP_OP_93_149_9367/U353/Y (NAND2_X3B_A9TR)                                                                                                                                                                                         0.0223     7.9224 r
  i_horcrux_top/i_horcrux/multiplier_tree_inst/DP_OP_93_149_9367/U472/Y (OAI21_X8M_A9TR)                                                                                                                                                                                         0.0271     7.9495 f
  i_horcrux_top/i_horcrux/multiplier_tree_inst/DP_OP_93_149_9367/U304/Y (AOI21_X6M_A9TR)                                                                                                                                                                                         0.0247     7.9742 r
  i_horcrux_top/i_horcrux/multiplier_tree_inst/DP_OP_93_149_9367/U482/Y (XOR2_X4M_A9TR)                                                                                                                                                                                          0.0219     7.9960 r
  i_horcrux_top/i_horcrux/multiplier_tree_inst/DP_OP_93_149_9367/O1[31] (multiplier_tree_DP_OP_93_149_9367_2)                                                                                                                                                                    0.0000     7.9960 r
  i_horcrux_top/i_horcrux/multiplier_tree_inst/U547/Y (AO21B_X4M_A9TR)                                                                                                                                                                                                           0.0350     8.0310 r
  i_horcrux_top/i_horcrux/multiplier_tree_inst/result_o[31] (multiplier_tree)                                                                                                                                                                                                    0.0000     8.0310 r
  i_horcrux_top/i_horcrux/U7134/Y (AO1B2_X6M_A9TR)                                                                                                                                                                                                                               0.0328     8.0638 r
  i_horcrux_top/i_horcrux/rd_values_o[rd1][31] (horcrux_NUM_VARIABLES50_VARIABLE_WIDTH32)                                                                                                                                                                                        0.0000     8.0638 r
  i_horcrux_top/commit_stage_i/result_i[rd1][31] (commit_stage_I_xif_result_if_if_xif_coproc_result_X_NUM_RS_3)                                                                                                                                                                  0.0000     8.0638 r
  i_horcrux_top/commit_stage_i/U35/Y (BUFH_X16M_A9TR)                                                                                                                                                                                                                            0.0323     8.0961 r
  i_horcrux_top/commit_stage_i/xif_result_if.result[data][31] (commit_stage_I_xif_result_if_if_xif_coproc_result_X_NUM_RS_3)                                                                                                                                                     0.0000     8.0961 r
  i_horcrux_top/xif_result_if.result[data][31] (horcrux_top_I_xif_compressed_if_if_xif__X_NUM_RS_3I_xif_issue_if_if_xif__X_NUM_RS_3I_xif_commit_if_if_xif__X_NUM_RS_3I_xif_mem_if_if_xif__X_NUM_RS_3I_xif_mem_result_if_if_xif__X_NUM_RS_3I_xif_result_if_if_xif__X_NUM_RS_3)    0.0000     8.0961 r
  result_o[data][31] (out)                                                                                                                                                                                                                                                       0.0038     8.0999 r
  data arrival time                                                                                                                                                                                                                                                                         8.0999

  clock clk (rise edge)                                                                                                                                                                                                                                                          9.0000     9.0000
  clock network delay (ideal)                                                                                                                                                                                                                                                    0.9000     9.9000
  clock uncertainty                                                                                                                                                                                                                                                             -0.4500     9.4500
  output external delay                                                                                                                                                                                                                                                         -1.3500     8.1000
  data required time                                                                                                                                                                                                                                                                        8.1000
  ---------------------------------------------------------------------------------------------------------------------------------------------------------------------------------------------------------------------------------------------------------------------------------------------------
  data required time                                                                                                                                                                                                                                                                        8.1000
  data arrival time                                                                                                                                                                                                                                                                        -8.0999
  ---------------------------------------------------------------------------------------------------------------------------------------------------------------------------------------------------------------------------------------------------------------------------------------------------
  slack (MET)                                                                                                                                                                                                                                                                               0.0001


