Information: Propagating switching activity (medium effort zero delay simulation). (PWR-6)
Warning: Design has unannotated primary inputs. (PWR-414)
Warning: Design has unannotated sequential cell outputs. (PWR-415)
 
****************************************
Report : power
        -analysis_effort medium
Design : horcrux_top_synth
Version: X-2025.06
Date   : Wed Oct  7 12:17:38 2026
****************************************


Library(s) Used:

    sc9_cln40g_base_rvt_ss_typical_max_0p81v_125c (File: /cad/designkit/CBDK_TSMC40_Arm_f2.0/CIC/SynopsysDC/db/sc9_base_rvt/sc9_cln40g_base_rvt_ss_typical_max_0p81v_125c.db)


Operating Conditions: ss_typical_max_0p81v_125c   Library: sc9_cln40g_base_rvt_ss_typical_max_0p81v_125c
Wire Load Model Mode: top

Design        Wire Load Model            Library
------------------------------------------------
horcrux_top_synth      Medium            sc9_cln40g_base_rvt_ss_typical_max_0p81v_125c


Global Operating Voltage = 0.81 
Power-specific unit information :
    Voltage Units = 1V
    Capacitance Units = 1.000000pf
    Time Units = 1ns
    Dynamic Power Units = 1mW    (derived from V,C,T units)
    Leakage Power Units = 1uW


Attributes
----------
i - Including register clock pin internal power


  Cell Internal Power  =   2.4985 mW   (99%)
  Net Switching Power  =  21.4758 uW    (1%)
                         ---------
Total Dynamic Power    =   2.5199 mW  (100%)

Cell Leakage Power     =   1.8971 mW


                 Internal         Switching           Leakage            Total
Power Group      Power            Power               Power              Power   (   %    )  Attrs
--------------------------------------------------------------------------------------------------
io_pad             0.0000            0.0000            0.0000            0.0000  (   0.00%)
memory             0.0000            0.0000            0.0000            0.0000  (   0.00%)
black_box          0.0000            0.0000            0.0000            0.0000  (   0.00%)
clock_network      2.4793            0.0000            0.0000            2.4793  (  56.13%)  i
register       5.4517e-03        4.6567e-04          100.4851            0.1064  (   2.41%)
sequential         0.0000            0.0000            0.0000            0.0000  (   0.00%)
combinational  1.3824e-02        2.1010e-02        1.7966e+03            1.8315  (  41.46%)
--------------------------------------------------------------------------------------------------
Total              2.4985 mW     2.1476e-02 mW     1.8971e+03 uW         4.4171 mW
1
