########################################################################
### SYNTHESIS SUMMARY - horcrux_top_synth
###   library         : /cad/designkit/CBDK_TSMC40_Arm_f2.0/CIC/SynopsysDC/db/sc9_base_rvt/sc9_cln40g_base_rvt_ss_typical_max_0p81v_125c.db
###   io_delay_frac   : 0.15  (0.750 ns of the period given to the boundary)
###   clk uncertainty : 0.25 ns setup / 0.05 ns hold
###   wire load       : Medium
###   opcond          : library default
###   compile         : ultra=1 keep_hier=1 incr=1 retime=0 clk_gate=0 fix_hold=1
###   target period   : 5.000 ns  (200.0 MHz)
###   worst slack     : -5.685 ns
###   achieved period : 10.685 ns  (93.6 MHz)
###   total cell area : 137214.0  (library area units)
###   gate equivalent : 201.7 kGE  (1 GE = sc9_cln40g_base_rvt_ss_typical_max_0p81v_125c/NAND2_X1A_A9TR, 0.6804)
###   reports         : /home/Charmander/horcrux-baseline/implementation/synthesis/horcrux_top_synth_5p0ns_20261007_111914/report
########################################################################
