Information: Propagating switching activity (medium effort zero delay simulation). (PWR-6)
Warning: Design has unannotated primary inputs. (PWR-414)
Warning: Design has unannotated sequential cell outputs. (PWR-415)
 
****************************************
Report : power
        -analysis_effort medium
Design : horcrux_top_synth
Version: X-2025.06
Date   : Thu Oct  8 11:41:44 2026
****************************************


Library(s) Used:

    sc9_cln40g_base_rvt_tt_typical_max_0p90v_25c (File: /cad/designkit/CBDK_TSMC40_Arm_f2.0/CIC/SynopsysDC/db/sc9_base_rvt/sc9_cln40g_base_rvt_tt_typical_max_0p90v_25c.db)


Operating Conditions: tt_typical_max_0p90v_25c   Library: sc9_cln40g_base_rvt_tt_typical_max_0p90v_25c
Wire Load Model Mode: top

Design        Wire Load Model            Library
------------------------------------------------
horcrux_top_synth      Medium            sc9_cln40g_base_rvt_tt_typical_max_0p90v_25c


Global Operating Voltage = 0.9  
Power-specific unit information :
    Voltage Units = 1V
    Capacitance Units = 1.000000pf
    Time Units = 1ns
    Dynamic Power Units = 1mW    (derived from V,C,T units)
    Leakage Power Units = 1uW


Attributes
----------
i - Including register clock pin internal power


  Cell Internal Power  =   2.2928 mW   (98%)
  Net Switching Power  =  44.6840 uW    (2%)
                         ---------
Total Dynamic Power    =   2.3375 mW  (100%)

Cell Leakage Power     =   1.5992 mW


                 Internal         Switching           Leakage            Total
Power Group      Power            Power               Power              Power   (   %    )  Attrs
--------------------------------------------------------------------------------------------------
io_pad             0.0000            0.0000            0.0000            0.0000  (   0.00%)
memory             0.0000            0.0000            0.0000            0.0000  (   0.00%)
black_box          0.0000            0.0000            0.0000            0.0000  (   0.00%)
clock_network      2.2705            0.0000            0.0000            2.2705  (  57.68%)  i
register       5.2433e-03        3.3454e-03          112.8404            0.1214  (   3.08%)
sequential         0.0000            0.0000            0.0000            0.0000  (   0.00%)
combinational  1.6989e-02        4.1338e-02        1.4863e+03            1.5447  (  39.24%)
--------------------------------------------------------------------------------------------------
Total              2.2928 mW     4.4684e-02 mW     1.5992e+03 uW         3.9366 mW
1
