########################################################################
### SYNTHESIS SUMMARY - horcrux_top_synth
###   library         : /cad/designkit/CBDK_TSMC40_Arm_f2.0/CIC/SynopsysDC/db/sc9_base_rvt/sc9_cln40g_base_rvt_tt_typical_max_0p90v_25c.db
###   io_delay_frac   : 0.15  (1.020 ns of the period given to the boundary)
###   clk uncertainty : 0.34 ns setup / 0.068 ns hold
###   wire load       : Medium
###   opcond          : library default
###   compile         : ultra=1 keep_hier=1 incr=1 retime=0 clk_gate=0 fix_hold=1
###   target period   : 6.800 ns  (147.1 MHz)
###   worst slack     : -0.142 ns
###   achieved period : 6.942 ns  (144.0 MHz)
###   est. closure    : 6.978 ns  (143.3 MHz)  [reg->out path, slack scaled by 1/0.800]
###   total cell area : 129302.8  (library area units)
###   gate equivalent : 190.0 kGE  (1 GE = sc9_cln40g_base_rvt_tt_typical_max_0p90v_25c/NAND2_X1A_A9TR, 0.6804)
###   reports         : /home/Charmander/horcrux-baseline/implementation/synthesis/horcrux_top_synth_6p8ns_20261008_104638/report
########################################################################
