 
****************************************
Report : timing
        -path full
        -delay max
        -nworst 5
        -max_paths 20
Design : horcrux_top_synth
Version: X-2025.06
Date   : Thu Oct  8 11:41:37 2026
****************************************

Operating Conditions: tt_typical_max_0p90v_25c   Library: sc9_cln40g_base_rvt_tt_typical_max_0p90v_25c
Wire Load Model Mode: top

  Startpoint: i_horcrux_top/id_stage_i/rs_values_o_reg[rs2][3]
              (rising edge-triggered flip-flop clocked by clk)
  Endpoint: result_o[data][15]
            (output port clocked by clk)
  Path Group: clk
  Path Type: max

  Des/Clust/Port     Wire Load Model       Library
  ------------------------------------------------
  horcrux_top_synth  Medium                sc9_cln40g_base_rvt_tt_typical_max_0p90v_25c

  Point                                                                                                                                                                                                                                                                                                                                                                                                                                                                                                                                                 Incr       Path
  ---------------------------------------------------------------------------------------------------------------------------------------------------------------------------------------------------------------------------------------------------------------------------------------------------
  clock clk (rise edge)                                                                                                                                                                                                                                                          0.0000     0.0000
  clock network delay (ideal)                                                                                                                                                                                                                                                    0.6800     0.6800
  i_horcrux_top/id_stage_i/rs_values_o_reg[rs2][3]/CK (DFFSQN_X3M_A9TR)                                                                                                                                                                                                          0.0000     0.6800 r
  i_horcrux_top/id_stage_i/rs_values_o_reg[rs2][3]/QN (DFFSQN_X3M_A9TR)                                                                                                                                                                                                          0.1074     0.7874 r
  i_horcrux_top/id_stage_i/rs_values_o[rs2][3] (id_stage_I_xif_issue_if_if_xif_coproc_issue_X_NUM_RS_3)                                                                                                                                                                          0.0000     0.7874 r
  i_horcrux_top/i_horcrux/rs_values_i[rs2][3] (horcrux_NUM_VARIABLES50_VARIABLE_WIDTH32)                                                                                                                                                                                         0.0000     0.7874 r
  i_horcrux_top/i_horcrux/multiplier_tree_inst/multiplier_tree2_i[3] (multiplier_tree)                                                                                                                                                                                           0.0000     0.7874 r
  i_horcrux_top/i_horcrux/multiplier_tree_inst/U497/Y (INV_X11M_A9TR)                                                                                                                                                                                                            0.0160     0.8034 f
  i_horcrux_top/i_horcrux/multiplier_tree_inst/U488/Y (INV_X16M_A9TR)                                                                                                                                                                                                            0.0183     0.8217 r
  i_horcrux_top/i_horcrux/multiplier_tree_inst/sub_x_3/B[3] (multiplier_tree_DW01_sub_0)                                                                                                                                                                                         0.0000     0.8217 r
  i_horcrux_top/i_horcrux/multiplier_tree_inst/sub_x_3/U530/Y (INV_X13M_A9TR)                                                                                                                                                                                                    0.0093     0.8310 f
  i_horcrux_top/i_horcrux/multiplier_tree_inst/sub_x_3/U517/Y (NOR2_X8B_A9TR)                                                                                                                                                                                                    0.0177     0.8486 r
  i_horcrux_top/i_horcrux/multiplier_tree_inst/sub_x_3/U535/Y (OA1B2_X8M_A9TR)                                                                                                                                                                                                   0.0379     0.8865 r
  i_horcrux_top/i_horcrux/multiplier_tree_inst/sub_x_3/U528/Y (NAND2_X8M_A9TR)                                                                                                                                                                                                   0.0208     0.9074 f
  i_horcrux_top/i_horcrux/multiplier_tree_inst/sub_x_3/U576/Y (XOR2_X4M_A9TR)                                                                                                                                                                                                    0.0219     0.9293 f
  i_horcrux_top/i_horcrux/multiplier_tree_inst/sub_x_3/DIFF[4] (multiplier_tree_DW01_sub_0)                                                                                                                                                                                      0.0000     0.9293 f
  i_horcrux_top/i_horcrux/multiplier_tree_inst/U736/Y (AO1B2_X6M_A9TR)                                                                                                                                                                                                           0.0306     0.9599 f
  i_horcrux_top/i_horcrux/multiplier_tree_inst/U1252/Y (NAND4BB_X6M_A9TR)                                                                                                                                                                                                        0.0347     0.9946 f
  i_horcrux_top/i_horcrux/multiplier_tree_inst/u_shared_mul/op_b_i[4] (shared_multiplication_logic)                                                                                                                                                                              0.0000     0.9946 f
  i_horcrux_top/i_horcrux/multiplier_tree_inst/u_shared_mul/u_primary_mul/b_i[4] (unified_mul_32x32)                                                                                                                                                                             0.0000     0.9946 f
  i_horcrux_top/i_horcrux/multiplier_tree_inst/u_shared_mul/u_primary_mul/U6056/Y (AND2_X11B_A9TR)                                                                                                                                                                               0.0299     1.0244 f
  i_horcrux_top/i_horcrux/multiplier_tree_inst/u_shared_mul/u_primary_mul/add_x_1/A[4] (unified_mul_32x32_DW01_add_592)                                                                                                                                                          0.0000     1.0244 f
  i_horcrux_top/i_horcrux/multiplier_tree_inst/u_shared_mul/u_primary_mul/add_x_1/U550/Y (NOR2_X8A_A9TR)                                                                                                                                                                         0.0201     1.0446 r
  i_horcrux_top/i_horcrux/multiplier_tree_inst/u_shared_mul/u_primary_mul/add_x_1/U499/Y (OAI21_X8M_A9TR)                                                                                                                                                                        0.0197     1.0643 f
  i_horcrux_top/i_horcrux/multiplier_tree_inst/u_shared_mul/u_primary_mul/add_x_1/U498/Y (AOI21_X8M_A9TR)                                                                                                                                                                        0.0323     1.0965 r
  i_horcrux_top/i_horcrux/multiplier_tree_inst/u_shared_mul/u_primary_mul/add_x_1/U548/Y (OAI2XB1_X8M_A9TR)                                                                                                                                                                      0.0233     1.1198 f
  i_horcrux_top/i_horcrux/multiplier_tree_inst/u_shared_mul/u_primary_mul/add_x_1/U556/Y (XOR2_X4M_A9TR)                                                                                                                                                                         0.0188     1.1386 r
  i_horcrux_top/i_horcrux/multiplier_tree_inst/u_shared_mul/u_primary_mul/add_x_1/SUM[6] (unified_mul_32x32_DW01_add_592)                                                                                                                                                        0.0000     1.1386 r
  i_horcrux_top/i_horcrux/multiplier_tree_inst/u_shared_mul/u_primary_mul/U3008/Y (AO1B2_X6M_A9TR)                                                                                                                                                                               0.0425     1.1812 r
  i_horcrux_top/i_horcrux/multiplier_tree_inst/u_shared_mul/u_primary_mul/add_x_2/A[6] (unified_mul_32x32_DW01_add_629)                                                                                                                                                          0.0000     1.1812 r
  i_horcrux_top/i_horcrux/multiplier_tree_inst/u_shared_mul/u_primary_mul/add_x_2/U436/Y (XOR2_X4M_A9TR)                                                                                                                                                                         0.0240     1.2051 r
  i_horcrux_top/i_horcrux/multiplier_tree_inst/u_shared_mul/u_primary_mul/add_x_2/U435/Y (XOR2_X4M_A9TR)                                                                                                                                                                         0.0399     1.2450 r
  i_horcrux_top/i_horcrux/multiplier_tree_inst/u_shared_mul/u_primary_mul/add_x_2/SUM[6] (unified_mul_32x32_DW01_add_629)                                                                                                                                                        0.0000     1.2450 r
  i_horcrux_top/i_horcrux/multiplier_tree_inst/u_shared_mul/u_primary_mul/U1890/Y (NAND2_X6A_A9TR)                                                                                                                                                                               0.0182     1.2632 f
  i_horcrux_top/i_horcrux/multiplier_tree_inst/u_shared_mul/u_primary_mul/U6183/Y (NAND2_X8A_A9TR)                                                                                                                                                                               0.0162     1.2794 r
  i_horcrux_top/i_horcrux/multiplier_tree_inst/u_shared_mul/u_primary_mul/add_x_3/A[6] (unified_mul_32x32_DW01_add_630)                                                                                                                                                          0.0000     1.2794 r
  i_horcrux_top/i_horcrux/multiplier_tree_inst/u_shared_mul/u_primary_mul/add_x_3/U457/Y (OR2_X11M_A9TR)                                                                                                                                                                         0.0252     1.3046 r
  i_horcrux_top/i_horcrux/multiplier_tree_inst/u_shared_mul/u_primary_mul/add_x_3/U473/Y (NAND2_X8M_A9TR)                                                                                                                                                                        0.0110     1.3156 f
  i_horcrux_top/i_horcrux/multiplier_tree_inst/u_shared_mul/u_primary_mul/add_x_3/U589/Y (XNOR2_X4M_A9TR)                                                                                                                                                                        0.0218     1.3374 f
  i_horcrux_top/i_horcrux/multiplier_tree_inst/u_shared_mul/u_primary_mul/add_x_3/SUM[6] (unified_mul_32x32_DW01_add_630)                                                                                                                                                        0.0000     1.3374 f
  i_horcrux_top/i_horcrux/multiplier_tree_inst/u_shared_mul/u_primary_mul/U3704/Y (NAND2_X6A_A9TR)                                                                                                                                                                               0.0192     1.3566 r
  i_horcrux_top/i_horcrux/multiplier_tree_inst/u_shared_mul/u_primary_mul/U1610/Y (NAND2_X8A_A9TR)                                                                                                                                                                               0.0178     1.3744 f
  i_horcrux_top/i_horcrux/multiplier_tree_inst/u_shared_mul/u_primary_mul/add_x_4/A[6] (unified_mul_32x32_DW01_add_322)                                                                                                                                                          0.0000     1.3744 f
  i_horcrux_top/i_horcrux/multiplier_tree_inst/u_shared_mul/u_primary_mul/add_x_4/U841/Y (NOR2_X8B_A9TR)                                                                                                                                                                         0.0152     1.3896 r
  i_horcrux_top/i_horcrux/multiplier_tree_inst/u_shared_mul/u_primary_mul/add_x_4/U765/Y (OAI21_X8M_A9TR)                                                                                                                                                                        0.0223     1.4119 f
  i_horcrux_top/i_horcrux/multiplier_tree_inst/u_shared_mul/u_primary_mul/add_x_4/U764/Y (OAI21_X8M_A9TR)                                                                                                                                                                        0.0262     1.4381 r
  i_horcrux_top/i_horcrux/multiplier_tree_inst/u_shared_mul/u_primary_mul/add_x_4/U744/Y (OAI21_X8M_A9TR)                                                                                                                                                                        0.0259     1.4640 f
  i_horcrux_top/i_horcrux/multiplier_tree_inst/u_shared_mul/u_primary_mul/add_x_4/U818/Y (XNOR2_X4M_A9TR)                                                                                                                                                                        0.0374     1.5015 f
  i_horcrux_top/i_horcrux/multiplier_tree_inst/u_shared_mul/u_primary_mul/add_x_4/SUM[9] (unified_mul_32x32_DW01_add_322)                                                                                                                                                        0.0000     1.5015 f
  i_horcrux_top/i_horcrux/multiplier_tree_inst/u_shared_mul/u_primary_mul/U2352/Y (NAND2_X6A_A9TR)                                                                                                                                                                               0.0192     1.5207 r
  i_horcrux_top/i_horcrux/multiplier_tree_inst/u_shared_mul/u_primary_mul/U2350/Y (NAND2_X8A_A9TR)                                                                                                                                                                               0.0176     1.5383 f
  i_horcrux_top/i_horcrux/multiplier_tree_inst/u_shared_mul/u_primary_mul/add_x_5/A[9] (unified_mul_32x32_DW01_add_495)                                                                                                                                                          0.0000     1.5383 f
  i_horcrux_top/i_horcrux/multiplier_tree_inst/u_shared_mul/u_primary_mul/add_x_5/U622/Y (XOR2_X3M_A9TR)                                                                                                                                                                         0.0259     1.5642 f
  i_horcrux_top/i_horcrux/multiplier_tree_inst/u_shared_mul/u_primary_mul/add_x_5/U673/Y (XOR2_X4M_A9TR)                                                                                                                                                                         0.0285     1.5927 f
  i_horcrux_top/i_horcrux/multiplier_tree_inst/u_shared_mul/u_primary_mul/add_x_5/SUM[9] (unified_mul_32x32_DW01_add_495)                                                                                                                                                        0.0000     1.5927 f
  i_horcrux_top/i_horcrux/multiplier_tree_inst/u_shared_mul/u_primary_mul/U5717/Y (NAND2_X6A_A9TR)                                                                                                                                                                               0.0188     1.6115 r
  i_horcrux_top/i_horcrux/multiplier_tree_inst/u_shared_mul/u_primary_mul/U2906/Y (NAND2_X8A_A9TR)                                                                                                                                                                               0.0180     1.6296 f
  i_horcrux_top/i_horcrux/multiplier_tree_inst/u_shared_mul/u_primary_mul/add_x_6/A[9] (unified_mul_32x32_DW01_add_115)                                                                                                                                                          0.0000     1.6296 f
  i_horcrux_top/i_horcrux/multiplier_tree_inst/u_shared_mul/u_primary_mul/add_x_6/U657/Y (NAND2_X3M_A9TR)                                                                                                                                                                        0.0185     1.6480 r
  i_horcrux_top/i_horcrux/multiplier_tree_inst/u_shared_mul/u_primary_mul/add_x_6/U665/Y (OAI21_X8M_A9TR)                                                                                                                                                                        0.0252     1.6732 f
  i_horcrux_top/i_horcrux/multiplier_tree_inst/u_shared_mul/u_primary_mul/add_x_6/U769/Y (XOR2_X4M_A9TR)                                                                                                                                                                         0.0354     1.7086 f
  i_horcrux_top/i_horcrux/multiplier_tree_inst/u_shared_mul/u_primary_mul/add_x_6/SUM[10] (unified_mul_32x32_DW01_add_115)                                                                                                                                                       0.0000     1.7086 f
  i_horcrux_top/i_horcrux/multiplier_tree_inst/u_shared_mul/u_primary_mul/U3047/Y (MX2_X8B_A9TR)                                                                                                                                                                                 0.0339     1.7425 f
  i_horcrux_top/i_horcrux/multiplier_tree_inst/u_shared_mul/u_primary_mul/add_x_7/A[10] (unified_mul_32x32_DW01_add_524)                                                                                                                                                         0.0000     1.7425 f
  i_horcrux_top/i_horcrux/multiplier_tree_inst/u_shared_mul/u_primary_mul/add_x_7/U729/Y (NOR2_X8A_A9TR)                                                                                                                                                                         0.0222     1.7647 r
  i_horcrux_top/i_horcrux/multiplier_tree_inst/u_shared_mul/u_primary_mul/add_x_7/U605/Y (INV_X9M_A9TR)                                                                                                                                                                          0.0119     1.7766 f
  i_horcrux_top/i_horcrux/multiplier_tree_inst/u_shared_mul/u_primary_mul/add_x_7/U718/Y (NAND2_X8B_A9TR)                                                                                                                                                                        0.0108     1.7874 r
  i_horcrux_top/i_horcrux/multiplier_tree_inst/u_shared_mul/u_primary_mul/add_x_7/U689/Y (XOR2_X4M_A9TR)                                                                                                                                                                         0.0222     1.8097 r
  i_horcrux_top/i_horcrux/multiplier_tree_inst/u_shared_mul/u_primary_mul/add_x_7/SUM[10] (unified_mul_32x32_DW01_add_524)                                                                                                                                                       0.0000     1.8097 r
  i_horcrux_top/i_horcrux/multiplier_tree_inst/u_shared_mul/u_primary_mul/U2272/Y (NAND2_X6A_A9TR)                                                                                                                                                                               0.0181     1.8278 f
  i_horcrux_top/i_horcrux/multiplier_tree_inst/u_shared_mul/u_primary_mul/U1186/Y (NAND2_X8A_A9TR)                                                                                                                                                                               0.0180     1.8458 r
  i_horcrux_top/i_horcrux/multiplier_tree_inst/u_shared_mul/u_primary_mul/add_x_8/A[10] (unified_mul_32x32_DW01_add_600)                                                                                                                                                         0.0000     1.8458 r
  i_horcrux_top/i_horcrux/multiplier_tree_inst/u_shared_mul/u_primary_mul/add_x_8/U644/Y (XOR2_X4M_A9TR)                                                                                                                                                                         0.0255     1.8713 r
  i_horcrux_top/i_horcrux/multiplier_tree_inst/u_shared_mul/u_primary_mul/add_x_8/U848/Y (XOR2_X4M_A9TR)                                                                                                                                                                         0.0282     1.8995 r
  i_horcrux_top/i_horcrux/multiplier_tree_inst/u_shared_mul/u_primary_mul/add_x_8/SUM[10] (unified_mul_32x32_DW01_add_600)                                                                                                                                                       0.0000     1.8995 r
  i_horcrux_top/i_horcrux/multiplier_tree_inst/u_shared_mul/u_primary_mul/U2085/Y (NAND2_X6A_A9TR)                                                                                                                                                                               0.0181     1.9177 f
  i_horcrux_top/i_horcrux/multiplier_tree_inst/u_shared_mul/u_primary_mul/U5451/Y (NAND2_X8A_A9TR)                                                                                                                                                                               0.0179     1.9355 r
  i_horcrux_top/i_horcrux/multiplier_tree_inst/u_shared_mul/u_primary_mul/add_x_9/A[10] (unified_mul_32x32_DW01_add_164)                                                                                                                                                         0.0000     1.9355 r
  i_horcrux_top/i_horcrux/multiplier_tree_inst/u_shared_mul/u_primary_mul/add_x_9/U562/Y (NOR2_X6M_A9TR)                                                                                                                                                                         0.0218     1.9573 f
  i_horcrux_top/i_horcrux/multiplier_tree_inst/u_shared_mul/u_primary_mul/add_x_9/U573/Y (OAI22BB_X8M_A9TR)                                                                                                                                                                      0.0223     1.9796 r
  i_horcrux_top/i_horcrux/multiplier_tree_inst/u_shared_mul/u_primary_mul/add_x_9/U572/Y (AOI21_X8M_A9TR)                                                                                                                                                                        0.0272     2.0068 f
  i_horcrux_top/i_horcrux/multiplier_tree_inst/u_shared_mul/u_primary_mul/add_x_9/U570/Y (OAI21_X8M_A9TR)                                                                                                                                                                        0.0264     2.0332 r
  i_horcrux_top/i_horcrux/multiplier_tree_inst/u_shared_mul/u_primary_mul/add_x_9/U567/Y (AOI21_X8M_A9TR)                                                                                                                                                                        0.0266     2.0598 f
  i_horcrux_top/i_horcrux/multiplier_tree_inst/u_shared_mul/u_primary_mul/add_x_9/U586/Y (OAI21_X8M_A9TR)                                                                                                                                                                        0.0266     2.0864 r
  i_horcrux_top/i_horcrux/multiplier_tree_inst/u_shared_mul/u_primary_mul/add_x_9/U597/Y (OAI21_X8M_A9TR)                                                                                                                                                                        0.0268     2.1132 f
  i_horcrux_top/i_horcrux/multiplier_tree_inst/u_shared_mul/u_primary_mul/add_x_9/U630/Y (OAI21_X8M_A9TR)                                                                                                                                                                        0.0229     2.1360 r
  i_horcrux_top/i_horcrux/multiplier_tree_inst/u_shared_mul/u_primary_mul/add_x_9/U651/Y (XNOR2_X4M_A9TR)                                                                                                                                                                        0.0379     2.1740 r
  i_horcrux_top/i_horcrux/multiplier_tree_inst/u_shared_mul/u_primary_mul/add_x_9/SUM[17] (unified_mul_32x32_DW01_add_164)                                                                                                                                                       0.0000     2.1740 r
  i_horcrux_top/i_horcrux/multiplier_tree_inst/u_shared_mul/u_primary_mul/U5461/Y (NAND2_X6A_A9TR)                                                                                                                                                                               0.0181     2.1921 f
  i_horcrux_top/i_horcrux/multiplier_tree_inst/u_shared_mul/u_primary_mul/U3442/Y (NAND2_X8M_A9TR)                                                                                                                                                                               0.0219     2.2140 r
  i_horcrux_top/i_horcrux/multiplier_tree_inst/u_shared_mul/u_primary_mul/add_x_10/A[17] (unified_mul_32x32_DW01_add_185)                                                                                                                                                        0.0000     2.2140 r
  i_horcrux_top/i_horcrux/multiplier_tree_inst/u_shared_mul/u_primary_mul/add_x_10/U604/Y (XOR2_X4M_A9TR)                                                                                                                                                                        0.0274     2.2414 r
  i_horcrux_top/i_horcrux/multiplier_tree_inst/u_shared_mul/u_primary_mul/add_x_10/U573/Y (XNOR2_X4M_A9TR)                                                                                                                                                                       0.0276     2.2690 r
  i_horcrux_top/i_horcrux/multiplier_tree_inst/u_shared_mul/u_primary_mul/add_x_10/SUM[17] (unified_mul_32x32_DW01_add_185)                                                                                                                                                      0.0000     2.2690 r
  i_horcrux_top/i_horcrux/multiplier_tree_inst/u_shared_mul/u_primary_mul/U5026/Y (MX2_X8B_A9TR)                                                                                                                                                                                 0.0380     2.3070 r
  i_horcrux_top/i_horcrux/multiplier_tree_inst/u_shared_mul/u_primary_mul/add_x_11/A[17] (unified_mul_32x32_DW01_add_302)                                                                                                                                                        0.0000     2.3070 r
  i_horcrux_top/i_horcrux/multiplier_tree_inst/u_shared_mul/u_primary_mul/add_x_11/U502/Y (OR2_X8M_A9TR)                                                                                                                                                                         0.0257     2.3327 r
  i_horcrux_top/i_horcrux/multiplier_tree_inst/u_shared_mul/u_primary_mul/add_x_11/U607/Y (AOI21_X8M_A9TR)                                                                                                                                                                       0.0237     2.3564 f
  i_horcrux_top/i_horcrux/multiplier_tree_inst/u_shared_mul/u_primary_mul/add_x_11/U606/Y (OAI21_X8M_A9TR)                                                                                                                                                                       0.0230     2.3794 r
  i_horcrux_top/i_horcrux/multiplier_tree_inst/u_shared_mul/u_primary_mul/add_x_11/U636/Y (XNOR2_X4M_A9TR)                                                                                                                                                                       0.0354     2.4149 r
  i_horcrux_top/i_horcrux/multiplier_tree_inst/u_shared_mul/u_primary_mul/add_x_11/SUM[19] (unified_mul_32x32_DW01_add_302)                                                                                                                                                      0.0000     2.4149 r
  i_horcrux_top/i_horcrux/multiplier_tree_inst/u_shared_mul/u_primary_mul/U2458/Y (AO1B2_X6M_A9TR)                                                                                                                                                                               0.0394     2.4543 r
  i_horcrux_top/i_horcrux/multiplier_tree_inst/u_shared_mul/u_primary_mul/add_x_12/A[19] (unified_mul_32x32_DW01_add_636)                                                                                                                                                        0.0000     2.4543 r
  i_horcrux_top/i_horcrux/multiplier_tree_inst/u_shared_mul/u_primary_mul/add_x_12/U524/Y (OR2_X8M_A9TR)                                                                                                                                                                         0.0262     2.4805 r
  i_horcrux_top/i_horcrux/multiplier_tree_inst/u_shared_mul/u_primary_mul/add_x_12/U537/Y (NAND2_X6A_A9TR)                                                                                                                                                                       0.0132     2.4937 f
  i_horcrux_top/i_horcrux/multiplier_tree_inst/u_shared_mul/u_primary_mul/add_x_12/U536/Y (NAND2_X8A_A9TR)                                                                                                                                                                       0.0142     2.5078 r
  i_horcrux_top/i_horcrux/multiplier_tree_inst/u_shared_mul/u_primary_mul/add_x_12/U672/Y (XNOR2_X4M_A9TR)                                                                                                                                                                       0.0352     2.5430 r
  i_horcrux_top/i_horcrux/multiplier_tree_inst/u_shared_mul/u_primary_mul/add_x_12/SUM[20] (unified_mul_32x32_DW01_add_636)                                                                                                                                                      0.0000     2.5430 r
  i_horcrux_top/i_horcrux/multiplier_tree_inst/u_shared_mul/u_primary_mul/U3629/Y (NAND2_X6A_A9TR)                                                                                                                                                                               0.0181     2.5611 f
  i_horcrux_top/i_horcrux/multiplier_tree_inst/u_shared_mul/u_primary_mul/U2040/Y (NAND2_X8A_A9TR)                                                                                                                                                                               0.0167     2.5778 r
  i_horcrux_top/i_horcrux/multiplier_tree_inst/u_shared_mul/u_primary_mul/add_x_13/A[20] (unified_mul_32x32_DW01_add_639)                                                                                                                                                        0.0000     2.5778 r
  i_horcrux_top/i_horcrux/multiplier_tree_inst/u_shared_mul/u_primary_mul/add_x_13/U473/Y (OR2_X6M_A9TR)                                                                                                                                                                         0.0280     2.6058 r
  i_horcrux_top/i_horcrux/multiplier_tree_inst/u_shared_mul/u_primary_mul/add_x_13/U563/Y (OAI21_X8M_A9TR)                                                                                                                                                                       0.0217     2.6275 f
  i_horcrux_top/i_horcrux/multiplier_tree_inst/u_shared_mul/u_primary_mul/add_x_13/U611/Y (XOR2_X4M_A9TR)                                                                                                                                                                        0.0343     2.6618 f
  i_horcrux_top/i_horcrux/multiplier_tree_inst/u_shared_mul/u_primary_mul/add_x_13/SUM[21] (unified_mul_32x32_DW01_add_639)                                                                                                                                                      0.0000     2.6618 f
  i_horcrux_top/i_horcrux/multiplier_tree_inst/u_shared_mul/u_primary_mul/U1419/Y (AO1B2_X6M_A9TR)                                                                                                                                                                               0.0375     2.6993 f
  i_horcrux_top/i_horcrux/multiplier_tree_inst/u_shared_mul/u_primary_mul/add_x_14/A[21] (unified_mul_32x32_DW01_add_667)                                                                                                                                                        0.0000     2.6993 f
  i_horcrux_top/i_horcrux/multiplier_tree_inst/u_shared_mul/u_primary_mul/add_x_14/U445/Y (AND2_X6M_A9TR)                                                                                                                                                                        0.0292     2.7284 f
  i_horcrux_top/i_horcrux/multiplier_tree_inst/u_shared_mul/u_primary_mul/add_x_14/U444/Y (AOI21_X8M_A9TR)                                                                                                                                                                       0.0251     2.7535 r
  i_horcrux_top/i_horcrux/multiplier_tree_inst/u_shared_mul/u_primary_mul/add_x_14/U471/Y (XNOR2_X4M_A9TR)                                                                                                                                                                       0.0381     2.7916 r
  i_horcrux_top/i_horcrux/multiplier_tree_inst/u_shared_mul/u_primary_mul/add_x_14/SUM[22] (unified_mul_32x32_DW01_add_667)                                                                                                                                                      0.0000     2.7916 r
  i_horcrux_top/i_horcrux/multiplier_tree_inst/u_shared_mul/u_primary_mul/U2232/Y (AO21_X6M_A9TR)                                                                                                                                                                                0.0426     2.8342 r
  i_horcrux_top/i_horcrux/multiplier_tree_inst/u_shared_mul/u_primary_mul/add_x_15/A[22] (unified_mul_32x32_DW01_add_637)                                                                                                                                                        0.0000     2.8342 r
  i_horcrux_top/i_horcrux/multiplier_tree_inst/u_shared_mul/u_primary_mul/add_x_15/U622/Y (OR2_X11M_A9TR)                                                                                                                                                                        0.0279     2.8621 r
  i_horcrux_top/i_horcrux/multiplier_tree_inst/u_shared_mul/u_primary_mul/add_x_15/U504/Y (OAI211_X4M_A9TR)                                                                                                                                                                      0.0258     2.8879 f
  i_horcrux_top/i_horcrux/multiplier_tree_inst/u_shared_mul/u_primary_mul/add_x_15/U508/Y (NAND2_X6A_A9TR)                                                                                                                                                                       0.0213     2.9091 r
  i_horcrux_top/i_horcrux/multiplier_tree_inst/u_shared_mul/u_primary_mul/add_x_15/U561/Y (XNOR2_X4M_A9TR)                                                                                                                                                                       0.0345     2.9436 r
  i_horcrux_top/i_horcrux/multiplier_tree_inst/u_shared_mul/u_primary_mul/add_x_15/SUM[24] (unified_mul_32x32_DW01_add_637)                                                                                                                                                      0.0000     2.9436 r
  i_horcrux_top/i_horcrux/multiplier_tree_inst/u_shared_mul/u_primary_mul/U5127/Y (MX2_X8B_A9TR)                                                                                                                                                                                 0.0383     2.9820 r
  i_horcrux_top/i_horcrux/multiplier_tree_inst/u_shared_mul/u_primary_mul/add_x_16/A[24] (unified_mul_32x32_DW01_add_239)                                                                                                                                                        0.0000     2.9820 r
  i_horcrux_top/i_horcrux/multiplier_tree_inst/u_shared_mul/u_primary_mul/add_x_16/U520/Y (XNOR2_X4M_A9TR)                                                                                                                                                                       0.0229     3.0049 r
  i_horcrux_top/i_horcrux/multiplier_tree_inst/u_shared_mul/u_primary_mul/add_x_16/U519/Y (XNOR2_X4M_A9TR)                                                                                                                                                                       0.0428     3.0476 r
  i_horcrux_top/i_horcrux/multiplier_tree_inst/u_shared_mul/u_primary_mul/add_x_16/SUM[24] (unified_mul_32x32_DW01_add_239)                                                                                                                                                      0.0000     3.0476 r
  i_horcrux_top/i_horcrux/multiplier_tree_inst/u_shared_mul/u_primary_mul/U2844/Y (NAND2_X6A_A9TR)                                                                                                                                                                               0.0188     3.0664 f
  i_horcrux_top/i_horcrux/multiplier_tree_inst/u_shared_mul/u_primary_mul/U2843/Y (NAND2_X8A_A9TR)                                                                                                                                                                               0.0193     3.0857 r
  i_horcrux_top/i_horcrux/multiplier_tree_inst/u_shared_mul/u_primary_mul/add_x_17/A[24] (unified_mul_32x32_DW01_add_240)                                                                                                                                                        0.0000     3.0857 r
  i_horcrux_top/i_horcrux/multiplier_tree_inst/u_shared_mul/u_primary_mul/add_x_17/U448/Y (INV_X11M_A9TR)                                                                                                                                                                        0.0117     3.0974 f
  i_horcrux_top/i_horcrux/multiplier_tree_inst/u_shared_mul/u_primary_mul/add_x_17/U498/Y (NAND2_X8A_A9TR)                                                                                                                                                                       0.0114     3.1088 r
  i_horcrux_top/i_horcrux/multiplier_tree_inst/u_shared_mul/u_primary_mul/add_x_17/U484/Y (AOI21_X8M_A9TR)                                                                                                                                                                       0.0231     3.1319 f
  i_horcrux_top/i_horcrux/multiplier_tree_inst/u_shared_mul/u_primary_mul/add_x_17/U499/Y (OAI21_X8M_A9TR)                                                                                                                                                                       0.0232     3.1550 r
  i_horcrux_top/i_horcrux/multiplier_tree_inst/u_shared_mul/u_primary_mul/add_x_17/U545/Y (XOR2_X4M_A9TR)                                                                                                                                                                        0.0372     3.1922 r
  i_horcrux_top/i_horcrux/multiplier_tree_inst/u_shared_mul/u_primary_mul/add_x_17/SUM[26] (unified_mul_32x32_DW01_add_240)                                                                                                                                                      0.0000     3.1922 r
  i_horcrux_top/i_horcrux/multiplier_tree_inst/u_shared_mul/u_primary_mul/U2602/Y (AO1B2_X6M_A9TR)                                                                                                                                                                               0.0404     3.2326 r
  i_horcrux_top/i_horcrux/multiplier_tree_inst/u_shared_mul/u_primary_mul/add_x_18/A[26] (unified_mul_32x32_DW01_add_644)                                                                                                                                                        0.0000     3.2326 r
  i_horcrux_top/i_horcrux/multiplier_tree_inst/u_shared_mul/u_primary_mul/add_x_18/U621/Y (OR2_X11M_A9TR)                                                                                                                                                                        0.0312     3.2638 r
  i_horcrux_top/i_horcrux/multiplier_tree_inst/u_shared_mul/u_primary_mul/add_x_18/U328/Y (BUF_X4M_A9TR)                                                                                                                                                                         0.0285     3.2924 r
  i_horcrux_top/i_horcrux/multiplier_tree_inst/u_shared_mul/u_primary_mul/add_x_18/U334/Y (NAND2_X8A_A9TR)                                                                                                                                                                       0.0168     3.3091 f
  i_horcrux_top/i_horcrux/multiplier_tree_inst/u_shared_mul/u_primary_mul/add_x_18/U322/Y (NAND2XB_X4M_A9TR)                                                                                                                                                                     0.0309     3.3400 f
  i_horcrux_top/i_horcrux/multiplier_tree_inst/u_shared_mul/u_primary_mul/add_x_18/U610/Y (NOR2_X6B_A9TR)                                                                                                                                                                        0.0233     3.3633 r
  i_horcrux_top/i_horcrux/multiplier_tree_inst/u_shared_mul/u_primary_mul/add_x_18/U528/Y (AOI21_X8M_A9TR)                                                                                                                                                                       0.0225     3.3858 f
  i_horcrux_top/i_horcrux/multiplier_tree_inst/u_shared_mul/u_primary_mul/add_x_18/U570/Y (XOR2_X4M_A9TR)                                                                                                                                                                        0.0233     3.4091 f
  i_horcrux_top/i_horcrux/multiplier_tree_inst/u_shared_mul/u_primary_mul/add_x_18/SUM[30] (unified_mul_32x32_DW01_add_644)                                                                                                                                                      0.0000     3.4091 f
  i_horcrux_top/i_horcrux/multiplier_tree_inst/u_shared_mul/u_primary_mul/U1052/Y (AO21_X6M_A9TR)                                                                                                                                                                                0.0386     3.4477 f
  i_horcrux_top/i_horcrux/multiplier_tree_inst/u_shared_mul/u_primary_mul/add_x_19/A[30] (unified_mul_32x32_DW01_add_450)                                                                                                                                                        0.0000     3.4477 f
  i_horcrux_top/i_horcrux/multiplier_tree_inst/u_shared_mul/u_primary_mul/add_x_19/U537/Y (OR2_X11M_A9TR)                                                                                                                                                                        0.0287     3.4764 f
  i_horcrux_top/i_horcrux/multiplier_tree_inst/u_shared_mul/u_primary_mul/add_x_19/U527/Y (AOI21_X8M_A9TR)                                                                                                                                                                       0.0171     3.4935 r
  i_horcrux_top/i_horcrux/multiplier_tree_inst/u_shared_mul/u_primary_mul/add_x_19/U591/Y (XOR2_X4M_A9TR)                                                                                                                                                                        0.0328     3.5263 r
  i_horcrux_top/i_horcrux/multiplier_tree_inst/u_shared_mul/u_primary_mul/add_x_19/SUM[31] (unified_mul_32x32_DW01_add_450)                                                                                                                                                      0.0000     3.5263 r
  i_horcrux_top/i_horcrux/multiplier_tree_inst/u_shared_mul/u_primary_mul/U2519/Y (AO1B2_X6M_A9TR)                                                                                                                                                                               0.0392     3.5655 r
  i_horcrux_top/i_horcrux/multiplier_tree_inst/u_shared_mul/u_primary_mul/add_x_20/A[31] (unified_mul_32x32_DW01_add_255)                                                                                                                                                        0.0000     3.5655 r
  i_horcrux_top/i_horcrux/multiplier_tree_inst/u_shared_mul/u_primary_mul/add_x_20/U453/Y (OR2_X8M_A9TR)                                                                                                                                                                         0.0281     3.5937 r
  i_horcrux_top/i_horcrux/multiplier_tree_inst/u_shared_mul/u_primary_mul/add_x_20/U485/Y (AOI21_X8M_A9TR)                                                                                                                                                                       0.0237     3.6174 f
  i_horcrux_top/i_horcrux/multiplier_tree_inst/u_shared_mul/u_primary_mul/add_x_20/U484/Y (OAI21_X8M_A9TR)                                                                                                                                                                       0.0231     3.6404 r
  i_horcrux_top/i_horcrux/multiplier_tree_inst/u_shared_mul/u_primary_mul/add_x_20/U557/Y (XOR2_X4M_A9TR)                                                                                                                                                                        0.0368     3.6772 r
  i_horcrux_top/i_horcrux/multiplier_tree_inst/u_shared_mul/u_primary_mul/add_x_20/SUM[33] (unified_mul_32x32_DW01_add_255)                                                                                                                                                      0.0000     3.6772 r
  i_horcrux_top/i_horcrux/multiplier_tree_inst/u_shared_mul/u_primary_mul/U3089/Y (AO1B2_X6M_A9TR)                                                                                                                                                                               0.0425     3.7198 r
  i_horcrux_top/i_horcrux/multiplier_tree_inst/u_shared_mul/u_primary_mul/add_x_21/A[33] (unified_mul_32x32_DW01_add_640)                                                                                                                                                        0.0000     3.7198 r
  i_horcrux_top/i_horcrux/multiplier_tree_inst/u_shared_mul/u_primary_mul/add_x_21/U571/Y (OR2_X8M_A9TR)                                                                                                                                                                         0.0305     3.7502 r
  i_horcrux_top/i_horcrux/multiplier_tree_inst/u_shared_mul/u_primary_mul/add_x_21/U398/Y (OAI2XB1_X6M_A9TR)                                                                                                                                                                     0.0264     3.7766 f
  i_horcrux_top/i_horcrux/multiplier_tree_inst/u_shared_mul/u_primary_mul/add_x_21/U533/Y (OAI21_X8M_A9TR)                                                                                                                                                                       0.0243     3.8009 r
  i_horcrux_top/i_horcrux/multiplier_tree_inst/u_shared_mul/u_primary_mul/add_x_21/U628/Y (XNOR2_X4M_A9TR)                                                                                                                                                                       0.0356     3.8366 r
  i_horcrux_top/i_horcrux/multiplier_tree_inst/u_shared_mul/u_primary_mul/add_x_21/SUM[35] (unified_mul_32x32_DW01_add_640)                                                                                                                                                      0.0000     3.8366 r
  i_horcrux_top/i_horcrux/multiplier_tree_inst/u_shared_mul/u_primary_mul/U2786/Y (AO1B2_X6M_A9TR)                                                                                                                                                                               0.0389     3.8754 r
  i_horcrux_top/i_horcrux/multiplier_tree_inst/u_shared_mul/u_primary_mul/add_x_22/A[35] (unified_mul_32x32_DW01_add_267)                                                                                                                                                        0.0000     3.8754 r
  i_horcrux_top/i_horcrux/multiplier_tree_inst/u_shared_mul/u_primary_mul/add_x_22/U470/Y (OR2_X11M_A9TR)                                                                                                                                                                        0.0265     3.9020 r
  i_horcrux_top/i_horcrux/multiplier_tree_inst/u_shared_mul/u_primary_mul/add_x_22/U369/Y (NAND2_X6B_A9TR)                                                                                                                                                                       0.0143     3.9162 f
  i_horcrux_top/i_horcrux/multiplier_tree_inst/u_shared_mul/u_primary_mul/add_x_22/U557/Y (XNOR2_X4M_A9TR)                                                                                                                                                                       0.0231     3.9394 f
  i_horcrux_top/i_horcrux/multiplier_tree_inst/u_shared_mul/u_primary_mul/add_x_22/SUM[35] (unified_mul_32x32_DW01_add_267)                                                                                                                                                      0.0000     3.9394 f
  i_horcrux_top/i_horcrux/multiplier_tree_inst/u_shared_mul/u_primary_mul/U2983/Y (NAND2_X6A_A9TR)                                                                                                                                                                               0.0192     3.9586 r
  i_horcrux_top/i_horcrux/multiplier_tree_inst/u_shared_mul/u_primary_mul/U2982/Y (NAND2_X8A_A9TR)                                                                                                                                                                               0.0180     3.9766 f
  i_horcrux_top/i_horcrux/multiplier_tree_inst/u_shared_mul/u_primary_mul/add_x_23/A[35] (unified_mul_32x32_DW01_add_658)                                                                                                                                                        0.0000     3.9766 f
  i_horcrux_top/i_horcrux/multiplier_tree_inst/u_shared_mul/u_primary_mul/add_x_23/U528/Y (NAND2_X8A_A9TR)                                                                                                                                                                       0.0233     3.9998 r
  i_horcrux_top/i_horcrux/multiplier_tree_inst/u_shared_mul/u_primary_mul/add_x_23/U433/Y (OR2_X8M_A9TR)                                                                                                                                                                         0.0342     4.0341 r
  i_horcrux_top/i_horcrux/multiplier_tree_inst/u_shared_mul/u_primary_mul/add_x_23/U431/Y (AO1B2_X6M_A9TR)                                                                                                                                                                       0.0172     4.0512 f
  i_horcrux_top/i_horcrux/multiplier_tree_inst/u_shared_mul/u_primary_mul/add_x_23/U430/Y (AOI31_X6M_A9TR)                                                                                                                                                                       0.0228     4.0740 r
  i_horcrux_top/i_horcrux/multiplier_tree_inst/u_shared_mul/u_primary_mul/add_x_23/U574/Y (XOR2_X4M_A9TR)                                                                                                                                                                        0.0253     4.0993 r
  i_horcrux_top/i_horcrux/multiplier_tree_inst/u_shared_mul/u_primary_mul/add_x_23/SUM[37] (unified_mul_32x32_DW01_add_658)                                                                                                                                                      0.0000     4.0993 r
  i_horcrux_top/i_horcrux/multiplier_tree_inst/u_shared_mul/u_primary_mul/U1751/Y (NAND2_X6M_A9TR)                                                                                                                                                                               0.0181     4.1174 f
  i_horcrux_top/i_horcrux/multiplier_tree_inst/u_shared_mul/u_primary_mul/U2690/Y (NAND2_X8A_A9TR)                                                                                                                                                                               0.0191     4.1366 r
  i_horcrux_top/i_horcrux/multiplier_tree_inst/u_shared_mul/u_primary_mul/add_x_24/A[37] (unified_mul_32x32_DW01_add_671)                                                                                                                                                        0.0000     4.1366 r
  i_horcrux_top/i_horcrux/multiplier_tree_inst/u_shared_mul/u_primary_mul/add_x_24/U468/Y (OR2_X11M_A9TR)                                                                                                                                                                        0.0280     4.1646 r
  i_horcrux_top/i_horcrux/multiplier_tree_inst/u_shared_mul/u_primary_mul/add_x_24/U414/Y (AOI21_X8M_A9TR)                                                                                                                                                                       0.0217     4.1863 f
  i_horcrux_top/i_horcrux/multiplier_tree_inst/u_shared_mul/u_primary_mul/add_x_24/U435/Y (NAND2_X8A_A9TR)                                                                                                                                                                       0.0169     4.2032 r
  i_horcrux_top/i_horcrux/multiplier_tree_inst/u_shared_mul/u_primary_mul/add_x_24/U427/Y (OAI22BB_X8M_A9TR)                                                                                                                                                                     0.0256     4.2288 f
  i_horcrux_top/i_horcrux/multiplier_tree_inst/u_shared_mul/u_primary_mul/add_x_24/U460/Y (XNOR2_X4M_A9TR)                                                                                                                                                                       0.0266     4.2554 f
  i_horcrux_top/i_horcrux/multiplier_tree_inst/u_shared_mul/u_primary_mul/add_x_24/SUM[39] (unified_mul_32x32_DW01_add_671)                                                                                                                                                      0.0000     4.2554 f
  i_horcrux_top/i_horcrux/multiplier_tree_inst/u_shared_mul/u_primary_mul/U1173/Y (AO21_X6M_A9TR)                                                                                                                                                                                0.0408     4.2962 f
  i_horcrux_top/i_horcrux/multiplier_tree_inst/u_shared_mul/u_primary_mul/add_x_25/A[39] (unified_mul_32x32_DW01_add_669)                                                                                                                                                        0.0000     4.2962 f
  i_horcrux_top/i_horcrux/multiplier_tree_inst/u_shared_mul/u_primary_mul/add_x_25/U461/Y (NAND2_X8A_A9TR)                                                                                                                                                                       0.0137     4.3099 r
  i_horcrux_top/i_horcrux/multiplier_tree_inst/u_shared_mul/u_primary_mul/add_x_25/U368/Y (NAND2_X8A_A9TR)                                                                                                                                                                       0.0226     4.3324 f
  i_horcrux_top/i_horcrux/multiplier_tree_inst/u_shared_mul/u_primary_mul/add_x_25/U367/Y (OAI21_X8M_A9TR)                                                                                                                                                                       0.0223     4.3547 r
  i_horcrux_top/i_horcrux/multiplier_tree_inst/u_shared_mul/u_primary_mul/add_x_25/U465/Y (NAND3BB_X8M_A9TR)                                                                                                                                                                     0.0333     4.3880 r
  i_horcrux_top/i_horcrux/multiplier_tree_inst/u_shared_mul/u_primary_mul/add_x_25/U369/Y (NAND2_X8A_A9TR)                                                                                                                                                                       0.0143     4.4023 f
  i_horcrux_top/i_horcrux/multiplier_tree_inst/u_shared_mul/u_primary_mul/add_x_25/U487/Y (XNOR2_X4M_A9TR)                                                                                                                                                                       0.0313     4.4337 f
  i_horcrux_top/i_horcrux/multiplier_tree_inst/u_shared_mul/u_primary_mul/add_x_25/SUM[42] (unified_mul_32x32_DW01_add_669)                                                                                                                                                      0.0000     4.4337 f
  i_horcrux_top/i_horcrux/multiplier_tree_inst/u_shared_mul/u_primary_mul/U2984/Y (AO1B2_X6M_A9TR)                                                                                                                                                                               0.0353     4.4690 f
  i_horcrux_top/i_horcrux/multiplier_tree_inst/u_shared_mul/u_primary_mul/add_x_26/A[42] (unified_mul_32x32_DW01_add_363)                                                                                                                                                        0.0000     4.4690 f
  i_horcrux_top/i_horcrux/multiplier_tree_inst/u_shared_mul/u_primary_mul/add_x_26/U393/Y (OR2_X8B_A9TR)                                                                                                                                                                         0.0319     4.5009 f
  i_horcrux_top/i_horcrux/multiplier_tree_inst/u_shared_mul/u_primary_mul/add_x_26/U489/Y (NAND2_X8A_A9TR)                                                                                                                                                                       0.0145     4.5154 r
  i_horcrux_top/i_horcrux/multiplier_tree_inst/u_shared_mul/u_primary_mul/add_x_26/U462/Y (XNOR2_X4M_A9TR)                                                                                                                                                                       0.0200     4.5354 r
  i_horcrux_top/i_horcrux/multiplier_tree_inst/u_shared_mul/u_primary_mul/add_x_26/SUM[42] (unified_mul_32x32_DW01_add_363)                                                                                                                                                      0.0000     4.5354 r
  i_horcrux_top/i_horcrux/multiplier_tree_inst/u_shared_mul/u_primary_mul/U2658/Y (AO1B2_X6M_A9TR)                                                                                                                                                                               0.0407     4.5761 r
  i_horcrux_top/i_horcrux/multiplier_tree_inst/u_shared_mul/u_primary_mul/add_x_27/A[42] (unified_mul_32x32_DW01_add_412)                                                                                                                                                        0.0000     4.5761 r
  i_horcrux_top/i_horcrux/multiplier_tree_inst/u_shared_mul/u_primary_mul/add_x_27/U425/Y (XOR2_X4M_A9TR)                                                                                                                                                                        0.0231     4.5991 r
  i_horcrux_top/i_horcrux/multiplier_tree_inst/u_shared_mul/u_primary_mul/add_x_27/U457/Y (XNOR2_X4M_A9TR)                                                                                                                                                                       0.0387     4.6378 r
  i_horcrux_top/i_horcrux/multiplier_tree_inst/u_shared_mul/u_primary_mul/add_x_27/SUM[42] (unified_mul_32x32_DW01_add_412)                                                                                                                                                      0.0000     4.6378 r
  i_horcrux_top/i_horcrux/multiplier_tree_inst/u_shared_mul/u_primary_mul/U1647/Y (AO21_X6M_A9TR)                                                                                                                                                                                0.0436     4.6814 r
  i_horcrux_top/i_horcrux/multiplier_tree_inst/u_shared_mul/u_primary_mul/add_x_28/A[42] (unified_mul_32x32_DW01_add_343)                                                                                                                                                        0.0000     4.6814 r
  i_horcrux_top/i_horcrux/multiplier_tree_inst/u_shared_mul/u_primary_mul/add_x_28/U437/Y (XOR2_X4M_A9TR)                                                                                                                                                                        0.0237     4.7050 r
  i_horcrux_top/i_horcrux/multiplier_tree_inst/u_shared_mul/u_primary_mul/add_x_28/U436/Y (XNOR2_X4M_A9TR)                                                                                                                                                                       0.0471     4.7522 r
  i_horcrux_top/i_horcrux/multiplier_tree_inst/u_shared_mul/u_primary_mul/add_x_28/SUM[42] (unified_mul_32x32_DW01_add_343)                                                                                                                                                      0.0000     4.7522 r
  i_horcrux_top/i_horcrux/multiplier_tree_inst/u_shared_mul/u_primary_mul/U1171/Y (NAND2_X6A_A9TR)                                                                                                                                                                               0.0199     4.7721 f
  i_horcrux_top/i_horcrux/multiplier_tree_inst/u_shared_mul/u_primary_mul/U1166/Y (NAND2_X8A_A9TR)                                                                                                                                                                               0.0191     4.7912 r
  i_horcrux_top/i_horcrux/multiplier_tree_inst/u_shared_mul/u_primary_mul/add_x_29/A[42] (unified_mul_32x32_DW01_add_436)                                                                                                                                                        0.0000     4.7912 r
  i_horcrux_top/i_horcrux/multiplier_tree_inst/u_shared_mul/u_primary_mul/add_x_29/U382/Y (OR2_X11B_A9TR)                                                                                                                                                                        0.0248     4.8160 r
  i_horcrux_top/i_horcrux/multiplier_tree_inst/u_shared_mul/u_primary_mul/add_x_29/U351/Y (AO21A1AI2_X6M_A9TR)                                                                                                                                                                   0.0312     4.8472 f
  i_horcrux_top/i_horcrux/multiplier_tree_inst/u_shared_mul/u_primary_mul/add_x_29/U346/Y (NAND3_X6A_A9TR)                                                                                                                                                                       0.0205     4.8677 r
  i_horcrux_top/i_horcrux/multiplier_tree_inst/u_shared_mul/u_primary_mul/add_x_29/U344/Y (NAND2_X8A_A9TR)                                                                                                                                                                       0.0237     4.8915 f
  i_horcrux_top/i_horcrux/multiplier_tree_inst/u_shared_mul/u_primary_mul/add_x_29/U354/Y (AO21A1AI2_X6M_A9TR)                                                                                                                                                                   0.0312     4.9227 r
  i_horcrux_top/i_horcrux/multiplier_tree_inst/u_shared_mul/u_primary_mul/add_x_29/U371/Y (OA1B2_X8M_A9TR)                                                                                                                                                                       0.0337     4.9564 r
  i_horcrux_top/i_horcrux/multiplier_tree_inst/u_shared_mul/u_primary_mul/add_x_29/U340/Y (OAI21_X8M_A9TR)                                                                                                                                                                       0.0222     4.9786 f
  i_horcrux_top/i_horcrux/multiplier_tree_inst/u_shared_mul/u_primary_mul/add_x_29/U337/Y (OAI2XB1_X8M_A9TR)                                                                                                                                                                     0.0231     5.0016 r
  i_horcrux_top/i_horcrux/multiplier_tree_inst/u_shared_mul/u_primary_mul/add_x_29/U472/Y (XNOR2_X4M_A9TR)                                                                                                                                                                       0.0394     5.0410 r
  i_horcrux_top/i_horcrux/multiplier_tree_inst/u_shared_mul/u_primary_mul/add_x_29/SUM[50] (unified_mul_32x32_DW01_add_436)                                                                                                                                                      0.0000     5.0410 r
  i_horcrux_top/i_horcrux/multiplier_tree_inst/u_shared_mul/u_primary_mul/U810/Y (NAND2_X6M_A9TR)                                                                                                                                                                                0.0178     5.0588 f
  i_horcrux_top/i_horcrux/multiplier_tree_inst/u_shared_mul/u_primary_mul/U2953/Y (NAND2_X8A_A9TR)                                                                                                                                                                               0.0170     5.0758 r
  i_horcrux_top/i_horcrux/multiplier_tree_inst/u_shared_mul/u_primary_mul/add_x_30/A[50] (unified_mul_32x32_DW01_add_437)                                                                                                                                                        0.0000     5.0758 r
  i_horcrux_top/i_horcrux/multiplier_tree_inst/u_shared_mul/u_primary_mul/add_x_30/U331/Y (OR2_X11B_A9TR)                                                                                                                                                                        0.0292     5.1050 r
  i_horcrux_top/i_horcrux/multiplier_tree_inst/u_shared_mul/u_primary_mul/add_x_30/U414/Y (OAI2XB1_X8M_A9TR)                                                                                                                                                                     0.0259     5.1310 f
  i_horcrux_top/i_horcrux/multiplier_tree_inst/u_shared_mul/u_primary_mul/add_x_30/U425/Y (OAI21_X8M_A9TR)                                                                                                                                                                       0.0225     5.1535 r
  i_horcrux_top/i_horcrux/multiplier_tree_inst/u_shared_mul/u_primary_mul/add_x_30/U377/Y (XOR2_X4M_A9TR)                                                                                                                                                                        0.0380     5.1915 r
  i_horcrux_top/i_horcrux/multiplier_tree_inst/u_shared_mul/u_primary_mul/add_x_30/SUM[52] (unified_mul_32x32_DW01_add_437)                                                                                                                                                      0.0000     5.1915 r
  i_horcrux_top/i_horcrux/multiplier_tree_inst/u_shared_mul/u_primary_mul/U2356/Y (AO21_X6M_A9TR)                                                                                                                                                                                0.0411     5.2327 r
  i_horcrux_top/i_horcrux/multiplier_tree_inst/u_shared_mul/u_primary_mul/sub_x_31/A[52] (unified_mul_32x32_DW01_sub_17)                                                                                                                                                         0.0000     5.2327 r
  i_horcrux_top/i_horcrux/multiplier_tree_inst/u_shared_mul/u_primary_mul/sub_x_31/U394/Y (OA1B2_X8M_A9TR)                                                                                                                                                                       0.0316     5.2643 r
  i_horcrux_top/i_horcrux/multiplier_tree_inst/u_shared_mul/u_primary_mul/sub_x_31/U398/Y (AOI21_X8M_A9TR)                                                                                                                                                                       0.0250     5.2893 f
  i_horcrux_top/i_horcrux/multiplier_tree_inst/u_shared_mul/u_primary_mul/sub_x_31/U397/Y (OAI21_X8M_A9TR)                                                                                                                                                                       0.0265     5.3158 r
  i_horcrux_top/i_horcrux/multiplier_tree_inst/u_shared_mul/u_primary_mul/sub_x_31/U362/Y (NOR2_X6M_A9TR)                                                                                                                                                                        0.0205     5.3362 f
  i_horcrux_top/i_horcrux/multiplier_tree_inst/u_shared_mul/u_primary_mul/sub_x_31/U361/Y (NAND3BB_X8M_A9TR)                                                                                                                                                                     0.0282     5.3645 f
  i_horcrux_top/i_horcrux/multiplier_tree_inst/u_shared_mul/u_primary_mul/sub_x_31/U376/Y (AO21A1AI2_X6M_A9TR)                                                                                                                                                                   0.0251     5.3895 r
  i_horcrux_top/i_horcrux/multiplier_tree_inst/u_shared_mul/u_primary_mul/sub_x_31/U368/Y (AOI21_X8M_A9TR)                                                                                                                                                                       0.0340     5.4236 f
  i_horcrux_top/i_horcrux/multiplier_tree_inst/u_shared_mul/u_primary_mul/sub_x_31/U366/Y (XOR2_X4M_A9TR)                                                                                                                                                                        0.0275     5.4510 f
  i_horcrux_top/i_horcrux/multiplier_tree_inst/u_shared_mul/u_primary_mul/sub_x_31/DIFF[59] (unified_mul_32x32_DW01_sub_17)                                                                                                                                                      0.0000     5.4510 f
  i_horcrux_top/i_horcrux/multiplier_tree_inst/u_shared_mul/u_primary_mul/U3252/Y (NAND2_X6A_A9TR)                                                                                                                                                                               0.0190     5.4701 r
  i_horcrux_top/i_horcrux/multiplier_tree_inst/u_shared_mul/u_primary_mul/U3615/Y (NAND2_X8A_A9TR)                                                                                                                                                                               0.0259     5.4960 f
  i_horcrux_top/i_horcrux/multiplier_tree_inst/u_shared_mul/u_primary_mul/prod_o[59] (unified_mul_32x32)                                                                                                                                                                         0.0000     5.4960 f
  i_horcrux_top/i_horcrux/multiplier_tree_inst/u_shared_mul/DP_OP_45J11_125_3794/I3[59] (shared_multiplication_logic_DP_OP_45J11_125_3794_12)                                                                                                                                    0.0000     5.4960 f
  i_horcrux_top/i_horcrux/multiplier_tree_inst/u_shared_mul/DP_OP_45J11_125_3794/U3628/Y (OA1B2_X8M_A9TR)                                                                                                                                                                        0.0386     5.5346 f
  i_horcrux_top/i_horcrux/multiplier_tree_inst/u_shared_mul/DP_OP_45J11_125_3794/U3626/Y (NAND2_X8A_A9TR)                                                                                                                                                                        0.0139     5.5485 r
  i_horcrux_top/i_horcrux/multiplier_tree_inst/u_shared_mul/DP_OP_45J11_125_3794/U3584/Y (OA1B2_X8M_A9TR)                                                                                                                                                                        0.0283     5.5768 r
  i_horcrux_top/i_horcrux/multiplier_tree_inst/u_shared_mul/DP_OP_45J11_125_3794/U3575/Y (AO21A1AI2_X6M_A9TR)                                                                                                                                                                    0.0285     5.6053 f
  i_horcrux_top/i_horcrux/multiplier_tree_inst/u_shared_mul/DP_OP_45J11_125_3794/U3574/Y (XOR2_X4M_A9TR)                                                                                                                                                                         0.0314     5.6366 f
  i_horcrux_top/i_horcrux/multiplier_tree_inst/u_shared_mul/DP_OP_45J11_125_3794/U4101/Y (INV_X16M_A9TR)                                                                                                                                                                         0.0273     5.6640 r
  i_horcrux_top/i_horcrux/multiplier_tree_inst/u_shared_mul/DP_OP_45J11_125_3794/O1[31] (shared_multiplication_logic_DP_OP_45J11_125_3794_12)                                                                                                                                    0.0000     5.6640 r
  i_horcrux_top/i_horcrux/multiplier_tree_inst/u_shared_mul/U160/Y (NAND2_X8A_A9TR)                                                                                                                                                                                              0.0154     5.6794 f
  i_horcrux_top/i_horcrux/multiplier_tree_inst/u_shared_mul/U128/Y (INV_X11B_A9TR)                                                                                                                                                                                               0.0110     5.6904 r
  i_horcrux_top/i_horcrux/multiplier_tree_inst/u_shared_mul/DP_OP_45J11_125_3794/I4[0] (shared_multiplication_logic_DP_OP_45J11_125_3794_12)                                                                                                                                     0.0000     5.6904 r
  i_horcrux_top/i_horcrux/multiplier_tree_inst/u_shared_mul/DP_OP_45J11_125_3794/U3648/Y (AOI21_X8M_A9TR)                                                                                                                                                                        0.0235     5.7139 f
  i_horcrux_top/i_horcrux/multiplier_tree_inst/u_shared_mul/DP_OP_45J11_125_3794/U5363/Y (OAI21_X8M_A9TR)                                                                                                                                                                        0.0251     5.7389 r
  i_horcrux_top/i_horcrux/multiplier_tree_inst/u_shared_mul/DP_OP_45J11_125_3794/U4713/Y (AOI21_X8M_A9TR)                                                                                                                                                                        0.0301     5.7690 f
  i_horcrux_top/i_horcrux/multiplier_tree_inst/u_shared_mul/DP_OP_45J11_125_3794/U3791/Y (OAI21_X8M_A9TR)                                                                                                                                                                        0.0254     5.7944 r
  i_horcrux_top/i_horcrux/multiplier_tree_inst/u_shared_mul/DP_OP_45J11_125_3794/U3622/Y (AO1B2_X6M_A9TR)                                                                                                                                                                        0.0343     5.8287 r
  i_horcrux_top/i_horcrux/multiplier_tree_inst/u_shared_mul/DP_OP_45J11_125_3794/U3620/Y (XOR2_X4M_A9TR)                                                                                                                                                                         0.0227     5.8514 r
  i_horcrux_top/i_horcrux/multiplier_tree_inst/u_shared_mul/DP_OP_45J11_125_3794/O2[11] (shared_multiplication_logic_DP_OP_45J11_125_3794_12)                                                                                                                                    0.0000     5.8514 r
  i_horcrux_top/i_horcrux/multiplier_tree_inst/u_shared_mul/U152/Y (NAND2_X6M_A9TR)                                                                                                                                                                                              0.0174     5.8688 f
  i_horcrux_top/i_horcrux/multiplier_tree_inst/u_shared_mul/U148/Y (NAND2_X8B_A9TR)                                                                                                                                                                                              0.0137     5.8825 r
  i_horcrux_top/i_horcrux/multiplier_tree_inst/u_shared_mul/res_lo_o[11] (shared_multiplication_logic)                                                                                                                                                                           0.0000     5.8825 r
  i_horcrux_top/i_horcrux/multiplier_tree_inst/U565/Y (BUFH_X16M_A9TR)                                                                                                                                                                                                           0.0246     5.9071 r
  i_horcrux_top/i_horcrux/multiplier_tree_inst/DP_OP_96J8_122_9380/I2[11] (multiplier_tree_DP_OP_96J8_122_9380_6)                                                                                                                                                                0.0000     5.9071 r
  i_horcrux_top/i_horcrux/multiplier_tree_inst/DP_OP_96J8_122_9380/U826/Y (INV_X16M_A9TR)                                                                                                                                                                                        0.0083     5.9154 f
  i_horcrux_top/i_horcrux/multiplier_tree_inst/DP_OP_96J8_122_9380/U807/Y (NAND2_X8B_A9TR)                                                                                                                                                                                       0.0110     5.9263 r
  i_horcrux_top/i_horcrux/multiplier_tree_inst/DP_OP_96J8_122_9380/U850/Y (AOI31_X6M_A9TR)                                                                                                                                                                                       0.0294     5.9558 f
  i_horcrux_top/i_horcrux/multiplier_tree_inst/DP_OP_96J8_122_9380/U828/Y (OAI21_X8M_A9TR)                                                                                                                                                                                       0.0286     5.9844 r
  i_horcrux_top/i_horcrux/multiplier_tree_inst/DP_OP_96J8_122_9380/U963/Y (AOI21_X8M_A9TR)                                                                                                                                                                                       0.0174     6.0017 f
  i_horcrux_top/i_horcrux/multiplier_tree_inst/DP_OP_96J8_122_9380/U958/Y (OAI21_X8M_A9TR)                                                                                                                                                                                       0.0186     6.0203 r
  i_horcrux_top/i_horcrux/multiplier_tree_inst/DP_OP_96J8_122_9380/U875/Y (XOR2_X4M_A9TR)                                                                                                                                                                                        0.0306     6.0510 r
  i_horcrux_top/i_horcrux/multiplier_tree_inst/DP_OP_96J8_122_9380/O2[16] (multiplier_tree_DP_OP_96J8_122_9380_6)                                                                                                                                                                0.0000     6.0510 r
  i_horcrux_top/i_horcrux/multiplier_tree_inst/U1221/Y (BUFH_X16M_A9TR)                                                                                                                                                                                                          0.0325     6.0834 r
  i_horcrux_top/i_horcrux/multiplier_tree_inst/DP_OP_96J8_122_9380/I3[12] (multiplier_tree_DP_OP_96J8_122_9380_6)                                                                                                                                                                0.0000     6.0834 r
  i_horcrux_top/i_horcrux/multiplier_tree_inst/DP_OP_96J8_122_9380/U806/Y (NAND2_X8A_A9TR)                                                                                                                                                                                       0.0176     6.1010 f
  i_horcrux_top/i_horcrux/multiplier_tree_inst/DP_OP_96J8_122_9380/U788/Y (NAND2_X8A_A9TR)                                                                                                                                                                                       0.0125     6.1135 r
  i_horcrux_top/i_horcrux/multiplier_tree_inst/DP_OP_96J8_122_9380/U937/Y (NAND3_X6M_A9TR)                                                                                                                                                                                       0.0175     6.1310 f
  i_horcrux_top/i_horcrux/multiplier_tree_inst/DP_OP_96J8_122_9380/U810/Y (NAND2_X6A_A9TR)                                                                                                                                                                                       0.0151     6.1461 r
  i_horcrux_top/i_horcrux/multiplier_tree_inst/DP_OP_96J8_122_9380/U939/Y (XOR2_X4M_A9TR)                                                                                                                                                                                        0.0224     6.1685 r
  i_horcrux_top/i_horcrux/multiplier_tree_inst/DP_OP_96J8_122_9380/O3[15] (multiplier_tree_DP_OP_96J8_122_9380_6)                                                                                                                                                                0.0000     6.1685 r
  i_horcrux_top/i_horcrux/multiplier_tree_inst/U601/Y (NAND2_X6A_A9TR)                                                                                                                                                                                                           0.0181     6.1865 f
  i_horcrux_top/i_horcrux/multiplier_tree_inst/U600/Y (NAND2_X8A_A9TR)                                                                                                                                                                                                           0.0138     6.2003 r
  i_horcrux_top/i_horcrux/multiplier_tree_inst/result_o[15] (multiplier_tree)                                                                                                                                                                                                    0.0000     6.2003 r
  i_horcrux_top/i_horcrux/U48/Y (NAND2_X8A_A9TR)                                                                                                                                                                                                                                 0.0122     6.2125 f
  i_horcrux_top/i_horcrux/U60/Y (NAND2_X8A_A9TR)                                                                                                                                                                                                                                 0.0136     6.2261 r
  i_horcrux_top/i_horcrux/rd_values_o[rd1][15] (horcrux_NUM_VARIABLES50_VARIABLE_WIDTH32)                                                                                                                                                                                        0.0000     6.2261 r
  i_horcrux_top/commit_stage_i/result_i[rd1][15] (commit_stage_I_xif_result_if_if_xif_coproc_result_X_NUM_RS_3)                                                                                                                                                                  0.0000     6.2261 r
  i_horcrux_top/commit_stage_i/U16/Y (BUFH_X16M_A9TR)                                                                                                                                                                                                                            0.0323     6.2584 r
  i_horcrux_top/commit_stage_i/xif_result_if.result[data][15] (commit_stage_I_xif_result_if_if_xif_coproc_result_X_NUM_RS_3)                                                                                                                                                     0.0000     6.2584 r
  i_horcrux_top/xif_result_if.result[data][15] (horcrux_top_I_xif_compressed_if_if_xif__X_NUM_RS_3I_xif_issue_if_if_xif__X_NUM_RS_3I_xif_commit_if_if_xif__X_NUM_RS_3I_xif_mem_if_if_xif__X_NUM_RS_3I_xif_mem_result_if_if_xif__X_NUM_RS_3I_xif_result_if_if_xif__X_NUM_RS_3)    0.0000     6.2584 r
  result_o[data][15] (out)                                                                                                                                                                                                                                                       0.0038     6.2623 r
  data arrival time                                                                                                                                                                                                                                                                         6.2623

  clock clk (rise edge)                                                                                                                                                                                                                                                          6.8000     6.8000
  clock network delay (ideal)                                                                                                                                                                                                                                                    0.6800     7.4800
  clock uncertainty                                                                                                                                                                                                                                                             -0.3400     7.1400
  output external delay                                                                                                                                                                                                                                                         -1.0200     6.1200
  data required time                                                                                                                                                                                                                                                                        6.1200
  ---------------------------------------------------------------------------------------------------------------------------------------------------------------------------------------------------------------------------------------------------------------------------------------------------
  data required time                                                                                                                                                                                                                                                                        6.1200
  data arrival time                                                                                                                                                                                                                                                                        -6.2623
  ---------------------------------------------------------------------------------------------------------------------------------------------------------------------------------------------------------------------------------------------------------------------------------------------------
  slack (VIOLATED)                                                                                                                                                                                                                                                                         -0.1423


