 
****************************************
Report : area
Design : horcrux_top_synth
Version: X-2025.06
Date   : Thu Oct  8 15:10:00 2026
****************************************

Information: Updating design information... (UID-85)
Library(s) Used:

    sc9_cln40g_base_rvt_tt_typical_max_0p90v_25c (File: /cad/designkit/CBDK_TSMC40_Arm_f2.0/CIC/SynopsysDC/db/sc9_base_rvt/sc9_cln40g_base_rvt_tt_typical_max_0p90v_25c.db)

Number of ports:                        29502
Number of nets:                         84182
Number of cells:                        60898
Number of combinational cells:          56480
Number of sequential cells:              4376
Number of macros/black boxes:               0
Number of buf/inv:                      10240
Number of references:                       6

Combinational area:              81030.422245
Buf/Inv area:                     6982.491539
Noncombinational area:           19899.204263
Macro/Black Box area:                0.000000
Net Interconnect area:               0.000000

Total cell area:                100929.626508
Total area:                     100929.626508

Hierarchical area distribution
------------------------------

                                  Global cell area             Local cell area
                                  --------------------  ------------------------------ 
Hierarchical cell                 Absolute     Percent  Combi-      Noncombi-   Black-
                                  Total        Total    national    national    boxes   Design
--------------------------------  -----------  -------  ----------  ----------  ------  ----------------------------------------------------------------------------------------------------------------------------------------------------------------------------------------------------------------------------
horcrux_top_synth                 100929.6265    100.0    143.5644      0.0000  0.0000  horcrux_top_synth
i_horcrux_top                     100786.0621     99.9     24.9480     40.8240  0.0000  horcrux_top_I_xif_compressed_if_if_xif__X_NUM_RS_3I_xif_issue_if_if_xif__X_NUM_RS_3I_xif_commit_if_if_xif__X_NUM_RS_3I_xif_mem_if_if_xif__X_NUM_RS_3I_xif_mem_result_if_if_xif__X_NUM_RS_3I_xif_result_if_if_xif__X_NUM_RS_3
i_horcrux_top/commit_stage_i          41.0508      0.0     41.0508      0.0000  0.0000  commit_stage_I_xif_result_if_if_xif_coproc_result_X_NUM_RS_3
i_horcrux_top/i_horcrux            99931.4797     99.0   8436.5062      4.5360  0.0000  horcrux_NUM_VARIABLES50_VARIABLE_WIDTH32
i_horcrux_top/i_horcrux/chain_lengths_inst   2928.4415     2.9   806.2740  1211.1119 0.0000 chain_lengths_00000032_00000020
i_horcrux_top/i_horcrux/chain_lengths_inst/DP_OP_977J8_122_926    443.1672     0.4   443.1672     0.0000 0.0000 chain_lengths_00000032_00000020_DP_OP_977J8_122_926_J8_0
i_horcrux_top/i_horcrux/chain_lengths_inst/DP_OP_978J8_123_2435    467.8884     0.5   467.8884     0.0000 0.0000 chain_lengths_00000032_00000020_DP_OP_978J8_123_2435_J8_0
i_horcrux_top/i_horcrux/fpr_inst    2337.8543      2.3   1344.4704    585.1440  0.0000  fpr
i_horcrux_top/i_horcrux/fpr_inst/DP_OP_96J13_122_7816    263.3148     0.3   263.3148     0.0000 0.0000 fpr_DP_OP_96J13_122_7816_0
i_horcrux_top/i_horcrux/fpr_inst/add_x_66     20.8656     0.0    20.8656     0.0000 0.0000 fpr_DW01_inc_J13_0
i_horcrux_top/i_horcrux/fpr_inst/sub_x_70    124.0596     0.1   124.0596     0.0000 0.0000 fpr_DW01_sub_0
i_horcrux_top/i_horcrux/horcrux_register_inst  14951.3358    14.8  7693.7362  7257.5996 0.0000 horcrux_register_00000032_00000020
i_horcrux_top/i_horcrux/keccak_i   23274.4421     23.1      0.0000      0.0000  0.0000  keccak_f
i_horcrux_top/i_horcrux/keccak_i/u_cu     50.5764     0.1    18.8244    31.7520 0.0000  keccak_cu
i_horcrux_top/i_horcrux/keccak_i/u_dp  23223.8657    23.0  6859.7927  7289.3516 0.0000  keccak_dp
i_horcrux_top/i_horcrux/keccak_i/u_dp/round_constants_gen     36.7416     0.0    36.7416     0.0000 0.0000 keccak_round_constants_gen
i_horcrux_top/i_horcrux/keccak_i/u_dp/round_map   9037.9798     9.0  9037.9798     0.0000 0.0000 keccak_round
i_horcrux_top/i_horcrux/multiplier_tree_inst  40685.4247    40.3  2923.6788   590.8140 0.0000 multiplier_tree
i_horcrux_top/i_horcrux/multiplier_tree_inst/DP_OP_87J7_127_9004    574.0308     0.6   574.0308     0.0000 0.0000 multiplier_tree_DP_OP_87J7_127_9004_4
i_horcrux_top/i_horcrux/multiplier_tree_inst/DP_OP_88J7_128_2685    314.3448     0.3   314.3448     0.0000 0.0000 multiplier_tree_DP_OP_88J7_128_2685_0
i_horcrux_top/i_horcrux/multiplier_tree_inst/DP_OP_96J7_122_9380    136.9872     0.1   136.9872     0.0000 0.0000 multiplier_tree_DP_OP_96J7_122_9380_J7_0
i_horcrux_top/i_horcrux/multiplier_tree_inst/DP_OP_97J7_123_4100    102.5136     0.1   102.5136     0.0000 0.0000 multiplier_tree_DP_OP_97J7_123_4100_J7_0
i_horcrux_top/i_horcrux/multiplier_tree_inst/DP_OP_98J7_124_4100    132.9048     0.1   132.9048     0.0000 0.0000 multiplier_tree_DP_OP_98J7_124_4100_J7_0
i_horcrux_top/i_horcrux/multiplier_tree_inst/DP_OP_99J7_129_1568    114.3072     0.1   114.3072     0.0000 0.0000 multiplier_tree_DP_OP_99J7_129_1568_J7_0
i_horcrux_top/i_horcrux/multiplier_tree_inst/kyber_barrett_inst   5344.0883     5.3   173.5020     0.0000 0.0000 barrett
i_horcrux_top/i_horcrux/multiplier_tree_inst/kyber_barrett_inst/DP_OP_193J9_122_1739    710.3376     0.7   710.3376     0.0000 0.0000 barrett_DP_OP_193J9_122_1739_J9_0
i_horcrux_top/i_horcrux/multiplier_tree_inst/kyber_barrett_inst/DP_OP_194J9_123_9305    369.6840     0.4   369.6840     0.0000 0.0000 barrett_DP_OP_194J9_123_9305_J9_0
i_horcrux_top/i_horcrux/multiplier_tree_inst/kyber_barrett_inst/DP_OP_196J9_124_1798   4090.5647     4.1  4090.5647     0.0000 0.0000 barrett_DP_OP_196J9_124_1798_J9_0
i_horcrux_top/i_horcrux/multiplier_tree_inst/sub_x_13     58.5144     0.1    58.5144     0.0000 0.0000 multiplier_tree_DW01_sub_J7_1
i_horcrux_top/i_horcrux/multiplier_tree_inst/sub_x_14    750.2544     0.7   750.2544     0.0000 0.0000 multiplier_tree_DW01_sub_7
i_horcrux_top/i_horcrux/multiplier_tree_inst/sub_x_3    688.3380     0.7   688.3380     0.0000 0.0000 multiplier_tree_DW01_sub_1
i_horcrux_top/i_horcrux/multiplier_tree_inst/u_shared_mul  28954.6485    28.7  1428.1596     0.0000 0.0000 shared_multiplication_logic
i_horcrux_top/i_horcrux/multiplier_tree_inst/u_shared_mul/DP_OP_44J11_124_8342     63.9576     0.1    63.9576     0.0000 0.0000 shared_multiplication_logic_DP_OP_44J11_124_8342_J11_0
i_horcrux_top/i_horcrux/multiplier_tree_inst/u_shared_mul/DP_OP_45J11_125_3794   8452.6091     8.4  8452.6091     0.0000 0.0000 shared_multiplication_logic_DP_OP_45J11_125_3794_3
i_horcrux_top/i_horcrux/multiplier_tree_inst/u_shared_mul/DP_OP_46J11_122_2489   5682.2471     5.6  5682.2471     0.0000 0.0000 shared_multiplication_logic_DP_OP_46J11_122_2489_1
i_horcrux_top/i_horcrux/multiplier_tree_inst/u_shared_mul/mult_x_3   2566.6956     2.5  2566.6956     0.0000 0.0000 shared_multiplication_logic_DW_mult_uns_4
i_horcrux_top/i_horcrux/multiplier_tree_inst/u_shared_mul/u_primary_mul  10760.9795    10.7  3004.6464     0.0000 0.0000 unified_mul_32x32
i_horcrux_top/i_horcrux/multiplier_tree_inst/u_shared_mul/u_primary_mul/mult_x_1   7756.3331     7.7  7756.3331     0.0000 0.0000 unified_mul_32x32_DW_mult_tc_5
i_horcrux_top/i_horcrux/sampler_inst    463.3524     0.5   370.8180     0.0000  0.0000  sampler
i_horcrux_top/i_horcrux/sampler_inst/DP_OP_45J12_125_127     46.7208     0.0    46.7208     0.0000 0.0000 sampler_DP_OP_45J12_125_127_J12_0
i_horcrux_top/i_horcrux/sampler_inst/mult_x_5     45.8136     0.0    45.8136     0.0000 0.0000 sampler_DW_mult_uns_J12_0
i_horcrux_top/i_horcrux/sphincs_ops_inst   6849.5866     6.8  4490.8667  2358.7199 0.0000 sphincs_ops_00000032_00000020
i_horcrux_top/id_stage_i             747.7596      0.7    218.4084    529.3512  0.0000  id_stage_I_xif_issue_if_if_xif_coproc_issue_X_NUM_RS_3
--------------------------------  -----------  -------  ----------  ----------  ------  ----------------------------------------------------------------------------------------------------------------------------------------------------------------------------------------------------------------------------
Total                                                   81030.4222  19899.2043  0.0000

1
