 
****************************************
Report : area
Design : horcrux_top_synth
Version: X-2025.06
Date   : Thu Oct  8 09:30:43 2026
****************************************

Information: Updating design information... (UID-85)
Library(s) Used:

    sc9_cln40g_base_rvt_ss_typical_max_0p81v_125c (File: /cad/designkit/CBDK_TSMC40_Arm_f2.0/CIC/SynopsysDC/db/sc9_base_rvt/sc9_cln40g_base_rvt_ss_typical_max_0p81v_125c.db)

Number of ports:                        29500
Number of nets:                         82137
Number of cells:                        59091
Number of combinational cells:          54673
Number of sequential cells:              4376
Number of macros/black boxes:               0
Number of buf/inv:                      10273
Number of references:                       8

Combinational area:              70039.013831
Buf/Inv area:                     6264.669537
Noncombinational area:           19875.843858
Macro/Black Box area:                0.000000
Net Interconnect area:               0.000000

Total cell area:                 89914.857689
Total area:                      89914.857689

Hierarchical area distribution
------------------------------

                                  Global cell area            Local cell area
                                  -------------------  ------------------------------ 
Hierarchical cell                 Absolute    Percent  Combi-      Noncombi-   Black-
                                  Total       Total    national    national    boxes   Design
--------------------------------  ----------  -------  ----------  ----------  ------  ----------------------------------------------------------------------------------------------------------------------------------------------------------------------------------------------------------------------------
horcrux_top_synth                 89914.8577    100.0    144.4716      0.0000  0.0000  horcrux_top_synth
i_horcrux_top                     89770.3861     99.8     18.3708     40.8240  0.0000  horcrux_top_I_xif_compressed_if_if_xif__X_NUM_RS_3I_xif_issue_if_if_xif__X_NUM_RS_3I_xif_commit_if_if_xif__X_NUM_RS_3I_xif_mem_if_if_xif__X_NUM_RS_3I_xif_mem_result_if_if_xif__X_NUM_RS_3I_xif_result_if_if_xif__X_NUM_RS_3
i_horcrux_top/commit_stage_i         57.3804      0.1     57.3804      0.0000  0.0000  commit_stage_I_xif_result_if_if_xif_coproc_result_X_NUM_RS_3
i_horcrux_top/i_horcrux           88933.4941     98.9   8711.8414      4.5360  0.0000  horcrux_NUM_VARIABLES50_VARIABLE_WIDTH32
i_horcrux_top/i_horcrux/chain_lengths_inst  2940.4619     3.3   818.2944  1211.1119 0.0000 chain_lengths_00000032_00000020
i_horcrux_top/i_horcrux/chain_lengths_inst/DP_OP_977J8_122_926   443.1672     0.5   443.1672     0.0000 0.0000 chain_lengths_00000032_00000020_DP_OP_977J8_122_926_J8_0
i_horcrux_top/i_horcrux/chain_lengths_inst/DP_OP_978J8_123_2435   467.8884     0.5   467.8884     0.0000 0.0000 chain_lengths_00000032_00000020_DP_OP_978J8_123_2435_J8_0
i_horcrux_top/i_horcrux/fpr_inst   1985.1803      2.2   1134.6804    585.1440  0.0000  fpr
i_horcrux_top/i_horcrux/fpr_inst/DP_OP_96J13_122_7816   159.6672     0.2   159.6672     0.0000 0.0000 fpr_DP_OP_96J13_122_7816_J13_0
i_horcrux_top/i_horcrux/fpr_inst/add_x_66    20.8656     0.0    20.8656     0.0000 0.0000 fpr_DW01_inc_J13_0
i_horcrux_top/i_horcrux/fpr_inst/sub_x_70    84.8232     0.1    84.8232     0.0000 0.0000 fpr_DW01_sub_J13_0
i_horcrux_top/i_horcrux/horcrux_register_inst 15235.5162    16.9  7977.9165  7257.5996 0.0000 horcrux_register_00000032_00000020
i_horcrux_top/i_horcrux/keccak_i  24250.3625     27.0      0.0000      0.0000  0.0000  keccak_f
i_horcrux_top/i_horcrux/keccak_i/u_cu    49.4424     0.1    17.6904    31.7520 0.0000  keccak_cu
i_horcrux_top/i_horcrux/keccak_i/u_dp 24200.9201    26.9  6913.5442  7289.3516 0.0000  keccak_dp
i_horcrux_top/i_horcrux/keccak_i/u_dp/round_constants_gen    36.7416     0.0    36.7416     0.0000 0.0000 keccak_round_constants_gen
i_horcrux_top/i_horcrux/keccak_i/u_dp/round_map  9961.2826    11.1  9961.2826     0.0000 0.0000 keccak_round
i_horcrux_top/i_horcrux/multiplier_tree_inst 28389.4628    31.6  2032.8084   580.6080 0.0000 multiplier_tree
i_horcrux_top/i_horcrux/multiplier_tree_inst/DP_OP_87J7_127_9004   125.4204     0.1   125.4204     0.0000 0.0000 multiplier_tree_DP_OP_87J7_127_9004_J7_0
i_horcrux_top/i_horcrux/multiplier_tree_inst/DP_OP_88J7_128_2685    89.1324     0.1    89.1324     0.0000 0.0000 multiplier_tree_DP_OP_88J7_128_2685_J7_0
i_horcrux_top/i_horcrux/multiplier_tree_inst/DP_OP_96J7_122_9380   332.2620     0.4   332.2620     0.0000 0.0000 multiplier_tree_DP_OP_96J7_122_9380_2
i_horcrux_top/i_horcrux/multiplier_tree_inst/DP_OP_97J7_123_4100   283.0464     0.3   283.0464     0.0000 0.0000 multiplier_tree_DP_OP_97J7_123_4100_2
i_horcrux_top/i_horcrux/multiplier_tree_inst/DP_OP_98J7_124_4100   132.2244     0.1   132.2244     0.0000 0.0000 multiplier_tree_DP_OP_98J7_124_4100_J7_0
i_horcrux_top/i_horcrux/multiplier_tree_inst/DP_OP_99J7_129_1568   301.8708     0.3   301.8708     0.0000 0.0000 multiplier_tree_DP_OP_99J7_129_1568_J7_0
i_horcrux_top/i_horcrux/multiplier_tree_inst/kyber_barrett_inst  6320.6891     7.0   227.0268     0.0000 0.0000 barrett
i_horcrux_top/i_horcrux/multiplier_tree_inst/kyber_barrett_inst/DP_OP_193J9_122_1739   719.8632     0.8   719.8632     0.0000 0.0000 barrett_DP_OP_193J9_122_1739_J9_0
i_horcrux_top/i_horcrux/multiplier_tree_inst/kyber_barrett_inst/DP_OP_194J9_123_9305   378.9828     0.4   378.9828     0.0000 0.0000 barrett_DP_OP_194J9_123_9305_J9_0
i_horcrux_top/i_horcrux/multiplier_tree_inst/kyber_barrett_inst/DP_OP_196J9_124_1798  4994.8163     5.6  4994.8163     0.0000 0.0000 barrett_DP_OP_196J9_124_1798_0
i_horcrux_top/i_horcrux/multiplier_tree_inst/sub_x_13    58.5144     0.1    58.5144     0.0000 0.0000 multiplier_tree_DW01_sub_J7_1
i_horcrux_top/i_horcrux/multiplier_tree_inst/sub_x_14   128.3688     0.1   128.3688     0.0000 0.0000 multiplier_tree_DW01_sub_J7_0
i_horcrux_top/i_horcrux/multiplier_tree_inst/sub_x_3   215.0064     0.2   215.0064     0.0000 0.0000 multiplier_tree_DW01_sub_J7_2
i_horcrux_top/i_horcrux/multiplier_tree_inst/u_shared_mul 17789.5114    19.8   897.9012     0.0000 0.0000 shared_multiplication_logic
i_horcrux_top/i_horcrux/multiplier_tree_inst/u_shared_mul/DP_OP_44J11_124_8342    36.7416     0.0    36.7416     0.0000 0.0000 shared_multiplication_logic_DP_OP_44J11_124_8342_J11_0
i_horcrux_top/i_horcrux/multiplier_tree_inst/u_shared_mul/DP_OP_45J11_125_3794  4076.5031     4.5  4076.5031     0.0000 0.0000 shared_multiplication_logic_DP_OP_45J11_125_3794_0
i_horcrux_top/i_horcrux/multiplier_tree_inst/u_shared_mul/DP_OP_46J11_122_2489  4071.5135     4.5  4071.5135     0.0000 0.0000 shared_multiplication_logic_DP_OP_46J11_122_2489_J11_0
i_horcrux_top/i_horcrux/multiplier_tree_inst/u_shared_mul/mult_x_3  1493.2512     1.7  1493.2512     0.0000 0.0000 shared_multiplication_logic_DW_mult_uns_0
i_horcrux_top/i_horcrux/multiplier_tree_inst/u_shared_mul/u_primary_mul  7213.6007     8.0  3091.9644     0.0000 0.0000 unified_mul_32x32
i_horcrux_top/i_horcrux/multiplier_tree_inst/u_shared_mul/u_primary_mul/mult_x_1  4121.6363     4.6  4121.6363     0.0000 0.0000 unified_mul_32x32_DW_mult_tc_0
i_horcrux_top/i_horcrux/sampler_inst   475.3728     0.5   382.6116     0.0000  0.0000  sampler
i_horcrux_top/i_horcrux/sampler_inst/DP_OP_45J12_125_127    46.7208     0.1    46.7208     0.0000 0.0000 sampler_DP_OP_45J12_125_127_J12_0
i_horcrux_top/i_horcrux/sampler_inst/mult_x_5    46.0404     0.1    46.0404     0.0000 0.0000 sampler_DW_mult_uns_J12_0
i_horcrux_top/i_horcrux/sphincs_ops_inst  6940.7602     7.7  4582.0403  2358.7199 0.0000 sphincs_ops_00000032_00000020
i_horcrux_top/id_stage_i            720.3168      0.8    204.1200    516.1968  0.0000  id_stage_I_xif_issue_if_if_xif_coproc_issue_X_NUM_RS_3
--------------------------------  ----------  -------  ----------  ----------  ------  ----------------------------------------------------------------------------------------------------------------------------------------------------------------------------------------------------------------------------
Total                                                  70039.0138  19875.8439  0.0000

1
