 
****************************************
Report : timing
        -path full
        -delay max
        -nworst 5
        -max_paths 20
Design : horcrux_top_synth
Version: X-2025.06
Date   : Thu Oct  8 09:30:46 2026
****************************************

Operating Conditions: ss_typical_max_0p81v_125c   Library: sc9_cln40g_base_rvt_ss_typical_max_0p81v_125c
Wire Load Model Mode: top

  Startpoint: i_horcrux_top/id_stage_i/rs_values_o_reg[rs1][0]
              (rising edge-triggered flip-flop clocked by clk)
  Endpoint: result_o[data][15]
            (output port clocked by clk)
  Path Group: clk
  Path Type: max

  Des/Clust/Port     Wire Load Model       Library
  ------------------------------------------------
  horcrux_top_synth  Medium                sc9_cln40g_base_rvt_ss_typical_max_0p81v_125c

  Point                                                                                                                                                                                                                                                                                                                                                                                                                                                                                                                                                 Incr       Path
  ---------------------------------------------------------------------------------------------------------------------------------------------------------------------------------------------------------------------------------------------------------------------------------------------------
  clock clk (rise edge)                                                                                                                                                                                                                                                          0.0000     0.0000
  clock network delay (ideal)                                                                                                                                                                                                                                                    1.2600     1.2600
  i_horcrux_top/id_stage_i/rs_values_o_reg[rs1][0]/CK (DFFSQN_X2M_A9TR)                                                                                                                                                                                                          0.0000     1.2600 r
  i_horcrux_top/id_stage_i/rs_values_o_reg[rs1][0]/QN (DFFSQN_X2M_A9TR)                                                                                                                                                                                                          0.1616     1.4216 r
  i_horcrux_top/id_stage_i/rs_values_o[rs1][0] (id_stage_I_xif_issue_if_if_xif_coproc_issue_X_NUM_RS_3)                                                                                                                                                                          0.0000     1.4216 r
  i_horcrux_top/i_horcrux/rs_values_i[rs1][0] (horcrux_NUM_VARIABLES50_VARIABLE_WIDTH32)                                                                                                                                                                                         0.0000     1.4216 r
  i_horcrux_top/i_horcrux/U371/Y (INV_X5M_A9TR)                                                                                                                                                                                                                                  0.0291     1.4507 f
  i_horcrux_top/i_horcrux/U372/Y (INV_X16M_A9TR)                                                                                                                                                                                                                                 0.0257     1.4764 r
  i_horcrux_top/i_horcrux/multiplier_tree_inst/multiplier_tree1_i[0] (multiplier_tree)                                                                                                                                                                                           0.0000     1.4764 r
  i_horcrux_top/i_horcrux/multiplier_tree_inst/U147/Y (INV_X6M_A9TR)                                                                                                                                                                                                             0.0226     1.4990 f
  i_horcrux_top/i_horcrux/multiplier_tree_inst/U805/Y (NOR2_X6A_A9TR)                                                                                                                                                                                                            0.0349     1.5339 r
  i_horcrux_top/i_horcrux/multiplier_tree_inst/U806/Y (NAND2_X3B_A9TR)                                                                                                                                                                                                           0.0393     1.5732 f
  i_horcrux_top/i_horcrux/multiplier_tree_inst/U71/Y (OAI2XB1_X6M_A9TR)                                                                                                                                                                                                          0.0320     1.6052 r
  i_horcrux_top/i_horcrux/multiplier_tree_inst/U1654/CO (ADDF_X1M_A9TR)                                                                                                                                                                                                          0.1012     1.7064 r
  i_horcrux_top/i_horcrux/multiplier_tree_inst/U1653/CO (ADDF_X1M_A9TR)                                                                                                                                                                                                          0.1125     1.8189 r
  i_horcrux_top/i_horcrux/multiplier_tree_inst/U1652/CO (ADDF_X1M_A9TR)                                                                                                                                                                                                          0.1125     1.9314 r
  i_horcrux_top/i_horcrux/multiplier_tree_inst/U1651/CO (ADDF_X1M_A9TR)                                                                                                                                                                                                          0.1125     2.0438 r
  i_horcrux_top/i_horcrux/multiplier_tree_inst/U1655/CO (ADDF_X1M_A9TR)                                                                                                                                                                                                          0.1060     2.1498 r
  i_horcrux_top/i_horcrux/multiplier_tree_inst/U1656/CO (ADDFH_X2M_A9TR)                                                                                                                                                                                                         0.1202     2.2700 r
  i_horcrux_top/i_horcrux/multiplier_tree_inst/U332/Y (OAI21_X6M_A9TR)                                                                                                                                                                                                           0.0387     2.3087 f
  i_horcrux_top/i_horcrux/multiplier_tree_inst/U64/Y (AO1B2_X3M_A9TR)                                                                                                                                                                                                            0.0303     2.3389 r
  i_horcrux_top/i_horcrux/multiplier_tree_inst/U1657/CO (ADDF_X1M_A9TR)                                                                                                                                                                                                          0.1001     2.4390 r
  i_horcrux_top/i_horcrux/multiplier_tree_inst/U1658/CO (ADDF_X1M_A9TR)                                                                                                                                                                                                          0.1125     2.5515 r
  i_horcrux_top/i_horcrux/multiplier_tree_inst/U1659/CO (ADDF_X1M_A9TR)                                                                                                                                                                                                          0.1139     2.6654 r
  i_horcrux_top/i_horcrux/multiplier_tree_inst/U1660/CO (ADDF_X1M_A9TR)                                                                                                                                                                                                          0.1126     2.7780 r
  i_horcrux_top/i_horcrux/multiplier_tree_inst/U1661/CO (ADDF_X1M_A9TR)                                                                                                                                                                                                          0.1137     2.8917 r
  i_horcrux_top/i_horcrux/multiplier_tree_inst/U1662/S (ADDF_X1M_A9TR)                                                                                                                                                                                                           0.1387     3.0304 f
  i_horcrux_top/i_horcrux/multiplier_tree_inst/U965/Y (AO1B2_X4M_A9TR)                                                                                                                                                                                                           0.1324     3.1628 f
  i_horcrux_top/i_horcrux/multiplier_tree_inst/kyber_barrett_inst/a[14] (barrett)                                                                                                                                                                                                0.0000     3.1628 f
  i_horcrux_top/i_horcrux/multiplier_tree_inst/kyber_barrett_inst/U119/Y (INV_X1M_A9TR)                                                                                                                                                                                          0.1392     3.3020 r
  i_horcrux_top/i_horcrux/multiplier_tree_inst/kyber_barrett_inst/U30/Y (INV_X2M_A9TR)                                                                                                                                                                                           0.0770     3.3790 f
  i_horcrux_top/i_horcrux/multiplier_tree_inst/kyber_barrett_inst/DP_OP_196J9_124_1798/I20[30] (barrett_DP_OP_196J9_124_1798_0)                                                                                                                                                  0.0000     3.3790 f
  i_horcrux_top/i_horcrux/multiplier_tree_inst/kyber_barrett_inst/DP_OP_196J9_124_1798/U5707/Y (OR2_X0P5M_A9TR)                                                                                                                                                                  0.1147     3.4937 f
  i_horcrux_top/i_horcrux/multiplier_tree_inst/kyber_barrett_inst/DP_OP_196J9_124_1798/U5801/Y (NAND2_X0P5A_A9TR)                                                                                                                                                                0.0988     3.5925 r
  i_horcrux_top/i_horcrux/multiplier_tree_inst/kyber_barrett_inst/DP_OP_196J9_124_1798/U5289/Y (XNOR2_X0P5M_A9TR)                                                                                                                                                                0.1756     3.7681 r
  i_horcrux_top/i_horcrux/multiplier_tree_inst/kyber_barrett_inst/DP_OP_196J9_124_1798/O5[22] (barrett_DP_OP_196J9_124_1798_0)                                                                                                                                                   0.0000     3.7681 r
  i_horcrux_top/i_horcrux/multiplier_tree_inst/kyber_barrett_inst/DP_OP_194J9_123_9305/I4[22] (barrett_DP_OP_194J9_123_9305_J9_0)                                                                                                                                                0.0000     3.7681 r
  i_horcrux_top/i_horcrux/multiplier_tree_inst/kyber_barrett_inst/DP_OP_194J9_123_9305/U182/S (ADDF_X1M_A9TR)                                                                                                                                                                    0.2023     3.9705 f
  i_horcrux_top/i_horcrux/multiplier_tree_inst/kyber_barrett_inst/DP_OP_194J9_123_9305/U183/S (ADDF_X1M_A9TR)                                                                                                                                                                    0.1396     4.1101 r
  i_horcrux_top/i_horcrux/multiplier_tree_inst/kyber_barrett_inst/DP_OP_194J9_123_9305/U212/CO (ADDF_X2M_A9TR)                                                                                                                                                                   0.1112     4.2213 r
  i_horcrux_top/i_horcrux/multiplier_tree_inst/kyber_barrett_inst/DP_OP_194J9_123_9305/U213/CO (ADDF_X2M_A9TR)                                                                                                                                                                   0.0967     4.3180 r
  i_horcrux_top/i_horcrux/multiplier_tree_inst/kyber_barrett_inst/DP_OP_194J9_123_9305/U210/CO (ADDF_X2M_A9TR)                                                                                                                                                                   0.0967     4.4147 r
  i_horcrux_top/i_horcrux/multiplier_tree_inst/kyber_barrett_inst/DP_OP_194J9_123_9305/U209/CO (ADDF_X2M_A9TR)                                                                                                                                                                   0.0967     4.5115 r
  i_horcrux_top/i_horcrux/multiplier_tree_inst/kyber_barrett_inst/DP_OP_194J9_123_9305/U208/CO (ADDF_X2M_A9TR)                                                                                                                                                                   0.0967     4.6081 r
  i_horcrux_top/i_horcrux/multiplier_tree_inst/kyber_barrett_inst/DP_OP_194J9_123_9305/U127/CO (ADDF_X1M_A9TR)                                                                                                                                                                   0.1052     4.7133 r
  i_horcrux_top/i_horcrux/multiplier_tree_inst/kyber_barrett_inst/DP_OP_194J9_123_9305/U205/CO (ADDF_X2M_A9TR)                                                                                                                                                                   0.1041     4.8174 r
  i_horcrux_top/i_horcrux/multiplier_tree_inst/kyber_barrett_inst/DP_OP_194J9_123_9305/U203/CO (ADDF_X2M_A9TR)                                                                                                                                                                   0.0967     4.9141 r
  i_horcrux_top/i_horcrux/multiplier_tree_inst/kyber_barrett_inst/DP_OP_194J9_123_9305/U204/CO (ADDF_X2M_A9TR)                                                                                                                                                                   0.0967     5.0109 r
  i_horcrux_top/i_horcrux/multiplier_tree_inst/kyber_barrett_inst/DP_OP_194J9_123_9305/U207/CO (ADDF_X2M_A9TR)                                                                                                                                                                   0.0967     5.1076 r
  i_horcrux_top/i_horcrux/multiplier_tree_inst/kyber_barrett_inst/DP_OP_194J9_123_9305/U206/S (ADDF_X2M_A9TR)                                                                                                                                                                    0.1597     5.2673 f
  i_horcrux_top/i_horcrux/multiplier_tree_inst/kyber_barrett_inst/DP_OP_194J9_123_9305/O1[32] (barrett_DP_OP_194J9_123_9305_J9_0)                                                                                                                                                0.0000     5.2673 f
  i_horcrux_top/i_horcrux/multiplier_tree_inst/kyber_barrett_inst/DP_OP_196J9_124_1798/I17[32] (barrett_DP_OP_196J9_124_1798_0)                                                                                                                                                  0.0000     5.2673 f
  i_horcrux_top/i_horcrux/multiplier_tree_inst/kyber_barrett_inst/DP_OP_196J9_124_1798/U5439/Y (INV_X0P7B_A9TR)                                                                                                                                                                  0.1028     5.3701 r
  i_horcrux_top/i_horcrux/multiplier_tree_inst/kyber_barrett_inst/DP_OP_196J9_124_1798/U6759/Y (OR2_X0P7M_A9TR)                                                                                                                                                                  0.1645     5.5347 r
  i_horcrux_top/i_horcrux/multiplier_tree_inst/kyber_barrett_inst/DP_OP_196J9_124_1798/U6985/Y (XNOR2_X0P7M_A9TR)                                                                                                                                                                0.1697     5.7044 r
  i_horcrux_top/i_horcrux/multiplier_tree_inst/kyber_barrett_inst/DP_OP_196J9_124_1798/U5176/CO (ADDF_X1M_A9TR)                                                                                                                                                                  0.1698     5.8742 r
  i_horcrux_top/i_horcrux/multiplier_tree_inst/kyber_barrett_inst/DP_OP_196J9_124_1798/U5169/CO (ADDF_X1M_A9TR)                                                                                                                                                                  0.1207     5.9949 r
  i_horcrux_top/i_horcrux/multiplier_tree_inst/kyber_barrett_inst/DP_OP_196J9_124_1798/U6996/S (ADDF_X2M_A9TR)                                                                                                                                                                   0.1512     6.1461 f
  i_horcrux_top/i_horcrux/multiplier_tree_inst/kyber_barrett_inst/DP_OP_196J9_124_1798/U5159/S (ADDF_X1M_A9TR)                                                                                                                                                                   0.1316     6.2777 f
  i_horcrux_top/i_horcrux/multiplier_tree_inst/kyber_barrett_inst/DP_OP_196J9_124_1798/U5144/CO (ADDF_X1M_A9TR)                                                                                                                                                                  0.1257     6.4035 f
  i_horcrux_top/i_horcrux/multiplier_tree_inst/kyber_barrett_inst/DP_OP_196J9_124_1798/U5137/CO (ADDF_X1M_A9TR)                                                                                                                                                                  0.1233     6.5268 f
  i_horcrux_top/i_horcrux/multiplier_tree_inst/kyber_barrett_inst/DP_OP_196J9_124_1798/U5130/CO (ADDF_X1M_A9TR)                                                                                                                                                                  0.1233     6.6500 f
  i_horcrux_top/i_horcrux/multiplier_tree_inst/kyber_barrett_inst/DP_OP_196J9_124_1798/U5120/CO (ADDF_X1M_A9TR)                                                                                                                                                                  0.1246     6.7746 f
  i_horcrux_top/i_horcrux/multiplier_tree_inst/kyber_barrett_inst/DP_OP_196J9_124_1798/U5114/CO (ADDF_X1M_A9TR)                                                                                                                                                                  0.1248     6.8994 f
  i_horcrux_top/i_horcrux/multiplier_tree_inst/kyber_barrett_inst/DP_OP_196J9_124_1798/U5103/CO (ADDF_X1M_A9TR)                                                                                                                                                                  0.1245     7.0239 f
  i_horcrux_top/i_horcrux/multiplier_tree_inst/kyber_barrett_inst/DP_OP_196J9_124_1798/U5090/CO (ADDF_X1M_A9TR)                                                                                                                                                                  0.1250     7.1489 f
  i_horcrux_top/i_horcrux/multiplier_tree_inst/kyber_barrett_inst/DP_OP_196J9_124_1798/U7025/CO (ADDF_X1M_A9TR)                                                                                                                                                                  0.1234     7.2723 f
  i_horcrux_top/i_horcrux/multiplier_tree_inst/kyber_barrett_inst/DP_OP_196J9_124_1798/U7043/CO (ADDF_X2M_A9TR)                                                                                                                                                                  0.1133     7.3855 f
  i_horcrux_top/i_horcrux/multiplier_tree_inst/kyber_barrett_inst/DP_OP_196J9_124_1798/U7051/Y (INV_X0P5B_A9TR)                                                                                                                                                                  0.0768     7.4623 r
  i_horcrux_top/i_horcrux/multiplier_tree_inst/kyber_barrett_inst/DP_OP_196J9_124_1798/U5753/Y (OA21_X0P7M_A9TR)                                                                                                                                                                 0.1388     7.6011 r
  i_horcrux_top/i_horcrux/multiplier_tree_inst/kyber_barrett_inst/DP_OP_196J9_124_1798/U5749/Y (OA21_X0P7M_A9TR)                                                                                                                                                                 0.1445     7.7456 r
  i_horcrux_top/i_horcrux/multiplier_tree_inst/kyber_barrett_inst/DP_OP_196J9_124_1798/U5692/Y (OA21_X0P5M_A9TR)                                                                                                                                                                 0.1688     7.9144 r
  i_horcrux_top/i_horcrux/multiplier_tree_inst/kyber_barrett_inst/DP_OP_196J9_124_1798/U7068/Y (OAI21_X1M_A9TR)                                                                                                                                                                  0.1420     8.0564 f
  i_horcrux_top/i_horcrux/multiplier_tree_inst/kyber_barrett_inst/DP_OP_196J9_124_1798/U7078/Y (AOI21_X1P4M_A9TR)                                                                                                                                                                0.1213     8.1776 r
  i_horcrux_top/i_horcrux/multiplier_tree_inst/kyber_barrett_inst/DP_OP_196J9_124_1798/U5349/Y (OA21_X1M_A9TR)                                                                                                                                                                   0.1469     8.3246 r
  i_horcrux_top/i_horcrux/multiplier_tree_inst/kyber_barrett_inst/DP_OP_196J9_124_1798/U7092/Y (OAI21_X6M_A9TR)                                                                                                                                                                  0.0660     8.3906 f
  i_horcrux_top/i_horcrux/multiplier_tree_inst/kyber_barrett_inst/DP_OP_196J9_124_1798/U7094/Y (AOI21_X2M_A9TR)                                                                                                                                                                  0.0857     8.4763 r
  i_horcrux_top/i_horcrux/multiplier_tree_inst/kyber_barrett_inst/DP_OP_196J9_124_1798/U5019/Y (INV_X2M_A9TR)                                                                                                                                                                    0.0721     8.5484 f
  i_horcrux_top/i_horcrux/multiplier_tree_inst/kyber_barrett_inst/DP_OP_196J9_124_1798/U7102/Y (AOI21_X2M_A9TR)                                                                                                                                                                  0.0678     8.6161 r
  i_horcrux_top/i_horcrux/multiplier_tree_inst/kyber_barrett_inst/DP_OP_196J9_124_1798/U5013/Y (XOR2_X0P7M_A9TR)                                                                                                                                                                 0.0756     8.6917 f
  i_horcrux_top/i_horcrux/multiplier_tree_inst/kyber_barrett_inst/DP_OP_196J9_124_1798/O7[21] (barrett_DP_OP_196J9_124_1798_0)                                                                                                                                                   0.0000     8.6917 f
  i_horcrux_top/i_horcrux/multiplier_tree_inst/kyber_barrett_inst/U242/Y (OR3_X0P5M_A9TR)                                                                                                                                                                                        0.1206     8.8123 f
  i_horcrux_top/i_horcrux/multiplier_tree_inst/kyber_barrett_inst/U243/Y (NOR3_X1A_A9TR)                                                                                                                                                                                         0.1326     8.9449 r
  i_horcrux_top/i_horcrux/multiplier_tree_inst/kyber_barrett_inst/U244/Y (NAND3BB_X0P7M_A9TR)                                                                                                                                                                                    0.0943     9.0392 f
  i_horcrux_top/i_horcrux/multiplier_tree_inst/kyber_barrett_inst/U245/Y (NOR3_X0P5A_A9TR)                                                                                                                                                                                       0.1974     9.2366 r
  i_horcrux_top/i_horcrux/multiplier_tree_inst/kyber_barrett_inst/U246/Y (NAND3BB_X0P5M_A9TR)                                                                                                                                                                                    0.1260     9.3626 f
  i_horcrux_top/i_horcrux/multiplier_tree_inst/kyber_barrett_inst/U165/Y (NOR2_X0P5A_A9TR)                                                                                                                                                                                       0.1578     9.5204 r
  i_horcrux_top/i_horcrux/multiplier_tree_inst/kyber_barrett_inst/U166/Y (NOR2_X0P5A_A9TR)                                                                                                                                                                                       0.1091     9.6295 f
  i_horcrux_top/i_horcrux/multiplier_tree_inst/kyber_barrett_inst/U164/Y (INV_X1P2M_A9TR)                                                                                                                                                                                        0.1113     9.7408 r
  i_horcrux_top/i_horcrux/multiplier_tree_inst/kyber_barrett_inst/U265/Y (NAND2XB_X2M_A9TR)                                                                                                                                                                                      0.0521     9.7928 f
  i_horcrux_top/i_horcrux/multiplier_tree_inst/kyber_barrett_inst/DP_OP_196J9_124_1798/I39[11] (barrett_DP_OP_196J9_124_1798_0)                                                                                                                                                  0.0000     9.7928 f
  i_horcrux_top/i_horcrux/multiplier_tree_inst/kyber_barrett_inst/DP_OP_196J9_124_1798/U5393/Y (INV_X1M_A9TR)                                                                                                                                                                    0.0785     9.8714 r
  i_horcrux_top/i_horcrux/multiplier_tree_inst/kyber_barrett_inst/DP_OP_196J9_124_1798/U4996/Y (NOR2_X2M_A9TR)                                                                                                                                                                   0.0741     9.9455 f
  i_horcrux_top/i_horcrux/multiplier_tree_inst/kyber_barrett_inst/DP_OP_196J9_124_1798/U7490/Y (INV_X1B_A9TR)                                                                                                                                                                    0.0829    10.0284 r
  i_horcrux_top/i_horcrux/multiplier_tree_inst/kyber_barrett_inst/DP_OP_196J9_124_1798/U4986/Y (NAND2_X2B_A9TR)                                                                                                                                                                  0.0619    10.0902 f
  i_horcrux_top/i_horcrux/multiplier_tree_inst/kyber_barrett_inst/DP_OP_196J9_124_1798/U7522/Y (NOR2_X2B_A9TR)                                                                                                                                                                   0.0803    10.1705 r
  i_horcrux_top/i_horcrux/multiplier_tree_inst/kyber_barrett_inst/DP_OP_196J9_124_1798/U5443/Y (NAND2_X1A_A9TR)                                                                                                                                                                  0.1199    10.2903 f
  i_horcrux_top/i_horcrux/multiplier_tree_inst/kyber_barrett_inst/DP_OP_196J9_124_1798/U5441/Y (NOR2_X1P4M_A9TR)                                                                                                                                                                 0.2213    10.5116 r
  i_horcrux_top/i_horcrux/multiplier_tree_inst/kyber_barrett_inst/DP_OP_196J9_124_1798/U7534/Y (NAND2_X0P5A_A9TR)                                                                                                                                                                0.1302    10.6418 f
  i_horcrux_top/i_horcrux/multiplier_tree_inst/kyber_barrett_inst/DP_OP_196J9_124_1798/U5577/Y (OAI21_X1M_A9TR)                                                                                                                                                                  0.1309    10.7728 r
  i_horcrux_top/i_horcrux/multiplier_tree_inst/kyber_barrett_inst/DP_OP_196J9_124_1798/U4957/Y (XNOR2_X0P5M_A9TR)                                                                                                                                                                0.1504    10.9231 r
  i_horcrux_top/i_horcrux/multiplier_tree_inst/kyber_barrett_inst/DP_OP_196J9_124_1798/O9[15] (barrett_DP_OP_196J9_124_1798_0)                                                                                                                                                   0.0000    10.9231 r
  i_horcrux_top/i_horcrux/multiplier_tree_inst/kyber_barrett_inst/U12/Y (NOR2B_X1M_A9TR)                                                                                                                                                                                         0.1421    11.0652 r
  i_horcrux_top/i_horcrux/multiplier_tree_inst/kyber_barrett_inst/result[15] (barrett)                                                                                                                                                                                           0.0000    11.0652 r
  i_horcrux_top/i_horcrux/multiplier_tree_inst/U1022/Y (AO1B2_X2M_A9TR)                                                                                                                                                                                                          0.0846    11.1497 r
  i_horcrux_top/i_horcrux/multiplier_tree_inst/result_o[15] (multiplier_tree)                                                                                                                                                                                                    0.0000    11.1497 r
  i_horcrux_top/i_horcrux/U3331/Y (NAND2_X2B_A9TR)                                                                                                                                                                                                                               0.0393    11.1891 f
  i_horcrux_top/i_horcrux/U3372/Y (NAND3_X2A_A9TR)                                                                                                                                                                                                                               0.0501    11.2392 r
  i_horcrux_top/i_horcrux/rd_values_o[rd1][15] (horcrux_NUM_VARIABLES50_VARIABLE_WIDTH32)                                                                                                                                                                                        0.0000    11.2392 r
  i_horcrux_top/commit_stage_i/result_i[rd1][15] (commit_stage_I_xif_result_if_if_xif_coproc_result_X_NUM_RS_3)                                                                                                                                                                  0.0000    11.2392 r
  i_horcrux_top/commit_stage_i/U32/Y (BUF_X6B_A9TR)                                                                                                                                                                                                                              0.0969    11.3361 r
  i_horcrux_top/commit_stage_i/xif_result_if.result[data][15] (commit_stage_I_xif_result_if_if_xif_coproc_result_X_NUM_RS_3)                                                                                                                                                     0.0000    11.3361 r
  i_horcrux_top/xif_result_if.result[data][15] (horcrux_top_I_xif_compressed_if_if_xif__X_NUM_RS_3I_xif_issue_if_if_xif__X_NUM_RS_3I_xif_commit_if_if_xif__X_NUM_RS_3I_xif_mem_if_if_xif__X_NUM_RS_3I_xif_mem_result_if_if_xif__X_NUM_RS_3I_xif_result_if_if_xif__X_NUM_RS_3)    0.0000    11.3361 r
  result_o[data][15] (out)                                                                                                                                                                                                                                                       0.0038    11.3400 r
  data arrival time                                                                                                                                                                                                                                                                        11.3400

  clock clk (rise edge)                                                                                                                                                                                                                                                         12.6000    12.6000
  clock network delay (ideal)                                                                                                                                                                                                                                                    1.2600    13.8600
  clock uncertainty                                                                                                                                                                                                                                                             -0.6300    13.2300
  output external delay                                                                                                                                                                                                                                                         -1.8900    11.3400
  data required time                                                                                                                                                                                                                                                                       11.3400
  ---------------------------------------------------------------------------------------------------------------------------------------------------------------------------------------------------------------------------------------------------------------------------------------------------
  data required time                                                                                                                                                                                                                                                                       11.3400
  data arrival time                                                                                                                                                                                                                                                                       -11.3400
  ---------------------------------------------------------------------------------------------------------------------------------------------------------------------------------------------------------------------------------------------------------------------------------------------------
  slack (MET)                                                                                                                                                                                                                                                                               0.0000


