 
****************************************
Report : qor
Design : horcrux_top_synth
Version: X-2025.06
Date   : Thu Oct  8 10:27:13 2026
****************************************


  Timing Path Group 'clk'
  -----------------------------------
  Levels of Logic:              66.00
  Critical Path Length:          2.64
  Critical Path Slack:           0.00
  Critical Path Clk Period:      3.30
  Total Negative Slack:          0.00
  No. of Violating Paths:        0.00
  Worst Hold Violation:          0.00
  Total Hold Violation:          0.00
  No. of Hold Violations:        0.00
  -----------------------------------


  Cell Count
  -----------------------------------
  Hierarchical Cell Count:         43
  Hierarchical Port Count:      29183
  Leaf Cell Count:              62876
  Buf/Inv Cell Count:           10504
  Buf Cell Count:                2737
  Inv Cell Count:                7767
  CT Buf/Inv Cell Count:            0
  Combinational Cell Count:     58500
  Sequential Cell Count:         4376
  Macro Count:                      0
  -----------------------------------


  Area
  -----------------------------------
  Combinational Area:    82218.627473
  Noncombinational Area: 19886.276659
  Buf/Inv Area:           7214.281143
  Total Buffer Area:          2777.85
  Total Inverter Area:        4436.43
  Macro/Black Box Area:      0.000000
  Net Area:                  0.000000
  -----------------------------------
  Cell Area:            102104.904132
  Design Area:          102104.904132


  Design Rules
  -----------------------------------
  Total Number of Nets:         71070
  Nets With Violations:             3
  Max Trans Violations:             3
  Max Cap Violations:               0
  -----------------------------------


  Hostname: localhost.localdomain

  Compile CPU Statistics
  -----------------------------------------
  Resource Sharing:                    3.61
  Logic Optimization:                  2.52
  Mapping Optimization:              113.10
  -----------------------------------------
  Overall Compile Time:              257.22
  Overall Compile Wall Clock Time:   258.33

  --------------------------------------------------------------------

  Design  WNS: 0.00  TNS: 0.00  Number of Violating Paths: 0


  Design (Hold)  WNS: 0.00  TNS: 0.00  Number of Violating Paths: 0

  --------------------------------------------------------------------


1
