 
****************************************
Report : timing
        -path full
        -delay max
        -nworst 5
        -max_paths 20
Design : horcrux_top_synth
Version: X-2025.06
Date   : Thu Oct  8 10:27:13 2026
****************************************

Operating Conditions: tt_typical_max_0p90v_25c   Library: sc9_cln40g_base_rvt_tt_typical_max_0p90v_25c
Wire Load Model Mode: top

  Startpoint: i_horcrux_top/id_stage_i/rs_values_o_reg[rs2][15]
              (rising edge-triggered flip-flop clocked by clk)
  Endpoint: result_o[data][3]
            (output port clocked by clk)
  Path Group: clk
  Path Type: max

  Des/Clust/Port     Wire Load Model       Library
  ------------------------------------------------
  horcrux_top_synth  Medium                sc9_cln40g_base_rvt_tt_typical_max_0p90v_25c

  Point                                                                                                                                                                                                                                                                                                                                                                                                                                                                                                                                               Incr       Path
  --------------------------------------------------------------------------------------------------------------------------------------------------------------------------------------------------------------------------------------------------------------------------------------------------
  clock clk (rise edge)                                                                                                                                                                                                                                                         0.0000     0.0000
  clock network delay (ideal)                                                                                                                                                                                                                                                   0.3300     0.3300
  i_horcrux_top/id_stage_i/rs_values_o_reg[rs2][15]/CK (DFFSQN_X3M_A9TR)                                                                                                                                                                                                        0.0000     0.3300 r
  i_horcrux_top/id_stage_i/rs_values_o_reg[rs2][15]/QN (DFFSQN_X3M_A9TR)                                                                                                                                                                                                        0.0904     0.4204 f
  i_horcrux_top/id_stage_i/rs_values_o[rs2][15] (id_stage_I_xif_issue_if_if_xif_coproc_issue_X_NUM_RS_3)                                                                                                                                                                        0.0000     0.4204 f
  i_horcrux_top/i_horcrux/rs_values_i[rs2][15] (horcrux_NUM_VARIABLES50_VARIABLE_WIDTH32)                                                                                                                                                                                       0.0000     0.4204 f
  i_horcrux_top/i_horcrux/multiplier_tree_inst/multiplier_tree2_i[15] (multiplier_tree)                                                                                                                                                                                         0.0000     0.4204 f
  i_horcrux_top/i_horcrux/multiplier_tree_inst/U1185/Y (BUF_X11M_A9TR)                                                                                                                                                                                                          0.0361     0.4565 f
  i_horcrux_top/i_horcrux/multiplier_tree_inst/sub_x_3/B[15] (multiplier_tree_DW01_sub_0)                                                                                                                                                                                       0.0000     0.4565 f
  i_horcrux_top/i_horcrux/multiplier_tree_inst/sub_x_3/U545/Y (INV_X2M_A9TR)                                                                                                                                                                                                    0.0263     0.4828 r
  i_horcrux_top/i_horcrux/multiplier_tree_inst/sub_x_3/U544/Y (NOR2_X6M_A9TR)                                                                                                                                                                                                   0.0266     0.5094 f
  i_horcrux_top/i_horcrux/multiplier_tree_inst/sub_x_3/U429/Y (NOR2_X4A_A9TR)                                                                                                                                                                                                   0.0285     0.5379 r
  i_horcrux_top/i_horcrux/multiplier_tree_inst/sub_x_3/U517/Y (NAND2_X3A_A9TR)                                                                                                                                                                                                  0.0271     0.5649 f
  i_horcrux_top/i_horcrux/multiplier_tree_inst/sub_x_3/U514/Y (OA21B_X6M_A9TR)                                                                                                                                                                                                  0.0382     0.6032 f
  i_horcrux_top/i_horcrux/multiplier_tree_inst/sub_x_3/U538/Y (NAND2_X8A_A9TR)                                                                                                                                                                                                  0.0209     0.6241 r
  i_horcrux_top/i_horcrux/multiplier_tree_inst/sub_x_3/U445/Y (BUFH_X5M_A9TR)                                                                                                                                                                                                   0.0258     0.6498 r
  i_horcrux_top/i_horcrux/multiplier_tree_inst/sub_x_3/U462/Y (XNOR2_X1P4M_A9TR)                                                                                                                                                                                                0.0289     0.6788 r
  i_horcrux_top/i_horcrux/multiplier_tree_inst/sub_x_3/DIFF[16] (multiplier_tree_DW01_sub_0)                                                                                                                                                                                    0.0000     0.6788 r
  i_horcrux_top/i_horcrux/multiplier_tree_inst/U29/Y (AO1B2_X3M_A9TR)                                                                                                                                                                                                           0.0411     0.7199 r
  i_horcrux_top/i_horcrux/multiplier_tree_inst/u_shared_mul/op_b_i[16] (shared_multiplication_logic)                                                                                                                                                                            0.0000     0.7199 r
  i_horcrux_top/i_horcrux/multiplier_tree_inst/u_shared_mul/u_primary_mul/b_i[16] (unified_mul_32x32)                                                                                                                                                                           0.0000     0.7199 r
  i_horcrux_top/i_horcrux/multiplier_tree_inst/u_shared_mul/u_primary_mul/U543/Y (BUF_X11M_A9TR)                                                                                                                                                                                0.0326     0.7524 r
  i_horcrux_top/i_horcrux/multiplier_tree_inst/u_shared_mul/u_primary_mul/mult_x_1/b[16] (unified_mul_32x32_DW_mult_tc_3)                                                                                                                                                       0.0000     0.7524 r
  i_horcrux_top/i_horcrux/multiplier_tree_inst/u_shared_mul/u_primary_mul/mult_x_1/U2936/Y (BUFH_X7P5M_A9TR)                                                                                                                                                                    0.0291     0.7815 r
  i_horcrux_top/i_horcrux/multiplier_tree_inst/u_shared_mul/u_primary_mul/mult_x_1/U3311/Y (XNOR2_X0P7M_A9TR)                                                                                                                                                                   0.0535     0.8350 f
  i_horcrux_top/i_horcrux/multiplier_tree_inst/u_shared_mul/u_primary_mul/mult_x_1/U3548/Y (OAI22_X0P5M_A9TR)                                                                                                                                                                   0.1090     0.9439 r
  i_horcrux_top/i_horcrux/multiplier_tree_inst/u_shared_mul/u_primary_mul/mult_x_1/U2626/CO (ADDF_X1M_A9TR)                                                                                                                                                                     0.0854     1.0293 r
  i_horcrux_top/i_horcrux/multiplier_tree_inst/u_shared_mul/u_primary_mul/mult_x_1/U4973/CO (ADDF_X2M_A9TR)                                                                                                                                                                     0.0580     1.0873 r
  i_horcrux_top/i_horcrux/multiplier_tree_inst/u_shared_mul/u_primary_mul/mult_x_1/U3902/S (ADDF_X2M_A9TR)                                                                                                                                                                      0.0794     1.1667 f
  i_horcrux_top/i_horcrux/multiplier_tree_inst/u_shared_mul/u_primary_mul/mult_x_1/U2569/S (ADDF_X2M_A9TR)                                                                                                                                                                      0.0781     1.2448 r
  i_horcrux_top/i_horcrux/multiplier_tree_inst/u_shared_mul/u_primary_mul/mult_x_1/U4989/S (ADDF_X2M_A9TR)                                                                                                                                                                      0.0826     1.3273 f
  i_horcrux_top/i_horcrux/multiplier_tree_inst/u_shared_mul/u_primary_mul/mult_x_1/U4991/Y (NAND2_X2B_A9TR)                                                                                                                                                                     0.0304     1.3578 r
  i_horcrux_top/i_horcrux/multiplier_tree_inst/u_shared_mul/u_primary_mul/mult_x_1/U5064/Y (INV_X1P4M_A9TR)                                                                                                                                                                     0.0211     1.3789 f
  i_horcrux_top/i_horcrux/multiplier_tree_inst/u_shared_mul/u_primary_mul/mult_x_1/U3222/Y (AO1B2_X4M_A9TR)                                                                                                                                                                     0.0339     1.4127 f
  i_horcrux_top/i_horcrux/multiplier_tree_inst/u_shared_mul/u_primary_mul/mult_x_1/U2573/Y (INV_X5M_A9TR)                                                                                                                                                                       0.0151     1.4278 r
  i_horcrux_top/i_horcrux/multiplier_tree_inst/u_shared_mul/u_primary_mul/mult_x_1/U3120/Y (OAI21_X6M_A9TR)                                                                                                                                                                     0.0222     1.4500 f
  i_horcrux_top/i_horcrux/multiplier_tree_inst/u_shared_mul/u_primary_mul/mult_x_1/U4045/Y (AOI21_X1P4M_A9TR)                                                                                                                                                                   0.0410     1.4910 r
  i_horcrux_top/i_horcrux/multiplier_tree_inst/u_shared_mul/u_primary_mul/mult_x_1/U2490/Y (OAI2XB1_X6M_A9TR)                                                                                                                                                                   0.0252     1.5162 f
  i_horcrux_top/i_horcrux/multiplier_tree_inst/u_shared_mul/u_primary_mul/mult_x_1/U5170/Y (XNOR2_X3M_A9TR)                                                                                                                                                                     0.0262     1.5425 f
  i_horcrux_top/i_horcrux/multiplier_tree_inst/u_shared_mul/u_primary_mul/mult_x_1/product[47] (unified_mul_32x32_DW_mult_tc_3)                                                                                                                                                 0.0000     1.5425 f
  i_horcrux_top/i_horcrux/multiplier_tree_inst/u_shared_mul/u_primary_mul/U216/Y (OAI22BB_X8M_A9TR)                                                                                                                                                                             0.0472     1.5896 f
  i_horcrux_top/i_horcrux/multiplier_tree_inst/u_shared_mul/u_primary_mul/prod_o[47] (unified_mul_32x32)                                                                                                                                                                        0.0000     1.5896 f
  i_horcrux_top/i_horcrux/multiplier_tree_inst/u_shared_mul/DP_OP_45J11_125_3794/I3[47] (shared_multiplication_logic_DP_OP_45J11_125_3794_3)                                                                                                                                    0.0000     1.5896 f
  i_horcrux_top/i_horcrux/multiplier_tree_inst/u_shared_mul/DP_OP_45J11_125_3794/U3390/Y (INV_X3P5B_A9TR)                                                                                                                                                                       0.0196     1.6092 r
  i_horcrux_top/i_horcrux/multiplier_tree_inst/u_shared_mul/DP_OP_45J11_125_3794/U5867/Y (AO1B2_X4M_A9TR)                                                                                                                                                                       0.0317     1.6409 r
  i_horcrux_top/i_horcrux/multiplier_tree_inst/u_shared_mul/DP_OP_45J11_125_3794/U3755/Y (NAND2_X2B_A9TR)                                                                                                                                                                       0.0203     1.6612 f
  i_horcrux_top/i_horcrux/multiplier_tree_inst/u_shared_mul/DP_OP_45J11_125_3794/U6476/CO (ADDF_X2M_A9TR)                                                                                                                                                                       0.0550     1.7162 f
  i_horcrux_top/i_horcrux/multiplier_tree_inst/u_shared_mul/DP_OP_45J11_125_3794/U4250/S (ADDF_X2M_A9TR)                                                                                                                                                                        0.0859     1.8021 r
  i_horcrux_top/i_horcrux/multiplier_tree_inst/u_shared_mul/DP_OP_45J11_125_3794/U3641/Y (XOR2_X2M_A9TR)                                                                                                                                                                        0.0363     1.8384 r
  i_horcrux_top/i_horcrux/multiplier_tree_inst/u_shared_mul/DP_OP_45J11_125_3794/U4103/Y (XOR2_X3M_A9TR)                                                                                                                                                                        0.0355     1.8739 r
  i_horcrux_top/i_horcrux/multiplier_tree_inst/u_shared_mul/DP_OP_45J11_125_3794/U5389/CO (ADDF_X2M_A9TR)                                                                                                                                                                       0.0665     1.9405 r
  i_horcrux_top/i_horcrux/multiplier_tree_inst/u_shared_mul/DP_OP_45J11_125_3794/U4879/Y (OAI21_X6M_A9TR)                                                                                                                                                                       0.0211     1.9616 f
  i_horcrux_top/i_horcrux/multiplier_tree_inst/u_shared_mul/DP_OP_45J11_125_3794/U5831/Y (NAND2_X2B_A9TR)                                                                                                                                                                       0.0208     1.9824 r
  i_horcrux_top/i_horcrux/multiplier_tree_inst/u_shared_mul/DP_OP_45J11_125_3794/U6499/CO (ADDF_X2M_A9TR)                                                                                                                                                                       0.0524     2.0348 r
  i_horcrux_top/i_horcrux/multiplier_tree_inst/u_shared_mul/DP_OP_45J11_125_3794/U6506/CO (ADDF_X2M_A9TR)                                                                                                                                                                       0.0679     2.1028 r
  i_horcrux_top/i_horcrux/multiplier_tree_inst/u_shared_mul/DP_OP_45J11_125_3794/U3499/Y (OR2_X6M_A9TR)                                                                                                                                                                         0.0348     2.1375 r
  i_horcrux_top/i_horcrux/multiplier_tree_inst/u_shared_mul/DP_OP_45J11_125_3794/U5868/Y (AOI31_X6M_A9TR)                                                                                                                                                                       0.0263     2.1638 f
  i_horcrux_top/i_horcrux/multiplier_tree_inst/u_shared_mul/DP_OP_45J11_125_3794/U5603/Y (OAI21_X4M_A9TR)                                                                                                                                                                       0.0255     2.1894 r
  i_horcrux_top/i_horcrux/multiplier_tree_inst/u_shared_mul/DP_OP_45J11_125_3794/U5580/Y (AOI21_X6M_A9TR)                                                                                                                                                                       0.0240     2.2133 f
  i_horcrux_top/i_horcrux/multiplier_tree_inst/u_shared_mul/DP_OP_45J11_125_3794/U5250/Y (NOR3BB_X8M_A9TR)                                                                                                                                                                      0.0306     2.2439 f
  i_horcrux_top/i_horcrux/multiplier_tree_inst/u_shared_mul/DP_OP_45J11_125_3794/U5065/Y (OAI21_X8M_A9TR)                                                                                                                                                                       0.0156     2.2595 r
  i_horcrux_top/i_horcrux/multiplier_tree_inst/u_shared_mul/DP_OP_45J11_125_3794/U5247/Y (XOR2_X4M_A9TR)                                                                                                                                                                        0.0283     2.2879 r
  i_horcrux_top/i_horcrux/multiplier_tree_inst/u_shared_mul/DP_OP_45J11_125_3794/U5286/Y (INV_X13M_A9TR)                                                                                                                                                                        0.0221     2.3100 f
  i_horcrux_top/i_horcrux/multiplier_tree_inst/u_shared_mul/DP_OP_45J11_125_3794/O1[31] (shared_multiplication_logic_DP_OP_45J11_125_3794_3)                                                                                                                                    0.0000     2.3100 f
  i_horcrux_top/i_horcrux/multiplier_tree_inst/u_shared_mul/U267/Y (AND2_X8M_A9TR)                                                                                                                                                                                              0.0288     2.3388 f
  i_horcrux_top/i_horcrux/multiplier_tree_inst/u_shared_mul/DP_OP_45J11_125_3794/I4[2] (shared_multiplication_logic_DP_OP_45J11_125_3794_3)                                                                                                                                     0.0000     2.3388 f
  i_horcrux_top/i_horcrux/multiplier_tree_inst/u_shared_mul/DP_OP_45J11_125_3794/U4531/Y (NOR2_X8A_A9TR)                                                                                                                                                                        0.0241     2.3629 r
  i_horcrux_top/i_horcrux/multiplier_tree_inst/u_shared_mul/DP_OP_45J11_125_3794/U4858/Y (OAI21_X3M_A9TR)                                                                                                                                                                       0.0287     2.3915 f
  i_horcrux_top/i_horcrux/multiplier_tree_inst/u_shared_mul/DP_OP_45J11_125_3794/U3452/Y (AOI21_X3M_A9TR)                                                                                                                                                                       0.0246     2.4161 r
  i_horcrux_top/i_horcrux/multiplier_tree_inst/u_shared_mul/DP_OP_45J11_125_3794/U3967/Y (XOR2_X3M_A9TR)                                                                                                                                                                        0.0384     2.4545 r
  i_horcrux_top/i_horcrux/multiplier_tree_inst/u_shared_mul/DP_OP_45J11_125_3794/O2[3] (shared_multiplication_logic_DP_OP_45J11_125_3794_3)                                                                                                                                     0.0000     2.4545 r
  i_horcrux_top/i_horcrux/multiplier_tree_inst/u_shared_mul/U363/Y (AO21B_X4M_A9TR)                                                                                                                                                                                             0.0388     2.4933 r
  i_horcrux_top/i_horcrux/multiplier_tree_inst/u_shared_mul/res_lo_o[3] (shared_multiplication_logic)                                                                                                                                                                           0.0000     2.4933 r
  i_horcrux_top/i_horcrux/multiplier_tree_inst/U166/Y (INV_X9M_A9TR)                                                                                                                                                                                                            0.0156     2.5089 f
  i_horcrux_top/i_horcrux/multiplier_tree_inst/U161/Y (INV_X3M_A9TR)                                                                                                                                                                                                            0.0176     2.5265 r
  i_horcrux_top/i_horcrux/multiplier_tree_inst/DP_OP_93_150_9367/I2[3] (multiplier_tree_DP_OP_93_150_9367_4)                                                                                                                                                                    0.0000     2.5265 r
  i_horcrux_top/i_horcrux/multiplier_tree_inst/DP_OP_93_150_9367/U420/Y (AND2_X3M_A9TR)                                                                                                                                                                                         0.0340     2.5605 r
  i_horcrux_top/i_horcrux/multiplier_tree_inst/DP_OP_93_150_9367/U490/Y (INV_X0P5B_A9TR)                                                                                                                                                                                        0.0334     2.5939 f
  i_horcrux_top/i_horcrux/multiplier_tree_inst/DP_OP_93_150_9367/U559/Y (NAND2_X0P5M_A9TR)                                                                                                                                                                                      0.0512     2.6451 r
  i_horcrux_top/i_horcrux/multiplier_tree_inst/DP_OP_93_150_9367/U560/Y (XNOR2_X0P5M_A9TR)                                                                                                                                                                                      0.0553     2.7003 f
  i_horcrux_top/i_horcrux/multiplier_tree_inst/DP_OP_93_150_9367/O1[3] (multiplier_tree_DP_OP_93_150_9367_4)                                                                                                                                                                    0.0000     2.7003 f
  i_horcrux_top/i_horcrux/multiplier_tree_inst/U1525/Y (AOI211_X0P7M_A9TR)                                                                                                                                                                                                      0.0868     2.7872 r
  i_horcrux_top/i_horcrux/multiplier_tree_inst/U1526/Y (AO1B2_X0P7M_A9TR)                                                                                                                                                                                                       0.0567     2.8439 f
  i_horcrux_top/i_horcrux/multiplier_tree_inst/U429/Y (AOI21_X2M_A9TR)                                                                                                                                                                                                          0.0397     2.8836 r
  i_horcrux_top/i_horcrux/multiplier_tree_inst/U510/Y (NAND2_X3M_A9TR)                                                                                                                                                                                                          0.0237     2.9073 f
  i_horcrux_top/i_horcrux/multiplier_tree_inst/result_o[3] (multiplier_tree)                                                                                                                                                                                                    0.0000     2.9073 f
  i_horcrux_top/i_horcrux/U5640/Y (AO21_X6M_A9TR)                                                                                                                                                                                                                               0.0314     2.9387 f
  i_horcrux_top/i_horcrux/rd_values_o[rd1][3] (horcrux_NUM_VARIABLES50_VARIABLE_WIDTH32)                                                                                                                                                                                        0.0000     2.9387 f
  i_horcrux_top/commit_stage_i/result_i[rd1][3] (commit_stage_I_xif_result_if_if_xif_coproc_result_X_NUM_RS_3)                                                                                                                                                                  0.0000     2.9387 f
  i_horcrux_top/commit_stage_i/U3/Y (BUFH_X13M_A9TR)                                                                                                                                                                                                                            0.0274     2.9662 f
  i_horcrux_top/commit_stage_i/xif_result_if.result[data][3] (commit_stage_I_xif_result_if_if_xif_coproc_result_X_NUM_RS_3)                                                                                                                                                     0.0000     2.9662 f
  i_horcrux_top/xif_result_if.result[data][3] (horcrux_top_I_xif_compressed_if_if_xif__X_NUM_RS_3I_xif_issue_if_if_xif__X_NUM_RS_3I_xif_commit_if_if_xif__X_NUM_RS_3I_xif_mem_if_if_xif__X_NUM_RS_3I_xif_mem_result_if_if_xif__X_NUM_RS_3I_xif_result_if_if_xif__X_NUM_RS_3)    0.0000     2.9662 f
  result_o[data][3] (out)                                                                                                                                                                                                                                                       0.0038     2.9700 f
  data arrival time                                                                                                                                                                                                                                                                        2.9700

  clock clk (rise edge)                                                                                                                                                                                                                                                         3.3000     3.3000
  clock network delay (ideal)                                                                                                                                                                                                                                                   0.3300     3.6300
  clock uncertainty                                                                                                                                                                                                                                                            -0.1650     3.4650
  output external delay                                                                                                                                                                                                                                                        -0.4950     2.9700
  data required time                                                                                                                                                                                                                                                                       2.9700
  --------------------------------------------------------------------------------------------------------------------------------------------------------------------------------------------------------------------------------------------------------------------------------------------------
  data required time                                                                                                                                                                                                                                                                       2.9700
  data arrival time                                                                                                                                                                                                                                                                       -2.9700
  --------------------------------------------------------------------------------------------------------------------------------------------------------------------------------------------------------------------------------------------------------------------------------------------------
  slack (MET)                                                                                                                                                                                                                                                                              0.0000


