Information: Propagating switching activity (medium effort zero delay simulation). (PWR-6)
Warning: Design has unannotated primary inputs. (PWR-414)
Warning: Design has unannotated sequential cell outputs. (PWR-415)
 
****************************************
Report : power
        -analysis_effort medium
Design : horcrux_top_synth
Version: X-2025.06
Date   : Thu Oct  8 10:46:31 2026
****************************************


Library(s) Used:

    sc9_cln40g_base_rvt_tt_typical_max_0p90v_25c (File: /cad/designkit/CBDK_TSMC40_Arm_f2.0/CIC/SynopsysDC/db/sc9_base_rvt/sc9_cln40g_base_rvt_tt_typical_max_0p90v_25c.db)


Operating Conditions: tt_typical_max_0p90v_25c   Library: sc9_cln40g_base_rvt_tt_typical_max_0p90v_25c
Wire Load Model Mode: top

Design        Wire Load Model            Library
------------------------------------------------
horcrux_top_synth      Medium            sc9_cln40g_base_rvt_tt_typical_max_0p90v_25c


Global Operating Voltage = 0.9  
Power-specific unit information :
    Voltage Units = 1V
    Capacitance Units = 1.000000pf
    Time Units = 1ns
    Dynamic Power Units = 1mW    (derived from V,C,T units)
    Leakage Power Units = 1uW


Attributes
----------
i - Including register clock pin internal power


  Cell Internal Power  =   2.2068 mW   (98%)
  Net Switching Power  =  41.3127 uW    (2%)
                         ---------
Total Dynamic Power    =   2.2481 mW  (100%)

Cell Leakage Power     =   1.4547 mW


                 Internal         Switching           Leakage            Total
Power Group      Power            Power               Power              Power   (   %    )  Attrs
--------------------------------------------------------------------------------------------------
io_pad             0.0000            0.0000            0.0000            0.0000  (   0.00%)
memory             0.0000            0.0000            0.0000            0.0000  (   0.00%)
black_box          0.0000            0.0000            0.0000            0.0000  (   0.00%)
clock_network      2.1848            0.0000            0.0000            2.1848  (  59.01%)  i
register       6.2506e-03        3.0064e-03          175.7690            0.1850  (   5.00%)
sequential         0.0000            0.0000            0.0000            0.0000  (   0.00%)
combinational  1.5696e-02        3.8306e-02        1.2789e+03            1.3329  (  36.00%)
--------------------------------------------------------------------------------------------------
Total              2.2068 mW     4.1313e-02 mW     1.4547e+03 uW         3.7028 mW
1
