########################################################################
### SYNTHESIS SUMMARY - horcrux_top_synth
###   library         : /cad/designkit/CBDK_TSMC40_Arm_f2.0/CIC/SynopsysDC/db/sc9_base_rvt/sc9_cln40g_base_rvt_tt_typical_max_0p90v_25c.db
###   io_delay_frac   : 0.15  (1.110 ns of the period given to the boundary)
###   clk uncertainty : 0.37 ns setup / 0.074 ns hold
###   wire load       : Medium
###   opcond          : library default
###   compile         : ultra=1 keep_hier=1 incr=1 retime=0 clk_gate=0 fix_hold=1
###   target period   : 7.400 ns  (135.1 MHz)
###   worst slack     : +0.000 ns
###   achieved period : 7.400 ns  (135.1 MHz)
###   est. closure    : 7.400 ns  (135.1 MHz)  [reg->out path, slack scaled by 1/0.800]
###   total cell area : 121195.8  (library area units)
###   gate equivalent : 178.1 kGE  (1 GE = sc9_cln40g_base_rvt_tt_typical_max_0p90v_25c/NAND2_X1A_A9TR, 0.6804)
###   reports         : /home/Charmander/horcrux-baseline/implementation/synthesis/horcrux_top_synth_7p4ns_20261008_101109/report
########################################################################
