 
****************************************
Report : timing
        -path full
        -delay max
        -nworst 5
        -max_paths 20
Design : horcrux_top_synth
Version: X-2025.06
Date   : Thu Oct  8 10:46:24 2026
****************************************

Operating Conditions: tt_typical_max_0p90v_25c   Library: sc9_cln40g_base_rvt_tt_typical_max_0p90v_25c
Wire Load Model Mode: top

  Startpoint: i_horcrux_top/id_stage_i/rs_values_o_reg[rs2][26]
              (rising edge-triggered flip-flop clocked by clk)
  Endpoint: result_o[data][31]
            (output port clocked by clk)
  Path Group: clk
  Path Type: max

  Des/Clust/Port     Wire Load Model       Library
  ------------------------------------------------
  horcrux_top_synth  Medium                sc9_cln40g_base_rvt_tt_typical_max_0p90v_25c

  Point                                                                                                                                                                                                                                                                                                                                                                                                                                                                                                                                                 Incr       Path
  ---------------------------------------------------------------------------------------------------------------------------------------------------------------------------------------------------------------------------------------------------------------------------------------------------
  clock clk (rise edge)                                                                                                                                                                                                                                                          0.0000     0.0000
  clock network delay (ideal)                                                                                                                                                                                                                                                    0.7400     0.7400
  i_horcrux_top/id_stage_i/rs_values_o_reg[rs2][26]/CK (DFFSQN_X2M_A9TR)                                                                                                                                                                                                         0.0000     0.7400 r
  i_horcrux_top/id_stage_i/rs_values_o_reg[rs2][26]/QN (DFFSQN_X2M_A9TR)                                                                                                                                                                                                         0.1546     0.8946 r
  i_horcrux_top/id_stage_i/rs_values_o[rs2][26] (id_stage_I_xif_issue_if_if_xif_coproc_issue_X_NUM_RS_3)                                                                                                                                                                         0.0000     0.8946 r
  i_horcrux_top/i_horcrux/rs_values_i[rs2][26] (horcrux_NUM_VARIABLES50_VARIABLE_WIDTH32)                                                                                                                                                                                        0.0000     0.8946 r
  i_horcrux_top/i_horcrux/multiplier_tree_inst/multiplier_tree2_i[26] (multiplier_tree)                                                                                                                                                                                          0.0000     0.8946 r
  i_horcrux_top/i_horcrux/multiplier_tree_inst/sub_x_3/B[26] (multiplier_tree_DW01_sub_2)                                                                                                                                                                                        0.0000     0.8946 r
  i_horcrux_top/i_horcrux/multiplier_tree_inst/sub_x_3/U473/Y (INV_X1M_A9TR)                                                                                                                                                                                                     0.0559     0.9505 f
  i_horcrux_top/i_horcrux/multiplier_tree_inst/sub_x_3/U439/Y (NAND2_X1A_A9TR)                                                                                                                                                                                                   0.0581     1.0086 r
  i_horcrux_top/i_horcrux/multiplier_tree_inst/sub_x_3/U434/Y (OAI21_X1M_A9TR)                                                                                                                                                                                                   0.0598     1.0684 f
  i_horcrux_top/i_horcrux/multiplier_tree_inst/sub_x_3/U707/Y (AOI21_X3M_A9TR)                                                                                                                                                                                                   0.0473     1.1157 r
  i_horcrux_top/i_horcrux/multiplier_tree_inst/sub_x_3/U421/Y (INV_X1B_A9TR)                                                                                                                                                                                                     0.0369     1.1525 f
  i_horcrux_top/i_horcrux/multiplier_tree_inst/sub_x_3/U708/Y (AOI21_X2M_A9TR)                                                                                                                                                                                                   0.0340     1.1865 r
  i_horcrux_top/i_horcrux/multiplier_tree_inst/sub_x_3/U709/Y (XOR2_X2M_A9TR)                                                                                                                                                                                                    0.0271     1.2135 f
  i_horcrux_top/i_horcrux/multiplier_tree_inst/sub_x_3/DIFF[28] (multiplier_tree_DW01_sub_2)                                                                                                                                                                                     0.0000     1.2135 f
  i_horcrux_top/i_horcrux/multiplier_tree_inst/U240/Y (NAND2_X2M_A9TR)                                                                                                                                                                                                           0.0271     1.2407 r
  i_horcrux_top/i_horcrux/multiplier_tree_inst/U239/Y (NAND3_X3A_A9TR)                                                                                                                                                                                                           0.0303     1.2710 f
  i_horcrux_top/i_horcrux/multiplier_tree_inst/u_shared_mul/op_b_i[28] (shared_multiplication_logic)                                                                                                                                                                             0.0000     1.2710 f
  i_horcrux_top/i_horcrux/multiplier_tree_inst/u_shared_mul/u_primary_mul/b_i[28] (unified_mul_32x32)                                                                                                                                                                            0.0000     1.2710 f
  i_horcrux_top/i_horcrux/multiplier_tree_inst/u_shared_mul/u_primary_mul/U817/Y (INV_X5M_A9TR)                                                                                                                                                                                  0.0196     1.2906 r
  i_horcrux_top/i_horcrux/multiplier_tree_inst/u_shared_mul/u_primary_mul/U3213/Y (BUF_X13M_A9TR)                                                                                                                                                                                0.0328     1.3234 r
  i_horcrux_top/i_horcrux/multiplier_tree_inst/u_shared_mul/u_primary_mul/U2552/Y (NOR2_X6M_A9TR)                                                                                                                                                                                0.0231     1.3464 f
  i_horcrux_top/i_horcrux/multiplier_tree_inst/u_shared_mul/u_primary_mul/add_x_1/B[29] (unified_mul_32x32_DW01_add_506)                                                                                                                                                         0.0000     1.3464 f
  i_horcrux_top/i_horcrux/multiplier_tree_inst/u_shared_mul/u_primary_mul/add_x_1/U480/Y (NOR2_X3A_A9TR)                                                                                                                                                                         0.0350     1.3814 r
  i_horcrux_top/i_horcrux/multiplier_tree_inst/u_shared_mul/u_primary_mul/add_x_1/U466/Y (NOR2_X6A_A9TR)                                                                                                                                                                         0.0199     1.4013 f
  i_horcrux_top/i_horcrux/multiplier_tree_inst/u_shared_mul/u_primary_mul/add_x_1/U724/Y (AOI21_X4M_A9TR)                                                                                                                                                                        0.0258     1.4271 r
  i_horcrux_top/i_horcrux/multiplier_tree_inst/u_shared_mul/u_primary_mul/add_x_1/U725/Y (OAI21_X8M_A9TR)                                                                                                                                                                        0.0231     1.4502 f
  i_horcrux_top/i_horcrux/multiplier_tree_inst/u_shared_mul/u_primary_mul/add_x_1/U440/Y (AOI21_X6M_A9TR)                                                                                                                                                                        0.0247     1.4749 r
  i_horcrux_top/i_horcrux/multiplier_tree_inst/u_shared_mul/u_primary_mul/add_x_1/U435/Y (OAI21_X3M_A9TR)                                                                                                                                                                        0.0267     1.5015 f
  i_horcrux_top/i_horcrux/multiplier_tree_inst/u_shared_mul/u_primary_mul/add_x_1/U734/Y (AOI21_X3M_A9TR)                                                                                                                                                                        0.0256     1.5271 r
  i_horcrux_top/i_horcrux/multiplier_tree_inst/u_shared_mul/u_primary_mul/add_x_1/U432/Y (OAI21_X6M_A9TR)                                                                                                                                                                        0.0259     1.5530 f
  i_horcrux_top/i_horcrux/multiplier_tree_inst/u_shared_mul/u_primary_mul/add_x_1/U429/Y (AOI21_X1M_A9TR)                                                                                                                                                                        0.0475     1.6005 r
  i_horcrux_top/i_horcrux/multiplier_tree_inst/u_shared_mul/u_primary_mul/add_x_1/SUM[63] (unified_mul_32x32_DW01_add_506)                                                                                                                                                       0.0000     1.6005 r
  i_horcrux_top/i_horcrux/multiplier_tree_inst/u_shared_mul/u_primary_mul/U596/Y (AND2_X3B_A9TR)                                                                                                                                                                                 0.0354     1.6359 r
  i_horcrux_top/i_horcrux/multiplier_tree_inst/u_shared_mul/u_primary_mul/add_x_2/A[35] (unified_mul_32x32_DW01_add_405)                                                                                                                                                         0.0000     1.6359 r
  i_horcrux_top/i_horcrux/multiplier_tree_inst/u_shared_mul/u_primary_mul/add_x_2/U364/Y (INV_X1P7M_A9TR)                                                                                                                                                                        0.0192     1.6551 f
  i_horcrux_top/i_horcrux/multiplier_tree_inst/u_shared_mul/u_primary_mul/add_x_2/U491/Y (NAND2_X0P5M_A9TR)                                                                                                                                                                      0.0591     1.7141 r
  i_horcrux_top/i_horcrux/multiplier_tree_inst/u_shared_mul/u_primary_mul/add_x_2/U653/Y (NAND2_X0P7A_A9TR)                                                                                                                                                                      0.0563     1.7704 f
  i_horcrux_top/i_horcrux/multiplier_tree_inst/u_shared_mul/u_primary_mul/add_x_2/U654/Y (XNOR2_X3M_A9TR)                                                                                                                                                                        0.0446     1.8150 f
  i_horcrux_top/i_horcrux/multiplier_tree_inst/u_shared_mul/u_primary_mul/add_x_2/SUM[34] (unified_mul_32x32_DW01_add_405)                                                                                                                                                       0.0000     1.8150 f
  i_horcrux_top/i_horcrux/multiplier_tree_inst/u_shared_mul/u_primary_mul/U569/Y (AND2_X4B_A9TR)                                                                                                                                                                                 0.0390     1.8540 f
  i_horcrux_top/i_horcrux/multiplier_tree_inst/u_shared_mul/u_primary_mul/add_x_3/A[34] (unified_mul_32x32_DW01_add_466)                                                                                                                                                         0.0000     1.8540 f
  i_horcrux_top/i_horcrux/multiplier_tree_inst/u_shared_mul/u_primary_mul/add_x_3/U363/Y (NOR2_X4A_A9TR)                                                                                                                                                                         0.0228     1.8767 r
  i_horcrux_top/i_horcrux/multiplier_tree_inst/u_shared_mul/u_primary_mul/add_x_3/U360/Y (INV_X4M_A9TR)                                                                                                                                                                          0.0174     1.8942 f
  i_horcrux_top/i_horcrux/multiplier_tree_inst/u_shared_mul/u_primary_mul/add_x_3/U352/Y (AND2_X4M_A9TR)                                                                                                                                                                         0.0288     1.9230 f
  i_horcrux_top/i_horcrux/multiplier_tree_inst/u_shared_mul/u_primary_mul/add_x_3/U465/Y (AOI21B_X3M_A9TR)                                                                                                                                                                       0.0278     1.9508 r
  i_horcrux_top/i_horcrux/multiplier_tree_inst/u_shared_mul/u_primary_mul/add_x_3/U468/Y (AND2_X11B_A9TR)                                                                                                                                                                        0.0313     1.9821 r
  i_horcrux_top/i_horcrux/multiplier_tree_inst/u_shared_mul/u_primary_mul/add_x_3/U347/Y (BUFH_X6M_A9TR)                                                                                                                                                                         0.0180     2.0001 r
  i_horcrux_top/i_horcrux/multiplier_tree_inst/u_shared_mul/u_primary_mul/add_x_3/U435/Y (INV_X1P2B_A9TR)                                                                                                                                                                        0.0518     2.0518 f
  i_horcrux_top/i_horcrux/multiplier_tree_inst/u_shared_mul/u_primary_mul/add_x_3/U336/Y (INV_X1P7M_A9TR)                                                                                                                                                                        0.0341     2.0860 r
  i_horcrux_top/i_horcrux/multiplier_tree_inst/u_shared_mul/u_primary_mul/add_x_3/SUM[48] (unified_mul_32x32_DW01_add_466)                                                                                                                                                       0.0000     2.0860 r
  i_horcrux_top/i_horcrux/multiplier_tree_inst/u_shared_mul/u_primary_mul/U1955/Y (AND2_X3M_A9TR)                                                                                                                                                                                0.0341     2.1200 r
  i_horcrux_top/i_horcrux/multiplier_tree_inst/u_shared_mul/u_primary_mul/add_x_4/A[48] (unified_mul_32x32_DW01_add_339)                                                                                                                                                         0.0000     2.1200 r
  i_horcrux_top/i_horcrux/multiplier_tree_inst/u_shared_mul/u_primary_mul/add_x_4/U903/Y (OR2_X1P4M_A9TR)                                                                                                                                                                        0.0428     2.1628 r
  i_horcrux_top/i_horcrux/multiplier_tree_inst/u_shared_mul/u_primary_mul/add_x_4/U904/Y (NAND2_X2B_A9TR)                                                                                                                                                                        0.0352     2.1980 f
  i_horcrux_top/i_horcrux/multiplier_tree_inst/u_shared_mul/u_primary_mul/add_x_4/U905/Y (NOR2_X2A_A9TR)                                                                                                                                                                         0.0579     2.2560 r
  i_horcrux_top/i_horcrux/multiplier_tree_inst/u_shared_mul/u_primary_mul/add_x_4/U906/Y (INV_X0P7B_A9TR)                                                                                                                                                                        0.0502     2.3062 f
  i_horcrux_top/i_horcrux/multiplier_tree_inst/u_shared_mul/u_primary_mul/add_x_4/U910/Y (OAI21_X3M_A9TR)                                                                                                                                                                        0.0385     2.3447 r
  i_horcrux_top/i_horcrux/multiplier_tree_inst/u_shared_mul/u_primary_mul/add_x_4/U926/Y (AOI21_X0P5M_A9TR)                                                                                                                                                                      0.0828     2.4275 f
  i_horcrux_top/i_horcrux/multiplier_tree_inst/u_shared_mul/u_primary_mul/add_x_4/U929/Y (OAI21_X1M_A9TR)                                                                                                                                                                        0.0889     2.5164 r
  i_horcrux_top/i_horcrux/multiplier_tree_inst/u_shared_mul/u_primary_mul/add_x_4/U556/Y (AOI21_X0P5M_A9TR)                                                                                                                                                                      0.1006     2.6170 f
  i_horcrux_top/i_horcrux/multiplier_tree_inst/u_shared_mul/u_primary_mul/add_x_4/U935/Y (OAI21_X1M_A9TR)                                                                                                                                                                        0.0903     2.7073 r
  i_horcrux_top/i_horcrux/multiplier_tree_inst/u_shared_mul/u_primary_mul/add_x_4/U939/Y (AOI21_X0P7M_A9TR)                                                                                                                                                                      0.0861     2.7933 f
  i_horcrux_top/i_horcrux/multiplier_tree_inst/u_shared_mul/u_primary_mul/add_x_4/U942/Y (OAI21_X1M_A9TR)                                                                                                                                                                        0.0873     2.8806 r
  i_horcrux_top/i_horcrux/multiplier_tree_inst/u_shared_mul/u_primary_mul/add_x_4/U553/Y (AOI21_X2M_A9TR)                                                                                                                                                                        0.0537     2.9344 f
  i_horcrux_top/i_horcrux/multiplier_tree_inst/u_shared_mul/u_primary_mul/add_x_4/U948/Y (OAI21_X1M_A9TR)                                                                                                                                                                        0.0713     3.0056 r
  i_horcrux_top/i_horcrux/multiplier_tree_inst/u_shared_mul/u_primary_mul/add_x_4/U549/Y (XNOR2_X0P5M_A9TR)                                                                                                                                                                      0.0704     3.0761 r
  i_horcrux_top/i_horcrux/multiplier_tree_inst/u_shared_mul/u_primary_mul/add_x_4/SUM[62] (unified_mul_32x32_DW01_add_339)                                                                                                                                                       0.0000     3.0761 r
  i_horcrux_top/i_horcrux/multiplier_tree_inst/u_shared_mul/u_primary_mul/U5622/Y (AND2_X1M_A9TR)                                                                                                                                                                                0.0634     3.1395 r
  i_horcrux_top/i_horcrux/multiplier_tree_inst/u_shared_mul/u_primary_mul/add_x_5/A[62] (unified_mul_32x32_DW01_add_463)                                                                                                                                                         0.0000     3.1395 r
  i_horcrux_top/i_horcrux/multiplier_tree_inst/u_shared_mul/u_primary_mul/add_x_5/U735/Y (OR2_X1B_A9TR)                                                                                                                                                                          0.0521     3.1917 r
  i_horcrux_top/i_horcrux/multiplier_tree_inst/u_shared_mul/u_primary_mul/add_x_5/U789/Y (NAND2_X0P5B_A9TR)                                                                                                                                                                      0.0499     3.2416 f
  i_horcrux_top/i_horcrux/multiplier_tree_inst/u_shared_mul/u_primary_mul/add_x_5/U425/Y (XNOR2_X0P5M_A9TR)                                                                                                                                                                      0.0628     3.3044 r
  i_horcrux_top/i_horcrux/multiplier_tree_inst/u_shared_mul/u_primary_mul/add_x_5/SUM[62] (unified_mul_32x32_DW01_add_463)                                                                                                                                                       0.0000     3.3044 r
  i_horcrux_top/i_horcrux/multiplier_tree_inst/u_shared_mul/u_primary_mul/U237/Y (AND2_X2M_A9TR)                                                                                                                                                                                 0.0517     3.3561 r
  i_horcrux_top/i_horcrux/multiplier_tree_inst/u_shared_mul/u_primary_mul/add_x_6/A[62] (unified_mul_32x32_DW01_add_467)                                                                                                                                                         0.0000     3.3561 r
  i_horcrux_top/i_horcrux/multiplier_tree_inst/u_shared_mul/u_primary_mul/add_x_6/U406/Y (NAND2_X1A_A9TR)                                                                                                                                                                        0.0353     3.3914 f
  i_horcrux_top/i_horcrux/multiplier_tree_inst/u_shared_mul/u_primary_mul/add_x_6/U404/Y (NAND2_X0P5M_A9TR)                                                                                                                                                                      0.0650     3.4564 r
  i_horcrux_top/i_horcrux/multiplier_tree_inst/u_shared_mul/u_primary_mul/add_x_6/U533/Y (XNOR2_X0P5M_A9TR)                                                                                                                                                                      0.0603     3.5167 f
  i_horcrux_top/i_horcrux/multiplier_tree_inst/u_shared_mul/u_primary_mul/add_x_6/SUM[62] (unified_mul_32x32_DW01_add_467)                                                                                                                                                       0.0000     3.5167 f
  i_horcrux_top/i_horcrux/multiplier_tree_inst/u_shared_mul/u_primary_mul/U222/Y (AND2_X3B_A9TR)                                                                                                                                                                                 0.0455     3.5622 f
  i_horcrux_top/i_horcrux/multiplier_tree_inst/u_shared_mul/u_primary_mul/add_x_7/A[62] (unified_mul_32x32_DW01_add_503)                                                                                                                                                         0.0000     3.5622 f
  i_horcrux_top/i_horcrux/multiplier_tree_inst/u_shared_mul/u_primary_mul/add_x_7/U778/Y (NOR2_X2A_A9TR)                                                                                                                                                                         0.0345     3.5968 r
  i_horcrux_top/i_horcrux/multiplier_tree_inst/u_shared_mul/u_primary_mul/add_x_7/U428/Y (NAND2XB_X2M_A9TR)                                                                                                                                                                      0.0517     3.6484 r
  i_horcrux_top/i_horcrux/multiplier_tree_inst/u_shared_mul/u_primary_mul/add_x_7/U780/Y (XOR2_X3M_A9TR)                                                                                                                                                                         0.0275     3.6760 r
  i_horcrux_top/i_horcrux/multiplier_tree_inst/u_shared_mul/u_primary_mul/add_x_7/SUM[62] (unified_mul_32x32_DW01_add_503)                                                                                                                                                       0.0000     3.6760 r
  i_horcrux_top/i_horcrux/multiplier_tree_inst/u_shared_mul/u_primary_mul/U5347/Y (AND2_X4M_A9TR)                                                                                                                                                                                0.0340     3.7099 r
  i_horcrux_top/i_horcrux/multiplier_tree_inst/u_shared_mul/u_primary_mul/add_x_8/A[62] (unified_mul_32x32_DW01_add_465)                                                                                                                                                         0.0000     3.7099 r
  i_horcrux_top/i_horcrux/multiplier_tree_inst/u_shared_mul/u_primary_mul/add_x_8/U780/Y (NAND2_X3A_A9TR)                                                                                                                                                                        0.0199     3.7299 f
  i_horcrux_top/i_horcrux/multiplier_tree_inst/u_shared_mul/u_primary_mul/add_x_8/U588/Y (NAND2_X4B_A9TR)                                                                                                                                                                        0.0254     3.7552 r
  i_horcrux_top/i_horcrux/multiplier_tree_inst/u_shared_mul/u_primary_mul/add_x_8/U706/Y (XNOR2_X4M_A9TR)                                                                                                                                                                        0.0348     3.7900 r
  i_horcrux_top/i_horcrux/multiplier_tree_inst/u_shared_mul/u_primary_mul/add_x_8/SUM[62] (unified_mul_32x32_DW01_add_465)                                                                                                                                                       0.0000     3.7900 r
  i_horcrux_top/i_horcrux/multiplier_tree_inst/u_shared_mul/u_primary_mul/U5346/Y (AND2_X6B_A9TR)                                                                                                                                                                                0.0342     3.8243 r
  i_horcrux_top/i_horcrux/multiplier_tree_inst/u_shared_mul/u_primary_mul/add_x_9/A[62] (unified_mul_32x32_DW01_add_501)                                                                                                                                                         0.0000     3.8243 r
  i_horcrux_top/i_horcrux/multiplier_tree_inst/u_shared_mul/u_primary_mul/add_x_9/U728/Y (NOR2_X6M_A9TR)                                                                                                                                                                         0.0174     3.8417 f
  i_horcrux_top/i_horcrux/multiplier_tree_inst/u_shared_mul/u_primary_mul/add_x_9/U727/Y (NAND2B_X6M_A9TR)                                                                                                                                                                       0.0374     3.8791 f
  i_horcrux_top/i_horcrux/multiplier_tree_inst/u_shared_mul/u_primary_mul/add_x_9/U433/Y (XOR2_X2M_A9TR)                                                                                                                                                                         0.0269     3.9059 r
  i_horcrux_top/i_horcrux/multiplier_tree_inst/u_shared_mul/u_primary_mul/add_x_9/SUM[62] (unified_mul_32x32_DW01_add_501)                                                                                                                                                       0.0000     3.9059 r
  i_horcrux_top/i_horcrux/multiplier_tree_inst/u_shared_mul/u_primary_mul/U1633/Y (AND2_X6B_A9TR)                                                                                                                                                                                0.0365     3.9425 r
  i_horcrux_top/i_horcrux/multiplier_tree_inst/u_shared_mul/u_primary_mul/add_x_10/A[62] (unified_mul_32x32_DW01_add_294)                                                                                                                                                        0.0000     3.9425 r
  i_horcrux_top/i_horcrux/multiplier_tree_inst/u_shared_mul/u_primary_mul/add_x_10/U612/Y (NAND2_X3A_A9TR)                                                                                                                                                                       0.0191     3.9615 f
  i_horcrux_top/i_horcrux/multiplier_tree_inst/u_shared_mul/u_primary_mul/add_x_10/U636/Y (NOR2B_X4M_A9TR)                                                                                                                                                                       0.0497     4.0112 f
  i_horcrux_top/i_horcrux/multiplier_tree_inst/u_shared_mul/u_primary_mul/add_x_10/U635/Y (XNOR2_X3M_A9TR)                                                                                                                                                                       0.0276     4.0389 f
  i_horcrux_top/i_horcrux/multiplier_tree_inst/u_shared_mul/u_primary_mul/add_x_10/SUM[62] (unified_mul_32x32_DW01_add_294)                                                                                                                                                      0.0000     4.0389 f
  i_horcrux_top/i_horcrux/multiplier_tree_inst/u_shared_mul/u_primary_mul/U5348/Y (AND2_X6B_A9TR)                                                                                                                                                                                0.0390     4.0779 f
  i_horcrux_top/i_horcrux/multiplier_tree_inst/u_shared_mul/u_primary_mul/add_x_11/A[62] (unified_mul_32x32_DW01_add_295)                                                                                                                                                        0.0000     4.0779 f
  i_horcrux_top/i_horcrux/multiplier_tree_inst/u_shared_mul/u_primary_mul/add_x_11/U721/Y (OR2_X3M_A9TR)                                                                                                                                                                         0.0301     4.1080 f
  i_horcrux_top/i_horcrux/multiplier_tree_inst/u_shared_mul/u_primary_mul/add_x_11/U719/Y (NAND2_X3A_A9TR)                                                                                                                                                                       0.0196     4.1276 r
  i_horcrux_top/i_horcrux/multiplier_tree_inst/u_shared_mul/u_primary_mul/add_x_11/U599/Y (XNOR2_X3M_A9TR)                                                                                                                                                                       0.0266     4.1542 r
  i_horcrux_top/i_horcrux/multiplier_tree_inst/u_shared_mul/u_primary_mul/add_x_11/SUM[62] (unified_mul_32x32_DW01_add_295)                                                                                                                                                      0.0000     4.1542 r
  i_horcrux_top/i_horcrux/multiplier_tree_inst/u_shared_mul/u_primary_mul/U5417/Y (AND2_X6B_A9TR)                                                                                                                                                                                0.0381     4.1923 r
  i_horcrux_top/i_horcrux/multiplier_tree_inst/u_shared_mul/u_primary_mul/add_x_12/A[62] (unified_mul_32x32_DW01_add_477)                                                                                                                                                        0.0000     4.1923 r
  i_horcrux_top/i_horcrux/multiplier_tree_inst/u_shared_mul/u_primary_mul/add_x_12/U663/Y (OR2_X6M_A9TR)                                                                                                                                                                         0.0279     4.2202 r
  i_horcrux_top/i_horcrux/multiplier_tree_inst/u_shared_mul/u_primary_mul/add_x_12/U703/Y (NAND2_X4A_A9TR)                                                                                                                                                                       0.0162     4.2364 f
  i_horcrux_top/i_horcrux/multiplier_tree_inst/u_shared_mul/u_primary_mul/add_x_12/U705/Y (XNOR2_X3M_A9TR)                                                                                                                                                                       0.0257     4.2621 f
  i_horcrux_top/i_horcrux/multiplier_tree_inst/u_shared_mul/u_primary_mul/add_x_12/SUM[62] (unified_mul_32x32_DW01_add_477)                                                                                                                                                      0.0000     4.2621 f
  i_horcrux_top/i_horcrux/multiplier_tree_inst/u_shared_mul/u_primary_mul/U5413/Y (AND2_X11B_A9TR)                                                                                                                                                                               0.0334     4.2955 f
  i_horcrux_top/i_horcrux/multiplier_tree_inst/u_shared_mul/u_primary_mul/add_x_13/A[62] (unified_mul_32x32_DW01_add_415)                                                                                                                                                        0.0000     4.2955 f
  i_horcrux_top/i_horcrux/multiplier_tree_inst/u_shared_mul/u_primary_mul/add_x_13/U712/Y (OR2_X4B_A9TR)                                                                                                                                                                         0.0312     4.3266 f
  i_horcrux_top/i_horcrux/multiplier_tree_inst/u_shared_mul/u_primary_mul/add_x_13/U710/Y (NAND2_X6A_A9TR)                                                                                                                                                                       0.0152     4.3418 r
  i_horcrux_top/i_horcrux/multiplier_tree_inst/u_shared_mul/u_primary_mul/add_x_13/U709/Y (XNOR2_X4M_A9TR)                                                                                                                                                                       0.0232     4.3650 r
  i_horcrux_top/i_horcrux/multiplier_tree_inst/u_shared_mul/u_primary_mul/add_x_13/SUM[62] (unified_mul_32x32_DW01_add_415)                                                                                                                                                      0.0000     4.3650 r
  i_horcrux_top/i_horcrux/multiplier_tree_inst/u_shared_mul/u_primary_mul/U5490/Y (AND2_X6B_A9TR)                                                                                                                                                                                0.0348     4.3998 r
  i_horcrux_top/i_horcrux/multiplier_tree_inst/u_shared_mul/u_primary_mul/add_x_14/A[62] (unified_mul_32x32_DW01_add_416)                                                                                                                                                        0.0000     4.3998 r
  i_horcrux_top/i_horcrux/multiplier_tree_inst/u_shared_mul/u_primary_mul/add_x_14/U706/Y (OR2_X3M_A9TR)                                                                                                                                                                         0.0341     4.4340 r
  i_horcrux_top/i_horcrux/multiplier_tree_inst/u_shared_mul/u_primary_mul/add_x_14/U705/Y (NAND2_X6A_A9TR)                                                                                                                                                                       0.0154     4.4494 f
  i_horcrux_top/i_horcrux/multiplier_tree_inst/u_shared_mul/u_primary_mul/add_x_14/U523/Y (XNOR2_X0P5M_A9TR)                                                                                                                                                                     0.0503     4.4997 f
  i_horcrux_top/i_horcrux/multiplier_tree_inst/u_shared_mul/u_primary_mul/add_x_14/SUM[62] (unified_mul_32x32_DW01_add_416)                                                                                                                                                      0.0000     4.4997 f
  i_horcrux_top/i_horcrux/multiplier_tree_inst/u_shared_mul/u_primary_mul/U98/Y (AND2_X3B_A9TR)                                                                                                                                                                                  0.0472     4.5468 f
  i_horcrux_top/i_horcrux/multiplier_tree_inst/u_shared_mul/u_primary_mul/add_x_15/A[62] (unified_mul_32x32_DW01_add_224)                                                                                                                                                        0.0000     4.5468 f
  i_horcrux_top/i_horcrux/multiplier_tree_inst/u_shared_mul/u_primary_mul/add_x_15/U692/Y (NAND2_X2A_A9TR)                                                                                                                                                                       0.0259     4.5727 r
  i_horcrux_top/i_horcrux/multiplier_tree_inst/u_shared_mul/u_primary_mul/add_x_15/U693/Y (NAND2_X4A_A9TR)                                                                                                                                                                       0.0228     4.5955 f
  i_horcrux_top/i_horcrux/multiplier_tree_inst/u_shared_mul/u_primary_mul/add_x_15/U697/Y (XNOR2_X3M_A9TR)                                                                                                                                                                       0.0279     4.6234 f
  i_horcrux_top/i_horcrux/multiplier_tree_inst/u_shared_mul/u_primary_mul/add_x_15/SUM[62] (unified_mul_32x32_DW01_add_224)                                                                                                                                                      0.0000     4.6234 f
  i_horcrux_top/i_horcrux/multiplier_tree_inst/u_shared_mul/u_primary_mul/U5505/Y (AND2_X8M_A9TR)                                                                                                                                                                                0.0400     4.6634 f
  i_horcrux_top/i_horcrux/multiplier_tree_inst/u_shared_mul/u_primary_mul/add_x_16/A[62] (unified_mul_32x32_DW01_add_225)                                                                                                                                                        0.0000     4.6634 f
  i_horcrux_top/i_horcrux/multiplier_tree_inst/u_shared_mul/u_primary_mul/add_x_16/U665/Y (OR2_X4B_A9TR)                                                                                                                                                                         0.0277     4.6911 f
  i_horcrux_top/i_horcrux/multiplier_tree_inst/u_shared_mul/u_primary_mul/add_x_16/U663/Y (NAND2_X4B_A9TR)                                                                                                                                                                       0.0177     4.7088 r
  i_horcrux_top/i_horcrux/multiplier_tree_inst/u_shared_mul/u_primary_mul/add_x_16/U662/Y (XNOR2_X4M_A9TR)                                                                                                                                                                       0.0249     4.7337 r
  i_horcrux_top/i_horcrux/multiplier_tree_inst/u_shared_mul/u_primary_mul/add_x_16/SUM[62] (unified_mul_32x32_DW01_add_225)                                                                                                                                                      0.0000     4.7337 r
  i_horcrux_top/i_horcrux/multiplier_tree_inst/u_shared_mul/u_primary_mul/U5047/Y (AND2_X11B_A9TR)                                                                                                                                                                               0.0322     4.7659 r
  i_horcrux_top/i_horcrux/multiplier_tree_inst/u_shared_mul/u_primary_mul/add_x_17/A[62] (unified_mul_32x32_DW01_add_513)                                                                                                                                                        0.0000     4.7659 r
  i_horcrux_top/i_horcrux/multiplier_tree_inst/u_shared_mul/u_primary_mul/add_x_17/U754/Y (OR2_X8M_A9TR)                                                                                                                                                                         0.0259     4.7918 r
  i_horcrux_top/i_horcrux/multiplier_tree_inst/u_shared_mul/u_primary_mul/add_x_17/U753/Y (NAND2_X4A_A9TR)                                                                                                                                                                       0.0164     4.8082 f
  i_horcrux_top/i_horcrux/multiplier_tree_inst/u_shared_mul/u_primary_mul/add_x_17/U778/Y (XOR2_X4M_A9TR)                                                                                                                                                                        0.0219     4.8301 f
  i_horcrux_top/i_horcrux/multiplier_tree_inst/u_shared_mul/u_primary_mul/add_x_17/SUM[62] (unified_mul_32x32_DW01_add_513)                                                                                                                                                      0.0000     4.8301 f
  i_horcrux_top/i_horcrux/multiplier_tree_inst/u_shared_mul/u_primary_mul/U2982/Y (AND2_X11B_A9TR)                                                                                                                                                                               0.0310     4.8611 f
  i_horcrux_top/i_horcrux/multiplier_tree_inst/u_shared_mul/u_primary_mul/add_x_18/A[62] (unified_mul_32x32_DW01_add_420)                                                                                                                                                        0.0000     4.8611 f
  i_horcrux_top/i_horcrux/multiplier_tree_inst/u_shared_mul/u_primary_mul/add_x_18/U658/Y (OR2_X4B_A9TR)                                                                                                                                                                         0.0312     4.8923 f
  i_horcrux_top/i_horcrux/multiplier_tree_inst/u_shared_mul/u_primary_mul/add_x_18/U656/Y (NAND2_X6A_A9TR)                                                                                                                                                                       0.0157     4.9081 r
  i_horcrux_top/i_horcrux/multiplier_tree_inst/u_shared_mul/u_primary_mul/add_x_18/U655/Y (XNOR2_X4M_A9TR)                                                                                                                                                                       0.0248     4.9328 r
  i_horcrux_top/i_horcrux/multiplier_tree_inst/u_shared_mul/u_primary_mul/add_x_18/SUM[62] (unified_mul_32x32_DW01_add_420)                                                                                                                                                      0.0000     4.9328 r
  i_horcrux_top/i_horcrux/multiplier_tree_inst/u_shared_mul/u_primary_mul/U2985/Y (AND2_X11B_A9TR)                                                                                                                                                                               0.0315     4.9643 r
  i_horcrux_top/i_horcrux/multiplier_tree_inst/u_shared_mul/u_primary_mul/add_x_19/A[62] (unified_mul_32x32_DW01_add_493)                                                                                                                                                        0.0000     4.9643 r
  i_horcrux_top/i_horcrux/multiplier_tree_inst/u_shared_mul/u_primary_mul/add_x_19/U766/Y (OR2_X3M_A9TR)                                                                                                                                                                         0.0287     4.9930 r
  i_horcrux_top/i_horcrux/multiplier_tree_inst/u_shared_mul/u_primary_mul/add_x_19/U767/Y (NAND2_X4B_A9TR)                                                                                                                                                                       0.0158     5.0088 f
  i_horcrux_top/i_horcrux/multiplier_tree_inst/u_shared_mul/u_primary_mul/add_x_19/U556/Y (XNOR2_X0P5M_A9TR)                                                                                                                                                                     0.0498     5.0585 f
  i_horcrux_top/i_horcrux/multiplier_tree_inst/u_shared_mul/u_primary_mul/add_x_19/SUM[62] (unified_mul_32x32_DW01_add_493)                                                                                                                                                      0.0000     5.0585 f
  i_horcrux_top/i_horcrux/multiplier_tree_inst/u_shared_mul/u_primary_mul/U5498/Y (AND2_X3B_A9TR)                                                                                                                                                                                0.0519     5.1104 f
  i_horcrux_top/i_horcrux/multiplier_tree_inst/u_shared_mul/u_primary_mul/add_x_20/A[62] (unified_mul_32x32_DW01_add_484)                                                                                                                                                        0.0000     5.1104 f
  i_horcrux_top/i_horcrux/multiplier_tree_inst/u_shared_mul/u_primary_mul/add_x_20/U706/Y (MXIT2_X4M_A9TR)                                                                                                                                                                       0.0252     5.1356 f
  i_horcrux_top/i_horcrux/multiplier_tree_inst/u_shared_mul/u_primary_mul/add_x_20/SUM[62] (unified_mul_32x32_DW01_add_484)                                                                                                                                                      0.0000     5.1356 f
  i_horcrux_top/i_horcrux/multiplier_tree_inst/u_shared_mul/u_primary_mul/U5302/Y (AND2_X8M_A9TR)                                                                                                                                                                                0.0352     5.1708 f
  i_horcrux_top/i_horcrux/multiplier_tree_inst/u_shared_mul/u_primary_mul/add_x_21/A[62] (unified_mul_32x32_DW01_add_305)                                                                                                                                                        0.0000     5.1708 f
  i_horcrux_top/i_horcrux/multiplier_tree_inst/u_shared_mul/u_primary_mul/add_x_21/U596/Y (OR2_X4B_A9TR)                                                                                                                                                                         0.0314     5.2022 f
  i_horcrux_top/i_horcrux/multiplier_tree_inst/u_shared_mul/u_primary_mul/add_x_21/U595/Y (NAND2_X6A_A9TR)                                                                                                                                                                       0.0178     5.2200 r
  i_horcrux_top/i_horcrux/multiplier_tree_inst/u_shared_mul/u_primary_mul/add_x_21/U594/Y (XNOR2_X4M_A9TR)                                                                                                                                                                       0.0238     5.2438 r
  i_horcrux_top/i_horcrux/multiplier_tree_inst/u_shared_mul/u_primary_mul/add_x_21/SUM[62] (unified_mul_32x32_DW01_add_305)                                                                                                                                                      0.0000     5.2438 r
  i_horcrux_top/i_horcrux/multiplier_tree_inst/u_shared_mul/u_primary_mul/U5504/Y (AND2_X6B_A9TR)                                                                                                                                                                                0.0334     5.2771 r
  i_horcrux_top/i_horcrux/multiplier_tree_inst/u_shared_mul/u_primary_mul/add_x_22/A[62] (unified_mul_32x32_DW01_add_264)                                                                                                                                                        0.0000     5.2771 r
  i_horcrux_top/i_horcrux/multiplier_tree_inst/u_shared_mul/u_primary_mul/add_x_22/U587/Y (NAND2_X3A_A9TR)                                                                                                                                                                       0.0228     5.2999 f
  i_horcrux_top/i_horcrux/multiplier_tree_inst/u_shared_mul/u_primary_mul/add_x_22/U586/Y (NAND2_X6A_A9TR)                                                                                                                                                                       0.0257     5.3256 r
  i_horcrux_top/i_horcrux/multiplier_tree_inst/u_shared_mul/u_primary_mul/add_x_22/U599/Y (XNOR2_X4M_A9TR)                                                                                                                                                                       0.0245     5.3501 r
  i_horcrux_top/i_horcrux/multiplier_tree_inst/u_shared_mul/u_primary_mul/add_x_22/SUM[62] (unified_mul_32x32_DW01_add_264)                                                                                                                                                      0.0000     5.3501 r
  i_horcrux_top/i_horcrux/multiplier_tree_inst/u_shared_mul/u_primary_mul/U2706/Y (AND2_X11B_A9TR)                                                                                                                                                                               0.0311     5.3812 r
  i_horcrux_top/i_horcrux/multiplier_tree_inst/u_shared_mul/u_primary_mul/add_x_23/A[62] (unified_mul_32x32_DW01_add_494)                                                                                                                                                        0.0000     5.3812 r
  i_horcrux_top/i_horcrux/multiplier_tree_inst/u_shared_mul/u_primary_mul/add_x_23/U673/Y (XNOR2_X4M_A9TR)                                                                                                                                                                       0.0219     5.4031 r
  i_horcrux_top/i_horcrux/multiplier_tree_inst/u_shared_mul/u_primary_mul/add_x_23/SUM[62] (unified_mul_32x32_DW01_add_494)                                                                                                                                                      0.0000     5.4031 r
  i_horcrux_top/i_horcrux/multiplier_tree_inst/u_shared_mul/u_primary_mul/U3397/Y (AND2_X11B_A9TR)                                                                                                                                                                               0.0328     5.4359 r
  i_horcrux_top/i_horcrux/multiplier_tree_inst/u_shared_mul/u_primary_mul/add_x_24/A[62] (unified_mul_32x32_DW01_add_486)                                                                                                                                                        0.0000     5.4359 r
  i_horcrux_top/i_horcrux/multiplier_tree_inst/u_shared_mul/u_primary_mul/add_x_24/U668/Y (OR2_X6M_A9TR)                                                                                                                                                                         0.0276     5.4635 r
  i_horcrux_top/i_horcrux/multiplier_tree_inst/u_shared_mul/u_primary_mul/add_x_24/U667/Y (NAND2_X6A_A9TR)                                                                                                                                                                       0.0151     5.4785 f
  i_horcrux_top/i_horcrux/multiplier_tree_inst/u_shared_mul/u_primary_mul/add_x_24/U666/Y (XOR2_X4M_A9TR)                                                                                                                                                                        0.0221     5.5007 f
  i_horcrux_top/i_horcrux/multiplier_tree_inst/u_shared_mul/u_primary_mul/add_x_24/SUM[62] (unified_mul_32x32_DW01_add_486)                                                                                                                                                      0.0000     5.5007 f
  i_horcrux_top/i_horcrux/multiplier_tree_inst/u_shared_mul/u_primary_mul/U2435/Y (AND2_X11B_A9TR)                                                                                                                                                                               0.0306     5.5313 f
  i_horcrux_top/i_horcrux/multiplier_tree_inst/u_shared_mul/u_primary_mul/add_x_25/A[62] (unified_mul_32x32_DW01_add_430)                                                                                                                                                        0.0000     5.5313 f
  i_horcrux_top/i_horcrux/multiplier_tree_inst/u_shared_mul/u_primary_mul/add_x_25/U539/Y (OR2_X6M_A9TR)                                                                                                                                                                         0.0271     5.5584 f
  i_horcrux_top/i_horcrux/multiplier_tree_inst/u_shared_mul/u_primary_mul/add_x_25/U523/Y (NAND2_X4A_A9TR)                                                                                                                                                                       0.0156     5.5740 r
  i_horcrux_top/i_horcrux/multiplier_tree_inst/u_shared_mul/u_primary_mul/add_x_25/U565/Y (XNOR2_X3M_A9TR)                                                                                                                                                                       0.0247     5.5987 r
  i_horcrux_top/i_horcrux/multiplier_tree_inst/u_shared_mul/u_primary_mul/add_x_25/SUM[62] (unified_mul_32x32_DW01_add_430)                                                                                                                                                      0.0000     5.5987 r
  i_horcrux_top/i_horcrux/multiplier_tree_inst/u_shared_mul/u_primary_mul/U2434/Y (AND2_X11B_A9TR)                                                                                                                                                                               0.0330     5.6317 r
  i_horcrux_top/i_horcrux/multiplier_tree_inst/u_shared_mul/u_primary_mul/add_x_26/A[62] (unified_mul_32x32_DW01_add_425)                                                                                                                                                        0.0000     5.6317 r
  i_horcrux_top/i_horcrux/multiplier_tree_inst/u_shared_mul/u_primary_mul/add_x_26/U520/Y (NAND2_X4B_A9TR)                                                                                                                                                                       0.0187     5.6504 f
  i_horcrux_top/i_horcrux/multiplier_tree_inst/u_shared_mul/u_primary_mul/add_x_26/U501/Y (NAND2_X6B_A9TR)                                                                                                                                                                       0.0238     5.6742 r
  i_horcrux_top/i_horcrux/multiplier_tree_inst/u_shared_mul/u_primary_mul/add_x_26/U527/Y (XNOR2_X4M_A9TR)                                                                                                                                                                       0.0240     5.6982 r
  i_horcrux_top/i_horcrux/multiplier_tree_inst/u_shared_mul/u_primary_mul/add_x_26/SUM[62] (unified_mul_32x32_DW01_add_425)                                                                                                                                                      0.0000     5.6982 r
  i_horcrux_top/i_horcrux/multiplier_tree_inst/u_shared_mul/u_primary_mul/U3398/Y (AND2_X11B_A9TR)                                                                                                                                                                               0.0324     5.7306 r
  i_horcrux_top/i_horcrux/multiplier_tree_inst/u_shared_mul/u_primary_mul/add_x_27/A[62] (unified_mul_32x32_DW01_add_434)                                                                                                                                                        0.0000     5.7306 r
  i_horcrux_top/i_horcrux/multiplier_tree_inst/u_shared_mul/u_primary_mul/add_x_27/U527/Y (NAND2_X4B_A9TR)                                                                                                                                                                       0.0197     5.7502 f
  i_horcrux_top/i_horcrux/multiplier_tree_inst/u_shared_mul/u_primary_mul/add_x_27/U294/Y (NAND2_X6A_A9TR)                                                                                                                                                                       0.0239     5.7742 r
  i_horcrux_top/i_horcrux/multiplier_tree_inst/u_shared_mul/u_primary_mul/add_x_27/U526/Y (XOR2_X4M_A9TR)                                                                                                                                                                        0.0237     5.7979 r
  i_horcrux_top/i_horcrux/multiplier_tree_inst/u_shared_mul/u_primary_mul/add_x_27/SUM[62] (unified_mul_32x32_DW01_add_434)                                                                                                                                                      0.0000     5.7979 r
  i_horcrux_top/i_horcrux/multiplier_tree_inst/u_shared_mul/u_primary_mul/U2430/Y (AND2_X11B_A9TR)                                                                                                                                                                               0.0298     5.8277 r
  i_horcrux_top/i_horcrux/multiplier_tree_inst/u_shared_mul/u_primary_mul/add_x_28/A[62] (unified_mul_32x32_DW01_add_369)                                                                                                                                                        0.0000     5.8277 r
  i_horcrux_top/i_horcrux/multiplier_tree_inst/u_shared_mul/u_primary_mul/add_x_28/U513/Y (OR2_X4B_A9TR)                                                                                                                                                                         0.0291     5.8568 r
  i_horcrux_top/i_horcrux/multiplier_tree_inst/u_shared_mul/u_primary_mul/add_x_28/U488/Y (NAND2_X6A_A9TR)                                                                                                                                                                       0.0160     5.8729 f
  i_horcrux_top/i_horcrux/multiplier_tree_inst/u_shared_mul/u_primary_mul/add_x_28/U512/Y (XNOR2_X4M_A9TR)                                                                                                                                                                       0.0247     5.8976 f
  i_horcrux_top/i_horcrux/multiplier_tree_inst/u_shared_mul/u_primary_mul/add_x_28/SUM[62] (unified_mul_32x32_DW01_add_369)                                                                                                                                                      0.0000     5.8976 f
  i_horcrux_top/i_horcrux/multiplier_tree_inst/u_shared_mul/u_primary_mul/U2431/Y (AND2_X11B_A9TR)                                                                                                                                                                               0.0314     5.9290 f
  i_horcrux_top/i_horcrux/multiplier_tree_inst/u_shared_mul/u_primary_mul/add_x_29/A[62] (unified_mul_32x32_DW01_add_438)                                                                                                                                                        0.0000     5.9290 f
  i_horcrux_top/i_horcrux/multiplier_tree_inst/u_shared_mul/u_primary_mul/add_x_29/U262/Y (NAND2_X3A_A9TR)                                                                                                                                                                       0.0215     5.9505 r
  i_horcrux_top/i_horcrux/multiplier_tree_inst/u_shared_mul/u_primary_mul/add_x_29/U436/Y (NAND2_X4A_A9TR)                                                                                                                                                                       0.0219     5.9724 f
  i_horcrux_top/i_horcrux/multiplier_tree_inst/u_shared_mul/u_primary_mul/add_x_29/U449/Y (XOR2_X4M_A9TR)                                                                                                                                                                        0.0222     5.9946 f
  i_horcrux_top/i_horcrux/multiplier_tree_inst/u_shared_mul/u_primary_mul/add_x_29/SUM[62] (unified_mul_32x32_DW01_add_438)                                                                                                                                                      0.0000     5.9946 f
  i_horcrux_top/i_horcrux/multiplier_tree_inst/u_shared_mul/u_primary_mul/U5506/Y (AND2_X11B_A9TR)                                                                                                                                                                               0.0317     6.0263 f
  i_horcrux_top/i_horcrux/multiplier_tree_inst/u_shared_mul/u_primary_mul/add_x_30/A[62] (unified_mul_32x32_DW01_add_457)                                                                                                                                                        0.0000     6.0263 f
  i_horcrux_top/i_horcrux/multiplier_tree_inst/u_shared_mul/u_primary_mul/add_x_30/U455/Y (OR2_X3M_A9TR)                                                                                                                                                                         0.0299     6.0562 f
  i_horcrux_top/i_horcrux/multiplier_tree_inst/u_shared_mul/u_primary_mul/add_x_30/U270/Y (NAND2_X2M_A9TR)                                                                                                                                                                       0.0220     6.0782 r
  i_horcrux_top/i_horcrux/multiplier_tree_inst/u_shared_mul/u_primary_mul/add_x_30/U266/Y (XOR2_X2M_A9TR)                                                                                                                                                                        0.0271     6.1053 f
  i_horcrux_top/i_horcrux/multiplier_tree_inst/u_shared_mul/u_primary_mul/add_x_30/SUM[62] (unified_mul_32x32_DW01_add_457)                                                                                                                                                      0.0000     6.1053 f
  i_horcrux_top/i_horcrux/multiplier_tree_inst/u_shared_mul/u_primary_mul/U2436/Y (AND2_X6B_A9TR)                                                                                                                                                                                0.0393     6.1446 f
  i_horcrux_top/i_horcrux/multiplier_tree_inst/u_shared_mul/u_primary_mul/sub_x_31/A[62] (unified_mul_32x32_DW01_sub_16)                                                                                                                                                         0.0000     6.1446 f
  i_horcrux_top/i_horcrux/multiplier_tree_inst/u_shared_mul/u_primary_mul/sub_x_31/U444/Y (NOR2_X6A_A9TR)                                                                                                                                                                        0.0215     6.1661 r
  i_horcrux_top/i_horcrux/multiplier_tree_inst/u_shared_mul/u_primary_mul/sub_x_31/U269/Y (OAI21_X6M_A9TR)                                                                                                                                                                       0.0266     6.1927 f
  i_horcrux_top/i_horcrux/multiplier_tree_inst/u_shared_mul/u_primary_mul/sub_x_31/U268/Y (XNOR2_X2M_A9TR)                                                                                                                                                                       0.0366     6.2293 f
  i_horcrux_top/i_horcrux/multiplier_tree_inst/u_shared_mul/u_primary_mul/sub_x_31/U447/Y (XNOR2_X4M_A9TR)                                                                                                                                                                       0.0426     6.2719 f
  i_horcrux_top/i_horcrux/multiplier_tree_inst/u_shared_mul/u_primary_mul/sub_x_31/DIFF[63] (unified_mul_32x32_DW01_sub_16)                                                                                                                                                      0.0000     6.2719 f
  i_horcrux_top/i_horcrux/multiplier_tree_inst/u_shared_mul/u_primary_mul/U1225/Y (AND2_X6M_A9TR)                                                                                                                                                                                0.0315     6.3034 f
  i_horcrux_top/i_horcrux/multiplier_tree_inst/u_shared_mul/u_primary_mul/prod_o[63] (unified_mul_32x32)                                                                                                                                                                         0.0000     6.3034 f
  i_horcrux_top/i_horcrux/multiplier_tree_inst/u_shared_mul/U297/Y (INV_X5M_A9TR)                                                                                                                                                                                                0.0116     6.3150 r
  i_horcrux_top/i_horcrux/multiplier_tree_inst/u_shared_mul/U261/Y (OAI21_X1P4M_A9TR)                                                                                                                                                                                            0.0354     6.3505 f
  i_horcrux_top/i_horcrux/multiplier_tree_inst/u_shared_mul/DP_OP_46J11_122_2489/I3[63] (shared_multiplication_logic_DP_OP_46J11_122_2489_2)                                                                                                                                     0.0000     6.3505 f
  i_horcrux_top/i_horcrux/multiplier_tree_inst/u_shared_mul/DP_OP_46J11_122_2489/U2543/Y (XNOR2_X3M_A9TR)                                                                                                                                                                        0.0416     6.3920 f
  i_horcrux_top/i_horcrux/multiplier_tree_inst/u_shared_mul/DP_OP_46J11_122_2489/U4663/Y (XOR2_X4M_A9TR)                                                                                                                                                                         0.0304     6.4224 f
  i_horcrux_top/i_horcrux/multiplier_tree_inst/u_shared_mul/DP_OP_46J11_122_2489/O1[63] (shared_multiplication_logic_DP_OP_46J11_122_2489_2)                                                                                                                                     0.0000     6.4224 f
  i_horcrux_top/i_horcrux/multiplier_tree_inst/u_shared_mul/U291/Y (AOI21_X6M_A9TR)                                                                                                                                                                                              0.0270     6.4494 r
  i_horcrux_top/i_horcrux/multiplier_tree_inst/u_shared_mul/U272/Y (AO1B2_X6M_A9TR)                                                                                                                                                                                              0.0303     6.4797 f
  i_horcrux_top/i_horcrux/multiplier_tree_inst/u_shared_mul/res_lo_o[31] (shared_multiplication_logic)                                                                                                                                                                           0.0000     6.4797 f
  i_horcrux_top/i_horcrux/multiplier_tree_inst/DP_OP_93_149_9367/I2[31] (multiplier_tree_DP_OP_93_149_9367_4)                                                                                                                                                                    0.0000     6.4797 f
  i_horcrux_top/i_horcrux/multiplier_tree_inst/DP_OP_93_149_9367/U585/Y (OR2_X3M_A9TR)                                                                                                                                                                                           0.0320     6.5117 f
  i_horcrux_top/i_horcrux/multiplier_tree_inst/DP_OP_93_149_9367/U584/Y (NAND2_X3B_A9TR)                                                                                                                                                                                         0.0161     6.5278 r
  i_horcrux_top/i_horcrux/multiplier_tree_inst/DP_OP_93_149_9367/U583/Y (XOR2_X4M_A9TR)                                                                                                                                                                                          0.0339     6.5617 r
  i_horcrux_top/i_horcrux/multiplier_tree_inst/DP_OP_93_149_9367/O1[31] (multiplier_tree_DP_OP_93_149_9367_4)                                                                                                                                                                    0.0000     6.5617 r
  i_horcrux_top/i_horcrux/multiplier_tree_inst/U877/Y (AO1B2_X6M_A9TR)                                                                                                                                                                                                           0.0339     6.5956 r
  i_horcrux_top/i_horcrux/multiplier_tree_inst/result_o[31] (multiplier_tree)                                                                                                                                                                                                    0.0000     6.5956 r
  i_horcrux_top/i_horcrux/U44/Y (AO21_X6M_A9TR)                                                                                                                                                                                                                                  0.0339     6.6295 r
  i_horcrux_top/i_horcrux/rd_values_o[rd1][31] (horcrux_NUM_VARIABLES50_VARIABLE_WIDTH32)                                                                                                                                                                                        0.0000     6.6295 r
  i_horcrux_top/commit_stage_i/result_i[rd1][31] (commit_stage_I_xif_result_if_if_xif_coproc_result_X_NUM_RS_3)                                                                                                                                                                  0.0000     6.6295 r
  i_horcrux_top/commit_stage_i/U32/Y (BUFH_X16M_A9TR)                                                                                                                                                                                                                            0.0266     6.6561 r
  i_horcrux_top/commit_stage_i/xif_result_if.result[data][31] (commit_stage_I_xif_result_if_if_xif_coproc_result_X_NUM_RS_3)                                                                                                                                                     0.0000     6.6561 r
  i_horcrux_top/xif_result_if.result[data][31] (horcrux_top_I_xif_compressed_if_if_xif__X_NUM_RS_3I_xif_issue_if_if_xif__X_NUM_RS_3I_xif_commit_if_if_xif__X_NUM_RS_3I_xif_mem_if_if_xif__X_NUM_RS_3I_xif_mem_result_if_if_xif__X_NUM_RS_3I_xif_result_if_if_xif__X_NUM_RS_3)    0.0000     6.6561 r
  result_o[data][31] (out)                                                                                                                                                                                                                                                       0.0038     6.6599 r
  data arrival time                                                                                                                                                                                                                                                                         6.6599

  clock clk (rise edge)                                                                                                                                                                                                                                                          7.4000     7.4000
  clock network delay (ideal)                                                                                                                                                                                                                                                    0.7400     8.1400
  clock uncertainty                                                                                                                                                                                                                                                             -0.3700     7.7700
  output external delay                                                                                                                                                                                                                                                         -1.1100     6.6600
  data required time                                                                                                                                                                                                                                                                        6.6600
  ---------------------------------------------------------------------------------------------------------------------------------------------------------------------------------------------------------------------------------------------------------------------------------------------------
  data required time                                                                                                                                                                                                                                                                        6.6600
  data arrival time                                                                                                                                                                                                                                                                        -6.6599
  ---------------------------------------------------------------------------------------------------------------------------------------------------------------------------------------------------------------------------------------------------------------------------------------------------
  slack (MET)                                                                                                                                                                                                                                                                               0.0001


