Information: Propagating switching activity (medium effort zero delay simulation). (PWR-6)
Warning: Design has unannotated primary inputs. (PWR-414)
Warning: Design has unannotated sequential cell outputs. (PWR-415)
 
****************************************
Report : power
        -analysis_effort medium
Design : horcrux_top_synth
Version: X-2025.06
Date   : Thu Oct  8 09:44:12 2026
****************************************


Library(s) Used:

    sc9_cln40g_base_rvt_tt_typical_max_0p90v_25c (File: /cad/designkit/CBDK_TSMC40_Arm_f2.0/CIC/SynopsysDC/db/sc9_base_rvt/sc9_cln40g_base_rvt_tt_typical_max_0p90v_25c.db)


Operating Conditions: tt_typical_max_0p90v_25c   Library: sc9_cln40g_base_rvt_tt_typical_max_0p90v_25c
Wire Load Model Mode: top

Design        Wire Load Model            Library
------------------------------------------------
horcrux_top_synth      Medium            sc9_cln40g_base_rvt_tt_typical_max_0p90v_25c


Global Operating Voltage = 0.9  
Power-specific unit information :
    Voltage Units = 1V
    Capacitance Units = 1.000000pf
    Time Units = 1ns
    Dynamic Power Units = 1mW    (derived from V,C,T units)
    Leakage Power Units = 1uW


Attributes
----------
i - Including register clock pin internal power


  Cell Internal Power  =   3.8904 mW   (98%)
  Net Switching Power  =  66.8552 uW    (2%)
                         ---------
Total Dynamic Power    =   3.9572 mW  (100%)

Cell Leakage Power     = 822.6985 uW


                 Internal         Switching           Leakage            Total
Power Group      Power            Power               Power              Power   (   %    )  Attrs
--------------------------------------------------------------------------------------------------
io_pad             0.0000            0.0000            0.0000            0.0000  (   0.00%)
memory             0.0000            0.0000            0.0000            0.0000  (   0.00%)
black_box          0.0000            0.0000            0.0000            0.0000  (   0.00%)
clock_network      3.8620            0.0000            0.0000            3.8620  (  80.80%)  i
register       9.0103e-03        5.5457e-03          113.2919            0.1278  (   2.67%)
sequential         0.0000            0.0000            0.0000            0.0000  (   0.00%)
combinational  1.9347e-02        6.1310e-02          709.3763            0.7900  (  16.53%)
--------------------------------------------------------------------------------------------------
Total              3.8904 mW     6.6855e-02 mW       822.6683 uW         4.7799 mW
1
