Information: Propagating switching activity (medium effort zero delay simulation). (PWR-6)
Warning: Design has unannotated primary inputs. (PWR-414)
Warning: Design has unannotated sequential cell outputs. (PWR-415)
 
****************************************
Report : power
        -analysis_effort medium
Design : horcrux_top_synth
Version: X-2025.06
Date   : Wed Oct  7 17:44:24 2026
****************************************


Library(s) Used:

    sc9_cln40g_base_rvt_ss_typical_max_0p81v_125c (File: /cad/designkit/CBDK_TSMC40_Arm_f2.0/CIC/SynopsysDC/db/sc9_base_rvt/sc9_cln40g_base_rvt_ss_typical_max_0p81v_125c.db)


Operating Conditions: ss_typical_max_0p81v_125c   Library: sc9_cln40g_base_rvt_ss_typical_max_0p81v_125c
Wire Load Model Mode: top

Design        Wire Load Model            Library
------------------------------------------------
horcrux_top_synth      Medium            sc9_cln40g_base_rvt_ss_typical_max_0p81v_125c


Global Operating Voltage = 0.81 
Power-specific unit information :
    Voltage Units = 1V
    Capacitance Units = 1.000000pf
    Time Units = 1ns
    Dynamic Power Units = 1mW    (derived from V,C,T units)
    Leakage Power Units = 1uW


Attributes
----------
i - Including register clock pin internal power


  Cell Internal Power  =   2.5040 mW   (98%)
  Net Switching Power  =  47.5959 uW    (2%)
                         ---------
Total Dynamic Power    =   2.5516 mW  (100%)

Cell Leakage Power     =   1.4916 mW


                 Internal         Switching           Leakage            Total
Power Group      Power            Power               Power              Power   (   %    )  Attrs
--------------------------------------------------------------------------------------------------
io_pad             0.0000            0.0000            0.0000            0.0000  (   0.00%)
memory             0.0000            0.0000            0.0000            0.0000  (   0.00%)
black_box          0.0000            0.0000            0.0000            0.0000  (   0.00%)
clock_network      2.4776            0.0000            0.0000            2.4776  (  61.28%)  i
register       8.4527e-03        3.8979e-03          174.9694            0.1873  (   4.63%)
sequential         0.0000            0.0000            0.0000            0.0000  (   0.00%)
combinational  1.8008e-02        4.3698e-02        1.3167e+03            1.3784  (  34.09%)
--------------------------------------------------------------------------------------------------
Total              2.5040 mW     4.7596e-02 mW     1.4916e+03 uW         4.0433 mW
1
