 
****************************************
Report : qor
Design : horcrux_top_synth
Version: X-2025.06
Date   : Wed Oct  7 17:44:17 2026
****************************************


  Timing Path Group 'clk'
  -----------------------------------
  Levels of Logic:              84.00
  Critical Path Length:          4.19
  Critical Path Slack:          -0.03
  Critical Path Clk Period:      5.20
  Total Negative Slack:         -0.57
  No. of Violating Paths:       34.00
  Worst Hold Violation:          0.00
  Total Hold Violation:          0.00
  No. of Hold Violations:        0.00
  -----------------------------------


  Cell Count
  -----------------------------------
  Hierarchical Cell Count:         43
  Hierarchical Port Count:      29183
  Leaf Cell Count:              66707
  Buf/Inv Cell Count:           12529
  Buf Cell Count:                1780
  Inv Cell Count:               10749
  CT Buf/Inv Cell Count:            0
  Combinational Cell Count:     62331
  Sequential Cell Count:         4376
  Macro Count:                      0
  -----------------------------------


  Area
  -----------------------------------
  Combinational Area:    98003.680758
  Noncombinational Area: 19894.214657
  Buf/Inv Area:           9792.543518
  Total Buffer Area:          2159.59
  Total Inverter Area:        7632.95
  Macro/Black Box Area:      0.000000
  Net Area:                  0.000000
  -----------------------------------
  Cell Area:            117897.895416
  Design Area:          117897.895416


  Design Rules
  -----------------------------------
  Total Number of Nets:         74453
  Nets With Violations:           258
  Max Trans Violations:           249
  Max Cap Violations:               0
  Max Fanout Violations:            9
  -----------------------------------


  Hostname: localhost.localdomain

  Compile CPU Statistics
  -----------------------------------------
  Resource Sharing:                    3.70
  Logic Optimization:                  2.59
  Mapping Optimization:              304.88
  -----------------------------------------
  Overall Compile Time:              545.06
  Overall Compile Wall Clock Time:   547.28

  --------------------------------------------------------------------

  Design  WNS: 0.03  TNS: 0.57  Number of Violating Paths: 34


  Design (Hold)  WNS: 0.00  TNS: 0.00  Number of Violating Paths: 0

  --------------------------------------------------------------------


1
