 
****************************************
Report : timing
        -path full
        -delay max
        -nworst 5
        -max_paths 20
Design : horcrux_top_synth
Version: X-2025.06
Date   : Wed Oct  7 17:44:17 2026
****************************************

Operating Conditions: ss_typical_max_0p81v_125c   Library: sc9_cln40g_base_rvt_ss_typical_max_0p81v_125c
Wire Load Model Mode: top

  Startpoint: i_horcrux_top/id_stage_i/select_insn_o_reg[3]
              (rising edge-triggered flip-flop clocked by clk)
  Endpoint: result_o[data][2]
            (output port clocked by clk)
  Path Group: clk
  Path Type: max

  Des/Clust/Port     Wire Load Model       Library
  ------------------------------------------------
  horcrux_top_synth  Medium                sc9_cln40g_base_rvt_ss_typical_max_0p81v_125c

  Point                                                                                                                                                                                                                                                                                                                                                                                                                                                                                                                                               Incr       Path
  --------------------------------------------------------------------------------------------------------------------------------------------------------------------------------------------------------------------------------------------------------------------------------------------------
  clock clk (rise edge)                                                                                                                                                                                                                                                         0.0000     0.0000
  clock network delay (ideal)                                                                                                                                                                                                                                                   0.5200     0.5200
  i_horcrux_top/id_stage_i/select_insn_o_reg[3]/CK (DFFSQN_X3M_A9TR)                                                                                                                                                                                                            0.0000     0.5200 r
  i_horcrux_top/id_stage_i/select_insn_o_reg[3]/QN (DFFSQN_X3M_A9TR)                                                                                                                                                                                                            0.1634     0.6834 f
  i_horcrux_top/id_stage_i/select_insn_o[3] (id_stage_I_xif_issue_if_if_xif_coproc_issue_X_NUM_RS_3)                                                                                                                                                                            0.0000     0.6834 f
  i_horcrux_top/i_horcrux/insn_i[3] (horcrux_NUM_VARIABLES50_VARIABLE_WIDTH32)                                                                                                                                                                                                  0.0000     0.6834 f
  i_horcrux_top/i_horcrux/U243/Y (INV_X11M_A9TR)                                                                                                                                                                                                                                0.0319     0.7153 r
  i_horcrux_top/i_horcrux/U535/Y (INV_X16M_A9TR)                                                                                                                                                                                                                                0.0253     0.7406 f
  i_horcrux_top/i_horcrux/multiplier_tree_inst/insn_i[3] (multiplier_tree)                                                                                                                                                                                                      0.0000     0.7406 f
  i_horcrux_top/i_horcrux/multiplier_tree_inst/U773/Y (INV_X16M_A9TR)                                                                                                                                                                                                           0.0213     0.7619 r
  i_horcrux_top/i_horcrux/multiplier_tree_inst/U1292/Y (NAND3_X4A_A9TR)                                                                                                                                                                                                         0.0352     0.7971 f
  i_horcrux_top/i_horcrux/multiplier_tree_inst/U873/Y (NAND2_X8A_A9TR)                                                                                                                                                                                                          0.0369     0.8340 r
  i_horcrux_top/i_horcrux/multiplier_tree_inst/U1250/Y (AOI22_X8M_A9TR)                                                                                                                                                                                                         0.0432     0.8772 f
  i_horcrux_top/i_horcrux/multiplier_tree_inst/U1083/Y (NAND3_X6A_A9TR)                                                                                                                                                                                                         0.0489     0.9261 r
  i_horcrux_top/i_horcrux/multiplier_tree_inst/U1302/Y (NAND2_X8A_A9TR)                                                                                                                                                                                                         0.0381     0.9642 f
  i_horcrux_top/i_horcrux/multiplier_tree_inst/U386/Y (INV_X11M_A9TR)                                                                                                                                                                                                           0.0271     0.9913 r
  i_horcrux_top/i_horcrux/multiplier_tree_inst/U641/Y (NAND2_X8A_A9TR)                                                                                                                                                                                                          0.0202     1.0114 f
  i_horcrux_top/i_horcrux/multiplier_tree_inst/U640/Y (NAND2_X8A_A9TR)                                                                                                                                                                                                          0.0402     1.0516 r
  i_horcrux_top/i_horcrux/multiplier_tree_inst/u_shared_mul/op_a_i[5] (shared_multiplication_logic)                                                                                                                                                                             0.0000     1.0516 r
  i_horcrux_top/i_horcrux/multiplier_tree_inst/u_shared_mul/u_primary_mul/a_i[5] (unified_mul_32x32)                                                                                                                                                                            0.0000     1.0516 r
  i_horcrux_top/i_horcrux/multiplier_tree_inst/u_shared_mul/u_primary_mul/mult_x_1/a[5] (unified_mul_32x32_DW_mult_tc_4)                                                                                                                                                        0.0000     1.0516 r
  i_horcrux_top/i_horcrux/multiplier_tree_inst/u_shared_mul/u_primary_mul/mult_x_1/U4820/Y (XOR2_X4M_A9TR)                                                                                                                                                                      0.0696     1.1212 r
  i_horcrux_top/i_horcrux/multiplier_tree_inst/u_shared_mul/u_primary_mul/mult_x_1/U4746/Y (NOR2_X8M_A9TR)                                                                                                                                                                      0.0452     1.1664 f
  i_horcrux_top/i_horcrux/multiplier_tree_inst/u_shared_mul/u_primary_mul/mult_x_1/U4185/Y (INV_X9M_A9TR)                                                                                                                                                                       0.0557     1.2221 r
  i_horcrux_top/i_horcrux/multiplier_tree_inst/u_shared_mul/u_primary_mul/mult_x_1/U5215/Y (OAI22_X6M_A9TR)                                                                                                                                                                     0.0664     1.2885 f
  i_horcrux_top/i_horcrux/multiplier_tree_inst/u_shared_mul/u_primary_mul/mult_x_1/U3691/Y (XOR2_X4M_A9TR)                                                                                                                                                                      0.0746     1.3632 f
  i_horcrux_top/i_horcrux/multiplier_tree_inst/u_shared_mul/u_primary_mul/mult_x_1/U4650/Y (XOR2_X4M_A9TR)                                                                                                                                                                      0.0583     1.4215 f
  i_horcrux_top/i_horcrux/multiplier_tree_inst/u_shared_mul/u_primary_mul/mult_x_1/U3116/Y (BUFH_X3P5M_A9TR)                                                                                                                                                                    0.0579     1.4794 f
  i_horcrux_top/i_horcrux/multiplier_tree_inst/u_shared_mul/u_primary_mul/mult_x_1/U5216/Y (OR2_X2B_A9TR)                                                                                                                                                                       0.0492     1.5286 f
  i_horcrux_top/i_horcrux/multiplier_tree_inst/u_shared_mul/u_primary_mul/mult_x_1/U4859/Y (OAI22BB_X6M_A9TR)                                                                                                                                                                   0.0612     1.5897 f
  i_horcrux_top/i_horcrux/multiplier_tree_inst/u_shared_mul/u_primary_mul/mult_x_1/U3852/Y (OR2_X6M_A9TR)                                                                                                                                                                       0.0620     1.6517 f
  i_horcrux_top/i_horcrux/multiplier_tree_inst/u_shared_mul/u_primary_mul/mult_x_1/U2875/Y (NAND2_X6B_A9TR)                                                                                                                                                                     0.0227     1.6744 r
  i_horcrux_top/i_horcrux/multiplier_tree_inst/u_shared_mul/u_primary_mul/mult_x_1/U3593/Y (XNOR2_X4M_A9TR)                                                                                                                                                                     0.0382     1.7126 r
  i_horcrux_top/i_horcrux/multiplier_tree_inst/u_shared_mul/u_primary_mul/mult_x_1/product[10] (unified_mul_32x32_DW_mult_tc_4)                                                                                                                                                 0.0000     1.7126 r
  i_horcrux_top/i_horcrux/multiplier_tree_inst/u_shared_mul/u_primary_mul/U430/Y (AO1B2_X6M_A9TR)                                                                                                                                                                               0.0644     1.7770 r
  i_horcrux_top/i_horcrux/multiplier_tree_inst/u_shared_mul/u_primary_mul/prod_o[10] (unified_mul_32x32)                                                                                                                                                                        0.0000     1.7770 r
  i_horcrux_top/i_horcrux/multiplier_tree_inst/u_shared_mul/U492/Y (BUF_X1B_A9TR)                                                                                                                                                                                               0.1238     1.9008 r
  i_horcrux_top/i_horcrux/multiplier_tree_inst/u_shared_mul/DP_OP_45J11_125_3794/I3[10] (shared_multiplication_logic_DP_OP_45J11_125_3794_3)                                                                                                                                    0.0000     1.9008 r
  i_horcrux_top/i_horcrux/multiplier_tree_inst/u_shared_mul/DP_OP_45J11_125_3794/U4194/CO (ADDF_X1M_A9TR)                                                                                                                                                                       0.1502     2.0510 r
  i_horcrux_top/i_horcrux/multiplier_tree_inst/u_shared_mul/DP_OP_45J11_125_3794/U7062/CO (ADDF_X1M_A9TR)                                                                                                                                                                       0.1228     2.1738 r
  i_horcrux_top/i_horcrux/multiplier_tree_inst/u_shared_mul/DP_OP_45J11_125_3794/U4135/S (ADDF_X1M_A9TR)                                                                                                                                                                        0.1492     2.3230 f
  i_horcrux_top/i_horcrux/multiplier_tree_inst/u_shared_mul/DP_OP_45J11_125_3794/U5443/S (ADDF_X1M_A9TR)                                                                                                                                                                        0.1342     2.4572 r
  i_horcrux_top/i_horcrux/multiplier_tree_inst/u_shared_mul/DP_OP_45J11_125_3794/U6859/CO (ADDF_X2M_A9TR)                                                                                                                                                                       0.1082     2.5654 r
  i_horcrux_top/i_horcrux/multiplier_tree_inst/u_shared_mul/DP_OP_45J11_125_3794/U4026/S (ADDF_X1M_A9TR)                                                                                                                                                                        0.1400     2.7054 f
  i_horcrux_top/i_horcrux/multiplier_tree_inst/u_shared_mul/DP_OP_45J11_125_3794/U3988/S (ADDF_X1M_A9TR)                                                                                                                                                                        0.1436     2.8490 r
  i_horcrux_top/i_horcrux/multiplier_tree_inst/u_shared_mul/DP_OP_45J11_125_3794/U6864/Y (AND2_X1P4M_A9TR)                                                                                                                                                                      0.0812     2.9302 r
  i_horcrux_top/i_horcrux/multiplier_tree_inst/u_shared_mul/DP_OP_45J11_125_3794/U6865/Y (AOI21_X4M_A9TR)                                                                                                                                                                       0.0363     2.9665 f
  i_horcrux_top/i_horcrux/multiplier_tree_inst/u_shared_mul/DP_OP_45J11_125_3794/U4824/Y (OAI21_X4M_A9TR)                                                                                                                                                                       0.0432     3.0096 r
  i_horcrux_top/i_horcrux/multiplier_tree_inst/u_shared_mul/DP_OP_45J11_125_3794/U5267/Y (AOI21_X4M_A9TR)                                                                                                                                                                       0.0456     3.0552 f
  i_horcrux_top/i_horcrux/multiplier_tree_inst/u_shared_mul/DP_OP_45J11_125_3794/U4822/Y (OAI21_X4M_A9TR)                                                                                                                                                                       0.0462     3.1014 r
  i_horcrux_top/i_horcrux/multiplier_tree_inst/u_shared_mul/DP_OP_45J11_125_3794/U4353/Y (AOI21_X6M_A9TR)                                                                                                                                                                       0.0475     3.1488 f
  i_horcrux_top/i_horcrux/multiplier_tree_inst/u_shared_mul/DP_OP_45J11_125_3794/U5259/Y (OAI21_X8M_A9TR)                                                                                                                                                                       0.0373     3.1862 r
  i_horcrux_top/i_horcrux/multiplier_tree_inst/u_shared_mul/DP_OP_45J11_125_3794/U4814/Y (AOI21_X8M_A9TR)                                                                                                                                                                       0.0372     3.2234 f
  i_horcrux_top/i_horcrux/multiplier_tree_inst/u_shared_mul/DP_OP_45J11_125_3794/U5685/Y (OAI21_X8M_A9TR)                                                                                                                                                                       0.0363     3.2597 r
  i_horcrux_top/i_horcrux/multiplier_tree_inst/u_shared_mul/DP_OP_45J11_125_3794/U4954/Y (NAND2_X6M_A9TR)                                                                                                                                                                       0.0249     3.2846 f
  i_horcrux_top/i_horcrux/multiplier_tree_inst/u_shared_mul/DP_OP_45J11_125_3794/U4966/Y (NAND2_X8A_A9TR)                                                                                                                                                                       0.0210     3.3056 r
  i_horcrux_top/i_horcrux/multiplier_tree_inst/u_shared_mul/DP_OP_45J11_125_3794/U4965/Y (AOI21_X8M_A9TR)                                                                                                                                                                       0.0320     3.3376 f
  i_horcrux_top/i_horcrux/multiplier_tree_inst/u_shared_mul/DP_OP_45J11_125_3794/U6045/Y (OAI21_X8M_A9TR)                                                                                                                                                                       0.0342     3.3717 r
  i_horcrux_top/i_horcrux/multiplier_tree_inst/u_shared_mul/DP_OP_45J11_125_3794/U5385/Y (AOI21_X8M_A9TR)                                                                                                                                                                       0.0405     3.4122 f
  i_horcrux_top/i_horcrux/multiplier_tree_inst/u_shared_mul/DP_OP_45J11_125_3794/U6608/Y (OAI21_X8M_A9TR)                                                                                                                                                                       0.0366     3.4488 r
  i_horcrux_top/i_horcrux/multiplier_tree_inst/u_shared_mul/DP_OP_45J11_125_3794/U4819/Y (NAND2_X8A_A9TR)                                                                                                                                                                       0.0230     3.4718 f
  i_horcrux_top/i_horcrux/multiplier_tree_inst/u_shared_mul/DP_OP_45J11_125_3794/U6424/Y (AOI21_X8M_A9TR)                                                                                                                                                                       0.0347     3.5065 r
  i_horcrux_top/i_horcrux/multiplier_tree_inst/u_shared_mul/DP_OP_45J11_125_3794/U4473/Y (OAI21_X8M_A9TR)                                                                                                                                                                       0.0335     3.5400 f
  i_horcrux_top/i_horcrux/multiplier_tree_inst/u_shared_mul/DP_OP_45J11_125_3794/U4470/Y (NAND2_X8A_A9TR)                                                                                                                                                                       0.0274     3.5673 r
  i_horcrux_top/i_horcrux/multiplier_tree_inst/u_shared_mul/DP_OP_45J11_125_3794/U4384/Y (NAND2_X6A_A9TR)                                                                                                                                                                       0.0198     3.5872 f
  i_horcrux_top/i_horcrux/multiplier_tree_inst/u_shared_mul/DP_OP_45J11_125_3794/U4366/Y (NOR3BB_X8M_A9TR)                                                                                                                                                                      0.0512     3.6384 f
  i_horcrux_top/i_horcrux/multiplier_tree_inst/u_shared_mul/DP_OP_45J11_125_3794/U5415/Y (INV_X16M_A9TR)                                                                                                                                                                        0.0427     3.6810 r
  i_horcrux_top/i_horcrux/multiplier_tree_inst/u_shared_mul/DP_OP_45J11_125_3794/O1[31] (shared_multiplication_logic_DP_OP_45J11_125_3794_3)                                                                                                                                    0.0000     3.6810 r
  i_horcrux_top/i_horcrux/multiplier_tree_inst/u_shared_mul/U404/Y (NAND2XB_X8M_A9TR)                                                                                                                                                                                           0.0263     3.7074 f
  i_horcrux_top/i_horcrux/multiplier_tree_inst/u_shared_mul/U260/Y (INV_X11M_A9TR)                                                                                                                                                                                              0.0237     3.7311 r
  i_horcrux_top/i_horcrux/multiplier_tree_inst/u_shared_mul/DP_OP_45J11_125_3794/I4[2] (shared_multiplication_logic_DP_OP_45J11_125_3794_3)                                                                                                                                     0.0000     3.7311 r
  i_horcrux_top/i_horcrux/multiplier_tree_inst/u_shared_mul/DP_OP_45J11_125_3794/U5588/Y (NOR2_X6A_A9TR)                                                                                                                                                                        0.0194     3.7505 f
  i_horcrux_top/i_horcrux/multiplier_tree_inst/u_shared_mul/DP_OP_45J11_125_3794/U7282/Y (NOR2_X8A_A9TR)                                                                                                                                                                        0.0459     3.7964 r
  i_horcrux_top/i_horcrux/multiplier_tree_inst/u_shared_mul/DP_OP_45J11_125_3794/U6657/Y (AOI21_X8M_A9TR)                                                                                                                                                                       0.0519     3.8483 f
  i_horcrux_top/i_horcrux/multiplier_tree_inst/u_shared_mul/DP_OP_45J11_125_3794/U7298/Y (OAI21_X8M_A9TR)                                                                                                                                                                       0.0391     3.8874 r
  i_horcrux_top/i_horcrux/multiplier_tree_inst/u_shared_mul/DP_OP_45J11_125_3794/U7368/Y (XOR2_X4M_A9TR)                                                                                                                                                                        0.0354     3.9229 f
  i_horcrux_top/i_horcrux/multiplier_tree_inst/u_shared_mul/DP_OP_45J11_125_3794/O2[4] (shared_multiplication_logic_DP_OP_45J11_125_3794_3)                                                                                                                                     0.0000     3.9229 f
  i_horcrux_top/i_horcrux/multiplier_tree_inst/u_shared_mul/U271/Y (NAND2_X6M_A9TR)                                                                                                                                                                                             0.0339     3.9568 r
  i_horcrux_top/i_horcrux/multiplier_tree_inst/u_shared_mul/U105/Y (NAND2_X6B_A9TR)                                                                                                                                                                                             0.0278     3.9846 f
  i_horcrux_top/i_horcrux/multiplier_tree_inst/u_shared_mul/res_lo_o[4] (shared_multiplication_logic)                                                                                                                                                                           0.0000     3.9846 f
  i_horcrux_top/i_horcrux/multiplier_tree_inst/U650/Y (INV_X13M_A9TR)                                                                                                                                                                                                           0.0245     4.0091 r
  i_horcrux_top/i_horcrux/multiplier_tree_inst/U646/Y (INV_X16B_A9TR)                                                                                                                                                                                                           0.0185     4.0276 f
  i_horcrux_top/i_horcrux/multiplier_tree_inst/DP_OP_96J7_122_9380/I2[4] (multiplier_tree_DP_OP_96J7_122_9380_2)                                                                                                                                                                0.0000     4.0276 f
  i_horcrux_top/i_horcrux/multiplier_tree_inst/DP_OP_96J7_122_9380/U787/Y (INV_X13M_A9TR)                                                                                                                                                                                       0.0141     4.0417 r
  i_horcrux_top/i_horcrux/multiplier_tree_inst/DP_OP_96J7_122_9380/U786/Y (NAND2_X8A_A9TR)                                                                                                                                                                                      0.0210     4.0628 f
  i_horcrux_top/i_horcrux/multiplier_tree_inst/DP_OP_96J7_122_9380/U804/Y (AOI21_X8M_A9TR)                                                                                                                                                                                      0.0399     4.1027 r
  i_horcrux_top/i_horcrux/multiplier_tree_inst/DP_OP_96J7_122_9380/U793/Y (OAI21_X8M_A9TR)                                                                                                                                                                                      0.0312     4.1339 f
  i_horcrux_top/i_horcrux/multiplier_tree_inst/DP_OP_96J7_122_9380/U742/Y (NAND2_X8A_A9TR)                                                                                                                                                                                      0.0234     4.1573 r
  i_horcrux_top/i_horcrux/multiplier_tree_inst/DP_OP_96J7_122_9380/U843/Y (AOI21_X8M_A9TR)                                                                                                                                                                                      0.0315     4.1888 f
  i_horcrux_top/i_horcrux/multiplier_tree_inst/DP_OP_96J7_122_9380/U739/Y (AO21A1AI2_X6M_A9TR)                                                                                                                                                                                  0.0507     4.2396 r
  i_horcrux_top/i_horcrux/multiplier_tree_inst/DP_OP_96J7_122_9380/U737/Y (AOI2XB1_X8M_A9TR)                                                                                                                                                                                    0.0463     4.2859 f
  i_horcrux_top/i_horcrux/multiplier_tree_inst/DP_OP_96J7_122_9380/U921/Y (INV_X9M_A9TR)                                                                                                                                                                                        0.0244     4.3103 r
  i_horcrux_top/i_horcrux/multiplier_tree_inst/DP_OP_96J7_122_9380/U760/Y (NAND2_X8A_A9TR)                                                                                                                                                                                      0.0187     4.3290 f
  i_horcrux_top/i_horcrux/multiplier_tree_inst/DP_OP_96J7_122_9380/U768/Y (NAND3_X6A_A9TR)                                                                                                                                                                                      0.0229     4.3518 r
  i_horcrux_top/i_horcrux/multiplier_tree_inst/DP_OP_96J7_122_9380/O2[16] (multiplier_tree_DP_OP_96J7_122_9380_2)                                                                                                                                                               0.0000     4.3518 r
  i_horcrux_top/i_horcrux/multiplier_tree_inst/U1036/Y (INV_X13B_A9TR)                                                                                                                                                                                                          0.0251     4.3769 f
  i_horcrux_top/i_horcrux/multiplier_tree_inst/U1215/Y (INV_X16M_A9TR)                                                                                                                                                                                                          0.0303     4.4072 r
  i_horcrux_top/i_horcrux/multiplier_tree_inst/DP_OP_96J7_122_9380/I3[12] (multiplier_tree_DP_OP_96J7_122_9380_2)                                                                                                                                                               0.0000     4.4072 r
  i_horcrux_top/i_horcrux/multiplier_tree_inst/DP_OP_96J7_122_9380/U603/Y (BUFH_X2M_A9TR)                                                                                                                                                                                       0.0492     4.4565 r
  i_horcrux_top/i_horcrux/multiplier_tree_inst/DP_OP_96J7_122_9380/U783/Y (AOI22_X6M_A9TR)                                                                                                                                                                                      0.0358     4.4923 f
  i_horcrux_top/i_horcrux/multiplier_tree_inst/DP_OP_96J7_122_9380/U781/Y (OAI21_X6M_A9TR)                                                                                                                                                                                      0.0395     4.5318 r
  i_horcrux_top/i_horcrux/multiplier_tree_inst/DP_OP_96J7_122_9380/O3[2] (multiplier_tree_DP_OP_96J7_122_9380_2)                                                                                                                                                                0.0000     4.5318 r
  i_horcrux_top/i_horcrux/multiplier_tree_inst/U2082/Y (AO1B2_X4M_A9TR)                                                                                                                                                                                                         0.0550     4.5868 r
  i_horcrux_top/i_horcrux/multiplier_tree_inst/result_o[2] (multiplier_tree)                                                                                                                                                                                                    0.0000     4.5868 r
  i_horcrux_top/i_horcrux/U4920/Y (AO1B2_X6M_A9TR)                                                                                                                                                                                                                              0.0597     4.6465 r
  i_horcrux_top/i_horcrux/rd_values_o[rd1][2] (horcrux_NUM_VARIABLES50_VARIABLE_WIDTH32)                                                                                                                                                                                        0.0000     4.6465 r
  i_horcrux_top/commit_stage_i/result_i[rd1][2] (commit_stage_I_xif_result_if_if_xif_coproc_result_X_NUM_RS_3)                                                                                                                                                                  0.0000     4.6465 r
  i_horcrux_top/commit_stage_i/U5/Y (BUFH_X16M_A9TR)                                                                                                                                                                                                                            0.0547     4.7012 r
  i_horcrux_top/commit_stage_i/xif_result_if.result[data][2] (commit_stage_I_xif_result_if_if_xif_coproc_result_X_NUM_RS_3)                                                                                                                                                     0.0000     4.7012 r
  i_horcrux_top/xif_result_if.result[data][2] (horcrux_top_I_xif_compressed_if_if_xif__X_NUM_RS_3I_xif_issue_if_if_xif__X_NUM_RS_3I_xif_commit_if_if_xif__X_NUM_RS_3I_xif_mem_if_if_xif__X_NUM_RS_3I_xif_mem_result_if_if_xif__X_NUM_RS_3I_xif_result_if_if_xif__X_NUM_RS_3)    0.0000     4.7012 r
  result_o[data][2] (out)                                                                                                                                                                                                                                                       0.0038     4.7050 r
  data arrival time                                                                                                                                                                                                                                                                        4.7050

  clock clk (rise edge)                                                                                                                                                                                                                                                         5.2000     5.2000
  clock network delay (ideal)                                                                                                                                                                                                                                                   0.5200     5.7200
  clock uncertainty                                                                                                                                                                                                                                                            -0.2600     5.4600
  output external delay                                                                                                                                                                                                                                                        -0.7800     4.6800
  data required time                                                                                                                                                                                                                                                                       4.6800
  --------------------------------------------------------------------------------------------------------------------------------------------------------------------------------------------------------------------------------------------------------------------------------------------------
  data required time                                                                                                                                                                                                                                                                       4.6800
  data arrival time                                                                                                                                                                                                                                                                       -4.7050
  --------------------------------------------------------------------------------------------------------------------------------------------------------------------------------------------------------------------------------------------------------------------------------------------------
  slack (VIOLATED)                                                                                                                                                                                                                                                                        -0.0250


