 
****************************************
Report : qor
Design : horcrux_top_synth
Version: X-2025.06
Date   : Thu Oct  8 10:51:30 2026
****************************************


  Timing Path Group 'clk'
  -----------------------------------
  Levels of Logic:              77.00
  Critical Path Length:          2.41
  Critical Path Slack:          -0.01
  Critical Path Clk Period:      3.00
  Total Negative Slack:         -0.10
  No. of Violating Paths:       29.00
  Worst Hold Violation:          0.00
  Total Hold Violation:          0.00
  No. of Hold Violations:        0.00
  -----------------------------------


  Cell Count
  -----------------------------------
  Hierarchical Cell Count:         43
  Hierarchical Port Count:      29183
  Leaf Cell Count:              64983
  Buf/Inv Cell Count:           11028
  Buf Cell Count:                3015
  Inv Cell Count:                8013
  CT Buf/Inv Cell Count:            0
  Combinational Cell Count:     60607
  Sequential Cell Count:         4376
  Macro Count:                      0
  -----------------------------------


  Area
  -----------------------------------
  Combinational Area:    93315.724816
  Noncombinational Area: 19894.214657
  Buf/Inv Area:           8486.629141
  Total Buffer Area:          3559.63
  Total Inverter Area:        4927.00
  Macro/Black Box Area:      0.000000
  Net Area:                  0.000000
  -----------------------------------
  Cell Area:            113209.939473
  Design Area:          113209.939473


  Design Rules
  -----------------------------------
  Total Number of Nets:         72776
  Nets With Violations:            29
  Max Trans Violations:            21
  Max Cap Violations:               1
  Max Fanout Violations:            9
  -----------------------------------


  Hostname: localhost.localdomain

  Compile CPU Statistics
  -----------------------------------------
  Resource Sharing:                    3.59
  Logic Optimization:                  2.51
  Mapping Optimization:              322.27
  -----------------------------------------
  Overall Compile Time:              554.70
  Overall Compile Wall Clock Time:   556.96

  --------------------------------------------------------------------

  Design  WNS: 0.01  TNS: 0.10  Number of Violating Paths: 29


  Design (Hold)  WNS: 0.00  TNS: 0.00  Number of Violating Paths: 0

  --------------------------------------------------------------------


1
