 
****************************************
Report : timing
        -path full
        -delay max
        -nworst 5
        -max_paths 20
Design : horcrux_top_synth
Version: X-2025.06
Date   : Thu Oct  8 10:51:30 2026
****************************************

Operating Conditions: tt_typical_max_0p90v_25c   Library: sc9_cln40g_base_rvt_tt_typical_max_0p90v_25c
Wire Load Model Mode: top

  Startpoint: i_horcrux_top/id_stage_i/rs_values_o_reg[rs2][1]
              (rising edge-triggered flip-flop clocked by clk)
  Endpoint: result_o[data][15]
            (output port clocked by clk)
  Path Group: clk
  Path Type: max

  Des/Clust/Port     Wire Load Model       Library
  ------------------------------------------------
  horcrux_top_synth  Medium                sc9_cln40g_base_rvt_tt_typical_max_0p90v_25c

  Point                                                                                                                                                                                                                                                                                                                                                                                                                                                                                                                                                 Incr       Path
  ---------------------------------------------------------------------------------------------------------------------------------------------------------------------------------------------------------------------------------------------------------------------------------------------------
  clock clk (rise edge)                                                                                                                                                                                                                                                          0.0000     0.0000
  clock network delay (ideal)                                                                                                                                                                                                                                                    0.3000     0.3000
  i_horcrux_top/id_stage_i/rs_values_o_reg[rs2][1]/CK (DFFSQN_X3M_A9TR)                                                                                                                                                                                                          0.0000     0.3000 r
  i_horcrux_top/id_stage_i/rs_values_o_reg[rs2][1]/QN (DFFSQN_X3M_A9TR)                                                                                                                                                                                                          0.0953     0.3953 r
  i_horcrux_top/id_stage_i/rs_values_o[rs2][1] (id_stage_I_xif_issue_if_if_xif_coproc_issue_X_NUM_RS_3)                                                                                                                                                                          0.0000     0.3953 r
  i_horcrux_top/i_horcrux/rs_values_i[rs2][1] (horcrux_NUM_VARIABLES50_VARIABLE_WIDTH32)                                                                                                                                                                                         0.0000     0.3953 r
  i_horcrux_top/i_horcrux/multiplier_tree_inst/multiplier_tree2_i[1] (multiplier_tree)                                                                                                                                                                                           0.0000     0.3953 r
  i_horcrux_top/i_horcrux/multiplier_tree_inst/U567/Y (BUF_X16M_A9TR)                                                                                                                                                                                                            0.0295     0.4248 r
  i_horcrux_top/i_horcrux/multiplier_tree_inst/U357/Y (BUFH_X11M_A9TR)                                                                                                                                                                                                           0.0213     0.4461 r
  i_horcrux_top/i_horcrux/multiplier_tree_inst/sub_x_3/B[1] (multiplier_tree_DW01_sub_0)                                                                                                                                                                                         0.0000     0.4461 r
  i_horcrux_top/i_horcrux/multiplier_tree_inst/sub_x_3/U484/Y (AND2_X8M_A9TR)                                                                                                                                                                                                    0.0259     0.4720 r
  i_horcrux_top/i_horcrux/multiplier_tree_inst/sub_x_3/U467/Y (AOI21_X8M_A9TR)                                                                                                                                                                                                   0.0191     0.4911 f
  i_horcrux_top/i_horcrux/multiplier_tree_inst/sub_x_3/U649/Y (AOI21_X6M_A9TR)                                                                                                                                                                                                   0.0364     0.5275 r
  i_horcrux_top/i_horcrux/multiplier_tree_inst/sub_x_3/U432/Y (OA21_X6M_A9TR)                                                                                                                                                                                                    0.0342     0.5617 r
  i_horcrux_top/i_horcrux/multiplier_tree_inst/sub_x_3/U542/Y (XOR2_X4M_A9TR)                                                                                                                                                                                                    0.0219     0.5835 r
  i_horcrux_top/i_horcrux/multiplier_tree_inst/sub_x_3/DIFF[5] (multiplier_tree_DW01_sub_0)                                                                                                                                                                                      0.0000     0.5835 r
  i_horcrux_top/i_horcrux/multiplier_tree_inst/U534/Y (NAND2_X6A_A9TR)                                                                                                                                                                                                           0.0150     0.5985 f
  i_horcrux_top/i_horcrux/multiplier_tree_inst/U572/Y (NOR3BB_X6M_A9TR)                                                                                                                                                                                                          0.0315     0.6300 f
  i_horcrux_top/i_horcrux/multiplier_tree_inst/U738/Y (NAND3_X6A_A9TR)                                                                                                                                                                                                           0.0161     0.6462 r
  i_horcrux_top/i_horcrux/multiplier_tree_inst/u_shared_mul/op_b_i[5] (shared_multiplication_logic)                                                                                                                                                                              0.0000     0.6462 r
  i_horcrux_top/i_horcrux/multiplier_tree_inst/u_shared_mul/u_primary_mul/b_i[5] (unified_mul_32x32)                                                                                                                                                                             0.0000     0.6462 r
  i_horcrux_top/i_horcrux/multiplier_tree_inst/u_shared_mul/u_primary_mul/U249/Y (INV_X9M_A9TR)                                                                                                                                                                                  0.0122     0.6583 f
  i_horcrux_top/i_horcrux/multiplier_tree_inst/u_shared_mul/u_primary_mul/U693/Y (INV_X16M_A9TR)                                                                                                                                                                                 0.0198     0.6781 r
  i_horcrux_top/i_horcrux/multiplier_tree_inst/u_shared_mul/u_primary_mul/mult_x_1/b[5] (unified_mul_32x32_DW_mult_tc_5)                                                                                                                                                         0.0000     0.6781 r
  i_horcrux_top/i_horcrux/multiplier_tree_inst/u_shared_mul/u_primary_mul/mult_x_1/U4487/Y (XOR2_X4M_A9TR)                                                                                                                                                                       0.0319     0.7100 r
  i_horcrux_top/i_horcrux/multiplier_tree_inst/u_shared_mul/u_primary_mul/mult_x_1/U3996/Y (OAI22_X8M_A9TR)                                                                                                                                                                      0.0342     0.7443 f
  i_horcrux_top/i_horcrux/multiplier_tree_inst/u_shared_mul/u_primary_mul/mult_x_1/U3993/Y (XOR2_X4M_A9TR)                                                                                                                                                                       0.0396     0.7839 f
  i_horcrux_top/i_horcrux/multiplier_tree_inst/u_shared_mul/u_primary_mul/mult_x_1/U5773/Y (XOR2_X4M_A9TR)                                                                                                                                                                       0.0352     0.8190 r
  i_horcrux_top/i_horcrux/multiplier_tree_inst/u_shared_mul/u_primary_mul/mult_x_1/U3384/Y (AOI21_X8M_A9TR)                                                                                                                                                                      0.0367     0.8557 f
  i_horcrux_top/i_horcrux/multiplier_tree_inst/u_shared_mul/u_primary_mul/mult_x_1/U2834/Y (INV_X5B_A9TR)                                                                                                                                                                        0.0154     0.8711 r
  i_horcrux_top/i_horcrux/multiplier_tree_inst/u_shared_mul/u_primary_mul/mult_x_1/U2796/Y (XOR2_X3M_A9TR)                                                                                                                                                                       0.0368     0.9080 r
  i_horcrux_top/i_horcrux/multiplier_tree_inst/u_shared_mul/u_primary_mul/mult_x_1/U3221/Y (XOR2_X4M_A9TR)                                                                                                                                                                       0.0383     0.9463 r
  i_horcrux_top/i_horcrux/multiplier_tree_inst/u_shared_mul/u_primary_mul/mult_x_1/product[8] (unified_mul_32x32_DW_mult_tc_5)                                                                                                                                                   0.0000     0.9463 r
  i_horcrux_top/i_horcrux/multiplier_tree_inst/u_shared_mul/u_primary_mul/U250/Y (AO1B2_X6M_A9TR)                                                                                                                                                                                0.0358     0.9821 r
  i_horcrux_top/i_horcrux/multiplier_tree_inst/u_shared_mul/u_primary_mul/prod_o[8] (unified_mul_32x32)                                                                                                                                                                          0.0000     0.9821 r
  i_horcrux_top/i_horcrux/multiplier_tree_inst/u_shared_mul/U432/Y (AND2_X11M_A9TR)                                                                                                                                                                                              0.0301     1.0121 r
  i_horcrux_top/i_horcrux/multiplier_tree_inst/u_shared_mul/mult_x_3/a[8] (shared_multiplication_logic_DW_mult_uns_4)                                                                                                                                                            0.0000     1.0121 r
  i_horcrux_top/i_horcrux/multiplier_tree_inst/u_shared_mul/mult_x_3/U1256/Y (XOR2_X4M_A9TR)                                                                                                                                                                                     0.0242     1.0364 r
  i_horcrux_top/i_horcrux/multiplier_tree_inst/u_shared_mul/mult_x_3/U1050/Y (OAI22_X8M_A9TR)                                                                                                                                                                                    0.0319     1.0683 f
  i_horcrux_top/i_horcrux/multiplier_tree_inst/u_shared_mul/mult_x_3/U1106/Y (NOR2_X6M_A9TR)                                                                                                                                                                                     0.0260     1.0943 r
  i_horcrux_top/i_horcrux/multiplier_tree_inst/u_shared_mul/mult_x_3/U881/Y (NAND2B_X6M_A9TR)                                                                                                                                                                                    0.0319     1.1262 r
  i_horcrux_top/i_horcrux/multiplier_tree_inst/u_shared_mul/mult_x_3/U1327/Y (XOR2_X4M_A9TR)                                                                                                                                                                                     0.0231     1.1493 r
  i_horcrux_top/i_horcrux/multiplier_tree_inst/u_shared_mul/mult_x_3/product[8] (shared_multiplication_logic_DW_mult_uns_4)                                                                                                                                                      0.0000     1.1493 r
  i_horcrux_top/i_horcrux/multiplier_tree_inst/u_shared_mul/U384/Y (AND2_X11B_A9TR)                                                                                                                                                                                              0.0323     1.1815 r
  i_horcrux_top/i_horcrux/multiplier_tree_inst/u_shared_mul/DP_OP_45J11_125_3794/I1[8] (shared_multiplication_logic_DP_OP_45J11_125_3794_3)                                                                                                                                      0.0000     1.1815 r
  i_horcrux_top/i_horcrux/multiplier_tree_inst/u_shared_mul/DP_OP_45J11_125_3794/U4623/Y (BUFH_X1P7M_A9TR)                                                                                                                                                                       0.0313     1.2128 r
  i_horcrux_top/i_horcrux/multiplier_tree_inst/u_shared_mul/DP_OP_45J11_125_3794/U4678/Y (XNOR2_X1M_A9TR)                                                                                                                                                                        0.0460     1.2589 f
  i_horcrux_top/i_horcrux/multiplier_tree_inst/u_shared_mul/DP_OP_45J11_125_3794/U6604/Y (OAI22_X0P7M_A9TR)                                                                                                                                                                      0.0986     1.3574 r
  i_horcrux_top/i_horcrux/multiplier_tree_inst/u_shared_mul/DP_OP_45J11_125_3794/U5193/CO (ADDF_X2M_A9TR)                                                                                                                                                                        0.0764     1.4338 r
  i_horcrux_top/i_horcrux/multiplier_tree_inst/u_shared_mul/DP_OP_45J11_125_3794/U6612/S (ADDF_X2M_A9TR)                                                                                                                                                                         0.0798     1.5135 f
  i_horcrux_top/i_horcrux/multiplier_tree_inst/u_shared_mul/DP_OP_45J11_125_3794/U6663/S (ADDF_X2M_A9TR)                                                                                                                                                                         0.0802     1.5937 r
  i_horcrux_top/i_horcrux/multiplier_tree_inst/u_shared_mul/DP_OP_45J11_125_3794/U5870/CO (ADDF_X2M_A9TR)                                                                                                                                                                        0.0587     1.6524 r
  i_horcrux_top/i_horcrux/multiplier_tree_inst/u_shared_mul/DP_OP_45J11_125_3794/U6071/CO (ADDF_X2M_A9TR)                                                                                                                                                                        0.0745     1.7269 r
  i_horcrux_top/i_horcrux/multiplier_tree_inst/u_shared_mul/DP_OP_45J11_125_3794/U3484/Y (NAND2_X2A_A9TR)                                                                                                                                                                        0.0285     1.7554 f
  i_horcrux_top/i_horcrux/multiplier_tree_inst/u_shared_mul/DP_OP_45J11_125_3794/U6772/Y (NAND2_X6B_A9TR)                                                                                                                                                                        0.0214     1.7768 r
  i_horcrux_top/i_horcrux/multiplier_tree_inst/u_shared_mul/DP_OP_45J11_125_3794/U4343/Y (XNOR2_X4M_A9TR)                                                                                                                                                                        0.0224     1.7992 r
  i_horcrux_top/i_horcrux/multiplier_tree_inst/u_shared_mul/DP_OP_45J11_125_3794/U4342/Y (XOR2_X4M_A9TR)                                                                                                                                                                         0.0454     1.8447 r
  i_horcrux_top/i_horcrux/multiplier_tree_inst/u_shared_mul/DP_OP_45J11_125_3794/U6871/Y (NAND2XB_X3M_A9TR)                                                                                                                                                                      0.0185     1.8631 f
  i_horcrux_top/i_horcrux/multiplier_tree_inst/u_shared_mul/DP_OP_45J11_125_3794/U5730/Y (AOI21B_X6M_A9TR)                                                                                                                                                                       0.0352     1.8983 f
  i_horcrux_top/i_horcrux/multiplier_tree_inst/u_shared_mul/DP_OP_45J11_125_3794/U4113/Y (AOI21_X8M_A9TR)                                                                                                                                                                        0.0265     1.9249 r
  i_horcrux_top/i_horcrux/multiplier_tree_inst/u_shared_mul/DP_OP_45J11_125_3794/U5420/Y (OAI21_X8M_A9TR)                                                                                                                                                                        0.0210     1.9458 f
  i_horcrux_top/i_horcrux/multiplier_tree_inst/u_shared_mul/DP_OP_45J11_125_3794/U4271/Y (AOI21_X8M_A9TR)                                                                                                                                                                        0.0214     1.9672 r
  i_horcrux_top/i_horcrux/multiplier_tree_inst/u_shared_mul/DP_OP_45J11_125_3794/U6138/Y (OAI21_X8M_A9TR)                                                                                                                                                                        0.0202     1.9874 f
  i_horcrux_top/i_horcrux/multiplier_tree_inst/u_shared_mul/DP_OP_45J11_125_3794/U5417/Y (AOI21_X8M_A9TR)                                                                                                                                                                        0.0214     2.0088 r
  i_horcrux_top/i_horcrux/multiplier_tree_inst/u_shared_mul/DP_OP_45J11_125_3794/U5416/Y (OAI21_X8M_A9TR)                                                                                                                                                                        0.0192     2.0280 f
  i_horcrux_top/i_horcrux/multiplier_tree_inst/u_shared_mul/DP_OP_45J11_125_3794/U5496/Y (XOR2_X4M_A9TR)                                                                                                                                                                         0.0255     2.0535 f
  i_horcrux_top/i_horcrux/multiplier_tree_inst/u_shared_mul/DP_OP_45J11_125_3794/U5549/Y (INV_X11M_A9TR)                                                                                                                                                                         0.0217     2.0752 r
  i_horcrux_top/i_horcrux/multiplier_tree_inst/u_shared_mul/DP_OP_45J11_125_3794/O1[31] (shared_multiplication_logic_DP_OP_45J11_125_3794_3)                                                                                                                                     0.0000     2.0752 r
  i_horcrux_top/i_horcrux/multiplier_tree_inst/u_shared_mul/U488/Y (BUFH_X16M_A9TR)                                                                                                                                                                                              0.0234     2.0986 r
  i_horcrux_top/i_horcrux/multiplier_tree_inst/u_shared_mul/U112/Y (AND2_X11M_A9TR)                                                                                                                                                                                              0.0244     2.1230 r
  i_horcrux_top/i_horcrux/multiplier_tree_inst/u_shared_mul/DP_OP_45J11_125_3794/I4[1] (shared_multiplication_logic_DP_OP_45J11_125_3794_3)                                                                                                                                      0.0000     2.1230 r
  i_horcrux_top/i_horcrux/multiplier_tree_inst/u_shared_mul/DP_OP_45J11_125_3794/U4862/Y (NAND2XB_X6M_A9TR)                                                                                                                                                                      0.0159     2.1389 f
  i_horcrux_top/i_horcrux/multiplier_tree_inst/u_shared_mul/DP_OP_45J11_125_3794/U5458/Y (OAI21_X8M_A9TR)                                                                                                                                                                        0.0237     2.1626 r
  i_horcrux_top/i_horcrux/multiplier_tree_inst/u_shared_mul/DP_OP_45J11_125_3794/U6160/Y (AOI21_X8M_A9TR)                                                                                                                                                                        0.0238     2.1863 f
  i_horcrux_top/i_horcrux/multiplier_tree_inst/u_shared_mul/DP_OP_45J11_125_3794/U4429/Y (NAND2_X8A_A9TR)                                                                                                                                                                        0.0196     2.2060 r
  i_horcrux_top/i_horcrux/multiplier_tree_inst/u_shared_mul/DP_OP_45J11_125_3794/U4861/Y (NAND2_X4M_A9TR)                                                                                                                                                                        0.0189     2.2248 f
  i_horcrux_top/i_horcrux/multiplier_tree_inst/u_shared_mul/DP_OP_45J11_125_3794/U4946/Y (NAND2XB_X8M_A9TR)                                                                                                                                                                      0.0197     2.2445 r
  i_horcrux_top/i_horcrux/multiplier_tree_inst/u_shared_mul/DP_OP_45J11_125_3794/U5280/Y (AOI21_X8M_A9TR)                                                                                                                                                                        0.0214     2.2659 f
  i_horcrux_top/i_horcrux/multiplier_tree_inst/u_shared_mul/DP_OP_45J11_125_3794/U4611/Y (XOR2_X4M_A9TR)                                                                                                                                                                         0.0215     2.2875 f
  i_horcrux_top/i_horcrux/multiplier_tree_inst/u_shared_mul/DP_OP_45J11_125_3794/O2[8] (shared_multiplication_logic_DP_OP_45J11_125_3794_3)                                                                                                                                      0.0000     2.2875 f
  i_horcrux_top/i_horcrux/multiplier_tree_inst/u_shared_mul/U527/Y (AO1B2_X6M_A9TR)                                                                                                                                                                                              0.0361     2.3236 f
  i_horcrux_top/i_horcrux/multiplier_tree_inst/u_shared_mul/res_lo_o[8] (shared_multiplication_logic)                                                                                                                                                                            0.0000     2.3236 f
  i_horcrux_top/i_horcrux/multiplier_tree_inst/U779/Y (BUFH_X16M_A9TR)                                                                                                                                                                                                           0.0244     2.3480 f
  i_horcrux_top/i_horcrux/multiplier_tree_inst/DP_OP_96J7_122_9380/I2[8] (multiplier_tree_DP_OP_96J7_122_9380_1)                                                                                                                                                                 0.0000     2.3480 f
  i_horcrux_top/i_horcrux/multiplier_tree_inst/DP_OP_96J7_122_9380/U702/Y (AND2_X11B_A9TR)                                                                                                                                                                                       0.0214     2.3694 f
  i_horcrux_top/i_horcrux/multiplier_tree_inst/DP_OP_96J7_122_9380/U684/Y (AOI21_X8M_A9TR)                                                                                                                                                                                       0.0194     2.3888 r
  i_horcrux_top/i_horcrux/multiplier_tree_inst/DP_OP_96J7_122_9380/U786/Y (OAI21_X8M_A9TR)                                                                                                                                                                                       0.0190     2.4078 f
  i_horcrux_top/i_horcrux/multiplier_tree_inst/DP_OP_96J7_122_9380/U772/Y (AOI21_X8M_A9TR)                                                                                                                                                                                       0.0199     2.4277 r
  i_horcrux_top/i_horcrux/multiplier_tree_inst/DP_OP_96J7_122_9380/U941/Y (OAI211_X4M_A9TR)                                                                                                                                                                                      0.0309     2.4586 f
  i_horcrux_top/i_horcrux/multiplier_tree_inst/DP_OP_96J7_122_9380/U936/Y (XOR2_X4M_A9TR)                                                                                                                                                                                        0.0335     2.4921 f
  i_horcrux_top/i_horcrux/multiplier_tree_inst/DP_OP_96J7_122_9380/U697/Y (INV_X16M_A9TR)                                                                                                                                                                                        0.0244     2.5165 r
  i_horcrux_top/i_horcrux/multiplier_tree_inst/DP_OP_96J7_122_9380/O2[16] (multiplier_tree_DP_OP_96J7_122_9380_1)                                                                                                                                                                0.0000     2.5165 r
  i_horcrux_top/i_horcrux/multiplier_tree_inst/DP_OP_96J7_122_9380/I3[0] (multiplier_tree_DP_OP_96J7_122_9380_1)                                                                                                                                                                 0.0000     2.5165 r
  i_horcrux_top/i_horcrux/multiplier_tree_inst/DP_OP_96J7_122_9380/U822/Y (OA21_X8M_A9TR)                                                                                                                                                                                        0.0323     2.5488 r
  i_horcrux_top/i_horcrux/multiplier_tree_inst/DP_OP_96J7_122_9380/U830/Y (AOI21_X8M_A9TR)                                                                                                                                                                                       0.0195     2.5683 f
  i_horcrux_top/i_horcrux/multiplier_tree_inst/DP_OP_96J7_122_9380/U695/Y (NAND2_X6A_A9TR)                                                                                                                                                                                       0.0161     2.5843 r
  i_horcrux_top/i_horcrux/multiplier_tree_inst/DP_OP_96J7_122_9380/U694/Y (XOR2_X4M_A9TR)                                                                                                                                                                                        0.0223     2.6066 r
  i_horcrux_top/i_horcrux/multiplier_tree_inst/DP_OP_96J7_122_9380/O3[15] (multiplier_tree_DP_OP_96J7_122_9380_1)                                                                                                                                                                0.0000     2.6066 r
  i_horcrux_top/i_horcrux/multiplier_tree_inst/U474/Y (NAND2_X6M_A9TR)                                                                                                                                                                                                           0.0177     2.6243 f
  i_horcrux_top/i_horcrux/multiplier_tree_inst/U517/Y (NAND2_X8A_A9TR)                                                                                                                                                                                                           0.0174     2.6417 r
  i_horcrux_top/i_horcrux/multiplier_tree_inst/result_o[15] (multiplier_tree)                                                                                                                                                                                                    0.0000     2.6417 r
  i_horcrux_top/i_horcrux/U4773/Y (AO1B2_X6M_A9TR)                                                                                                                                                                                                                               0.0316     2.6733 r
  i_horcrux_top/i_horcrux/rd_values_o[rd1][15] (horcrux_NUM_VARIABLES50_VARIABLE_WIDTH32)                                                                                                                                                                                        0.0000     2.6733 r
  i_horcrux_top/commit_stage_i/result_i[rd1][15] (commit_stage_I_xif_result_if_if_xif_coproc_result_X_NUM_RS_3)                                                                                                                                                                  0.0000     2.6733 r
  i_horcrux_top/commit_stage_i/U17/Y (BUFH_X16M_A9TR)                                                                                                                                                                                                                            0.0308     2.7041 r
  i_horcrux_top/commit_stage_i/xif_result_if.result[data][15] (commit_stage_I_xif_result_if_if_xif_coproc_result_X_NUM_RS_3)                                                                                                                                                     0.0000     2.7041 r
  i_horcrux_top/xif_result_if.result[data][15] (horcrux_top_I_xif_compressed_if_if_xif__X_NUM_RS_3I_xif_issue_if_if_xif__X_NUM_RS_3I_xif_commit_if_if_xif__X_NUM_RS_3I_xif_mem_if_if_xif__X_NUM_RS_3I_xif_mem_result_if_if_xif__X_NUM_RS_3I_xif_result_if_if_xif__X_NUM_RS_3)    0.0000     2.7041 r
  result_o[data][15] (out)                                                                                                                                                                                                                                                       0.0038     2.7079 r
  data arrival time                                                                                                                                                                                                                                                                         2.7079

  clock clk (rise edge)                                                                                                                                                                                                                                                          3.0000     3.0000
  clock network delay (ideal)                                                                                                                                                                                                                                                    0.3000     3.3000
  clock uncertainty                                                                                                                                                                                                                                                             -0.1500     3.1500
  output external delay                                                                                                                                                                                                                                                         -0.4500     2.7000
  data required time                                                                                                                                                                                                                                                                        2.7000
  ---------------------------------------------------------------------------------------------------------------------------------------------------------------------------------------------------------------------------------------------------------------------------------------------------
  data required time                                                                                                                                                                                                                                                                        2.7000
  data arrival time                                                                                                                                                                                                                                                                        -2.7079
  ---------------------------------------------------------------------------------------------------------------------------------------------------------------------------------------------------------------------------------------------------------------------------------------------------
  slack (VIOLATED)                                                                                                                                                                                                                                                                         -0.0079


