Information: Propagating switching activity (medium effort zero delay simulation). (PWR-6)
Warning: Design has unannotated primary inputs. (PWR-414)
Warning: Design has unannotated sequential cell outputs. (PWR-415)
 
****************************************
Report : power
        -analysis_effort medium
Design : horcrux_top_synth
Version: X-2025.06
Date   : Wed Oct  7 13:17:53 2026
****************************************


Library(s) Used:

    sc9_cln40g_base_rvt_ss_typical_max_0p81v_125c (File: /cad/designkit/CBDK_TSMC40_Arm_f2.0/CIC/SynopsysDC/db/sc9_base_rvt/sc9_cln40g_base_rvt_ss_typical_max_0p81v_125c.db)


Operating Conditions: ss_typical_max_0p81v_125c   Library: sc9_cln40g_base_rvt_ss_typical_max_0p81v_125c
Wire Load Model Mode: top

Design        Wire Load Model            Library
------------------------------------------------
horcrux_top_synth      Medium            sc9_cln40g_base_rvt_ss_typical_max_0p81v_125c


Global Operating Voltage = 0.81 
Power-specific unit information :
    Voltage Units = 1V
    Capacitance Units = 1.000000pf
    Time Units = 1ns
    Dynamic Power Units = 1mW    (derived from V,C,T units)
    Leakage Power Units = 1uW


Attributes
----------
i - Including register clock pin internal power


  Cell Internal Power  =   2.6143 mW   (98%)
  Net Switching Power  =  57.2955 uW    (2%)
                         ---------
Total Dynamic Power    =   2.6716 mW  (100%)

Cell Leakage Power     =   1.9462 mW


                 Internal         Switching           Leakage            Total
Power Group      Power            Power               Power              Power   (   %    )  Attrs
--------------------------------------------------------------------------------------------------
io_pad             0.0000            0.0000            0.0000            0.0000  (   0.00%)
memory             0.0000            0.0000            0.0000            0.0000  (   0.00%)
black_box          0.0000            0.0000            0.0000            0.0000  (   0.00%)
clock_network      2.5837            0.0000            0.0000            2.5837  (  55.95%)  i
register       7.2622e-03        4.1863e-03          101.2248            0.1127  (   2.44%)
sequential         0.0000            0.0000            0.0000            0.0000  (   0.00%)
combinational  2.3366e-02        5.3110e-02        1.8450e+03            1.9215  (  41.61%)
--------------------------------------------------------------------------------------------------
Total              2.6143 mW     5.7296e-02 mW     1.9462e+03 uW         4.6178 mW
1
