DSP count: 24
u_crheepto_top/coproc_wrapper_i/horcrux_top_i/i_horcrux/multiplier_tree_inst/u_shared_mul/modp_tp
u_crheepto_top/coproc_wrapper_i/horcrux_top_i/i_horcrux/multiplier_tree_inst/u_shared_mul/modp_tp__0
u_crheepto_top/coproc_wrapper_i/horcrux_top_i/i_horcrux/multiplier_tree_inst/u_shared_mul/modp_tp__1
u_crheepto_top/coproc_wrapper_i/horcrux_top_i/i_horcrux/multiplier_tree_inst/u_shared_mul/modp_tp__2
u_crheepto_top/coproc_wrapper_i/horcrux_top_i/i_horcrux/multiplier_tree_inst/u_shared_mul/stage_a_result
u_crheepto_top/coproc_wrapper_i/horcrux_top_i/i_horcrux/multiplier_tree_inst/u_shared_mul/stage_a_result__0
u_crheepto_top/coproc_wrapper_i/horcrux_top_i/i_horcrux/multiplier_tree_inst/u_shared_mul/stage_a_result__1
u_crheepto_top/coproc_wrapper_i/horcrux_top_i/i_horcrux/multiplier_tree_inst/u_shared_mul/stage_b_result
u_crheepto_top/coproc_wrapper_i/horcrux_top_i/i_horcrux/multiplier_tree_inst/u_shared_mul/stage_b_result__0
u_crheepto_top/coproc_wrapper_i/horcrux_top_i/i_horcrux/multiplier_tree_inst/u_shared_mul/stage_b_result__1
u_crheepto_top/coproc_wrapper_i/horcrux_top_i/i_horcrux/multiplier_tree_inst/u_shared_mul/stage_b_result__2
u_crheepto_top/coproc_wrapper_i/horcrux_top_i/i_horcrux/multiplier_tree_inst/u_shared_mul/u_primary_mul/int_prod
u_crheepto_top/coproc_wrapper_i/horcrux_top_i/i_horcrux/multiplier_tree_inst/u_shared_mul/u_primary_mul/int_prod__0
u_crheepto_top/coproc_wrapper_i/horcrux_top_i/i_horcrux/multiplier_tree_inst/u_shared_mul/u_primary_mul/int_prod__1
u_crheepto_top/coproc_wrapper_i/horcrux_top_i/i_horcrux/multiplier_tree_inst/u_shared_mul/u_primary_mul/int_prod__2
u_crheepto_top/u_core_v_mini_mcu/cpu_subsystem_i/gen_cv32e40px.cv32e40px_top_i/core_i/ex_stage_i/mult_i/dot_short_mul[1]
u_crheepto_top/u_core_v_mini_mcu/cpu_subsystem_i/gen_cv32e40px.cv32e40px_top_i/core_i/ex_stage_i/mult_i/dot_short_result
u_crheepto_top/u_core_v_mini_mcu/cpu_subsystem_i/gen_cv32e40px.cv32e40px_top_i/core_i/ex_stage_i/mult_i/int_result0
u_crheepto_top/u_core_v_mini_mcu/cpu_subsystem_i/gen_cv32e40px.cv32e40px_top_i/core_i/ex_stage_i/mult_i/int_result0__0
u_crheepto_top/u_core_v_mini_mcu/cpu_subsystem_i/gen_cv32e40px.cv32e40px_top_i/core_i/ex_stage_i/mult_i/int_result0__1
u_crheepto_top/u_core_v_mini_mcu/cpu_subsystem_i/gen_cv32e40px.cv32e40px_top_i/core_i/ex_stage_i/mult_i/short_mac
u_crheepto_top/u_core_v_mini_mcu/cpu_subsystem_i/gen_cv32e40px.cv32e40px_top_i/core_i/ex_stage_i/mult_i/short_mul
u_crheepto_top/u_core_v_mini_mcu/cpu_subsystem_i/gen_cv32e40px.cv32e40px_top_i/fpu_gen.fp_wrapper_i/i_fpnew_bulk/gen_operation_groups[0].i_opgroup_block/gen_merged_slice.i_multifmt_slice/gen_num_lanes[0].active_lane.lane_instance.i_fpnew_fma_multi/product
u_crheepto_top/u_core_v_mini_mcu/cpu_subsystem_i/gen_cv32e40px.cv32e40px_top_i/fpu_gen.fp_wrapper_i/i_fpnew_bulk/gen_operation_groups[0].i_opgroup_block/gen_merged_slice.i_multifmt_slice/gen_num_lanes[0].active_lane.lane_instance.i_fpnew_fma_multi/product__0
