Copyright 1986-2022 Xilinx, Inc. All Rights Reserved. Copyright 2022-2024 Advanced Micro Devices, Inc. All Rights Reserved.
---------------------------------------------------------------------------------------------------------------------------------------------
| Tool Version : Vivado v.2024.2 (win64) Build 5239630 Fri Nov 08 22:35:27 MST 2024
| Date         : Mon Sep  7 22:51:11 2026
| Host         : DESKTOP-OKV77IV running 64-bit major release  (build 9200)
| Command      : report_utilization -hierarchical -file reports/m0_followup/task3_before_routed_util.rpt
| Design       : mt_char_wrapper
| Device       : xcau25p-ffvb676-2-e
| Speed File   : -2
| Design State : Routed
---------------------------------------------------------------------------------------------------------------------------------------------

Utilization Design Information

Table of Contents
-----------------
1. Utilization by Hierarchy

1. Utilization by Hierarchy
---------------------------

+------------------------+-----------------------------+------------+------------+---------+------+-----+--------+--------+------+------------+
|        Instance        |            Module           | Total LUTs | Logic LUTs | LUTRAMs | SRLs | FFs | RAMB36 | RAMB18 | URAM | DSP Blocks |
+------------------------+-----------------------------+------------+------------+---------+------+-----+--------+--------+------+------------+
| mt_char_wrapper        |                       (top) |       6031 |       6031 |       0 |    0 | 208 |      0 |      0 |    0 |         11 |
|   (mt_char_wrapper)    |                       (top) |         41 |         41 |       0 |    0 | 112 |      0 |      0 |    0 |          0 |
|   dut                  |             multiplier_tree |       5997 |       5997 |       0 |    0 |  96 |      0 |      0 |    0 |         11 |
|     (dut)              |             multiplier_tree |        176 |        176 |       0 |    0 |  96 |      0 |      0 |    0 |          0 |
|     kyber_barrett_inst |                     barrett |       1625 |       1625 |       0 |    0 |   0 |      0 |      0 |    0 |          0 |
|     u_shared_mul       | shared_multiplication_logic |       4206 |       4206 |       0 |    0 |   0 |      0 |      0 |    0 |         11 |
|       (u_shared_mul)   | shared_multiplication_logic |        376 |        376 |       0 |    0 |   0 |      0 |      0 |    0 |         11 |
|       u_primary_mul    |           unified_mul_32x32 |       3834 |       3834 |       0 |    0 |   0 |      0 |      0 |    0 |          0 |
+------------------------+-----------------------------+------------+------------+---------+------+-----+--------+--------+------+------------+
* Note: The sum of lower-level cells may be larger than their parent cells total, due to cross-hierarchy LUT combining


