Copyright 1986-2022 Xilinx, Inc. All Rights Reserved. Copyright 2022-2024 Advanced Micro Devices, Inc. All Rights Reserved.
---------------------------------------------------------------------------------------------------------------------------------------------
| Tool Version : Vivado v.2024.2 (win64) Build 5239630 Fri Nov 08 22:35:27 MST 2024
| Date         : Wed Sep  9 09:32:20 2026
| Host         : DESKTOP-OKV77IV running 64-bit major release  (build 9200)
| Command      : report_timing_summary -file reports/m0_followup/task5_after_routed_summary.rpt
| Design       : horcrux_char_wrapper
| Device       : 7z020-clg400
| Speed File   : -1  PRODUCTION 1.12 2019-11-22
| Design State : Routed
---------------------------------------------------------------------------------------------------------------------------------------------

Timing Summary Report

------------------------------------------------------------------------------------------------
| Timer Settings
| --------------
------------------------------------------------------------------------------------------------

  Enable Multi Corner Analysis               :  Yes
  Enable Pessimism Removal                   :  Yes
  Pessimism Removal Resolution               :  Nearest Common Node
  Enable Input Delay Default Clock           :  No
  Enable Preset / Clear Arcs                 :  No
  Disable Flight Delays                      :  No
  Ignore I/O Paths                           :  No
  Timing Early Launch at Borrowing Latches   :  No
  Borrow Time for Max Delay Exceptions       :  Yes
  Merge Timing Exceptions                    :  Yes
  Inter-SLR Compensation                     :  Conservative

  Corner  Analyze    Analyze    
  Name    Max Paths  Min Paths  
  ------  ---------  ---------  
  Slow    Yes        Yes        
  Fast    Yes        Yes        


------------------------------------------------------------------------------------------------
| Report Methodology
| ------------------
------------------------------------------------------------------------------------------------

No report available as report_methodology has not been run prior. Run report_methodology on the current design for the summary of methodology violations.



check_timing report

Table of Contents
-----------------
1. checking no_clock (0)
2. checking constant_clock (0)
3. checking pulse_width_clock (0)
4. checking unconstrained_internal_endpoints (0)
5. checking no_input_delay (2)
6. checking no_output_delay (1)
7. checking multiple_clock (0)
8. checking generated_clocks (0)
9. checking loops (0)
10. checking partial_input_delay (0)
11. checking partial_output_delay (0)
12. checking latch_loops (0)

1. checking no_clock (0)
------------------------
 There are 0 register/latch pins with no clock.


2. checking constant_clock (0)
------------------------------
 There are 0 register/latch pins with constant_clock.


3. checking pulse_width_clock (0)
---------------------------------
 There are 0 register/latch pins which need pulse_width check


4. checking unconstrained_internal_endpoints (0)
------------------------------------------------
 There are 0 pins that are not constrained for maximum delay.

 There are 0 pins that are not constrained for maximum delay due to constant clock.


5. checking no_input_delay (2)
------------------------------
 There are 2 input ports with no input delay specified. (HIGH)

 There are 0 input ports with no input delay but user has a false path constraint.


6. checking no_output_delay (1)
-------------------------------
 There is 1 port with no output delay specified. (HIGH)

 There are 0 ports with no output delay but user has a false path constraint

 There are 0 ports with no output delay but with a timing clock defined on it or propagating through it


7. checking multiple_clock (0)
------------------------------
 There are 0 register/latch pins with multiple clocks.


8. checking generated_clocks (0)
--------------------------------
 There are 0 generated clocks that are not connected to a clock source.


9. checking loops (0)
---------------------
 There are 0 combinational loops in the design.


10. checking partial_input_delay (0)
------------------------------------
 There are 0 input ports with partial input delay specified.


11. checking partial_output_delay (0)
-------------------------------------
 There are 0 ports with partial output delay specified.


12. checking latch_loops (0)
----------------------------
 There are 0 combinational latch loops in the design through latch input



------------------------------------------------------------------------------------------------
| Design Timing Summary
| ---------------------
------------------------------------------------------------------------------------------------

    WNS(ns)      TNS(ns)  TNS Failing Endpoints  TNS Total Endpoints      WHS(ns)      THS(ns)  THS Failing Endpoints  THS Total Endpoints     WPWS(ns)     TPWS(ns)  TPWS Failing Endpoints  TPWS Total Endpoints  
    -------      -------  ---------------------  -------------------      -------      -------  ---------------------  -------------------     --------     --------  ----------------------  --------------------  
      0.585        0.000                      0                 8185        0.081        0.000                      0                 8185       22.000        0.000                       0                  4222  


All user specified timing constraints are met.


------------------------------------------------------------------------------------------------
| Clock Summary
| -------------
------------------------------------------------------------------------------------------------

Clock  Waveform(ns)       Period(ns)      Frequency(MHz)
-----  ------------       ----------      --------------
clk    {0.000 22.500}     45.000          22.222          


------------------------------------------------------------------------------------------------
| Intra Clock Table
| -----------------
------------------------------------------------------------------------------------------------

Clock             WNS(ns)      TNS(ns)  TNS Failing Endpoints  TNS Total Endpoints      WHS(ns)      THS(ns)  THS Failing Endpoints  THS Total Endpoints     WPWS(ns)     TPWS(ns)  TPWS Failing Endpoints  TPWS Total Endpoints  
-----             -------      -------  ---------------------  -------------------      -------      -------  ---------------------  -------------------     --------     --------  ----------------------  --------------------  
clk                 0.585        0.000                      0                 8185        0.081        0.000                      0                 8185       22.000        0.000                       0                  4222  


------------------------------------------------------------------------------------------------
| Inter Clock Table
| -----------------
------------------------------------------------------------------------------------------------

From Clock    To Clock          WNS(ns)      TNS(ns)  TNS Failing Endpoints  TNS Total Endpoints      WHS(ns)      THS(ns)  THS Failing Endpoints  THS Total Endpoints  
----------    --------          -------      -------  ---------------------  -------------------      -------      -------  ---------------------  -------------------  


------------------------------------------------------------------------------------------------
| Other Path Groups Table
| -----------------------
------------------------------------------------------------------------------------------------

Path Group    From Clock    To Clock          WNS(ns)      TNS(ns)  TNS Failing Endpoints  TNS Total Endpoints      WHS(ns)      THS(ns)  THS Failing Endpoints  THS Total Endpoints  
----------    ----------    --------          -------      -------  ---------------------  -------------------      -------      -------  ---------------------  -------------------  


------------------------------------------------------------------------------------------------
| Timing Details
| --------------
------------------------------------------------------------------------------------------------


---------------------------------------------------------------------------------------------------
From Clock:  clk
  To Clock:  clk

Setup :            0  Failing Endpoints,  Worst Slack        0.585ns,  Total Violation        0.000ns
Hold  :            0  Failing Endpoints,  Worst Slack        0.081ns,  Total Violation        0.000ns
PW    :            0  Failing Endpoints,  Worst Slack       22.000ns,  Total Violation        0.000ns
---------------------------------------------------------------------------------------------------


Max Delay Paths
--------------------------------------------------------------------------------------
Slack (MET) :             0.585ns  (required time - arrival time)
  Source:                 dut/id_stage_i/rs_values_o_reg[rs1][28]/C
                            (rising edge-triggered cell FDCE clocked by clk  {rise@0.000ns fall@22.500ns period=45.000ns})
  Destination:            sig_reg[18]/D
                            (rising edge-triggered cell FDCE clocked by clk  {rise@0.000ns fall@22.500ns period=45.000ns})
  Path Group:             clk
  Path Type:              Setup (Max at Slow Process Corner)
  Requirement:            45.000ns  (clk rise@45.000ns - clk rise@0.000ns)
  Data Path Delay:        44.341ns  (logic 27.675ns (62.414%)  route 16.666ns (37.586%))
  Logic Levels:           53  (CARRY4=26 DSP48E1=5 LUT2=7 LUT3=2 LUT4=5 LUT5=3 LUT6=4 MUXF7=1)
  Clock Path Skew:        -0.068ns (DCD - SCD + CPR)
    Destination Clock Delay (DCD):    4.470ns = ( 49.470 - 45.000 ) 
    Source Clock Delay      (SCD):    4.996ns
    Clock Pessimism Removal (CPR):    0.458ns
  Clock Uncertainty:      0.035ns  ((TSJ^2 + TIJ^2)^1/2 + DJ) / 2 + PE
    Total System Jitter     (TSJ):    0.071ns
    Total Input Jitter      (TIJ):    0.000ns
    Discrete Jitter          (DJ):    0.000ns
    Phase Error              (PE):    0.000ns

    Location             Delay type                Incr(ns)  Path(ns)    Netlist Resource(s)
  -------------------------------------------------------------------    -------------------
                         (clock clk rise edge)        0.000     0.000 r  
    U7                                                0.000     0.000 r  clk (IN)
                         net (fo=0)                   0.000     0.000    clk
    U7                   IBUF (Prop_ibuf_I_O)         1.058     1.058 r  clk_IBUF_inst/O
                         net (fo=1, routed)           2.171     3.229    clk_IBUF
    BUFGCTRL_X0Y0        BUFG (Prop_bufg_I_O)         0.101     3.330 r  clk_IBUF_BUFG_inst/O
                         net (fo=4221, routed)        1.666     4.996    dut/id_stage_i/clk_IBUF_BUFG
    SLICE_X37Y6          FDCE                                         r  dut/id_stage_i/rs_values_o_reg[rs1][28]/C
  -------------------------------------------------------------------    -------------------
    SLICE_X37Y6          FDCE (Prop_fdce_C_Q)         0.456     5.452 r  dut/id_stage_i/rs_values_o_reg[rs1][28]/Q
                         net (fo=153, routed)         1.079     6.532    dut/id_stage_i/rs_values_o[rs1][21]
    SLICE_X37Y5          LUT4 (Prop_lut4_I0_O)        0.124     6.656 r  dut/id_stage_i/int_prod_i_165/O
                         net (fo=1, routed)           0.000     6.656    dut/id_stage_i/int_prod_i_165_n_0
    SLICE_X37Y5          CARRY4 (Prop_carry4_S[2]_CO[3])
                                                      0.398     7.054 r  dut/id_stage_i/int_prod_i_156/CO[3]
                         net (fo=9, routed)           1.181     8.235    dut/id_stage_i/i_horcrux/multiplier_tree_inst/mul_op_b2
    SLICE_X36Y2          LUT4 (Prop_lut4_I1_O)        0.124     8.359 r  dut/id_stage_i/int_prod_i_146/O
                         net (fo=1, routed)           0.000     8.359    dut/id_stage_i/int_prod_i_146_n_0
    SLICE_X36Y2          CARRY4 (Prop_carry4_S[1]_CO[3])
                                                      0.533     8.892 r  dut/id_stage_i/int_prod_i_84/CO[3]
                         net (fo=1, routed)           0.000     8.892    dut/id_stage_i/int_prod_i_84_n_0
    SLICE_X36Y3          CARRY4 (Prop_carry4_CI_CO[3])
                                                      0.117     9.009 r  dut/id_stage_i/int_prod_i_81/CO[3]
                         net (fo=1, routed)           0.000     9.009    dut/id_stage_i/int_prod_i_81_n_0
    SLICE_X36Y4          CARRY4 (Prop_carry4_CI_CO[3])
                                                      0.117     9.126 r  dut/id_stage_i/int_prod_i_78/CO[3]
                         net (fo=1, routed)           0.000     9.126    dut/id_stage_i/int_prod_i_78_n_0
    SLICE_X36Y5          CARRY4 (Prop_carry4_CI_O[2])
                                                      0.239     9.365 r  dut/id_stage_i/int_prod_i_75/O[2]
                         net (fo=2, routed)           0.811    10.176    dut/id_stage_i/i_horcrux/multiplier_tree_inst/data2[14]
    SLICE_X36Y7          LUT3 (Prop_lut3_I0_O)        0.301    10.477 r  dut/id_stage_i/int_prod_i_42/O
                         net (fo=1, routed)           0.541    11.018    dut/id_stage_i/int_prod_i_42_n_0
    SLICE_X36Y7          LUT6 (Prop_lut6_I2_O)        0.124    11.142 r  dut/id_stage_i/int_prod_i_18/O
                         net (fo=35, routed)          0.495    11.637    dut/i_horcrux/multiplier_tree_inst/u_shared_mul/u_primary_mul/B[14]
    DSP48_X2Y2           DSP48E1 (Prop_dsp48e1_B[14]_PCOUT[47])
                                                      3.851    15.488 r  dut/i_horcrux/multiplier_tree_inst/u_shared_mul/u_primary_mul/int_prod__1/PCOUT[47]
                         net (fo=1, routed)           0.002    15.490    dut/i_horcrux/multiplier_tree_inst/u_shared_mul/u_primary_mul/int_prod__1_n_106
    DSP48_X2Y3           DSP48E1 (Prop_dsp48e1_PCIN[47]_P[0])
                                                      1.518    17.008 r  dut/i_horcrux/multiplier_tree_inst/u_shared_mul/u_primary_mul/int_prod__2/P[0]
                         net (fo=2, routed)           0.846    17.853    dut/i_horcrux/multiplier_tree_inst/u_shared_mul/u_primary_mul/int_prod__2_n_105
    SLICE_X34Y1          LUT2 (Prop_lut2_I0_O)        0.124    17.977 r  dut/i_horcrux/multiplier_tree_inst/u_shared_mul/u_primary_mul/int_prod_carry_i_3/O
                         net (fo=1, routed)           0.000    17.977    dut/i_horcrux/multiplier_tree_inst/u_shared_mul/u_primary_mul/int_prod_carry_i_3_n_0
    SLICE_X34Y1          CARRY4 (Prop_carry4_S[1]_CO[3])
                                                      0.533    18.510 r  dut/i_horcrux/multiplier_tree_inst/u_shared_mul/u_primary_mul/int_prod_carry/CO[3]
                         net (fo=1, routed)           0.000    18.510    dut/i_horcrux/multiplier_tree_inst/u_shared_mul/u_primary_mul/int_prod_carry_n_0
    SLICE_X34Y2          CARRY4 (Prop_carry4_CI_O[2])
                                                      0.239    18.749 r  dut/i_horcrux/multiplier_tree_inst/u_shared_mul/u_primary_mul/int_prod_carry__0/O[2]
                         net (fo=1, routed)           0.848    19.598    dut/id_stage_i/int_prod__140[6]
    SLICE_X35Y2          LUT6 (Prop_lut6_I5_O)        0.301    19.899 r  dut/id_stage_i/stage_a_result_i_40/O
                         net (fo=8, routed)           0.924    20.823    dut/id_stage_i/i_horcrux/multiplier_tree_inst/u_shared_mul/full_prod[22]
    SLICE_X23Y2          LUT4 (Prop_lut4_I3_O)        0.124    20.947 r  dut/id_stage_i/stage_a_result_i_16/O
                         net (fo=1, routed)           0.540    21.487    dut/i_horcrux/multiplier_tree_inst/u_shared_mul/stage_a_result_0[5]
    DSP48_X1Y0           DSP48E1 (Prop_dsp48e1_A[5]_P[3])
                                                      3.841    25.328 r  dut/i_horcrux/multiplier_tree_inst/u_shared_mul/stage_a_result/P[3]
                         net (fo=1, routed)           0.849    26.177    dut/i_horcrux/multiplier_tree_inst/u_shared_mul/stage_a_result_n_102
    SLICE_X20Y7          LUT2 (Prop_lut2_I1_O)        0.124    26.301 r  dut/i_horcrux/multiplier_tree_inst/u_shared_mul/modp_tp_i_31/O
                         net (fo=1, routed)           0.000    26.301    dut/i_horcrux/multiplier_tree_inst/u_shared_mul/modp_tp_i_31_n_0
    SLICE_X20Y7          CARRY4 (Prop_carry4_S[0]_CO[3])
                                                      0.513    26.814 r  dut/i_horcrux/multiplier_tree_inst/u_shared_mul/modp_tp_i_18/CO[3]
                         net (fo=1, routed)           0.000    26.814    dut/i_horcrux/multiplier_tree_inst/u_shared_mul/modp_tp_i_18_n_0
    SLICE_X20Y8          CARRY4 (Prop_carry4_CI_CO[3])
                                                      0.117    26.931 r  dut/i_horcrux/multiplier_tree_inst/u_shared_mul/modp_tp_i_17/CO[3]
                         net (fo=1, routed)           0.000    26.931    dut/i_horcrux/multiplier_tree_inst/u_shared_mul/modp_tp_i_17_n_0
    SLICE_X20Y9          CARRY4 (Prop_carry4_CI_O[2])
                                                      0.239    27.170 r  dut/i_horcrux/multiplier_tree_inst/u_shared_mul/modp_tp_i_16/O[2]
                         net (fo=2, routed)           0.665    27.835    dut/id_stage_i/stage_a_result__2[14]
    SLICE_X20Y13         LUT5 (Prop_lut5_I4_O)        0.301    28.136 r  dut/id_stage_i/modp_tp_i_2/O
                         net (fo=2, routed)           0.576    28.712    dut/i_horcrux/multiplier_tree_inst/u_shared_mul/modp_tp_0[14]
    DSP48_X1Y4           DSP48E1 (Prop_dsp48e1_B[13]_PCOUT[47])
                                                      3.851    32.563 r  dut/i_horcrux/multiplier_tree_inst/u_shared_mul/modp_tp/PCOUT[47]
                         net (fo=1, routed)           0.002    32.565    dut/i_horcrux/multiplier_tree_inst/u_shared_mul/modp_tp_n_106
    DSP48_X1Y5           DSP48E1 (Prop_dsp48e1_PCIN[47]_P[3])
                                                      1.518    34.083 r  dut/i_horcrux/multiplier_tree_inst/u_shared_mul/modp_tp__0/P[3]
                         net (fo=1, routed)           1.030    35.113    dut/i_horcrux/multiplier_tree_inst/u_shared_mul/modp_tp__0_n_102
    SLICE_X30Y11         LUT2 (Prop_lut2_I1_O)        0.124    35.237 r  dut/i_horcrux/multiplier_tree_inst/u_shared_mul/reg_B[11]_i_51/O
                         net (fo=1, routed)           0.000    35.237    dut/i_horcrux/multiplier_tree_inst/u_shared_mul/reg_B[11]_i_51_n_0
    SLICE_X30Y11         CARRY4 (Prop_carry4_S[1]_CO[3])
                                                      0.533    35.770 r  dut/i_horcrux/multiplier_tree_inst/u_shared_mul/reg_B_reg[11]_i_48/CO[3]
                         net (fo=1, routed)           0.000    35.770    dut/i_horcrux/multiplier_tree_inst/u_shared_mul/reg_B_reg[11]_i_48_n_0
    SLICE_X30Y12         CARRY4 (Prop_carry4_CI_CO[3])
                                                      0.117    35.887 r  dut/i_horcrux/multiplier_tree_inst/u_shared_mul/reg_B_reg[15]_i_41/CO[3]
                         net (fo=1, routed)           0.000    35.887    dut/i_horcrux/multiplier_tree_inst/u_shared_mul/reg_B_reg[15]_i_41_n_0
    SLICE_X30Y13         CARRY4 (Prop_carry4_CI_CO[3])
                                                      0.117    36.004 r  dut/i_horcrux/multiplier_tree_inst/u_shared_mul/reg_B_reg[19]_i_71/CO[3]
                         net (fo=1, routed)           0.000    36.004    dut/i_horcrux/multiplier_tree_inst/u_shared_mul/reg_B_reg[19]_i_71_n_0
    SLICE_X30Y14         CARRY4 (Prop_carry4_CI_CO[3])
                                                      0.117    36.121 r  dut/i_horcrux/multiplier_tree_inst/u_shared_mul/reg_B_reg[23]_i_77/CO[3]
                         net (fo=1, routed)           0.000    36.121    dut/i_horcrux/multiplier_tree_inst/u_shared_mul/reg_B_reg[23]_i_77_n_0
    SLICE_X30Y15         CARRY4 (Prop_carry4_CI_O[0])
                                                      0.219    36.340 r  dut/i_horcrux/multiplier_tree_inst/u_shared_mul/reg_B_reg[27]_i_73/O[0]
                         net (fo=1, routed)           0.625    36.965    dut/id_stage_i/modp_tp__3[36]
    SLICE_X31Y15         LUT4 (Prop_lut4_I3_O)        0.295    37.260 r  dut/id_stage_i/reg_B[27]_i_72/O
                         net (fo=1, routed)           0.000    37.260    dut/id_stage_i/reg_B[27]_i_72_n_0
    SLICE_X31Y15         CARRY4 (Prop_carry4_S[0]_CO[3])
                                                      0.532    37.792 r  dut/id_stage_i/reg_B_reg[27]_i_47/CO[3]
                         net (fo=1, routed)           0.000    37.792    dut/id_stage_i/reg_B_reg[27]_i_47_n_0
    SLICE_X31Y16         CARRY4 (Prop_carry4_CI_O[0])
                                                      0.222    38.014 r  dut/id_stage_i/reg_B_reg[31]_i_43/O[0]
                         net (fo=2, routed)           0.550    38.564    dut/id_stage_i/i_horcrux/multiplier_tree_inst/u_shared_mul/modp_shifted[25]
    SLICE_X32Y15         LUT2 (Prop_lut2_I0_O)        0.299    38.863 r  dut/id_stage_i/reg_B[27]_i_50/O
                         net (fo=1, routed)           0.000    38.863    dut/id_stage_i/reg_B[27]_i_50_n_0
    SLICE_X32Y15         CARRY4 (Prop_carry4_S[1]_CO[3])
                                                      0.533    39.396 r  dut/id_stage_i/reg_B_reg[27]_i_36/CO[3]
                         net (fo=1, routed)           0.000    39.396    dut/id_stage_i/reg_B_reg[27]_i_36_n_0
    SLICE_X32Y16         CARRY4 (Prop_carry4_CI_O[3])
                                                      0.315    39.711 r  dut/id_stage_i/reg_B_reg[31]_i_14/O[3]
                         net (fo=32, routed)          0.719    40.431    dut/id_stage_i/i_horcrux/multiplier_tree_inst/u_shared_mul/modp_sub[31]
    SLICE_X33Y11         LUT3 (Prop_lut3_I2_O)        0.307    40.738 r  dut/id_stage_i/reg_B[0]_i_14/O
                         net (fo=1, routed)           0.000    40.738    dut/id_stage_i/reg_B[0]_i_14_n_0
    SLICE_X33Y11         CARRY4 (Prop_carry4_S[1]_CO[3])
                                                      0.550    41.288 r  dut/id_stage_i/reg_B_reg[0]_i_4/CO[3]
                         net (fo=1, routed)           0.000    41.288    dut/id_stage_i/reg_B_reg[0]_i_4_n_0
    SLICE_X33Y12         CARRY4 (Prop_carry4_CI_CO[3])
                                                      0.114    41.402 r  dut/id_stage_i/reg_B_reg[7]_i_11/CO[3]
                         net (fo=1, routed)           0.000    41.402    dut/id_stage_i/reg_B_reg[7]_i_11_n_0
    SLICE_X33Y13         CARRY4 (Prop_carry4_CI_CO[3])
                                                      0.114    41.516 r  dut/id_stage_i/reg_B_reg[11]_i_9/CO[3]
                         net (fo=1, routed)           0.000    41.516    dut/id_stage_i/reg_B_reg[11]_i_9_n_0
    SLICE_X33Y14         CARRY4 (Prop_carry4_CI_O[2])
                                                      0.239    41.755 r  dut/id_stage_i/reg_B_reg[15]_i_7/O[2]
                         net (fo=1, routed)           0.733    42.487    dut/id_stage_i/i_horcrux/multiplier_tree_inst/u_shared_mul/data4[14]
    SLICE_X34Y17         LUT4 (Prop_lut4_I0_O)        0.302    42.789 r  dut/id_stage_i/reg_B[14]_i_4/O
                         net (fo=1, routed)           0.598    43.388    dut/id_stage_i/reg_B[14]_i_4_n_0
    SLICE_X34Y17         LUT5 (Prop_lut5_I0_O)        0.124    43.512 r  dut/id_stage_i/reg_B[14]_i_2/O
                         net (fo=15, routed)          0.543    44.055    dut/id_stage_i/i_horcrux/multiplier_tree_inst/mul_res_lo[14]
    SLICE_X41Y17         LUT2 (Prop_lut2_I1_O)        0.124    44.179 r  dut/id_stage_i/sig[31]_i_64/O
                         net (fo=1, routed)           0.000    44.179    dut/id_stage_i/sig[31]_i_64_n_0
    SLICE_X41Y17         CARRY4 (Prop_carry4_S[2]_CO[3])
                                                      0.398    44.577 r  dut/id_stage_i/sig_reg[31]_i_42/CO[3]
                         net (fo=1, routed)           0.000    44.577    dut/id_stage_i/sig_reg[31]_i_42_n_0
    SLICE_X41Y18         CARRY4 (Prop_carry4_CI_CO[0])
                                                      0.271    44.848 r  dut/id_stage_i/sig_reg[31]_i_43/CO[0]
                         net (fo=6, routed)           0.349    45.196    dut/id_stage_i/sig_reg[31]_i_43_n_3
    SLICE_X42Y17         LUT2 (Prop_lut2_I1_O)        0.373    45.569 r  dut/id_stage_i/sig[19]_i_30/O
                         net (fo=1, routed)           0.000    45.569    dut/id_stage_i/sig[19]_i_30_n_0
    SLICE_X42Y17         CARRY4 (Prop_carry4_S[0]_O[2])
                                                      0.544    46.113 r  dut/id_stage_i/sig_reg[19]_i_18/O[2]
                         net (fo=1, routed)           0.575    46.688    dut/id_stage_i/i_horcrux/multiplier_tree_inst/result_o0[2]
    SLICE_X41Y19         LUT6 (Prop_lut6_I3_O)        0.301    46.989 r  dut/id_stage_i/sig[18]_i_17/O
                         net (fo=1, routed)           0.000    46.989    dut/id_stage_i/sig[18]_i_17_n_0
    SLICE_X41Y19         MUXF7 (Prop_muxf7_I1_O)      0.217    47.206 r  dut/id_stage_i/sig_reg[18]_i_9/O
                         net (fo=1, routed)           0.637    47.843    dut/id_stage_i/sig_reg[18]_i_9_n_0
    SLICE_X49Y19         LUT5 (Prop_lut5_I4_O)        0.299    48.142 r  dut/id_stage_i/sig[18]_i_5/O
                         net (fo=1, routed)           0.544    48.687    dut/id_stage_i/sig[18]_i_5_n_0
    SLICE_X49Y16         LUT6 (Prop_lut6_I4_O)        0.124    48.811 r  dut/id_stage_i/sig[18]_i_2/O
                         net (fo=1, routed)           0.403    49.214    dut/id_stage_i/rd_values[rd1][18]
    SLICE_X49Y16         LUT2 (Prop_lut2_I0_O)        0.124    49.338 r  dut/id_stage_i/sig[18]_i_1/O
                         net (fo=1, routed)           0.000    49.338    dut_n_13
    SLICE_X49Y16         FDCE                                         r  sig_reg[18]/D
  -------------------------------------------------------------------    -------------------

                         (clock clk rise edge)       45.000    45.000 r  
    U7                                                0.000    45.000 r  clk (IN)
                         net (fo=0)                   0.000    45.000    clk
    U7                   IBUF (Prop_ibuf_I_O)         0.924    45.924 r  clk_IBUF_inst/O
                         net (fo=1, routed)           1.972    47.896    clk_IBUF
    BUFGCTRL_X0Y0        BUFG (Prop_bufg_I_O)         0.091    47.987 r  clk_IBUF_BUFG_inst/O
                         net (fo=4221, routed)        1.483    49.470    clk_IBUF_BUFG
    SLICE_X49Y16         FDCE                                         r  sig_reg[18]/C
                         clock pessimism              0.458    49.928    
                         clock uncertainty           -0.035    49.893    
    SLICE_X49Y16         FDCE (Setup_fdce_C_D)        0.029    49.922    sig_reg[18]
  -------------------------------------------------------------------
                         required time                         49.922    
                         arrival time                         -49.338    
  -------------------------------------------------------------------
                         slack                                  0.585    





Min Delay Paths
--------------------------------------------------------------------------------------
Slack (MET) :             0.081ns  (arrival time - required time)
  Source:                 dut/i_horcrux/keccak_i/u_dp/reg_data_reg[1][0][16]/C
                            (rising edge-triggered cell FDCE clocked by clk  {rise@0.000ns fall@22.500ns period=45.000ns})
  Destination:            dut/i_horcrux/horcrux_register_inst/register_array_reg[10][16]/D
                            (rising edge-triggered cell FDCE clocked by clk  {rise@0.000ns fall@22.500ns period=45.000ns})
  Path Group:             clk
  Path Type:              Hold (Min at Fast Process Corner)
  Requirement:            0.000ns  (clk rise@0.000ns - clk rise@0.000ns)
  Data Path Delay:        0.438ns  (logic 0.186ns (42.468%)  route 0.252ns (57.532%))
  Logic Levels:           1  (LUT6=1)
  Clock Path Skew:        0.266ns (DCD - SCD - CPR)
    Destination Clock Delay (DCD):    2.078ns
    Source Clock Delay      (SCD):    1.563ns
    Clock Pessimism Removal (CPR):    0.249ns

    Location             Delay type                Incr(ns)  Path(ns)    Netlist Resource(s)
  -------------------------------------------------------------------    -------------------
                         (clock clk rise edge)        0.000     0.000 r  
    U7                                                0.000     0.000 r  clk (IN)
                         net (fo=0)                   0.000     0.000    clk
    U7                   IBUF (Prop_ibuf_I_O)         0.286     0.286 r  clk_IBUF_inst/O
                         net (fo=1, routed)           0.663     0.949    clk_IBUF
    BUFGCTRL_X0Y0        BUFG (Prop_bufg_I_O)         0.026     0.975 r  clk_IBUF_BUFG_inst/O
                         net (fo=4221, routed)        0.588     1.563    dut/i_horcrux/keccak_i/u_dp/clk_IBUF_BUFG
    SLICE_X83Y49         FDCE                                         r  dut/i_horcrux/keccak_i/u_dp/reg_data_reg[1][0][16]/C
  -------------------------------------------------------------------    -------------------
    SLICE_X83Y49         FDCE (Prop_fdce_C_Q)         0.141     1.704 r  dut/i_horcrux/keccak_i/u_dp/reg_data_reg[1][0][16]/Q
                         net (fo=4, routed)           0.252     1.956    dut/i_horcrux/keccak_i/u_dp/reg_data_reg[1][0][63]_0[16]
    SLICE_X83Y56         LUT6 (Prop_lut6_I2_O)        0.045     2.001 r  dut/i_horcrux/keccak_i/u_dp/register_array[10][16]_i_1/O
                         net (fo=1, routed)           0.000     2.001    dut/i_horcrux/horcrux_register_inst/register_array_reg[10][31]_1[16]
    SLICE_X83Y56         FDCE                                         r  dut/i_horcrux/horcrux_register_inst/register_array_reg[10][16]/D
  -------------------------------------------------------------------    -------------------

                         (clock clk rise edge)        0.000     0.000 r  
    U7                                                0.000     0.000 r  clk (IN)
                         net (fo=0)                   0.000     0.000    clk
    U7                   IBUF (Prop_ibuf_I_O)         0.476     0.476 r  clk_IBUF_inst/O
                         net (fo=1, routed)           0.719     1.195    clk_IBUF
    BUFGCTRL_X0Y0        BUFG (Prop_bufg_I_O)         0.029     1.224 r  clk_IBUF_BUFG_inst/O
                         net (fo=4221, routed)        0.854     2.078    dut/i_horcrux/horcrux_register_inst/clk_IBUF_BUFG
    SLICE_X83Y56         FDCE                                         r  dut/i_horcrux/horcrux_register_inst/register_array_reg[10][16]/C
                         clock pessimism             -0.249     1.829    
    SLICE_X83Y56         FDCE (Hold_fdce_C_D)         0.091     1.920    dut/i_horcrux/horcrux_register_inst/register_array_reg[10][16]
  -------------------------------------------------------------------
                         required time                         -1.920    
                         arrival time                           2.001    
  -------------------------------------------------------------------
                         slack                                  0.081    





Pulse Width Checks
--------------------------------------------------------------------------------------
Clock Name:         clk
Waveform(ns):       { 0.000 22.500 }
Period(ns):         45.000
Sources:            { clk }

Check Type        Corner  Lib Pin  Reference Pin  Required(ns)  Actual(ns)  Slack(ns)  Location       Pin
Min Period        n/a     BUFG/I   n/a            2.155         45.000      42.845     BUFGCTRL_X0Y0  clk_IBUF_BUFG_inst/I
Low Pulse Width   Slow    FDCE/C   n/a            0.500         22.500      22.000     SLICE_X54Y8    commit_reg[commit_kill]/C
High Pulse Width  Slow    FDCE/C   n/a            0.500         22.500      22.000     SLICE_X54Y8    commit_reg[commit_kill]/C



