Copyright 1986-2022 Xilinx, Inc. All Rights Reserved. Copyright 2022-2024 Advanced Micro Devices, Inc. All Rights Reserved.
---------------------------------------------------------------------------------------------------------------------------------------------
| Tool Version : Vivado v.2024.2 (win64) Build 5239630 Fri Nov 08 22:35:27 MST 2024
| Date         : Wed Sep  9 09:28:27 2026
| Host         : DESKTOP-OKV77IV running 64-bit major release  (build 9200)
| Command      : report_timing_summary -file reports/m0_followup/task5_before_routed_summary.rpt
| Design       : horcrux_char_wrapper
| Device       : 7z020-clg400
| Speed File   : -1  PRODUCTION 1.12 2019-11-22
| Design State : Routed
---------------------------------------------------------------------------------------------------------------------------------------------

Timing Summary Report

------------------------------------------------------------------------------------------------
| Timer Settings
| --------------
------------------------------------------------------------------------------------------------

  Enable Multi Corner Analysis               :  Yes
  Enable Pessimism Removal                   :  Yes
  Pessimism Removal Resolution               :  Nearest Common Node
  Enable Input Delay Default Clock           :  No
  Enable Preset / Clear Arcs                 :  No
  Disable Flight Delays                      :  No
  Ignore I/O Paths                           :  No
  Timing Early Launch at Borrowing Latches   :  No
  Borrow Time for Max Delay Exceptions       :  Yes
  Merge Timing Exceptions                    :  Yes
  Inter-SLR Compensation                     :  Conservative

  Corner  Analyze    Analyze    
  Name    Max Paths  Min Paths  
  ------  ---------  ---------  
  Slow    Yes        Yes        
  Fast    Yes        Yes        


------------------------------------------------------------------------------------------------
| Report Methodology
| ------------------
------------------------------------------------------------------------------------------------

No report available as report_methodology has not been run prior. Run report_methodology on the current design for the summary of methodology violations.



check_timing report

Table of Contents
-----------------
1. checking no_clock (0)
2. checking constant_clock (0)
3. checking pulse_width_clock (0)
4. checking unconstrained_internal_endpoints (0)
5. checking no_input_delay (2)
6. checking no_output_delay (1)
7. checking multiple_clock (0)
8. checking generated_clocks (0)
9. checking loops (0)
10. checking partial_input_delay (0)
11. checking partial_output_delay (0)
12. checking latch_loops (0)

1. checking no_clock (0)
------------------------
 There are 0 register/latch pins with no clock.


2. checking constant_clock (0)
------------------------------
 There are 0 register/latch pins with constant_clock.


3. checking pulse_width_clock (0)
---------------------------------
 There are 0 register/latch pins which need pulse_width check


4. checking unconstrained_internal_endpoints (0)
------------------------------------------------
 There are 0 pins that are not constrained for maximum delay.

 There are 0 pins that are not constrained for maximum delay due to constant clock.


5. checking no_input_delay (2)
------------------------------
 There are 2 input ports with no input delay specified. (HIGH)

 There are 0 input ports with no input delay but user has a false path constraint.


6. checking no_output_delay (1)
-------------------------------
 There is 1 port with no output delay specified. (HIGH)

 There are 0 ports with no output delay but user has a false path constraint

 There are 0 ports with no output delay but with a timing clock defined on it or propagating through it


7. checking multiple_clock (0)
------------------------------
 There are 0 register/latch pins with multiple clocks.


8. checking generated_clocks (0)
--------------------------------
 There are 0 generated clocks that are not connected to a clock source.


9. checking loops (0)
---------------------
 There are 0 combinational loops in the design.


10. checking partial_input_delay (0)
------------------------------------
 There are 0 input ports with partial input delay specified.


11. checking partial_output_delay (0)
-------------------------------------
 There are 0 ports with partial output delay specified.


12. checking latch_loops (0)
----------------------------
 There are 0 combinational latch loops in the design through latch input



------------------------------------------------------------------------------------------------
| Design Timing Summary
| ---------------------
------------------------------------------------------------------------------------------------

    WNS(ns)      TNS(ns)  TNS Failing Endpoints  TNS Total Endpoints      WHS(ns)      THS(ns)  THS Failing Endpoints  THS Total Endpoints     WPWS(ns)     TPWS(ns)  TPWS Failing Endpoints  TPWS Total Endpoints  
    -------      -------  ---------------------  -------------------      -------      -------  ---------------------  -------------------     --------     --------  ----------------------  --------------------  
    -42.692    -3893.534                     96                 8263        0.068        0.000                      0                 8263       22.000        0.000                       0                  4300  


Timing constraints are not met.


------------------------------------------------------------------------------------------------
| Clock Summary
| -------------
------------------------------------------------------------------------------------------------

Clock  Waveform(ns)       Period(ns)      Frequency(MHz)
-----  ------------       ----------      --------------
clk    {0.000 22.500}     45.000          22.222          


------------------------------------------------------------------------------------------------
| Intra Clock Table
| -----------------
------------------------------------------------------------------------------------------------

Clock             WNS(ns)      TNS(ns)  TNS Failing Endpoints  TNS Total Endpoints      WHS(ns)      THS(ns)  THS Failing Endpoints  THS Total Endpoints     WPWS(ns)     TPWS(ns)  TPWS Failing Endpoints  TPWS Total Endpoints  
-----             -------      -------  ---------------------  -------------------      -------      -------  ---------------------  -------------------     --------     --------  ----------------------  --------------------  
clk               -42.692    -3893.534                     96                 8263        0.068        0.000                      0                 8263       22.000        0.000                       0                  4300  


------------------------------------------------------------------------------------------------
| Inter Clock Table
| -----------------
------------------------------------------------------------------------------------------------

From Clock    To Clock          WNS(ns)      TNS(ns)  TNS Failing Endpoints  TNS Total Endpoints      WHS(ns)      THS(ns)  THS Failing Endpoints  THS Total Endpoints  
----------    --------          -------      -------  ---------------------  -------------------      -------      -------  ---------------------  -------------------  


------------------------------------------------------------------------------------------------
| Other Path Groups Table
| -----------------------
------------------------------------------------------------------------------------------------

Path Group    From Clock    To Clock          WNS(ns)      TNS(ns)  TNS Failing Endpoints  TNS Total Endpoints      WHS(ns)      THS(ns)  THS Failing Endpoints  THS Total Endpoints  
----------    ----------    --------          -------      -------  ---------------------  -------------------      -------      -------  ---------------------  -------------------  


------------------------------------------------------------------------------------------------
| Timing Details
| --------------
------------------------------------------------------------------------------------------------


---------------------------------------------------------------------------------------------------
From Clock:  clk
  To Clock:  clk

Setup :           96  Failing Endpoints,  Worst Slack      -42.692ns,  Total Violation    -3893.534ns
Hold  :            0  Failing Endpoints,  Worst Slack        0.068ns,  Total Violation        0.000ns
PW    :            0  Failing Endpoints,  Worst Slack       22.000ns,  Total Violation        0.000ns
---------------------------------------------------------------------------------------------------


Max Delay Paths
--------------------------------------------------------------------------------------
Slack (VIOLATED) :        -42.692ns  (required time - arrival time)
  Source:                 dut/id_stage_i/rs_values_o_reg[rs1][24]_replica/C
                            (rising edge-triggered cell FDCE clocked by clk  {rise@0.000ns fall@22.500ns period=45.000ns})
  Destination:            sig_reg[24]/D
                            (rising edge-triggered cell FDCE clocked by clk  {rise@0.000ns fall@22.500ns period=45.000ns})
  Path Group:             clk
  Path Type:              Setup (Max at Slow Process Corner)
  Requirement:            45.000ns  (clk rise@45.000ns - clk rise@0.000ns)
  Data Path Delay:        87.579ns  (logic 47.039ns (53.711%)  route 40.540ns (46.290%))
  Logic Levels:           109  (CARRY4=54 DSP48E1=3 LUT2=6 LUT3=8 LUT4=4 LUT5=21 LUT6=13)
  Clock Path Skew:        -0.107ns (DCD - SCD + CPR)
    Destination Clock Delay (DCD):    4.509ns = ( 49.509 - 45.000 ) 
    Source Clock Delay      (SCD):    4.973ns
    Clock Pessimism Removal (CPR):    0.357ns
  Clock Uncertainty:      0.035ns  ((TSJ^2 + TIJ^2)^1/2 + DJ) / 2 + PE
    Total System Jitter     (TSJ):    0.071ns
    Total Input Jitter      (TIJ):    0.000ns
    Discrete Jitter          (DJ):    0.000ns
    Phase Error              (PE):    0.000ns

    Location             Delay type                Incr(ns)  Path(ns)    Netlist Resource(s)
  -------------------------------------------------------------------    -------------------
                         (clock clk rise edge)        0.000     0.000 r  
    U7                                                0.000     0.000 r  clk (IN)
                         net (fo=0)                   0.000     0.000    clk
    U7                   IBUF (Prop_ibuf_I_O)         1.058     1.058 r  clk_IBUF_inst/O
                         net (fo=1, routed)           2.171     3.229    clk_IBUF
    BUFGCTRL_X0Y0        BUFG (Prop_bufg_I_O)         0.101     3.330 r  clk_IBUF_BUFG_inst/O
                         net (fo=4299, routed)        1.643     4.973    dut/id_stage_i/clk_IBUF_BUFG
    SLICE_X45Y81         FDCE                                         r  dut/id_stage_i/rs_values_o_reg[rs1][24]_replica/C
  -------------------------------------------------------------------    -------------------
    SLICE_X45Y81         FDCE (Prop_fdce_C_Q)         0.456     5.429 r  dut/id_stage_i/rs_values_o_reg[rs1][24]_replica/Q
                         net (fo=13, routed)          0.885     6.314    dut/id_stage_i/rs_values_o[rs1][18]_repN
    SLICE_X46Y81         LUT4 (Prop_lut4_I2_O)        0.124     6.438 r  dut/id_stage_i/stage_a_result__0_i_65/O
                         net (fo=1, routed)           0.000     6.438    dut/id_stage_i/stage_a_result__0_i_65_n_0
    SLICE_X46Y81         CARRY4 (Prop_carry4_S[0]_CO[3])
                                                      0.513     6.951 r  dut/id_stage_i/stage_a_result__0_i_56/CO[3]
                         net (fo=9, routed)           0.903     7.854    dut/id_stage_i/i_horcrux/multiplier_tree_inst/mul_op_b2
    SLICE_X47Y80         LUT3 (Prop_lut3_I0_O)        0.124     7.978 r  dut/id_stage_i/stage_a_result__0_i_47/O
                         net (fo=1, routed)           0.000     7.978    dut/id_stage_i/stage_a_result__0_i_47_n_0
    SLICE_X47Y80         CARRY4 (Prop_carry4_S[0]_O[1])
                                                      0.424     8.402 r  dut/id_stage_i/stage_a_result__0_i_36/O[1]
                         net (fo=1, routed)           0.727     9.129    dut/id_stage_i/i_horcrux/multiplier_tree_inst/data2[1]
    SLICE_X48Y82         LUT6 (Prop_lut6_I3_O)        0.303     9.432 r  dut/id_stage_i/falcon_sum_carry_i_17_comp/O
                         net (fo=122, routed)         1.060    10.492    dut/id_stage_i/falcon_sum_carry_i_17_n_0
    SLICE_X46Y83         LUT4 (Prop_lut4_I1_O)        0.124    10.616 r  dut/id_stage_i/stage_a_result__0_i_32/O
                         net (fo=1, routed)           0.000    10.616    dut_n_2349
    SLICE_X46Y83         CARRY4 (Prop_carry4_S[1]_O[2])
                                                      0.578    11.194 r  u_shared_mul/u_primary_mul/stage_a_result__0_i_23/O[2]
                         net (fo=1, routed)           0.440    11.634    dut/id_stage_i/u_shared_mul/u_primary_mul/falcon_sum_carry_i_18[2]
    SLICE_X48Y83         LUT6 (Prop_lut6_I0_O)        0.301    11.935 r  dut/id_stage_i/falcon_sum_carry_i_14/O
                         net (fo=4, routed)           0.583    12.518    i_horcrux/multiplier_tree_inst/u_shared_mul/u_primary_mul/accumulator82_in[2]
    SLICE_X47Y84         CARRY4 (Prop_carry4_DI[1]_O[2])
                                                      0.537    13.055 r  u_shared_mul/u_primary_mul/falcon_sum_carry_i_18/O[2]
                         net (fo=2, routed)           0.668    13.723    dut/id_stage_i/u_shared_mul/u_primary_mul/falcon_sum_carry_i_16[2]
    SLICE_X48Y83         LUT5 (Prop_lut5_I0_O)        0.302    14.025 r  dut/id_stage_i/falcon_sum_carry_i_10/O
                         net (fo=3, routed)           0.343    14.367    i_horcrux/multiplier_tree_inst/u_shared_mul/u_primary_mul/accumulator79_in[3]
    SLICE_X48Y84         CARRY4 (Prop_carry4_DI[1]_O[2])
                                                      0.537    14.904 r  u_shared_mul/u_primary_mul/falcon_sum_carry_i_16/O[2]
                         net (fo=2, routed)           0.323    15.227    dut/id_stage_i/u_shared_mul/u_primary_mul/falcon_sum_carry_i_12[2]
    SLICE_X48Y83         LUT5 (Prop_lut5_I0_O)        0.302    15.529 r  dut/id_stage_i/falcon_sum_carry__0_i_19/O
                         net (fo=3, routed)           0.342    15.871    i_horcrux/multiplier_tree_inst/u_shared_mul/u_primary_mul/accumulator76_in[4]
    SLICE_X49Y82         CARRY4 (Prop_carry4_DI[1]_O[2])
                                                      0.537    16.408 r  u_shared_mul/u_primary_mul/falcon_sum_carry_i_12/O[2]
                         net (fo=1, routed)           0.416    16.824    dut/id_stage_i/u_shared_mul/u_primary_mul/falcon_sum_carry__0_i_20[2]
    SLICE_X51Y82         LUT5 (Prop_lut5_I0_O)        0.302    17.126 r  dut/id_stage_i/falcon_sum_carry__0_i_17/O
                         net (fo=4, routed)           0.312    17.438    dut/id_stage_i/select_insn_o_reg[4]_279
    SLICE_X52Y82         LUT3 (Prop_lut3_I0_O)        0.124    17.562 r  dut/id_stage_i/u_shared_mul/u_primary_mul/falcon_sum_carry__0_i_47/O
                         net (fo=1, routed)           0.000    17.562    dut_n_1471
    SLICE_X52Y82         CARRY4 (Prop_carry4_S[1]_O[2])
                                                      0.580    18.142 r  u_shared_mul/u_primary_mul/falcon_sum_carry__0_i_20/O[2]
                         net (fo=1, routed)           0.304    18.446    dut/id_stage_i/u_shared_mul/u_primary_mul/falcon_sum_carry__0_i_18[2]
    SLICE_X52Y81         LUT5 (Prop_lut5_I0_O)        0.302    18.748 r  dut/id_stage_i/falcon_sum_carry__0_i_14/O
                         net (fo=4, routed)           0.430    19.178    dut/id_stage_i/select_insn_o_reg[4]_288
    SLICE_X53Y82         LUT3 (Prop_lut3_I0_O)        0.124    19.302 r  dut/id_stage_i/u_shared_mul/u_primary_mul/falcon_sum_carry__0_i_40/O
                         net (fo=1, routed)           0.000    19.302    dut_n_1501
    SLICE_X53Y82         CARRY4 (Prop_carry4_S[1]_O[2])
                                                      0.580    19.882 r  u_shared_mul/u_primary_mul/falcon_sum_carry__0_i_18/O[2]
                         net (fo=1, routed)           0.692    20.574    dut/id_stage_i/u_shared_mul/u_primary_mul/falcon_sum_carry__0_i_15[2]
    SLICE_X53Y81         LUT5 (Prop_lut5_I0_O)        0.302    20.876 r  dut/id_stage_i/falcon_sum_carry__0_i_10/O
                         net (fo=4, routed)           0.740    21.616    i_horcrux/multiplier_tree_inst/u_shared_mul/u_primary_mul/accumulator67_in[7]
    SLICE_X54Y81         CARRY4 (Prop_carry4_DI[1]_O[2])
                                                      0.547    22.163 r  u_shared_mul/u_primary_mul/falcon_sum_carry__0_i_15/O[2]
                         net (fo=2, routed)           0.467    22.630    dut/id_stage_i/u_shared_mul/u_primary_mul/falcon_sum_carry__0_i_12[2]
    SLICE_X56Y80         LUT5 (Prop_lut5_I0_O)        0.301    22.931 r  dut/id_stage_i/falcon_sum_carry__1_i_20/O
                         net (fo=3, routed)           0.403    23.333    i_horcrux/multiplier_tree_inst/u_shared_mul/u_primary_mul/accumulator64_in[8]
    SLICE_X56Y81         CARRY4 (Prop_carry4_DI[1]_O[2])
                                                      0.537    23.870 r  u_shared_mul/u_primary_mul/falcon_sum_carry__0_i_12/O[2]
                         net (fo=2, routed)           0.487    24.357    dut/id_stage_i/u_shared_mul/u_primary_mul/falcon_sum_carry__1_i_22[2]
    SLICE_X57Y80         LUT5 (Prop_lut5_I0_O)        0.302    24.659 r  dut/id_stage_i/falcon_sum_carry__1_i_17/O
                         net (fo=4, routed)           0.552    25.211    i_horcrux/multiplier_tree_inst/u_shared_mul/u_primary_mul/accumulator61_in[9]
    SLICE_X57Y81         CARRY4 (Prop_carry4_DI[1]_O[2])
                                                      0.537    25.748 r  u_shared_mul/u_primary_mul/falcon_sum_carry__1_i_22/O[2]
                         net (fo=2, routed)           0.318    26.066    dut/id_stage_i/u_shared_mul/u_primary_mul/falcon_sum_carry__1_i_18[2]
    SLICE_X58Y81         LUT6 (Prop_lut6_I0_O)        0.302    26.368 r  dut/id_stage_i/falcon_sum_carry__1_i_13/O
                         net (fo=5, routed)           0.498    26.867    i_horcrux/multiplier_tree_inst/u_shared_mul/u_primary_mul/accumulator58_in[10]
    SLICE_X58Y82         CARRY4 (Prop_carry4_DI[1]_O[2])
                                                      0.547    27.414 r  u_shared_mul/u_primary_mul/falcon_sum_carry__1_i_18/O[2]
                         net (fo=1, routed)           0.341    27.755    dut/id_stage_i/u_shared_mul/u_primary_mul/falcon_sum_carry__1_i_15[2]
    SLICE_X59Y82         LUT5 (Prop_lut5_I0_O)        0.301    28.056 r  dut/id_stage_i/falcon_sum_carry__1_i_38/O
                         net (fo=3, routed)           0.532    28.588    i_horcrux/multiplier_tree_inst/u_shared_mul/u_primary_mul/accumulator55_in[11]
    SLICE_X59Y83         CARRY4 (Prop_carry4_DI[1]_O[2])
                                                      0.537    29.125 r  u_shared_mul/u_primary_mul/falcon_sum_carry__1_i_15/O[2]
                         net (fo=2, routed)           0.448    29.573    dut/id_stage_i/u_shared_mul/u_primary_mul/falcon_sum_carry__1_i_12[2]
    SLICE_X60Y83         LUT5 (Prop_lut5_I0_O)        0.302    29.875 r  dut/id_stage_i/falcon_sum_carry__1_i_27/O
                         net (fo=2, routed)           0.532    30.407    i_horcrux/multiplier_tree_inst/u_shared_mul/u_primary_mul/accumulator52_in[12]
    SLICE_X60Y84         CARRY4 (Prop_carry4_DI[1]_O[2])
                                                      0.537    30.944 r  u_shared_mul/u_primary_mul/falcon_sum_carry__1_i_12/O[2]
                         net (fo=2, routed)           0.319    31.263    dut/id_stage_i/u_shared_mul/u_primary_mul/falcon_sum_carry__2_i_22[2]
    SLICE_X60Y83         LUT5 (Prop_lut5_I0_O)        0.302    31.565 r  dut/id_stage_i/falcon_sum_carry__2_i_60/O
                         net (fo=2, routed)           0.645    32.210    i_horcrux/multiplier_tree_inst/u_shared_mul/u_primary_mul/accumulator49_in[13]
    SLICE_X61Y87         CARRY4 (Prop_carry4_DI[1]_O[2])
                                                      0.537    32.747 r  u_shared_mul/u_primary_mul/falcon_sum_carry__2_i_22/O[2]
                         net (fo=2, routed)           0.644    33.391    dut/id_stage_i/u_shared_mul/u_primary_mul/falcon_sum_carry__2_i_18[2]
    SLICE_X62Y82         LUT6 (Prop_lut6_I0_O)        0.302    33.693 r  dut/id_stage_i/falcon_sum_carry__2_i_13/O
                         net (fo=5, routed)           0.356    34.049    i_horcrux/multiplier_tree_inst/u_shared_mul/u_primary_mul/accumulator46_in[14]
    SLICE_X62Y83         CARRY4 (Prop_carry4_DI[1]_O[2])
                                                      0.547    34.596 r  u_shared_mul/u_primary_mul/falcon_sum_carry__2_i_18/O[2]
                         net (fo=1, routed)           0.341    34.938    dut/id_stage_i/u_shared_mul/u_primary_mul/falcon_sum_carry__2_i_14[2]
    SLICE_X63Y83         LUT5 (Prop_lut5_I0_O)        0.301    35.239 r  dut/id_stage_i/falcon_sum_carry__2_i_37/O
                         net (fo=3, routed)           0.542    35.780    i_horcrux/multiplier_tree_inst/u_shared_mul/u_primary_mul/accumulator43_in[15]
    SLICE_X63Y84         CARRY4 (Prop_carry4_DI[1]_O[2])
                                                      0.537    36.317 r  u_shared_mul/u_primary_mul/falcon_sum_carry__2_i_14/O[2]
                         net (fo=1, routed)           0.411    36.729    dut/id_stage_i/u_shared_mul/u_primary_mul/falcon_sum_carry__2_i_12[2]
    SLICE_X65Y83         LUT5 (Prop_lut5_I0_O)        0.302    37.031 r  dut/id_stage_i/falcon_sum_carry__2_i_28/O
                         net (fo=3, routed)           0.544    37.575    i_horcrux/multiplier_tree_inst/u_shared_mul/u_primary_mul/accumulator40_in[16]
    SLICE_X65Y84         CARRY4 (Prop_carry4_DI[1]_O[2])
                                                      0.537    38.112 r  u_shared_mul/u_primary_mul/falcon_sum_carry__2_i_12/O[2]
                         net (fo=3, routed)           0.328    38.440    dut/id_stage_i/u_shared_mul/u_primary_mul/falcon_sum_carry__3_i_24[2]
    SLICE_X67Y84         LUT5 (Prop_lut5_I0_O)        0.302    38.742 r  dut/id_stage_i/falcon_sum_carry__3_i_60/O
                         net (fo=1, routed)           0.756    39.498    i_horcrux/multiplier_tree_inst/u_shared_mul/u_primary_mul/accumulator37_in[17]
    SLICE_X66Y90         CARRY4 (Prop_carry4_DI[1]_O[2])
                                                      0.547    40.045 r  u_shared_mul/u_primary_mul/falcon_sum_carry__3_i_24/O[2]
                         net (fo=1, routed)           0.724    40.769    dut/id_stage_i/u_shared_mul/u_primary_mul/falcon_sum_carry__3_i_20[2]
    SLICE_X67Y84         LUT5 (Prop_lut5_I0_O)        0.301    41.070 r  dut/id_stage_i/falcon_sum_carry__3_i_50/O
                         net (fo=3, routed)           0.427    41.497    dut/id_stage_i/rs_values_o_reg[rs3][18]_0[0]
    SLICE_X67Y85         LUT3 (Prop_lut3_I0_O)        0.124    41.621 r  dut/id_stage_i/u_shared_mul/u_primary_mul/falcon_sum_carry__3_i_53/O
                         net (fo=1, routed)           0.000    41.621    dut_n_1913
    SLICE_X67Y85         CARRY4 (Prop_carry4_S[1]_O[2])
                                                      0.580    42.201 r  u_shared_mul/u_primary_mul/falcon_sum_carry__3_i_20/O[2]
                         net (fo=1, routed)           0.697    42.898    dut/id_stage_i/u_shared_mul/u_primary_mul/falcon_sum_carry__3_i_16[2]
    SLICE_X67Y79         LUT5 (Prop_lut5_I0_O)        0.302    43.200 r  dut/id_stage_i/falcon_sum_carry__3_i_41/O
                         net (fo=3, routed)           0.493    43.693    i_horcrux/multiplier_tree_inst/u_shared_mul/u_primary_mul/accumulator31_in[19]
    SLICE_X66Y78         CARRY4 (Prop_carry4_DI[1]_O[2])
                                                      0.547    44.240 r  u_shared_mul/u_primary_mul/falcon_sum_carry__3_i_16/O[2]
                         net (fo=1, routed)           0.308    44.547    dut/id_stage_i/u_shared_mul/u_primary_mul/falcon_sum_carry__3_i_12[2]
    SLICE_X66Y77         LUT5 (Prop_lut5_I0_O)        0.301    44.848 r  dut/id_stage_i/falcon_sum_carry__3_i_31/O
                         net (fo=3, routed)           0.708    45.556    i_horcrux/multiplier_tree_inst/u_shared_mul/u_primary_mul/accumulator28_in[20]
    SLICE_X64Y83         CARRY4 (Prop_carry4_DI[1]_O[2])
                                                      0.537    46.093 r  u_shared_mul/u_primary_mul/falcon_sum_carry__3_i_12/O[2]
                         net (fo=2, routed)           0.493    46.586    dut/id_stage_i/u_shared_mul/u_primary_mul/falcon_sum_carry__4_i_21[2]
    SLICE_X63Y79         LUT6 (Prop_lut6_I0_O)        0.302    46.888 r  dut/id_stage_i/falcon_sum_carry__4_i_16/O
                         net (fo=5, routed)           0.691    47.579    i_horcrux/multiplier_tree_inst/u_shared_mul/u_primary_mul/accumulator25_in[21]
    SLICE_X61Y76         CARRY4 (Prop_carry4_DI[1]_O[2])
                                                      0.537    48.116 r  u_shared_mul/u_primary_mul/falcon_sum_carry__4_i_21/O[2]
                         net (fo=1, routed)           0.501    48.617    dut/id_stage_i/u_shared_mul/u_primary_mul/falcon_sum_carry__4_i_17[2]
    SLICE_X60Y76         LUT5 (Prop_lut5_I0_O)        0.302    48.919 r  dut/id_stage_i/falcon_sum_carry__4_i_46/O
                         net (fo=3, routed)           0.516    49.436    dut/id_stage_i/accumulator22_in[1]
    SLICE_X55Y80         LUT3 (Prop_lut3_I0_O)        0.124    49.560 r  dut/id_stage_i/u_shared_mul/u_primary_mul/falcon_sum_carry__4_i_49/O
                         net (fo=1, routed)           0.000    49.560    dut_n_2049
    SLICE_X55Y80         CARRY4 (Prop_carry4_S[1]_O[2])
                                                      0.580    50.140 r  u_shared_mul/u_primary_mul/falcon_sum_carry__4_i_17/O[2]
                         net (fo=3, routed)           0.547    50.686    dut/id_stage_i/u_shared_mul/u_primary_mul/falcon_sum_carry__4_i_15[2]
    SLICE_X53Y81         LUT6 (Prop_lut6_I0_O)        0.302    50.988 r  dut/id_stage_i/falcon_sum_carry__4_i_10/O
                         net (fo=3, routed)           0.446    51.435    dut/id_stage_i/rs_values_o_reg[rs3][21]_1
    SLICE_X50Y82         LUT3 (Prop_lut3_I0_O)        0.124    51.559 r  dut/id_stage_i/u_shared_mul/u_primary_mul/falcon_sum_carry__4_i_40/O
                         net (fo=1, routed)           0.000    51.559    dut_n_2076
    SLICE_X50Y82         CARRY4 (Prop_carry4_S[1]_O[2])
                                                      0.578    52.137 r  u_shared_mul/u_primary_mul/falcon_sum_carry__4_i_15/O[2]
                         net (fo=3, routed)           0.545    52.681    dut/id_stage_i/u_shared_mul/u_primary_mul/falcon_sum_carry__4_i_11[2]
    SLICE_X47Y79         LUT6 (Prop_lut6_I0_O)        0.301    52.982 r  dut/id_stage_i/falcon_sum_carry__5_i_19/O
                         net (fo=4, routed)           0.651    53.634    i_horcrux/multiplier_tree_inst/u_shared_mul/u_primary_mul/accumulator16_in[24]
    SLICE_X43Y82         CARRY4 (Prop_carry4_DI[1]_O[2])
                                                      0.537    54.171 r  u_shared_mul/u_primary_mul/falcon_sum_carry__4_i_11/O[2]
                         net (fo=2, routed)           0.447    54.617    dut/id_stage_i/u_shared_mul/u_primary_mul/falcon_sum_carry__5_i_20[2]
    SLICE_X41Y82         LUT5 (Prop_lut5_I0_O)        0.302    54.919 r  dut/id_stage_i/falcon_sum_carry__5_i_52/O
                         net (fo=2, routed)           0.334    55.254    i_horcrux/multiplier_tree_inst/u_shared_mul/u_primary_mul/accumulator13_in[25]
    SLICE_X42Y82         CARRY4 (Prop_carry4_DI[1]_O[2])
                                                      0.547    55.801 r  u_shared_mul/u_primary_mul/falcon_sum_carry__5_i_20/O[2]
                         net (fo=1, routed)           0.287    56.087    dut/id_stage_i/u_shared_mul/u_primary_mul/falcon_sum_carry__5_i_18[2]
    SLICE_X41Y82         LUT6 (Prop_lut6_I0_O)        0.301    56.388 r  dut/id_stage_i/falcon_sum_carry__5_i_13/O
                         net (fo=5, routed)           0.336    56.724    dut/id_stage_i/rs_values_o_reg[rs3][24]_0
    SLICE_X40Y81         LUT3 (Prop_lut3_I0_O)        0.124    56.848 r  dut/id_stage_i/u_shared_mul/u_primary_mul/falcon_sum_carry__5_i_46/O
                         net (fo=1, routed)           0.000    56.848    dut_n_2190
    SLICE_X40Y81         CARRY4 (Prop_carry4_S[1]_O[2])
                                                      0.580    57.428 r  u_shared_mul/u_primary_mul/falcon_sum_carry__5_i_18/O[2]
                         net (fo=2, routed)           0.420    57.849    dut/id_stage_i/u_shared_mul/u_primary_mul/falcon_sum_carry__5_i_14[2]
    SLICE_X41Y82         LUT5 (Prop_lut5_I0_O)        0.302    58.151 r  dut/id_stage_i/falcon_sum_carry__5_i_34/O
                         net (fo=2, routed)           0.343    58.494    i_horcrux/multiplier_tree_inst/u_shared_mul/u_primary_mul/accumulator7_in[27]
    SLICE_X37Y82         CARRY4 (Prop_carry4_DI[1]_O[2])
                                                      0.537    59.031 r  u_shared_mul/u_primary_mul/falcon_sum_carry__5_i_14/O[2]
                         net (fo=2, routed)           0.432    59.463    dut/id_stage_i/u_shared_mul/u_primary_mul/falcon_sum_carry__5_i_12[2]
    SLICE_X39Y81         LUT5 (Prop_lut5_I0_O)        0.302    59.765 r  dut/id_stage_i/falcon_sum_carry__5_i_25/O
                         net (fo=2, routed)           0.341    60.106    i_horcrux/multiplier_tree_inst/u_shared_mul/u_primary_mul/accumulator4_in[28]
    SLICE_X38Y82         CARRY4 (Prop_carry4_DI[1]_O[2])
                                                      0.547    60.653 r  u_shared_mul/u_primary_mul/falcon_sum_carry__5_i_12/O[2]
                         net (fo=2, routed)           0.421    61.074    dut/id_stage_i/u_shared_mul/u_primary_mul/falcon_sum_carry__6_i_16[2]
    SLICE_X39Y81         LUT6 (Prop_lut6_I0_O)        0.301    61.375 r  dut/id_stage_i/falcon_sum_carry__6_i_12/O
                         net (fo=4, routed)           0.506    61.881    i_horcrux/multiplier_tree_inst/u_shared_mul/u_primary_mul/accumulator1_in[29]
    SLICE_X39Y82         CARRY4 (Prop_carry4_DI[1]_O[2])
                                                      0.537    62.418 r  u_shared_mul/u_primary_mul/falcon_sum_carry__6_i_16/O[2]
                         net (fo=1, routed)           0.437    62.854    dut/id_stage_i/u_shared_mul/u_primary_mul/falcon_sum_carry__6_i_8[2]
    SLICE_X36Y81         LUT5 (Prop_lut5_I0_O)        0.302    63.156 r  dut/id_stage_i/u_shared_mul/u_primary_mul/falcon_sum_carry__6_i_22/O
                         net (fo=1, routed)           0.000    63.156    dut_n_1192
    SLICE_X36Y81         CARRY4 (Prop_carry4_S[1]_O[2])
                                                      0.578    63.734 r  u_shared_mul/u_primary_mul/falcon_sum_carry__6_i_8/O[2]
                         net (fo=2, routed)           0.655    64.389    dut/id_stage_i/stage_a_result_i_54_0[2]
    SLICE_X37Y73         LUT6 (Prop_lut6_I5_O)        0.301    64.690 r  dut/id_stage_i/stage_a_result_i_55/O
                         net (fo=1, routed)           0.000    64.690    dut_n_4
    SLICE_X37Y73         CARRY4 (Prop_carry4_S[0]_O[0])
                                                      0.247    64.937 r  u_shared_mul/u_primary_mul/stage_a_result_i_45/O[0]
                         net (fo=2, routed)           0.465    65.403    dut/id_stage_i/modp_sub_carry_i_1_0[0]
    SLICE_X37Y72         LUT6 (Prop_lut6_I4_O)        0.299    65.702 r  dut/id_stage_i/stage_a_result_i_7_comp/O
                         net (fo=1, routed)           0.418    66.120    dut/i_horcrux/multiplier_tree_inst/u_shared_mul/stage_a_op1[31]
    DSP48_X2Y28          DSP48E1 (Prop_dsp48e1_A[14]_P[3])
                                                      3.841    69.961 r  dut/i_horcrux/multiplier_tree_inst/u_shared_mul/stage_a_result/P[3]
                         net (fo=1, routed)           0.639    70.600    dut/i_horcrux/multiplier_tree_inst/u_shared_mul/stage_a_result_n_102
    SLICE_X35Y71         LUT2 (Prop_lut2_I1_O)        0.124    70.724 r  dut/i_horcrux/multiplier_tree_inst/u_shared_mul/stage_a_result_carry__0_i_4/O
                         net (fo=1, routed)           0.000    70.724    dut/i_horcrux/multiplier_tree_inst/u_shared_mul/stage_a_result_carry__0_i_4_n_0
    SLICE_X35Y71         CARRY4 (Prop_carry4_S[0]_CO[3])
                                                      0.532    71.256 r  dut/i_horcrux/multiplier_tree_inst/u_shared_mul/stage_a_result_carry__0/CO[3]
                         net (fo=1, routed)           0.000    71.256    dut/i_horcrux/multiplier_tree_inst/u_shared_mul/stage_a_result_carry__0_n_0
    SLICE_X35Y72         CARRY4 (Prop_carry4_CI_CO[3])
                                                      0.114    71.370 r  dut/i_horcrux/multiplier_tree_inst/u_shared_mul/stage_a_result_carry__1/CO[3]
                         net (fo=1, routed)           0.000    71.370    dut/i_horcrux/multiplier_tree_inst/u_shared_mul/stage_a_result_carry__1_n_0
    SLICE_X35Y73         CARRY4 (Prop_carry4_CI_O[1])
                                                      0.334    71.704 r  dut/i_horcrux/multiplier_tree_inst/u_shared_mul/stage_a_result_carry__2/O[1]
                         net (fo=2, routed)           0.317    72.022    dut/id_stage_i/stage_a_result__44[13]
    SLICE_X33Y73         LUT4 (Prop_lut4_I3_O)        0.303    72.325 r  dut/id_stage_i/modp_tp_i_3/O
                         net (fo=2, routed)           0.774    73.099    dut/i_horcrux/multiplier_tree_inst/u_shared_mul/modp_tp_0[13]
    DSP48_X2Y31          DSP48E1 (Prop_dsp48e1_B[12]_PCOUT[47])
                                                      3.851    76.950 r  dut/i_horcrux/multiplier_tree_inst/u_shared_mul/modp_tp/PCOUT[47]
                         net (fo=1, routed)           0.002    76.952    dut/i_horcrux/multiplier_tree_inst/u_shared_mul/modp_tp_n_106
    DSP48_X2Y32          DSP48E1 (Prop_dsp48e1_PCIN[47]_P[2])
                                                      1.518    78.470 r  dut/i_horcrux/multiplier_tree_inst/u_shared_mul/modp_tp__0/P[2]
                         net (fo=1, routed)           0.648    79.118    dut/i_horcrux/multiplier_tree_inst/u_shared_mul/modp_tp__0_n_103
    SLICE_X35Y80         LUT2 (Prop_lut2_I1_O)        0.124    79.242 r  dut/i_horcrux/multiplier_tree_inst/u_shared_mul/modp_tp_carry__4_i_4/O
                         net (fo=1, routed)           0.000    79.242    dut/i_horcrux/multiplier_tree_inst/u_shared_mul/modp_tp_carry__4_i_4_n_0
    SLICE_X35Y80         CARRY4 (Prop_carry4_S[0]_CO[3])
                                                      0.532    79.774 r  dut/i_horcrux/multiplier_tree_inst/u_shared_mul/modp_tp_carry__4/CO[3]
                         net (fo=1, routed)           0.000    79.774    dut/i_horcrux/multiplier_tree_inst/u_shared_mul/modp_tp_carry__4_n_0
    SLICE_X35Y81         CARRY4 (Prop_carry4_CI_CO[3])
                                                      0.114    79.888 r  dut/i_horcrux/multiplier_tree_inst/u_shared_mul/modp_tp_carry__5/CO[3]
                         net (fo=1, routed)           0.000    79.888    dut/i_horcrux/multiplier_tree_inst/u_shared_mul/modp_tp_carry__5_n_0
    SLICE_X35Y82         CARRY4 (Prop_carry4_CI_O[1])
                                                      0.334    80.222 r  dut/i_horcrux/multiplier_tree_inst/u_shared_mul/modp_tp_carry__6/O[1]
                         net (fo=1, routed)           0.840    81.062    dut/id_stage_i/modp_tp__137[29]
    SLICE_X38Y77         LUT2 (Prop_lut2_I1_O)        0.303    81.365 r  dut/id_stage_i/u_shared_mul/modp_sub_carry__2_i_12/O
                         net (fo=1, routed)           0.000    81.365    dut/id_stage_i/u_shared_mul/modp_sub_carry__2_i_12_n_0
    SLICE_X38Y77         CARRY4 (Prop_carry4_S[1]_CO[3])
                                                      0.533    81.898 r  dut/id_stage_i/modp_sub_carry__2_i_1/CO[3]
                         net (fo=1, routed)           0.000    81.898    dut/id_stage_i/modp_sub_carry__2_i_1_n_0
    SLICE_X38Y78         CARRY4 (Prop_carry4_CI_CO[3])
                                                      0.117    82.015 r  dut/id_stage_i/modp_sub_carry__3_i_1/CO[3]
                         net (fo=1, routed)           0.000    82.015    dut/id_stage_i/modp_sub_carry__3_i_1_n_0
    SLICE_X38Y79         CARRY4 (Prop_carry4_CI_O[1])
                                                      0.323    82.338 r  dut/id_stage_i/modp_sub_carry__4_i_1/O[1]
                         net (fo=2, routed)           0.462    82.800    dut/id_stage_i/modp_tp__2[22]
    SLICE_X40Y78         LUT2 (Prop_lut2_I0_O)        0.306    83.106 r  dut/id_stage_i/modp_sub_carry__4_i_3/O
                         net (fo=1, routed)           0.000    83.106    dut/i_horcrux/multiplier_tree_inst/u_shared_mul/modp_final_carry__4_i_4[2]
    SLICE_X40Y78         CARRY4 (Prop_carry4_S[2]_CO[3])
                                                      0.398    83.504 r  dut/i_horcrux/multiplier_tree_inst/u_shared_mul/modp_sub_carry__4/CO[3]
                         net (fo=1, routed)           0.000    83.504    dut/i_horcrux/multiplier_tree_inst/u_shared_mul/modp_sub_carry__4_n_0
    SLICE_X40Y79         CARRY4 (Prop_carry4_CI_CO[3])
                                                      0.114    83.618 r  dut/i_horcrux/multiplier_tree_inst/u_shared_mul/modp_sub_carry__5/CO[3]
                         net (fo=1, routed)           0.000    83.618    dut/i_horcrux/multiplier_tree_inst/u_shared_mul/modp_sub_carry__5_n_0
    SLICE_X40Y80         CARRY4 (Prop_carry4_CI_O[3])
                                                      0.313    83.931 r  dut/i_horcrux/multiplier_tree_inst/u_shared_mul/modp_sub_carry__6/O[3]
                         net (fo=32, routed)          0.840    84.771    dut/id_stage_i/modp_final_carry__6[0]
    SLICE_X42Y73         LUT3 (Prop_lut3_I1_O)        0.306    85.077 r  dut/id_stage_i/modp_final_carry_i_3/O
                         net (fo=1, routed)           0.000    85.077    dut/i_horcrux/multiplier_tree_inst/u_shared_mul/reg_B[0]_i_7_0[1]
    SLICE_X42Y73         CARRY4 (Prop_carry4_S[1]_O[2])
                                                      0.578    85.655 f  dut/i_horcrux/multiplier_tree_inst/u_shared_mul/modp_final_carry/O[2]
                         net (fo=2, routed)           0.777    86.433    dut/id_stage_i/reg_B[31]_i_5_0[2]
    SLICE_X45Y72         LUT4 (Prop_lut4_I3_O)        0.301    86.734 f  dut/id_stage_i/reg_B[2]_i_8/O
                         net (fo=4, routed)           0.674    87.407    dut/id_stage_i/reg_B[2]_i_8_n_0
    SLICE_X47Y71         LUT6 (Prop_lut6_I0_O)        0.124    87.531 r  dut/id_stage_i/sig[16]_i_69/O
                         net (fo=1, routed)           0.000    87.531    dut/id_stage_i/sig[16]_i_69_n_0
    SLICE_X47Y71         CARRY4 (Prop_carry4_S[2]_CO[3])
                                                      0.398    87.929 r  dut/id_stage_i/sig_reg[16]_i_46/CO[3]
                         net (fo=1, routed)           0.000    87.929    dut/id_stage_i/sig_reg[16]_i_46_n_0
    SLICE_X47Y72         CARRY4 (Prop_carry4_CI_CO[3])
                                                      0.114    88.043 r  dut/id_stage_i/sig_reg[31]_i_165/CO[3]
                         net (fo=1, routed)           0.000    88.043    dut/id_stage_i/sig_reg[31]_i_165_n_0
    SLICE_X47Y73         CARRY4 (Prop_carry4_CI_CO[3])
                                                      0.114    88.157 r  dut/id_stage_i/sig_reg[31]_i_109/CO[3]
                         net (fo=1, routed)           0.000    88.157    dut/id_stage_i/sig_reg[31]_i_109_n_0
    SLICE_X47Y74         CARRY4 (Prop_carry4_CI_CO[3])
                                                      0.114    88.271 r  dut/id_stage_i/sig_reg[31]_i_62/CO[3]
                         net (fo=1, routed)           0.009    88.280    dut/id_stage_i/sig_reg[31]_i_62_n_0
    SLICE_X47Y75         CARRY4 (Prop_carry4_CI_CO[0])
                                                      0.271    88.551 r  dut/id_stage_i/sig_reg[31]_i_63/CO[0]
                         net (fo=6, routed)           0.673    89.225    dut/id_stage_i/sig_reg[31]_i_63_n_3
    SLICE_X49Y71         LUT2 (Prop_lut2_I1_O)        0.373    89.598 r  dut/id_stage_i/sig[16]_i_47/O
                         net (fo=1, routed)           0.000    89.598    dut/id_stage_i/sig[16]_i_47_n_0
    SLICE_X49Y71         CARRY4 (Prop_carry4_S[0]_CO[3])
                                                      0.532    90.130 r  dut/id_stage_i/sig_reg[16]_i_33/CO[3]
                         net (fo=1, routed)           0.000    90.130    dut/id_stage_i/sig_reg[16]_i_33_n_0
    SLICE_X49Y72         CARRY4 (Prop_carry4_CI_CO[3])
                                                      0.114    90.244 r  dut/id_stage_i/sig_reg[31]_i_108/CO[3]
                         net (fo=1, routed)           0.000    90.244    dut/id_stage_i/sig_reg[31]_i_108_n_0
    SLICE_X49Y73         CARRY4 (Prop_carry4_CI_O[0])
                                                      0.223    90.467 r  dut/id_stage_i/sig_reg[31]_i_61/O[0]
                         net (fo=1, routed)           1.259    91.726    dut/id_stage_i/i_horcrux/multiplier_tree_inst/result_o0[8]
    SLICE_X54Y75         LUT6 (Prop_lut6_I3_O)        0.299    92.025 r  dut/id_stage_i/sig[24]_i_2_comp_2/O
                         net (fo=1, routed)           0.403    92.428    dut/id_stage_i/rd_values[rd1][24]
    SLICE_X55Y75         LUT2 (Prop_lut2_I0_O)        0.124    92.552 r  dut/id_stage_i/sig[24]_i_1/O
                         net (fo=1, routed)           0.000    92.552    dut_n_235
    SLICE_X55Y75         FDCE                                         r  sig_reg[24]/D
  -------------------------------------------------------------------    -------------------

                         (clock clk rise edge)       45.000    45.000 r  
    U7                                                0.000    45.000 r  clk (IN)
                         net (fo=0)                   0.000    45.000    clk
    U7                   IBUF (Prop_ibuf_I_O)         0.924    45.924 r  clk_IBUF_inst/O
                         net (fo=1, routed)           1.972    47.896    clk_IBUF
    BUFGCTRL_X0Y0        BUFG (Prop_bufg_I_O)         0.091    47.987 r  clk_IBUF_BUFG_inst/O
                         net (fo=4299, routed)        1.522    49.509    clk_IBUF_BUFG
    SLICE_X55Y75         FDCE                                         r  sig_reg[24]/C
                         clock pessimism              0.357    49.866    
                         clock uncertainty           -0.035    49.831    
    SLICE_X55Y75         FDCE (Setup_fdce_C_D)        0.029    49.860    sig_reg[24]
  -------------------------------------------------------------------
                         required time                         49.860    
                         arrival time                         -92.552    
  -------------------------------------------------------------------
                         slack                                -42.692    





Min Delay Paths
--------------------------------------------------------------------------------------
Slack (MET) :             0.068ns  (arrival time - required time)
  Source:                 dut/i_horcrux/keccak_i/u_dp/reg_data_reg[0][2][60]/C
                            (rising edge-triggered cell FDCE clocked by clk  {rise@0.000ns fall@22.500ns period=45.000ns})
  Destination:            dut/i_horcrux/sphincs_ops_inst/bitmask_reg_reg[188]/D
                            (rising edge-triggered cell FDCE clocked by clk  {rise@0.000ns fall@22.500ns period=45.000ns})
  Path Group:             clk
  Path Type:              Hold (Min at Fast Process Corner)
  Requirement:            0.000ns  (clk rise@0.000ns - clk rise@0.000ns)
  Data Path Delay:        0.425ns  (logic 0.186ns (43.808%)  route 0.239ns (56.192%))
  Logic Levels:           1  (LUT4=1)
  Clock Path Skew:        0.264ns (DCD - SCD - CPR)
    Destination Clock Delay (DCD):    2.124ns
    Source Clock Delay      (SCD):    1.603ns
    Clock Pessimism Removal (CPR):    0.257ns

    Location             Delay type                Incr(ns)  Path(ns)    Netlist Resource(s)
  -------------------------------------------------------------------    -------------------
                         (clock clk rise edge)        0.000     0.000 r  
    U7                                                0.000     0.000 r  clk (IN)
                         net (fo=0)                   0.000     0.000    clk
    U7                   IBUF (Prop_ibuf_I_O)         0.286     0.286 r  clk_IBUF_inst/O
                         net (fo=1, routed)           0.663     0.949    clk_IBUF
    BUFGCTRL_X0Y0        BUFG (Prop_bufg_I_O)         0.026     0.975 r  clk_IBUF_BUFG_inst/O
                         net (fo=4299, routed)        0.627     1.603    dut/i_horcrux/keccak_i/u_dp/clk_IBUF_BUFG
    SLICE_X53Y129        FDCE                                         r  dut/i_horcrux/keccak_i/u_dp/reg_data_reg[0][2][60]/C
  -------------------------------------------------------------------    -------------------
    SLICE_X53Y129        FDCE (Prop_fdce_C_Q)         0.141     1.744 r  dut/i_horcrux/keccak_i/u_dp/reg_data_reg[0][2][60]/Q
                         net (fo=4, routed)           0.239     1.982    dut/i_horcrux/sphincs_ops_inst/Dout[60]
    SLICE_X44Y128        LUT4 (Prop_lut4_I0_O)        0.045     2.027 r  dut/i_horcrux/sphincs_ops_inst/bitmask_reg[188]_i_1/O
                         net (fo=1, routed)           0.000     2.027    dut/i_horcrux/sphincs_ops_inst/bitmask_reg[188]_i_1_n_0
    SLICE_X44Y128        FDCE                                         r  dut/i_horcrux/sphincs_ops_inst/bitmask_reg_reg[188]/D
  -------------------------------------------------------------------    -------------------

                         (clock clk rise edge)        0.000     0.000 r  
    U7                                                0.000     0.000 r  clk (IN)
                         net (fo=0)                   0.000     0.000    clk
    U7                   IBUF (Prop_ibuf_I_O)         0.476     0.476 r  clk_IBUF_inst/O
                         net (fo=1, routed)           0.719     1.195    clk_IBUF
    BUFGCTRL_X0Y0        BUFG (Prop_bufg_I_O)         0.029     1.224 r  clk_IBUF_BUFG_inst/O
                         net (fo=4299, routed)        0.900     2.124    dut/i_horcrux/sphincs_ops_inst/clk_IBUF_BUFG
    SLICE_X44Y128        FDCE                                         r  dut/i_horcrux/sphincs_ops_inst/bitmask_reg_reg[188]/C
                         clock pessimism             -0.257     1.867    
    SLICE_X44Y128        FDCE (Hold_fdce_C_D)         0.092     1.959    dut/i_horcrux/sphincs_ops_inst/bitmask_reg_reg[188]
  -------------------------------------------------------------------
                         required time                         -1.959    
                         arrival time                           2.027    
  -------------------------------------------------------------------
                         slack                                  0.068    





Pulse Width Checks
--------------------------------------------------------------------------------------
Clock Name:         clk
Waveform(ns):       { 0.000 22.500 }
Period(ns):         45.000
Sources:            { clk }

Check Type        Corner  Lib Pin  Reference Pin  Required(ns)  Actual(ns)  Slack(ns)  Location       Pin
Min Period        n/a     BUFG/I   n/a            2.155         45.000      42.845     BUFGCTRL_X0Y0  clk_IBUF_BUFG_inst/I
Low Pulse Width   Slow    FDCE/C   n/a            0.500         22.500      22.000     SLICE_X89Y82   commit_reg[commit_kill]/C
High Pulse Width  Slow    FDCE/C   n/a            0.500         22.500      22.000     SLICE_X89Y82   commit_reg[commit_kill]/C



