Copyright 1986-2022 Xilinx, Inc. All Rights Reserved. Copyright 2022-2024 Advanced Micro Devices, Inc. All Rights Reserved.
--------------------------------------------------------------------------------------------------------------------------------------------------
| Tool Version      : Vivado v.2024.2 (win64) Build 5239630 Fri Nov 08 22:35:27 MST 2024
| Date              : Mon Sep  7 22:50:57 2026
| Host              : DESKTOP-OKV77IV running 64-bit major release  (build 9200)
| Command           : report_timing_summary -file reports/m0_followup/task3_before_routed_summary.rpt
| Design            : mt_char_wrapper
| Device            : xcau25p-ffvb676
| Speed File        : -2  PRODUCTION 1.29 05-01-2022
| Design State      : Routed
| Temperature Grade : E
--------------------------------------------------------------------------------------------------------------------------------------------------

Timing Summary Report

------------------------------------------------------------------------------------------------
| Timer Settings
| --------------
------------------------------------------------------------------------------------------------

  Enable Multi Corner Analysis               :  Yes
  Enable Pessimism Removal                   :  Yes
  Pessimism Removal Resolution               :  Nearest Common Node
  Enable Input Delay Default Clock           :  No
  Enable Preset / Clear Arcs                 :  No
  Disable Flight Delays                      :  No
  Ignore I/O Paths                           :  No
  Timing Early Launch at Borrowing Latches   :  No
  Borrow Time for Max Delay Exceptions       :  Yes
  Merge Timing Exceptions                    :  Yes
  Inter-SLR Compensation                     :  Conservative

  Corner  Analyze    Analyze    
  Name    Max Paths  Min Paths  
  ------  ---------  ---------  
  Slow    Yes        Yes        
  Fast    Yes        Yes        


------------------------------------------------------------------------------------------------
| Report Methodology
| ------------------
------------------------------------------------------------------------------------------------

No report available as report_methodology has not been run prior. Run report_methodology on the current design for the summary of methodology violations.



check_timing report

Table of Contents
-----------------
1. checking no_clock (0)
2. checking constant_clock (0)
3. checking pulse_width_clock (0)
4. checking unconstrained_internal_endpoints (0)
5. checking no_input_delay (2)
6. checking no_output_delay (1)
7. checking multiple_clock (0)
8. checking generated_clocks (0)
9. checking loops (0)
10. checking partial_input_delay (0)
11. checking partial_output_delay (0)
12. checking latch_loops (0)

1. checking no_clock (0)
------------------------
 There are 0 register/latch pins with no clock.


2. checking constant_clock (0)
------------------------------
 There are 0 register/latch pins with constant_clock.


3. checking pulse_width_clock (0)
---------------------------------
 There are 0 register/latch pins which need pulse_width check


4. checking unconstrained_internal_endpoints (0)
------------------------------------------------
 There are 0 pins that are not constrained for maximum delay.

 There are 0 pins that are not constrained for maximum delay due to constant clock.


5. checking no_input_delay (2)
------------------------------
 There are 2 input ports with no input delay specified. (HIGH)

 There are 0 input ports with no input delay but user has a false path constraint.


6. checking no_output_delay (1)
-------------------------------
 There is 1 port with no output delay specified. (HIGH)

 There are 0 ports with no output delay but user has a false path constraint

 There are 0 ports with no output delay but with a timing clock defined on it or propagating through it


7. checking multiple_clock (0)
------------------------------
 There are 0 register/latch pins with multiple clocks.


8. checking generated_clocks (0)
--------------------------------
 There are 0 generated clocks that are not connected to a clock source.


9. checking loops (0)
---------------------
 There are 0 combinational loops in the design.


10. checking partial_input_delay (0)
------------------------------------
 There are 0 input ports with partial input delay specified.


11. checking partial_output_delay (0)
-------------------------------------
 There are 0 ports with partial output delay specified.


12. checking latch_loops (0)
----------------------------
 There are 0 combinational latch loops in the design through latch input



------------------------------------------------------------------------------------------------
| Design Timing Summary
| ---------------------
------------------------------------------------------------------------------------------------

    WNS(ns)      TNS(ns)  TNS Failing Endpoints  TNS Total Endpoints      WHS(ns)      THS(ns)  THS Failing Endpoints  THS Total Endpoints     WPWS(ns)     TPWS(ns)  TPWS Failing Endpoints  TPWS Total Endpoints  
    -------      -------  ---------------------  -------------------      -------      -------  ---------------------  -------------------     --------     --------  ----------------------  --------------------  
     -5.347     -464.991                     96                  304        0.024        0.000                      0                  304        9.725        0.000                       0                   209  


Timing constraints are not met.


------------------------------------------------------------------------------------------------
| Clock Summary
| -------------
------------------------------------------------------------------------------------------------

Clock  Waveform(ns)       Period(ns)      Frequency(MHz)
-----  ------------       ----------      --------------
clk    {0.000 10.000}     20.000          50.000          


------------------------------------------------------------------------------------------------
| Intra Clock Table
| -----------------
------------------------------------------------------------------------------------------------

Clock             WNS(ns)      TNS(ns)  TNS Failing Endpoints  TNS Total Endpoints      WHS(ns)      THS(ns)  THS Failing Endpoints  THS Total Endpoints     WPWS(ns)     TPWS(ns)  TPWS Failing Endpoints  TPWS Total Endpoints  
-----             -------      -------  ---------------------  -------------------      -------      -------  ---------------------  -------------------     --------     --------  ----------------------  --------------------  
clk                -5.347     -464.991                     96                  304        0.024        0.000                      0                  304        9.725        0.000                       0                   209  


------------------------------------------------------------------------------------------------
| Inter Clock Table
| -----------------
------------------------------------------------------------------------------------------------

From Clock    To Clock          WNS(ns)      TNS(ns)  TNS Failing Endpoints  TNS Total Endpoints      WHS(ns)      THS(ns)  THS Failing Endpoints  THS Total Endpoints  
----------    --------          -------      -------  ---------------------  -------------------      -------      -------  ---------------------  -------------------  


------------------------------------------------------------------------------------------------
| Other Path Groups Table
| -----------------------
------------------------------------------------------------------------------------------------

Path Group    From Clock    To Clock          WNS(ns)      TNS(ns)  TNS Failing Endpoints  TNS Total Endpoints      WHS(ns)      THS(ns)  THS Failing Endpoints  THS Total Endpoints  
----------    ----------    --------          -------      -------  ---------------------  -------------------      -------      -------  ---------------------  -------------------  


------------------------------------------------------------------------------------------------
| Timing Details
| --------------
------------------------------------------------------------------------------------------------


---------------------------------------------------------------------------------------------------
From Clock:  clk
  To Clock:  clk

Setup :           96  Failing Endpoints,  Worst Slack       -5.347ns,  Total Violation     -464.991ns
Hold  :            0  Failing Endpoints,  Worst Slack        0.024ns,  Total Violation        0.000ns
PW    :            0  Failing Endpoints,  Worst Slack        9.725ns,  Total Violation        0.000ns
---------------------------------------------------------------------------------------------------


Max Delay Paths
--------------------------------------------------------------------------------------
Slack (VIOLATED) :        -5.347ns  (required time - arrival time)
  Source:                 rs1_q_reg[19]/C
                            (rising edge-triggered cell FDCE clocked by clk  {rise@0.000ns fall@10.000ns period=20.000ns})
  Destination:            sig_reg[12]/D
                            (rising edge-triggered cell FDCE clocked by clk  {rise@0.000ns fall@10.000ns period=20.000ns})
  Path Group:             clk
  Path Type:              Setup (Max at Slow Process Corner)
  Requirement:            20.000ns  (clk rise@20.000ns - clk rise@0.000ns)
  Data Path Delay:        25.458ns  (logic 12.505ns (49.120%)  route 12.953ns (50.880%))
  Logic Levels:           117  (CARRY8=54 DSP_A_B_DATA=2 DSP_ALU=3 DSP_M_DATA=2 DSP_MULTIPLIER=2 DSP_OUTPUT=3 DSP_PREADD_DATA=2 LUT2=5 LUT3=4 LUT4=6 LUT5=27 LUT6=7)
  Clock Path Skew:        0.121ns (DCD - SCD + CPR)
    Destination Clock Delay (DCD):    2.432ns = ( 22.432 - 20.000 ) 
    Source Clock Delay      (SCD):    2.978ns
    Clock Pessimism Removal (CPR):    0.667ns
  Clock Uncertainty:      0.035ns  ((TSJ^2 + TIJ^2)^1/2 + DJ) / 2 + PE
    Total System Jitter     (TSJ):    0.071ns
    Total Input Jitter      (TIJ):    0.000ns
    Discrete Jitter          (DJ):    0.000ns
    Phase Error              (PE):    0.000ns
  Clock Net Delay (Source):      1.744ns (routing 0.928ns, distribution 0.816ns)
  Clock Net Delay (Destination): 1.744ns (routing 0.841ns, distribution 0.903ns)

    Location             Delay type                Incr(ns)  Path(ns)    Netlist Resource(s)
  -------------------------------------------------------------------    -------------------
                         (clock clk rise edge)        0.000     0.000 r  
    D14                                               0.000     0.000 r  clk (IN)
                         net (fo=0)                   0.000     0.000    clk_IBUF_inst/I
    D14                  INBUF (Prop_INBUF_HDIOB_M_PAD_O)
                                                      1.002     1.002 r  clk_IBUF_inst/INBUF_INST/O
                         net (fo=1, routed)           0.000     1.002    clk_IBUF_inst/OUT
    D14                  IBUFCTRL (Prop_IBUFCTRL_HDIOB_M_I_O)
                                                      0.000     1.002 r  clk_IBUF_inst/IBUFCTRL_INST/O
                         net (fo=1, routed)           0.204     1.206    clk_IBUF
    BUFGCE_HDIO_X0Y7     BUFGCE (Prop_BUFCE_BUFGCE_HDIO_I_O)
                                                      0.028     1.234 r  clk_IBUF_BUFG_inst/O
    X1Y1 (CLOCK_ROOT)    net (fo=208, routed)         1.744     2.978    clk_IBUF_BUFG
    SLICE_X51Y77         FDCE                                         r  rs1_q_reg[19]/C
  -------------------------------------------------------------------    -------------------
    SLICE_X51Y77         FDCE (Prop_BFF_SLICEL_C_Q)
                                                      0.079     3.057 r  rs1_q_reg[19]/Q
                         net (fo=39, routed)          0.203     3.260    dut/u_shared_mul/u_primary_mul/rs1_q[12]
    SLICE_X52Y77         LUT4 (Prop_B6LUT_SLICEM_I1_O)
                                                      0.089     3.349 r  dut/u_shared_mul/u_primary_mul/mul_op_b2__0_carry_i_15/O
                         net (fo=1, routed)           0.016     3.365    dut/u_shared_mul_n_284
    SLICE_X52Y77         CARRY8 (Prop_CARRY8_SLICEM_S[1]_CO[7])
                                                      0.197     3.562 r  dut/mul_op_b2__0_carry/CO[7]
                         net (fo=8, routed)           0.267     3.829    dut/mul_op_b2__10
    SLICE_X54Y76         LUT3 (Prop_A6LUT_SLICEL_I0_O)
                                                      0.050     3.879 r  dut/mul_op_b1__2_carry_i_15/O
                         net (fo=1, routed)           0.009     3.888    dut/mul_op_b1__2_carry_i_15_n_0
    SLICE_X54Y76         CARRY8 (Prop_CARRY8_SLICEL_S[0]_O[5])
                                                      0.238     4.126 r  dut/mul_op_b1__2_carry/O[5]
                         net (fo=2, routed)           0.182     4.308    dut/u_shared_mul/u_primary_mul/data2[5]
    SLICE_X55Y75         LUT4 (Prop_E6LUT_SLICEM_I2_O)
                                                      0.091     4.399 r  dut/u_shared_mul/u_primary_mul/reg_B[4]_i_7_replica/O
                         net (fo=15, routed)          0.171     4.570    dut/u_shared_mul/u_primary_mul/a1_reg_reg[21]_repN
    SLICE_X55Y78         LUT4 (Prop_F6LUT_SLICEM_I1_O)
                                                      0.148     4.718 r  dut/u_shared_mul/u_primary_mul/stage_a_result__0_i_35/O
                         net (fo=1, routed)           0.022     4.740    dut/u_shared_mul/u_primary_mul/stage_a_result__0_i_35_n_0
    SLICE_X55Y78         CARRY8 (Prop_CARRY8_SLICEM_S[5]_CO[7])
                                                      0.159     4.899 r  dut/u_shared_mul/u_primary_mul/stage_a_result__0_i_22/CO[7]
                         net (fo=1, routed)           0.026     4.925    dut/u_shared_mul/u_primary_mul/stage_a_result__0_i_22_n_0
    SLICE_X55Y79         CARRY8 (Prop_CARRY8_SLICEM_CI_O[2])
                                                      0.067     4.992 r  dut/u_shared_mul/u_primary_mul/falcon_sum_carry_i_177/O[2]
                         net (fo=1, routed)           0.367     5.359    dut/u_shared_mul/u_primary_mul/falcon_sum_carry_i_177_n_13
    SLICE_X51Y82         LUT5 (Prop_B6LUT_SLICEL_I0_O)
                                                      0.098     5.457 r  dut/u_shared_mul/u_primary_mul/falcon_sum_carry_i_282/O
                         net (fo=1, routed)           0.009     5.466    dut/u_shared_mul/u_primary_mul/falcon_sum_carry_i_282_n_0
    SLICE_X51Y82         CARRY8 (Prop_CARRY8_SLICEL_S[1]_O[5])
                                                      0.233     5.699 r  dut/u_shared_mul/u_primary_mul/falcon_sum_carry_i_174/O[5]
                         net (fo=1, routed)           0.289     5.988    dut/u_shared_mul/u_primary_mul/falcon_sum_carry_i_174_n_10
    SLICE_X53Y82         LUT5 (Prop_E6LUT_SLICEM_I0_O)
                                                      0.100     6.088 r  dut/u_shared_mul/u_primary_mul/falcon_sum_carry_i_263/O
                         net (fo=1, routed)           0.014     6.102    dut/u_shared_mul/u_primary_mul/falcon_sum_carry_i_263_n_0
    SLICE_X53Y82         CARRY8 (Prop_CARRY8_SLICEM_S[4]_O[6])
                                                      0.129     6.231 r  dut/u_shared_mul/u_primary_mul/falcon_sum_carry_i_167/O[6]
                         net (fo=1, routed)           0.270     6.501    dut/u_shared_mul/u_primary_mul/falcon_sum_carry_i_167_n_9
    SLICE_X58Y83         LUT5 (Prop_C6LUT_SLICEM_I4_O)
                                                      0.051     6.552 r  dut/u_shared_mul/u_primary_mul/falcon_sum_carry_i_236/O
                         net (fo=4, routed)           0.343     6.895    dut/u_shared_mul/u_primary_mul/accumulator76_in[16]
    SLICE_X52Y84         LUT3 (Prop_F6LUT_SLICEM_I0_O)
                                                      0.037     6.932 r  dut/u_shared_mul/u_primary_mul/falcon_sum_carry_i_244/O
                         net (fo=1, routed)           0.022     6.954    dut/u_shared_mul/u_primary_mul/falcon_sum_carry_i_244_n_0
    SLICE_X52Y84         CARRY8 (Prop_CARRY8_SLICEM_S[5]_CO[7])
                                                      0.159     7.113 r  dut/u_shared_mul/u_primary_mul/falcon_sum_carry_i_160/CO[7]
                         net (fo=1, routed)           0.026     7.139    dut/u_shared_mul/u_primary_mul/falcon_sum_carry_i_160_n_0
    SLICE_X52Y85         CARRY8 (Prop_CARRY8_SLICEM_CI_O[0])
                                                      0.056     7.195 r  dut/u_shared_mul/u_primary_mul/falcon_sum_carry_i_312/O[0]
                         net (fo=1, routed)           0.225     7.420    dut/u_shared_mul/u_primary_mul/falcon_sum_carry_i_312_n_15
    SLICE_X54Y86         LUT5 (Prop_H6LUT_SLICEL_I0_O)
                                                      0.051     7.471 r  dut/u_shared_mul/u_primary_mul/falcon_sum_carry_i_225/O
                         net (fo=1, routed)           0.010     7.481    dut/u_shared_mul/u_primary_mul/falcon_sum_carry_i_225_n_0
    SLICE_X54Y86         CARRY8 (Prop_CARRY8_SLICEL_S[7]_CO[7])
                                                      0.115     7.596 r  dut/u_shared_mul/u_primary_mul/falcon_sum_carry_i_154/CO[7]
                         net (fo=1, routed)           0.026     7.622    dut/u_shared_mul/u_primary_mul/falcon_sum_carry_i_154_n_0
    SLICE_X54Y87         CARRY8 (Prop_CARRY8_SLICEL_CI_O[0])
                                                      0.056     7.678 r  dut/u_shared_mul/u_primary_mul/falcon_sum_carry_i_305/O[0]
                         net (fo=1, routed)           0.243     7.921    dut/u_shared_mul/u_primary_mul/falcon_sum_carry_i_305_n_15
    SLICE_X56Y86         LUT5 (Prop_H6LUT_SLICEM_I0_O)
                                                      0.053     7.974 r  dut/u_shared_mul/u_primary_mul/falcon_sum_carry_i_208/O
                         net (fo=1, routed)           0.015     7.989    dut/u_shared_mul/u_primary_mul/falcon_sum_carry_i_208_n_0
    SLICE_X56Y86         CARRY8 (Prop_CARRY8_SLICEM_S[7]_CO[7])
                                                      0.117     8.106 r  dut/u_shared_mul/u_primary_mul/falcon_sum_carry_i_147/CO[7]
                         net (fo=1, routed)           0.026     8.132    dut/u_shared_mul/u_primary_mul/falcon_sum_carry_i_147_n_0
    SLICE_X56Y87         CARRY8 (Prop_CARRY8_SLICEM_CI_O[0])
                                                      0.056     8.188 r  dut/u_shared_mul/u_primary_mul/falcon_sum_carry_i_300/O[0]
                         net (fo=1, routed)           0.261     8.449    dut/u_shared_mul/u_primary_mul/falcon_sum_carry_i_300_n_15
    SLICE_X57Y82         LUT5 (Prop_H6LUT_SLICEL_I0_O)
                                                      0.051     8.500 r  dut/u_shared_mul/u_primary_mul/falcon_sum_carry_i_191/O
                         net (fo=1, routed)           0.010     8.510    dut/u_shared_mul/u_primary_mul/falcon_sum_carry_i_191_n_0
    SLICE_X57Y82         CARRY8 (Prop_CARRY8_SLICEL_S[7]_CO[7])
                                                      0.115     8.625 r  dut/u_shared_mul/u_primary_mul/falcon_sum_carry_i_140/CO[7]
                         net (fo=1, routed)           0.026     8.651    dut/u_shared_mul/u_primary_mul/falcon_sum_carry_i_140_n_0
    SLICE_X57Y83         CARRY8 (Prop_CARRY8_SLICEL_CI_O[0])
                                                      0.056     8.707 r  dut/u_shared_mul/u_primary_mul/falcon_sum_carry__0_i_379/O[0]
                         net (fo=2, routed)           0.225     8.932    dut/u_shared_mul/u_primary_mul/falcon_sum_carry__0_i_379_n_15
    SLICE_X57Y89         LUT5 (Prop_E6LUT_SLICEL_I4_O)
                                                      0.035     8.967 r  dut/u_shared_mul/u_primary_mul/falcon_sum_carry__0_i_321/O
                         net (fo=3, routed)           0.156     9.123    dut/u_shared_mul/u_primary_mul/accumulator64_in[22]
    SLICE_X58Y87         LUT3 (Prop_H6LUT_SLICEM_I0_O)
                                                      0.039     9.162 r  dut/u_shared_mul/u_primary_mul/falcon_sum_carry__0_i_329/O
                         net (fo=1, routed)           0.015     9.177    dut/u_shared_mul/u_primary_mul/falcon_sum_carry__0_i_329_n_0
    SLICE_X58Y87         CARRY8 (Prop_CARRY8_SLICEM_S[7]_CO[7])
                                                      0.117     9.294 r  dut/u_shared_mul/u_primary_mul/falcon_sum_carry__0_i_206/CO[7]
                         net (fo=1, routed)           0.026     9.320    dut/u_shared_mul/u_primary_mul/falcon_sum_carry__0_i_206_n_0
    SLICE_X58Y88         CARRY8 (Prop_CARRY8_SLICEM_CI_O[0])
                                                      0.056     9.376 r  dut/u_shared_mul/u_primary_mul/falcon_sum_carry__0_i_372/O[0]
                         net (fo=1, routed)           0.260     9.636    dut/u_shared_mul/u_primary_mul/falcon_sum_carry__0_i_372_n_15
    SLICE_X59Y88         LUT5 (Prop_H6LUT_SLICEL_I0_O)
                                                      0.051     9.687 r  dut/u_shared_mul/u_primary_mul/falcon_sum_carry__0_i_313/O
                         net (fo=1, routed)           0.010     9.697    dut/u_shared_mul/u_primary_mul/falcon_sum_carry__0_i_313_n_0
    SLICE_X59Y88         CARRY8 (Prop_CARRY8_SLICEL_S[7]_O[7])
                                                      0.054     9.751 r  dut/u_shared_mul/u_primary_mul/falcon_sum_carry__0_i_201/O[7]
                         net (fo=1, routed)           0.246     9.997    dut/u_shared_mul/u_primary_mul/falcon_sum_carry__0_i_201_n_8
    SLICE_X55Y88         LUT5 (Prop_G6LUT_SLICEM_I0_O)
                                                      0.090    10.087 r  dut/u_shared_mul/u_primary_mul/falcon_sum_carry__0_i_297/O
                         net (fo=1, routed)           0.016    10.103    dut/u_shared_mul/u_primary_mul/falcon_sum_carry__0_i_297_n_0
    SLICE_X55Y88         CARRY8 (Prop_CARRY8_SLICEM_S[6]_O[6])
                                                      0.056    10.159 r  dut/u_shared_mul/u_primary_mul/falcon_sum_carry__0_i_198/O[6]
                         net (fo=1, routed)           0.332    10.491    dut/u_shared_mul/u_primary_mul/falcon_sum_carry__0_i_198_n_9
    SLICE_X53Y92         LUT5 (Prop_F6LUT_SLICEM_I0_O)
                                                      0.051    10.542 r  dut/u_shared_mul/u_primary_mul/falcon_sum_carry__0_i_282/O
                         net (fo=1, routed)           0.022    10.564    dut/u_shared_mul/u_primary_mul/falcon_sum_carry__0_i_282_n_0
    SLICE_X53Y92         CARRY8 (Prop_CARRY8_SLICEM_S[5]_O[5])
                                                      0.058    10.622 r  dut/u_shared_mul/u_primary_mul/falcon_sum_carry__0_i_193/O[5]
                         net (fo=4, routed)           0.248    10.870    dut/u_shared_mul/u_primary_mul/falcon_sum_carry__0_i_193_n_10
    SLICE_X51Y91         LUT5 (Prop_C6LUT_SLICEL_I4_O)
                                                      0.088    10.958 r  dut/u_shared_mul/u_primary_mul/falcon_sum_carry__0_i_261/O
                         net (fo=2, routed)           0.182    11.140    dut/u_shared_mul/u_primary_mul/accumulator52_in[23]
    SLICE_X50Y90         CARRY8 (Prop_CARRY8_SLICEM_DI[4]_O[5])
                                                      0.084    11.224 r  dut/u_shared_mul/u_primary_mul/falcon_sum_carry__0_i_187/O[5]
                         net (fo=3, routed)           0.302    11.526    dut/u_shared_mul/u_primary_mul/falcon_sum_carry__0_i_187_n_10
    SLICE_X49Y91         LUT6 (Prop_E6LUT_SLICEM_I4_O)
                                                      0.052    11.578 r  dut/u_shared_mul/u_primary_mul/falcon_sum_carry__0_i_250_comp/O
                         net (fo=1, routed)           0.014    11.592    dut/u_shared_mul/u_primary_mul/falcon_sum_carry__0_i_250_n_0
    SLICE_X49Y91         CARRY8 (Prop_CARRY8_SLICEM_S[4]_O[4])
                                                      0.063    11.655 r  dut/u_shared_mul/u_primary_mul/falcon_sum_carry__0_i_180/O[4]
                         net (fo=1, routed)           0.247    11.902    dut/u_shared_mul/u_primary_mul/falcon_sum_carry__0_i_180_n_11
    SLICE_X52Y92         LUT6 (Prop_D6LUT_SLICEM_I0_O)
                                                      0.088    11.990 r  dut/u_shared_mul/u_primary_mul/falcon_sum_carry__0_i_235/O
                         net (fo=1, routed)           0.025    12.015    dut/u_shared_mul/u_primary_mul/falcon_sum_carry__0_i_235_n_0
    SLICE_X52Y92         CARRY8 (Prop_CARRY8_SLICEM_S[3]_O[4])
                                                      0.149    12.164 r  dut/u_shared_mul/u_primary_mul/falcon_sum_carry__0_i_174/O[4]
                         net (fo=3, routed)           0.192    12.356    dut/u_shared_mul/u_primary_mul/falcon_sum_carry__0_i_174_n_11
    SLICE_X54Y93         LUT5 (Prop_C6LUT_SLICEL_I4_O)
                                                      0.096    12.452 r  dut/u_shared_mul/u_primary_mul/falcon_sum_carry__0_i_214/O
                         net (fo=3, routed)           0.173    12.625    dut/u_shared_mul/u_primary_mul/accumulator43_in[25]
    SLICE_X57Y93         CARRY8 (Prop_CARRY8_SLICEL_DI[3]_O[4])
                                                      0.141    12.766 r  dut/u_shared_mul/u_primary_mul/falcon_sum_carry__0_i_167/O[4]
                         net (fo=1, routed)           0.235    13.001    dut/u_shared_mul/u_primary_mul/falcon_sum_carry__0_i_167_n_11
    SLICE_X55Y95         LUT5 (Prop_D6LUT_SLICEM_I0_O)
                                                      0.122    13.123 r  dut/u_shared_mul/u_primary_mul/falcon_sum_carry__1_i_408/O
                         net (fo=1, routed)           0.025    13.148    dut/u_shared_mul/u_primary_mul/falcon_sum_carry__1_i_408_n_0
    SLICE_X55Y95         CARRY8 (Prop_CARRY8_SLICEM_S[3]_O[3])
                                                      0.061    13.209 r  dut/u_shared_mul/u_primary_mul/falcon_sum_carry__1_i_249/O[3]
                         net (fo=1, routed)           0.241    13.450    dut/u_shared_mul/u_primary_mul/falcon_sum_carry__1_i_249_n_12
    SLICE_X56Y97         LUT5 (Prop_C6LUT_SLICEM_I0_O)
                                                      0.051    13.501 r  dut/u_shared_mul/u_primary_mul/falcon_sum_carry__1_i_392/O
                         net (fo=1, routed)           0.021    13.522    dut/u_shared_mul/u_primary_mul/falcon_sum_carry__1_i_392_n_0
    SLICE_X56Y97         CARRY8 (Prop_CARRY8_SLICEM_S[2]_O[2])
                                                      0.058    13.580 r  dut/u_shared_mul/u_primary_mul/falcon_sum_carry__1_i_244/O[2]
                         net (fo=1, routed)           0.155    13.735    dut/u_shared_mul/u_primary_mul/falcon_sum_carry__1_i_244_n_13
    SLICE_X58Y97         LUT5 (Prop_B6LUT_SLICEM_I0_O)
                                                      0.149    13.884 r  dut/u_shared_mul/u_primary_mul/falcon_sum_carry__1_i_376/O
                         net (fo=1, routed)           0.016    13.900    dut/u_shared_mul/u_primary_mul/falcon_sum_carry__1_i_376_n_0
    SLICE_X58Y97         CARRY8 (Prop_CARRY8_SLICEM_S[1]_O[2])
                                                      0.117    14.017 r  dut/u_shared_mul/u_primary_mul/falcon_sum_carry__1_i_236/O[2]
                         net (fo=1, routed)           0.298    14.315    dut/u_shared_mul/u_primary_mul/falcon_sum_carry__1_i_236_n_13
    SLICE_X59Y102        LUT5 (Prop_B6LUT_SLICEL_I0_O)
                                                      0.051    14.366 r  dut/u_shared_mul/u_primary_mul/falcon_sum_carry__1_i_355/O
                         net (fo=1, routed)           0.009    14.375    dut/u_shared_mul/u_primary_mul/falcon_sum_carry__1_i_355_n_0
    SLICE_X59Y102        CARRY8 (Prop_CARRY8_SLICEL_S[1]_O[2])
                                                      0.114    14.489 r  dut/u_shared_mul/u_primary_mul/falcon_sum_carry__1_i_227/O[2]
                         net (fo=1, routed)           0.224    14.713    dut/u_shared_mul/u_primary_mul/falcon_sum_carry__1_i_227_n_13
    SLICE_X58Y103        LUT5 (Prop_B6LUT_SLICEM_I0_O)
                                                      0.089    14.802 r  dut/u_shared_mul/u_primary_mul/falcon_sum_carry__1_i_339/O
                         net (fo=1, routed)           0.016    14.818    dut/u_shared_mul/u_primary_mul/falcon_sum_carry__1_i_339_n_0
    SLICE_X58Y103        CARRY8 (Prop_CARRY8_SLICEM_S[1]_O[1])
                                                      0.056    14.874 r  dut/u_shared_mul/u_primary_mul/falcon_sum_carry__1_i_221/O[1]
                         net (fo=4, routed)           0.243    15.118    dut/u_shared_mul/u_primary_mul/falcon_sum_carry__1_i_221_n_14
    SLICE_X57Y99         LUT6 (Prop_C6LUT_SLICEL_I5_O)
                                                      0.050    15.168 r  dut/u_shared_mul/u_primary_mul/falcon_sum_carry__2_i_153/O
                         net (fo=2, routed)           0.145    15.313    dut/u_shared_mul/u_primary_mul/accumulator25_in[28]
    SLICE_X57Y101        CARRY8 (Prop_CARRY8_SLICEL_DI[0]_O[1])
                                                      0.078    15.391 r  dut/u_shared_mul/u_primary_mul/falcon_sum_carry__1_i_209/O[1]
                         net (fo=1, routed)           0.251    15.642    dut/u_shared_mul/u_primary_mul/falcon_sum_carry__1_i_209_n_14
    SLICE_X56Y103        LUT6 (Prop_A6LUT_SLICEM_I4_O)
                                                      0.053    15.695 r  dut/u_shared_mul/u_primary_mul/falcon_sum_carry__1_i_295/O
                         net (fo=1, routed)           0.013    15.708    dut/u_shared_mul/u_primary_mul/falcon_sum_carry__1_i_295_n_0
    SLICE_X56Y103        CARRY8 (Prop_CARRY8_SLICEM_S[0]_O[0])
                                                      0.065    15.773 r  dut/u_shared_mul/u_primary_mul/falcon_sum_carry__1_i_200/O[0]
                         net (fo=1, routed)           0.192    15.965    dut/u_shared_mul/u_primary_mul/falcon_sum_carry__1_i_200_n_15
    SLICE_X55Y101        LUT5 (Prop_H6LUT_SLICEM_I0_O)
                                                      0.053    16.018 r  dut/u_shared_mul/u_primary_mul/falcon_sum_carry__1_i_65/O
                         net (fo=1, routed)           0.015    16.033    dut/u_shared_mul/u_primary_mul/falcon_sum_carry__1_i_65_n_0
    SLICE_X55Y101        CARRY8 (Prop_CARRY8_SLICEM_S[7]_CO[7])
                                                      0.117    16.150 r  dut/u_shared_mul/u_primary_mul/falcon_sum_carry__1_i_22/CO[7]
                         net (fo=1, routed)           0.026    16.176    dut/u_shared_mul/u_primary_mul/falcon_sum_carry__1_i_22_n_0
    SLICE_X55Y102        CARRY8 (Prop_CARRY8_SLICEM_CI_O[0])
                                                      0.056    16.232 r  dut/u_shared_mul/u_primary_mul/falcon_sum_carry__1_i_186/O[0]
                         net (fo=1, routed)           0.175    16.407    dut/u_shared_mul/u_primary_mul/falcon_sum_carry__1_i_186_n_15
    SLICE_X54Y101        LUT5 (Prop_H6LUT_SLICEL_I0_O)
                                                      0.051    16.458 r  dut/u_shared_mul/u_primary_mul/falcon_sum_carry__1_i_49/O
                         net (fo=1, routed)           0.010    16.468    dut/u_shared_mul/u_primary_mul/falcon_sum_carry__1_i_49_n_0
    SLICE_X54Y101        CARRY8 (Prop_CARRY8_SLICEL_S[7]_CO[7])
                                                      0.115    16.583 r  dut/u_shared_mul/u_primary_mul/falcon_sum_carry__1_i_19/CO[7]
                         net (fo=1, routed)           0.026    16.609    dut/u_shared_mul/u_primary_mul/falcon_sum_carry__1_i_19_n_0
    SLICE_X54Y102        CARRY8 (Prop_CARRY8_SLICEL_CI_O[0])
                                                      0.056    16.665 r  dut/u_shared_mul/u_primary_mul/falcon_sum_carry__2_i_196/O[0]
                         net (fo=1, routed)           0.176    16.841    dut/u_shared_mul/u_primary_mul/falcon_sum_carry__2_i_196_n_15
    SLICE_X53Y101        LUT5 (Prop_H6LUT_SLICEM_I0_O)
                                                      0.125    16.966 r  dut/u_shared_mul/u_primary_mul/falcon_sum_carry__2_i_136/O
                         net (fo=1, routed)           0.015    16.981    dut/u_shared_mul/u_primary_mul/falcon_sum_carry__2_i_136_n_0
    SLICE_X53Y101        CARRY8 (Prop_CARRY8_SLICEM_S[7]_O[7])
                                                      0.056    17.037 r  dut/u_shared_mul/u_primary_mul/falcon_sum_carry__2_i_34/O[7]
                         net (fo=1, routed)           0.239    17.276    dut/u_shared_mul/u_primary_mul/falcon_sum_carry__2_i_34_n_8
    SLICE_X52Y102        LUT5 (Prop_G6LUT_SLICEM_I0_O)
                                                      0.052    17.328 r  dut/u_shared_mul/u_primary_mul/falcon_sum_carry__2_i_122/O
                         net (fo=1, routed)           0.016    17.344    dut/u_shared_mul/u_primary_mul/falcon_sum_carry__2_i_122_n_0
    SLICE_X52Y102        CARRY8 (Prop_CARRY8_SLICEM_S[6]_O[6])
                                                      0.056    17.400 r  dut/u_shared_mul/u_primary_mul/falcon_sum_carry__2_i_31/O[6]
                         net (fo=1, routed)           0.230    17.630    dut/u_shared_mul/u_primary_mul/falcon_sum_carry__2_i_31_n_9
    SLICE_X51Y100        LUT5 (Prop_F6LUT_SLICEL_I0_O)
                                                      0.049    17.679 r  dut/u_shared_mul/u_primary_mul/falcon_sum_carry__2_i_106/O
                         net (fo=1, routed)           0.011    17.690    dut/u_shared_mul/u_primary_mul/falcon_sum_carry__2_i_106_n_0
    SLICE_X51Y100        CARRY8 (Prop_CARRY8_SLICEL_S[5]_O[5])
                                                      0.054    17.744 r  dut/u_shared_mul/u_primary_mul/falcon_sum_carry__2_i_28/O[5]
                         net (fo=1, routed)           0.209    17.953    dut/u_shared_mul/u_primary_mul/falcon_sum_carry__2_i_28_n_10
    SLICE_X51Y105        LUT5 (Prop_E6LUT_SLICEL_I0_O)
                                                      0.051    18.004 r  dut/u_shared_mul/u_primary_mul/falcon_sum_carry__2_i_88/O
                         net (fo=1, routed)           0.007    18.011    dut/u_shared_mul/u_primary_mul/falcon_sum_carry__2_i_88_n_0
    SLICE_X51Y105        CARRY8 (Prop_CARRY8_SLICEL_S[4]_O[4])
                                                      0.060    18.071 r  dut/u_shared_mul/u_primary_mul/falcon_sum_carry__2_i_25/O[4]
                         net (fo=1, routed)           0.209    18.280    dut/u_shared_mul/u_primary_mul/falcon_sum_carry__2_i_25_n_11
    SLICE_X50Y104        LUT5 (Prop_D6LUT_SLICEM_I0_O)
                                                      0.051    18.331 r  dut/u_shared_mul/u_primary_mul/falcon_sum_carry__2_i_69/O
                         net (fo=1, routed)           0.025    18.356    dut/u_shared_mul/u_primary_mul/falcon_sum_carry__2_i_69_n_0
    SLICE_X50Y104        CARRY8 (Prop_CARRY8_SLICEM_S[3]_O[3])
                                                      0.061    18.417 r  dut/u_shared_mul/u_primary_mul/falcon_sum_carry__2_i_22/O[3]
                         net (fo=1, routed)           0.141    18.558    dut/u_shared_mul/u_primary_mul/falcon_sum_carry__2_i_22_n_12
    SLICE_X49Y104        LUT5 (Prop_C6LUT_SLICEM_I0_O)
                                                      0.088    18.646 r  dut/u_shared_mul/u_primary_mul/falcon_sum_carry__2_i_49/O
                         net (fo=1, routed)           0.021    18.667    dut/u_shared_mul/u_primary_mul/falcon_sum_carry__2_i_49_n_0
    SLICE_X49Y104        CARRY8 (Prop_CARRY8_SLICEM_S[2]_O[2])
                                                      0.058    18.725 r  dut/u_shared_mul/u_primary_mul/falcon_sum_carry__2_i_18/O[2]
                         net (fo=3, routed)           0.365    19.090    dut/u_shared_mul/u_primary_mul/falcon_sum_carry__2_i_18_n_13
    SLICE_X50Y96         LUT6 (Prop_A6LUT_SLICEM_I1_O)
                                                      0.038    19.128 r  dut/u_shared_mul/u_primary_mul/stage_a_result_i_65/O
                         net (fo=1, routed)           0.013    19.141    dut/u_shared_mul/u_primary_mul/stage_a_result_i_65_n_0
    SLICE_X50Y96         CARRY8 (Prop_CARRY8_SLICEM_S[0]_O[0])
                                                      0.065    19.206 f  dut/u_shared_mul/u_primary_mul/stage_a_result_i_43/O[0]
                         net (fo=4, routed)           0.147    19.353    dut/u_shared_mul/u_primary_mul/stage_a_result_i_43_n_15
    SLICE_X49Y96         LUT6 (Prop_F6LUT_SLICEM_I4_O)
                                                      0.037    19.390 f  dut/u_shared_mul/u_primary_mul/stage_a_result_i_7_comp/O
                         net (fo=1, routed)           0.205    19.595    dut/u_shared_mul/stage_a_result/A[14]
    DSP48E2_X7Y36        DSP_A_B_DATA (Prop_DSP_A_B_DATA_DSP48E2_A[14]_A2_DATA[14])
                                                      0.192    19.787 r  dut/u_shared_mul/stage_a_result/DSP_A_B_DATA_INST/A2_DATA[14]
                         net (fo=1, routed)           0.000    19.787    dut/u_shared_mul/stage_a_result/DSP_A_B_DATA.A2_DATA<14>
    DSP48E2_X7Y36        DSP_PREADD_DATA (Prop_DSP_PREADD_DATA_DSP48E2_A2_DATA[14]_A2A1[14])
                                                      0.076    19.863 r  dut/u_shared_mul/stage_a_result/DSP_PREADD_DATA_INST/A2A1[14]
                         net (fo=1, routed)           0.000    19.863    dut/u_shared_mul/stage_a_result/DSP_PREADD_DATA.A2A1<14>
    DSP48E2_X7Y36        DSP_MULTIPLIER (Prop_DSP_MULTIPLIER_DSP48E2_A2A1[14]_V[14])
                                                      0.507    20.370 f  dut/u_shared_mul/stage_a_result/DSP_MULTIPLIER_INST/V[14]
                         net (fo=1, routed)           0.000    20.370    dut/u_shared_mul/stage_a_result/DSP_MULTIPLIER.V<14>
    DSP48E2_X7Y36        DSP_M_DATA (Prop_DSP_M_DATA_DSP48E2_V[14]_V_DATA[14])
                                                      0.046    20.416 r  dut/u_shared_mul/stage_a_result/DSP_M_DATA_INST/V_DATA[14]
                         net (fo=1, routed)           0.000    20.416    dut/u_shared_mul/stage_a_result/DSP_M_DATA.V_DATA<14>
    DSP48E2_X7Y36        DSP_ALU (Prop_DSP_ALU_DSP48E2_V_DATA[14]_ALU_OUT[14])
                                                      0.571    20.987 f  dut/u_shared_mul/stage_a_result/DSP_ALU_INST/ALU_OUT[14]
                         net (fo=1, routed)           0.000    20.987    dut/u_shared_mul/stage_a_result/DSP_ALU.ALU_OUT<14>
    DSP48E2_X7Y36        DSP_OUTPUT (Prop_DSP_OUTPUT_DSP48E2_ALU_OUT[14]_P[14])
                                                      0.109    21.096 r  dut/u_shared_mul/stage_a_result/DSP_OUTPUT_INST/P[14]
                         net (fo=1, routed)           0.219    21.315    dut/u_shared_mul/stage_a_result_n_91
    SLICE_X48Y89         LUT2 (Prop_H6LUT_SLICEL_I1_O)
                                                      0.036    21.351 r  dut/u_shared_mul/stage_a_result_carry__0_i_1/O
                         net (fo=1, routed)           0.010    21.361    dut/u_shared_mul/stage_a_result_carry__0_i_1_n_0
    SLICE_X48Y89         CARRY8 (Prop_CARRY8_SLICEL_S[7]_O[7])
                                                      0.054    21.415 f  dut/u_shared_mul/stage_a_result_carry__0/O[7]
                         net (fo=2, routed)           0.193    21.608    dut/u_shared_mul/stage_a_result__2__0[31]
    SLICE_X48Y91         LUT5 (Prop_A6LUT_SLICEL_I1_O)
                                                      0.035    21.643 f  dut/u_shared_mul/modp_tp_i_1/O
                         net (fo=2, routed)           0.232    21.875    dut/u_shared_mul/modp_tp/B[14]
    DSP48E2_X7Y38        DSP_A_B_DATA (Prop_DSP_A_B_DATA_DSP48E2_B[14]_B2_DATA[14])
                                                      0.151    22.026 r  dut/u_shared_mul/modp_tp/DSP_A_B_DATA_INST/B2_DATA[14]
                         net (fo=1, routed)           0.000    22.026    dut/u_shared_mul/modp_tp/DSP_A_B_DATA.B2_DATA<14>
    DSP48E2_X7Y38        DSP_PREADD_DATA (Prop_DSP_PREADD_DATA_DSP48E2_B2_DATA[14]_B2B1[14])
                                                      0.073    22.099 r  dut/u_shared_mul/modp_tp/DSP_PREADD_DATA_INST/B2B1[14]
                         net (fo=1, routed)           0.000    22.099    dut/u_shared_mul/modp_tp/DSP_PREADD_DATA.B2B1<14>
    DSP48E2_X7Y38        DSP_MULTIPLIER (Prop_DSP_MULTIPLIER_DSP48E2_B2B1[14]_V[41])
                                                      0.609    22.708 f  dut/u_shared_mul/modp_tp/DSP_MULTIPLIER_INST/V[41]
                         net (fo=1, routed)           0.000    22.708    dut/u_shared_mul/modp_tp/DSP_MULTIPLIER.V<41>
    DSP48E2_X7Y38        DSP_M_DATA (Prop_DSP_M_DATA_DSP48E2_V[41]_V_DATA[41])
                                                      0.046    22.754 r  dut/u_shared_mul/modp_tp/DSP_M_DATA_INST/V_DATA[41]
                         net (fo=1, routed)           0.000    22.754    dut/u_shared_mul/modp_tp/DSP_M_DATA.V_DATA<41>
    DSP48E2_X7Y38        DSP_ALU (Prop_DSP_ALU_DSP48E2_V_DATA[41]_ALU_OUT[47])
                                                      0.571    23.325 f  dut/u_shared_mul/modp_tp/DSP_ALU_INST/ALU_OUT[47]
                         net (fo=1, routed)           0.000    23.325    dut/u_shared_mul/modp_tp/DSP_ALU.ALU_OUT<47>
    DSP48E2_X7Y38        DSP_OUTPUT (Prop_DSP_OUTPUT_DSP48E2_ALU_OUT[47]_PCOUT[47])
                                                      0.122    23.447 r  dut/u_shared_mul/modp_tp/DSP_OUTPUT_INST/PCOUT[47]
                         net (fo=1, routed)           0.014    23.461    dut/u_shared_mul/modp_tp__0/PCIN[47]
    DSP48E2_X7Y39        DSP_ALU (Prop_DSP_ALU_DSP48E2_PCIN[47]_ALU_OUT[0])
                                                      0.546    24.007 f  dut/u_shared_mul/modp_tp__0/DSP_ALU_INST/ALU_OUT[0]
                         net (fo=1, routed)           0.000    24.007    dut/u_shared_mul/modp_tp__0/DSP_ALU.ALU_OUT<0>
    DSP48E2_X7Y39        DSP_OUTPUT (Prop_DSP_OUTPUT_DSP48E2_ALU_OUT[0]_P[0])
                                                      0.109    24.116 r  dut/u_shared_mul/modp_tp__0/DSP_OUTPUT_INST/P[0]
                         net (fo=1, routed)           0.207    24.323    dut/u_shared_mul/modp_tp__0_n_105
    SLICE_X48Y97         LUT2 (Prop_C6LUT_SLICEL_I1_O)
                                                      0.088    24.411 r  dut/u_shared_mul/modp_tp_carry__1_i_6/O
                         net (fo=1, routed)           0.010    24.421    dut/u_shared_mul/modp_tp_carry__1_i_6_n_0
    SLICE_X48Y97         CARRY8 (Prop_CARRY8_SLICEL_S[2]_CO[7])
                                                      0.155    24.576 r  dut/u_shared_mul/modp_tp_carry__1/CO[7]
                         net (fo=1, routed)           0.026    24.602    dut/u_shared_mul/modp_tp_carry__1_n_0
    SLICE_X48Y98         CARRY8 (Prop_CARRY8_SLICEL_CI_O[5])
                                                      0.116    24.718 r  dut/u_shared_mul/modp_tp_carry__2/O[5]
                         net (fo=1, routed)           0.231    24.949    dut/u_shared_mul/modp_tp__3__0[45]
    SLICE_X47Y99         LUT2 (Prop_F6LUT_SLICEL_I1_O)
                                                      0.049    24.998 r  dut/u_shared_mul/modp_sub_carry__0_i_18/O
                         net (fo=1, routed)           0.011    25.009    dut/u_shared_mul/u_primary_mul/modp_sub_carry__0[5]
    SLICE_X47Y99         CARRY8 (Prop_CARRY8_SLICEL_S[5]_CO[7])
                                                      0.155    25.164 r  dut/u_shared_mul/u_primary_mul/modp_sub_carry__0_i_1/CO[7]
                         net (fo=1, routed)           0.026    25.190    dut/u_shared_mul/u_primary_mul/modp_sub_carry__0_i_1_n_0
    SLICE_X47Y100        CARRY8 (Prop_CARRY8_SLICEL_CI_O[0])
                                                      0.056    25.246 r  dut/u_shared_mul/u_primary_mul/modp_sub_carry__1_i_1/O[0]
                         net (fo=2, routed)           0.271    25.517    dut/u_shared_mul/u_primary_mul/modp_tp__2[17]
    SLICE_X44Y99         LUT2 (Prop_B6LUT_SLICEM_I0_O)
                                                      0.052    25.569 r  dut/u_shared_mul/u_primary_mul/modp_sub_carry__1_i_8/O
                         net (fo=1, routed)           0.016    25.585    dut/u_shared_mul/u_primary_mul_n_670
    SLICE_X44Y99         CARRY8 (Prop_CARRY8_SLICEM_S[1]_CO[7])
                                                      0.190    25.775 r  dut/u_shared_mul/modp_sub_carry__1/CO[7]
                         net (fo=1, routed)           0.026    25.801    dut/u_shared_mul/modp_sub_carry__1_n_0
    SLICE_X44Y100        CARRY8 (Prop_CARRY8_SLICEM_CI_O[7])
                                                      0.116    25.917 r  dut/u_shared_mul/modp_sub_carry__2/O[7]
                         net (fo=32, routed)          0.202    26.119    dut/u_shared_mul/u_primary_mul/modp_final_carry__2[7]
    SLICE_X45Y99         LUT3 (Prop_A6LUT_SLICEL_I1_O)
                                                      0.050    26.169 r  dut/u_shared_mul/u_primary_mul/modp_final_carry_i_8/O
                         net (fo=1, routed)           0.009    26.178    dut/u_shared_mul/u_primary_mul_n_546
    SLICE_X45Y99         CARRY8 (Prop_CARRY8_SLICEL_S[0]_CO[7])
                                                      0.190    26.368 r  dut/u_shared_mul/modp_final_carry/CO[7]
                         net (fo=1, routed)           0.026    26.394    dut/u_shared_mul/modp_final_carry_n_0
    SLICE_X45Y100        CARRY8 (Prop_CARRY8_SLICEL_CI_O[1])
                                                      0.076    26.470 r  dut/u_shared_mul/modp_final_carry__0/O[1]
                         net (fo=1, routed)           0.168    26.638    dut/u_shared_mul/data4[9]
    SLICE_X45Y103        LUT4 (Prop_E6LUT_SLICEL_I2_O)
                                                      0.035    26.673 r  dut/u_shared_mul/reg_B[9]_i_8/O
                         net (fo=3, routed)           0.063    26.737    dut/u_shared_mul/u_primary_mul/reg_B[9]_i_8_n_0_alias
    SLICE_X45Y103        LUT5 (Prop_F6LUT_SLICEL_I3_O)
                                                      0.148    26.885 r  dut/u_shared_mul/u_primary_mul/reg_B[9]_i_2_comp_2/O
                         net (fo=12, routed)          0.280    27.165    dut/u_shared_mul/u_primary_mul/reg_B[14]_i_6_0
    SLICE_X49Y102        LUT4 (Prop_C6LUT_SLICEM_I2_O)
                                                      0.051    27.216 r  dut/u_shared_mul/u_primary_mul/result_o2_carry__0_i_14/O
                         net (fo=1, routed)           0.021    27.237    dut/u_shared_mul_n_397
    SLICE_X49Y102        CARRY8 (Prop_CARRY8_SLICEM_S[2]_CO[7])
                                                      0.161    27.398 r  dut/result_o2_carry__0/CO[7]
                         net (fo=1, routed)           0.026    27.424    dut/result_o2_carry__0_n_0
    SLICE_X49Y103        CARRY8 (Prop_CARRY8_SLICEM_CI_O[0])
                                                      0.056    27.480 r  dut/result_o2_carry__1/O[0]
                         net (fo=7, routed)           0.178    27.658    dut/u_shared_mul/u_primary_mul/result_o1_carry[0]
    SLICE_X48Y104        LUT2 (Prop_A6LUT_SLICEL_I1_O)
                                                      0.050    27.708 r  dut/u_shared_mul/u_primary_mul/result_o1_carry_i_1/O
                         net (fo=1, routed)           0.009    27.717    dut/u_shared_mul_n_309
    SLICE_X48Y104        CARRY8 (Prop_CARRY8_SLICEL_S[0]_CO[7])
                                                      0.190    27.907 r  dut/result_o1_carry/CO[7]
                         net (fo=1, routed)           0.026    27.933    dut/result_o1_carry_n_0
    SLICE_X48Y105        CARRY8 (Prop_CARRY8_SLICEL_CI_O[4])
                                                      0.086    28.019 r  dut/result_o1_carry__0/O[4]
                         net (fo=1, routed)           0.180    28.199    dut/u_shared_mul/u_primary_mul/sig[15]_i_4[4]
    SLICE_X48Y110        LUT4 (Prop_F6LUT_SLICEL_I0_O)
                                                      0.049    28.248 r  dut/u_shared_mul/u_primary_mul/sig[12]_i_8/O
                         net (fo=1, routed)           0.086    28.334    dut/u_shared_mul/u_primary_mul/rs1_q_reg[14]_4
    SLICE_X48Y111        LUT6 (Prop_H6LUT_SLICEL_I5_O)
                                                      0.051    28.385 r  dut/u_shared_mul/u_primary_mul/sig[12]_i_1_comp/O
                         net (fo=1, routed)           0.051    28.436    dut_n_20
    SLICE_X48Y111        FDCE                                         r  sig_reg[12]/D
  -------------------------------------------------------------------    -------------------

                         (clock clk rise edge)       20.000    20.000 r  
    D14                                               0.000    20.000 r  clk (IN)
                         net (fo=0)                   0.000    20.000    clk_IBUF_inst/I
    D14                  INBUF (Prop_INBUF_HDIOB_M_PAD_O)
                                                      0.495    20.495 r  clk_IBUF_inst/INBUF_INST/O
                         net (fo=1, routed)           0.000    20.495    clk_IBUF_inst/OUT
    D14                  IBUFCTRL (Prop_IBUFCTRL_HDIOB_M_I_O)
                                                      0.000    20.495 r  clk_IBUF_inst/IBUFCTRL_INST/O
                         net (fo=1, routed)           0.169    20.664    clk_IBUF
    BUFGCE_HDIO_X0Y7     BUFGCE (Prop_BUFCE_BUFGCE_HDIO_I_O)
                                                      0.024    20.688 r  clk_IBUF_BUFG_inst/O
    X1Y1 (CLOCK_ROOT)    net (fo=208, routed)         1.744    22.432    clk_IBUF_BUFG
    SLICE_X48Y111        FDCE                                         r  sig_reg[12]/C
                         clock pessimism              0.667    23.099    
                         clock uncertainty           -0.035    23.064    
    SLICE_X48Y111        FDCE (Setup_HFF_SLICEL_C_D)
                                                      0.025    23.089    sig_reg[12]
  -------------------------------------------------------------------
                         required time                         23.089    
                         arrival time                         -28.436    
  -------------------------------------------------------------------
                         slack                                 -5.347    





Min Delay Paths
--------------------------------------------------------------------------------------
Slack (MET) :             0.024ns  (arrival time - required time)
  Source:                 dut/reg_B_reg[5]/C
                            (rising edge-triggered cell FDCE clocked by clk  {rise@0.000ns fall@10.000ns period=20.000ns})
  Destination:            sig_reg[5]/D
                            (rising edge-triggered cell FDCE clocked by clk  {rise@0.000ns fall@10.000ns period=20.000ns})
  Path Group:             clk
  Path Type:              Hold (Min at Slow Process Corner)
  Requirement:            0.000ns  (clk rise@0.000ns - clk rise@0.000ns)
  Data Path Delay:        0.503ns  (logic 0.276ns (54.827%)  route 0.227ns (45.173%))
  Logic Levels:           3  (LUT6=3)
  Clock Path Skew:        0.027ns (DCD - SCD - CPR)
    Destination Clock Delay (DCD):    2.986ns
    Source Clock Delay      (SCD):    2.291ns
    Clock Pessimism Removal (CPR):    0.668ns
  Clock Net Delay (Source):      1.603ns (routing 0.841ns, distribution 0.762ns)
  Clock Net Delay (Destination): 1.752ns (routing 0.928ns, distribution 0.824ns)

    Location             Delay type                Incr(ns)  Path(ns)    Netlist Resource(s)
  -------------------------------------------------------------------    -------------------
                         (clock clk rise edge)        0.000     0.000 r  
    D14                                               0.000     0.000 r  clk (IN)
                         net (fo=0)                   0.000     0.000    clk_IBUF_inst/I
    D14                  INBUF (Prop_INBUF_HDIOB_M_PAD_O)
                                                      0.495     0.495 r  clk_IBUF_inst/INBUF_INST/O
                         net (fo=1, routed)           0.000     0.495    clk_IBUF_inst/OUT
    D14                  IBUFCTRL (Prop_IBUFCTRL_HDIOB_M_I_O)
                                                      0.000     0.495 r  clk_IBUF_inst/IBUFCTRL_INST/O
                         net (fo=1, routed)           0.169     0.664    clk_IBUF
    BUFGCE_HDIO_X0Y7     BUFGCE (Prop_BUFCE_BUFGCE_HDIO_I_O)
                                                      0.024     0.688 r  clk_IBUF_BUFG_inst/O
    X1Y1 (CLOCK_ROOT)    net (fo=208, routed)         1.603     2.291    dut/CLK
    SLICE_X43Y100        FDCE                                         r  dut/reg_B_reg[5]/C
  -------------------------------------------------------------------    -------------------
    SLICE_X43Y100        FDCE (Prop_BFF_SLICEL_C_Q)
                                                      0.059     2.350 r  dut/reg_B_reg[5]/Q
                         net (fo=3, routed)           0.044     2.394    dut/u_shared_mul/u_primary_mul/reg_B_reg[31][5]
    SLICE_X43Y100        LUT6 (Prop_C6LUT_SLICEL_I2_O)
                                                      0.093     2.487 r  dut/u_shared_mul/u_primary_mul/sig[5]_i_2_rewire/O
                         net (fo=1, routed)           0.103     2.590    dut/sig[5]_i_2_n_0_alias
    SLICE_X43Y104        LUT6 (Prop_E6LUT_SLICEL_I4_O)
                                                      0.066     2.656 r  dut/sig[5]_i_6_comp_1/O
                         net (fo=1, routed)           0.059     2.715    dut/u_shared_mul/u_primary_mul/sig[5]_i_6_n_0_repN_alias
    SLICE_X45Y104        LUT6 (Prop_B6LUT_SLICEL_I3_O)
                                                      0.058     2.773 r  dut/u_shared_mul/u_primary_mul/sig[5]_i_1_comp/O
                         net (fo=1, routed)           0.021     2.794    dut_n_27
    SLICE_X45Y104        FDCE                                         r  sig_reg[5]/D
  -------------------------------------------------------------------    -------------------

                         (clock clk rise edge)        0.000     0.000 r  
    D14                                               0.000     0.000 r  clk (IN)
                         net (fo=0)                   0.000     0.000    clk_IBUF_inst/I
    D14                  INBUF (Prop_INBUF_HDIOB_M_PAD_O)
                                                      1.002     1.002 r  clk_IBUF_inst/INBUF_INST/O
                         net (fo=1, routed)           0.000     1.002    clk_IBUF_inst/OUT
    D14                  IBUFCTRL (Prop_IBUFCTRL_HDIOB_M_I_O)
                                                      0.000     1.002 r  clk_IBUF_inst/IBUFCTRL_INST/O
                         net (fo=1, routed)           0.204     1.206    clk_IBUF
    BUFGCE_HDIO_X0Y7     BUFGCE (Prop_BUFCE_BUFGCE_HDIO_I_O)
                                                      0.028     1.234 r  clk_IBUF_BUFG_inst/O
    X1Y1 (CLOCK_ROOT)    net (fo=208, routed)         1.752     2.986    clk_IBUF_BUFG
    SLICE_X45Y104        FDCE                                         r  sig_reg[5]/C
                         clock pessimism             -0.668     2.318    
    SLICE_X45Y104        FDCE (Hold_BFF2_SLICEL_C_D)
                                                      0.453     2.771    sig_reg[5]
  -------------------------------------------------------------------
                         required time                         -2.771    
                         arrival time                           2.794    
  -------------------------------------------------------------------
                         slack                                  0.024    





Pulse Width Checks
--------------------------------------------------------------------------------------
Clock Name:         clk
Waveform(ns):       { 0.000 10.000 }
Period(ns):         20.000
Sources:            { clk }

Check Type        Corner  Lib Pin   Reference Pin  Required(ns)  Actual(ns)  Slack(ns)  Location          Pin
Min Period        n/a     BUFGCE/I  n/a            1.290         20.000      18.710     BUFGCE_HDIO_X0Y7  clk_IBUF_BUFG_inst/I
Low Pulse Width   Slow    FDPE/C    n/a            0.275         10.000      9.725      SLICE_X50Y80      lfsr_reg[0]/C
High Pulse Width  Slow    FDPE/C    n/a            0.275         10.000      9.725      SLICE_X50Y80      lfsr_reg[0]/C



