 
****************************************
Report : qor
Design : horcrux_top_synth
Version: X-2025.06
Date   : Thu Oct  8 14:58:56 2026
****************************************


  Timing Path Group 'clk'
  -----------------------------------
  Levels of Logic:             223.00
  Critical Path Length:          5.53
  Critical Path Slack:          -0.22
  Critical Path Clk Period:      5.60
  Total Negative Slack:         -8.38
  No. of Violating Paths:       63.00
  Worst Hold Violation:          0.00
  Total Hold Violation:          0.00
  No. of Hold Violations:        0.00
  -----------------------------------


  Cell Count
  -----------------------------------
  Hierarchical Cell Count:         72
  Hierarchical Port Count:      34973
  Leaf Cell Count:              69642
  Buf/Inv Cell Count:           12680
  Buf Cell Count:                2868
  Inv Cell Count:                9812
  CT Buf/Inv Cell Count:            0
  Combinational Cell Count:     65266
  Sequential Cell Count:         4376
  Macro Count:                      0
  -----------------------------------


  Area
  -----------------------------------
  Combinational Area:   107362.809584
  Noncombinational Area: 19918.255455
  Buf/Inv Area:           8580.070722
  Total Buffer Area:          2506.37
  Total Inverter Area:        6073.70
  Macro/Black Box Area:      0.000000
  Net Area:                  0.000000
  -----------------------------------
  Cell Area:            127281.065039
  Design Area:          127281.065039


  Design Rules
  -----------------------------------
  Total Number of Nets:         77489
  Nets With Violations:            58
  Max Trans Violations:            51
  Max Cap Violations:               3
  Max Fanout Violations:            7
  -----------------------------------


  Hostname: localhost.localdomain

  Compile CPU Statistics
  -----------------------------------------
  Resource Sharing:                    4.02
  Logic Optimization:                  2.80
  Mapping Optimization:              945.19
  -----------------------------------------
  Overall Compile Time:             1276.35
  Overall Compile Wall Clock Time:  1284.16

  --------------------------------------------------------------------

  Design  WNS: 0.22  TNS: 8.38  Number of Violating Paths: 63


  Design (Hold)  WNS: 0.00  TNS: 0.00  Number of Violating Paths: 0

  --------------------------------------------------------------------


1
