 
****************************************
Report : area
Design : horcrux_top_synth
Version: X-2025.06
Date   : Wed Oct  7 16:25:35 2026
****************************************

Information: Updating design information... (UID-85)
Library(s) Used:

    sc9_cln40g_base_rvt_ss_typical_max_0p81v_125c (File: /cad/designkit/CBDK_TSMC40_Arm_f2.0/CIC/SynopsysDC/db/sc9_base_rvt/sc9_cln40g_base_rvt_ss_typical_max_0p81v_125c.db)

Number of ports:                        29598
Number of nets:                         89078
Number of cells:                        66591
Number of combinational cells:          62172
Number of sequential cells:              4376
Number of macros/black boxes:               0
Number of buf/inv:                      12226
Number of references:                       7

Combinational area:             100352.648484
Buf/Inv area:                     9978.519524
Noncombinational area:           19903.059857
Macro/Black Box area:                0.000000
Net Interconnect area:               0.000000

Total cell area:                120255.708341
Total area:                     120255.708341

Hierarchical area distribution
------------------------------

                                  Global cell area              Local cell area
                                  --------------------  ------------------------------- 
Hierarchical cell                 Absolute     Percent  Combi-       Noncombi-   Black-
                                  Total        Total    national     national    boxes   Design
--------------------------------  -----------  -------  -----------  ----------  ------  ----------------------------------------------------------------------------------------------------------------------------------------------------------------------------------------------------------------------------
horcrux_top_synth                 120255.7083    100.0     143.7912      0.0000  0.0000  horcrux_top_synth
i_horcrux_top                     120111.9171     99.9      20.4120     40.8240  0.0000  horcrux_top_I_xif_compressed_if_if_xif__X_NUM_RS_3I_xif_issue_if_if_xif__X_NUM_RS_3I_xif_commit_if_if_xif__X_NUM_RS_3I_xif_mem_if_if_xif__X_NUM_RS_3I_xif_mem_result_if_if_xif__X_NUM_RS_3I_xif_result_if_if_xif__X_NUM_RS_3
i_horcrux_top/commit_stage_i         190.5120      0.2     190.5120      0.0000  0.0000  commit_stage_I_xif_result_if_if_xif_coproc_result_X_NUM_RS_3
i_horcrux_top/i_horcrux           119067.9567     99.0    8928.2086      4.5360  0.0000  horcrux_NUM_VARIABLES50_VARIABLE_WIDTH32
i_horcrux_top/i_horcrux/chain_lengths_inst   2940.6887     2.4    818.5212  1211.1119 0.0000 chain_lengths_00000032_00000020
i_horcrux_top/i_horcrux/chain_lengths_inst/DP_OP_977J8_122_926    443.1672     0.4    443.1672     0.0000 0.0000 chain_lengths_00000032_00000020_DP_OP_977J8_122_926_J8_0
i_horcrux_top/i_horcrux/chain_lengths_inst/DP_OP_978J8_123_2435    467.8884     0.4    467.8884     0.0000 0.0000 chain_lengths_00000032_00000020_DP_OP_978J8_123_2435_J8_0
i_horcrux_top/i_horcrux/fpr_inst    2376.6371      2.0    1387.7892    585.1440  0.0000  fpr
i_horcrux_top/i_horcrux/fpr_inst/DP_OP_96J13_122_7816    264.9024     0.2    264.9024     0.0000 0.0000 fpr_DP_OP_96J13_122_7816_0
i_horcrux_top/i_horcrux/fpr_inst/add_x_66     20.8656     0.0     20.8656     0.0000 0.0000 fpr_DW01_inc_J13_0
i_horcrux_top/i_horcrux/fpr_inst/sub_x_70    117.9360     0.1    117.9360     0.0000 0.0000 fpr_DW01_sub_0
i_horcrux_top/i_horcrux/horcrux_register_inst  15244.5882    12.7   7986.9885  7257.5996 0.0000 horcrux_register_00000032_00000020
i_horcrux_top/i_horcrux/keccak_i   24364.6697     20.3       0.0000      0.0000  0.0000  keccak_f
i_horcrux_top/i_horcrux/keccak_i/u_cu     49.4424     0.0     17.6904    31.7520 0.0000  keccak_cu
i_horcrux_top/i_horcrux/keccak_i/u_dp  24315.2273    20.2   6919.2142  7289.3516 0.0000  keccak_dp
i_horcrux_top/i_horcrux/keccak_i/u_dp/round_constants_gen     36.7416     0.0     36.7416     0.0000 0.0000 keccak_round_constants_gen
i_horcrux_top/i_horcrux/keccak_i/u_dp/round_map  10069.9198     8.4  10069.9198     0.0000 0.0000 keccak_round
i_horcrux_top/i_horcrux/multiplier_tree_inst  57758.4754    48.0   4478.3928   583.1028 0.0000 multiplier_tree
i_horcrux_top/i_horcrux/multiplier_tree_inst/DP_OP_87J7_127_9004    842.7888     0.7    842.7888     0.0000 0.0000 multiplier_tree_DP_OP_87J7_127_9004_5
i_horcrux_top/i_horcrux/multiplier_tree_inst/DP_OP_88J7_128_2685    400.0752     0.3    400.0752     0.0000 0.0000 multiplier_tree_DP_OP_88J7_128_2685_0
i_horcrux_top/i_horcrux/multiplier_tree_inst/DP_OP_93_150_9367    790.3980     0.7    790.3980     0.0000 0.0000 multiplier_tree_DP_OP_93_150_9367_3
i_horcrux_top/i_horcrux/multiplier_tree_inst/DP_OP_94_151_9367    129.9564     0.1    129.9564     0.0000 0.0000 multiplier_tree_DP_OP_94_151_9367_0
i_horcrux_top/i_horcrux/multiplier_tree_inst/DP_OP_96J7_122_9380    952.1064     0.8    952.1064     0.0000 0.0000 multiplier_tree_DP_OP_96J7_122_9380_4
i_horcrux_top/i_horcrux/multiplier_tree_inst/DP_OP_97J7_123_4100    725.0796     0.6    725.0796     0.0000 0.0000 multiplier_tree_DP_OP_97J7_123_4100_3
i_horcrux_top/i_horcrux/multiplier_tree_inst/DP_OP_98J7_124_4100    144.2448     0.1    144.2448     0.0000 0.0000 multiplier_tree_DP_OP_98J7_124_4100_J7_0
i_horcrux_top/i_horcrux/multiplier_tree_inst/kyber_barrett_inst   8396.8163     7.0    460.8576     0.0000 0.0000 barrett
i_horcrux_top/i_horcrux/multiplier_tree_inst/kyber_barrett_inst/DP_OP_193J9_122_1739    810.8100     0.7    810.8100     0.0000 0.0000 barrett_DP_OP_193J9_122_1739_0
i_horcrux_top/i_horcrux/multiplier_tree_inst/kyber_barrett_inst/DP_OP_194J9_123_9305    904.4784     0.8    904.4784     0.0000 0.0000 barrett_DP_OP_194J9_123_9305_1
i_horcrux_top/i_horcrux/multiplier_tree_inst/kyber_barrett_inst/DP_OP_196_149_6050   6220.6703     5.2   6220.6703     0.0000 0.0000 barrett_DP_OP_196_149_6050_2
i_horcrux_top/i_horcrux/multiplier_tree_inst/sub_x_13     99.3384     0.1     99.3384     0.0000 0.0000 multiplier_tree_DW01_sub_1
i_horcrux_top/i_horcrux/multiplier_tree_inst/sub_x_14    288.9432     0.2    288.9432     0.0000 0.0000 multiplier_tree_DW01_sub_5
i_horcrux_top/i_horcrux/multiplier_tree_inst/sub_x_3    923.0760     0.8    923.0760     0.0000 0.0000 multiplier_tree_DW01_sub_6
i_horcrux_top/i_horcrux/multiplier_tree_inst/u_shared_mul  39004.1568    32.4   1681.7220     0.0000 0.0000 shared_multiplication_logic
i_horcrux_top/i_horcrux/multiplier_tree_inst/u_shared_mul/DP_OP_44J11_124_8342     69.1740     0.1     69.1740     0.0000 0.0000 shared_multiplication_logic_DP_OP_44J11_124_8342_2
i_horcrux_top/i_horcrux/multiplier_tree_inst/u_shared_mul/DP_OP_45J11_125_3794  12099.7800    10.1  12099.7800     0.0000 0.0000 shared_multiplication_logic_DP_OP_45J11_125_3794_3
i_horcrux_top/i_horcrux/multiplier_tree_inst/u_shared_mul/DP_OP_46J11_122_2489   7388.2367     6.1   7388.2367     0.0000 0.0000 shared_multiplication_logic_DP_OP_46J11_122_2489_4
i_horcrux_top/i_horcrux/multiplier_tree_inst/u_shared_mul/mult_x_3   3851.7444     3.2   3851.7444     0.0000 0.0000 shared_multiplication_logic_DW_mult_uns_4
i_horcrux_top/i_horcrux/multiplier_tree_inst/u_shared_mul/u_primary_mul  13913.4996    11.6   3386.1240     0.0000 0.0000 unified_mul_32x32
i_horcrux_top/i_horcrux/multiplier_tree_inst/u_shared_mul/u_primary_mul/mult_x_1  10527.3756     8.8  10527.3756     0.0000 0.0000 unified_mul_32x32_DW_mult_tc_4
i_horcrux_top/i_horcrux/sampler_inst    493.9704     0.4    396.2196     0.0000  0.0000  sampler
i_horcrux_top/i_horcrux/sampler_inst/DP_OP_45J12_125_127     49.8960     0.0     49.8960     0.0000 0.0000 sampler_DP_OP_45J12_125_127_J12_0
i_horcrux_top/i_horcrux/sampler_inst/mult_x_5     47.8548     0.0     47.8548     0.0000 0.0000 sampler_DW_mult_uns_J12_0
i_horcrux_top/i_horcrux/sphincs_ops_inst   6956.1826     5.8   4597.4627  2358.7199 0.0000 sphincs_ops_00000032_00000020
i_horcrux_top/id_stage_i             792.2124      0.7     251.2944    540.9180  0.0000  id_stage_I_xif_issue_if_if_xif_coproc_issue_X_NUM_RS_3
--------------------------------  -----------  -------  -----------  ----------  ------  ----------------------------------------------------------------------------------------------------------------------------------------------------------------------------------------------------------------------------
Total                                                   100352.6485  19903.0599  0.0000

1
