Information: Propagating switching activity (medium effort zero delay simulation). (PWR-6)
Warning: Design has unannotated primary inputs. (PWR-414)
Warning: Design has unannotated sequential cell outputs. (PWR-415)
 
****************************************
Report : power
        -analysis_effort medium
Design : horcrux_top_synth
Version: X-2025.06
Date   : Wed Oct  7 16:25:44 2026
****************************************


Library(s) Used:

    sc9_cln40g_base_rvt_ss_typical_max_0p81v_125c (File: /cad/designkit/CBDK_TSMC40_Arm_f2.0/CIC/SynopsysDC/db/sc9_base_rvt/sc9_cln40g_base_rvt_ss_typical_max_0p81v_125c.db)


Operating Conditions: ss_typical_max_0p81v_125c   Library: sc9_cln40g_base_rvt_ss_typical_max_0p81v_125c
Wire Load Model Mode: top

Design        Wire Load Model            Library
------------------------------------------------
horcrux_top_synth      Medium            sc9_cln40g_base_rvt_ss_typical_max_0p81v_125c


Global Operating Voltage = 0.81 
Power-specific unit information :
    Voltage Units = 1V
    Capacitance Units = 1.000000pf
    Time Units = 1ns
    Dynamic Power Units = 1mW    (derived from V,C,T units)
    Leakage Power Units = 1uW


Attributes
----------
i - Including register clock pin internal power


  Cell Internal Power  =   2.5029 mW   (97%)
  Net Switching Power  =  65.9820 uW    (3%)
                         ---------
Total Dynamic Power    =   2.5689 mW  (100%)

Cell Leakage Power     =   1.4906 mW


                 Internal         Switching           Leakage            Total
Power Group      Power            Power               Power              Power   (   %    )  Attrs
--------------------------------------------------------------------------------------------------
io_pad             0.0000            0.0000            0.0000            0.0000  (   0.00%)
memory             0.0000            0.0000            0.0000            0.0000  (   0.00%)
black_box          0.0000            0.0000            0.0000            0.0000  (   0.00%)
clock_network      2.4721            0.0000            0.0000            2.4721  (  60.90%)  i
register       7.4172e-03        5.2848e-03           95.1641            0.1079  (   2.66%)
sequential         0.0000            0.0000            0.0000            0.0000  (   0.00%)
combinational  2.3448e-02        6.0697e-02        1.3954e+03            1.4795  (  36.45%)
--------------------------------------------------------------------------------------------------
Total              2.5030 mW     6.5982e-02 mW     1.4906e+03 uW         4.0595 mW
1
