 
****************************************
Report : timing
        -path full
        -delay max
        -nworst 5
        -max_paths 20
Design : horcrux_top_synth
Version: X-2025.06
Date   : Wed Oct  7 16:25:37 2026
****************************************

Operating Conditions: ss_typical_max_0p81v_125c   Library: sc9_cln40g_base_rvt_ss_typical_max_0p81v_125c
Wire Load Model Mode: top

  Startpoint: i_horcrux_top/id_stage_i/rs_values_o_reg[rs1][13]
              (rising edge-triggered flip-flop clocked by clk)
  Endpoint: result_o[data][29]
            (output port clocked by clk)
  Path Group: clk
  Path Type: max

  Des/Clust/Port     Wire Load Model       Library
  ------------------------------------------------
  horcrux_top_synth  Medium                sc9_cln40g_base_rvt_ss_typical_max_0p81v_125c

  Point                                                                                                                                                                                                                                                                                                                                                                                                                                                                                                                                                 Incr       Path
  ---------------------------------------------------------------------------------------------------------------------------------------------------------------------------------------------------------------------------------------------------------------------------------------------------
  clock clk (rise edge)                                                                                                                                                                                                                                                          0.0000     0.0000
  clock network delay (ideal)                                                                                                                                                                                                                                                    0.5000     0.5000
  i_horcrux_top/id_stage_i/rs_values_o_reg[rs1][13]/CK (DFFSQN_X3M_A9TR)                                                                                                                                                                                                         0.0000     0.5000 r
  i_horcrux_top/id_stage_i/rs_values_o_reg[rs1][13]/QN (DFFSQN_X3M_A9TR)                                                                                                                                                                                                         0.1684     0.6684 r
  i_horcrux_top/id_stage_i/rs_values_o[rs1][13] (id_stage_I_xif_issue_if_if_xif_coproc_issue_X_NUM_RS_3)                                                                                                                                                                         0.0000     0.6684 r
  i_horcrux_top/i_horcrux/rs_values_i[rs1][13] (horcrux_NUM_VARIABLES50_VARIABLE_WIDTH32)                                                                                                                                                                                        0.0000     0.6684 r
  i_horcrux_top/i_horcrux/multiplier_tree_inst/multiplier_tree1_i[13] (multiplier_tree)                                                                                                                                                                                          0.0000     0.6684 r
  i_horcrux_top/i_horcrux/multiplier_tree_inst/U771/Y (INV_X11M_A9TR)                                                                                                                                                                                                            0.0351     0.7034 f
  i_horcrux_top/i_horcrux/multiplier_tree_inst/U552/Y (INV_X7P5M_A9TR)                                                                                                                                                                                                           0.0206     0.7241 r
  i_horcrux_top/i_horcrux/multiplier_tree_inst/U589/Y (NAND3_X6A_A9TR)                                                                                                                                                                                                           0.0294     0.7535 f
  i_horcrux_top/i_horcrux/multiplier_tree_inst/U591/Y (NAND2_X8B_A9TR)                                                                                                                                                                                                           0.0235     0.7770 r
  i_horcrux_top/i_horcrux/multiplier_tree_inst/U600/Y (AOI21_X8M_A9TR)                                                                                                                                                                                                           0.0271     0.8041 f
  i_horcrux_top/i_horcrux/multiplier_tree_inst/U597/Y (NOR3BB_X8M_A9TR)                                                                                                                                                                                                          0.0547     0.8587 f
  i_horcrux_top/i_horcrux/multiplier_tree_inst/U967/Y (OAI21_X8M_A9TR)                                                                                                                                                                                                           0.0316     0.8903 r
  i_horcrux_top/i_horcrux/multiplier_tree_inst/U971/Y (AOI21_X8M_A9TR)                                                                                                                                                                                                           0.0411     0.9314 f
  i_horcrux_top/i_horcrux/multiplier_tree_inst/U925/Y (OR2_X11M_A9TR)                                                                                                                                                                                                            0.0596     0.9910 f
  i_horcrux_top/i_horcrux/multiplier_tree_inst/U425/Y (INV_X11M_A9TR)                                                                                                                                                                                                            0.0270     1.0180 r
  i_horcrux_top/i_horcrux/multiplier_tree_inst/U430/Y (BUFH_X9M_A9TR)                                                                                                                                                                                                            0.0399     1.0579 r
  i_horcrux_top/i_horcrux/multiplier_tree_inst/U996/Y (NAND2_X4B_A9TR)                                                                                                                                                                                                           0.0307     1.0886 f
  i_horcrux_top/i_horcrux/multiplier_tree_inst/U631/Y (NAND2_X6A_A9TR)                                                                                                                                                                                                           0.0273     1.1159 r
  i_horcrux_top/i_horcrux/multiplier_tree_inst/U1136/Y (NAND3BB_X8M_A9TR)                                                                                                                                                                                                        0.0621     1.1780 r
  i_horcrux_top/i_horcrux/multiplier_tree_inst/u_shared_mul/op_b_i[13] (shared_multiplication_logic)                                                                                                                                                                             0.0000     1.1780 r
  i_horcrux_top/i_horcrux/multiplier_tree_inst/u_shared_mul/u_primary_mul/b_i[13] (unified_mul_32x32)                                                                                                                                                                            0.0000     1.1780 r
  i_horcrux_top/i_horcrux/multiplier_tree_inst/u_shared_mul/u_primary_mul/mult_x_1/b[13] (unified_mul_32x32_DW_mult_tc_4)                                                                                                                                                        0.0000     1.1780 r
  i_horcrux_top/i_horcrux/multiplier_tree_inst/u_shared_mul/u_primary_mul/mult_x_1/U4249/Y (XNOR2_X4M_A9TR)                                                                                                                                                                      0.0602     1.2382 r
  i_horcrux_top/i_horcrux/multiplier_tree_inst/u_shared_mul/u_primary_mul/mult_x_1/U3226/Y (OAI22_X6M_A9TR)                                                                                                                                                                      0.0662     1.3044 f
  i_horcrux_top/i_horcrux/multiplier_tree_inst/u_shared_mul/u_primary_mul/mult_x_1/U4120/Y (XOR2_X4M_A9TR)                                                                                                                                                                       0.0491     1.3535 r
  i_horcrux_top/i_horcrux/multiplier_tree_inst/u_shared_mul/u_primary_mul/mult_x_1/U4119/Y (XOR2_X4M_A9TR)                                                                                                                                                                       0.0709     1.4245 r
  i_horcrux_top/i_horcrux/multiplier_tree_inst/u_shared_mul/u_primary_mul/mult_x_1/U3970/Y (XNOR2_X4M_A9TR)                                                                                                                                                                      0.0815     1.5059 r
  i_horcrux_top/i_horcrux/multiplier_tree_inst/u_shared_mul/u_primary_mul/mult_x_1/U3969/Y (XOR2_X4M_A9TR)                                                                                                                                                                       0.0585     1.5645 r
  i_horcrux_top/i_horcrux/multiplier_tree_inst/u_shared_mul/u_primary_mul/mult_x_1/U3967/Y (XOR2_X4M_A9TR)                                                                                                                                                                       0.0911     1.6556 r
  i_horcrux_top/i_horcrux/multiplier_tree_inst/u_shared_mul/u_primary_mul/mult_x_1/U5373/Y (NAND2_X4M_A9TR)                                                                                                                                                                      0.0395     1.6951 f
  i_horcrux_top/i_horcrux/multiplier_tree_inst/u_shared_mul/u_primary_mul/mult_x_1/U4368/Y (OA21_X8M_A9TR)                                                                                                                                                                       0.0579     1.7530 f
  i_horcrux_top/i_horcrux/multiplier_tree_inst/u_shared_mul/u_primary_mul/mult_x_1/U3658/Y (NOR2B_X8M_A9TR)                                                                                                                                                                      0.0511     1.8041 f
  i_horcrux_top/i_horcrux/multiplier_tree_inst/u_shared_mul/u_primary_mul/mult_x_1/U2764/Y (NAND2_X6B_A9TR)                                                                                                                                                                      0.0226     1.8267 r
  i_horcrux_top/i_horcrux/multiplier_tree_inst/u_shared_mul/u_primary_mul/mult_x_1/U3815/Y (AO21A1AI2_X6M_A9TR)                                                                                                                                                                  0.0366     1.8633 f
  i_horcrux_top/i_horcrux/multiplier_tree_inst/u_shared_mul/u_primary_mul/mult_x_1/product[15] (unified_mul_32x32_DW_mult_tc_4)                                                                                                                                                  0.0000     1.8633 f
  i_horcrux_top/i_horcrux/multiplier_tree_inst/u_shared_mul/u_primary_mul/U442/Y (NAND2_X6A_A9TR)                                                                                                                                                                                0.0309     1.8942 r
  i_horcrux_top/i_horcrux/multiplier_tree_inst/u_shared_mul/u_primary_mul/U346/Y (NAND2_X8A_A9TR)                                                                                                                                                                                0.0215     1.9157 f
  i_horcrux_top/i_horcrux/multiplier_tree_inst/u_shared_mul/u_primary_mul/prod_o[15] (unified_mul_32x32)                                                                                                                                                                         0.0000     1.9157 f
  i_horcrux_top/i_horcrux/multiplier_tree_inst/u_shared_mul/U322/Y (AND2_X11M_A9TR)                                                                                                                                                                                              0.0493     1.9650 f
  i_horcrux_top/i_horcrux/multiplier_tree_inst/u_shared_mul/mult_x_3/a[15] (shared_multiplication_logic_DW_mult_uns_4)                                                                                                                                                           0.0000     1.9650 f
  i_horcrux_top/i_horcrux/multiplier_tree_inst/u_shared_mul/mult_x_3/U1339/Y (XOR2_X4M_A9TR)                                                                                                                                                                                     0.0499     2.0149 f
  i_horcrux_top/i_horcrux/multiplier_tree_inst/u_shared_mul/mult_x_3/U1182/Y (OR2_X8B_A9TR)                                                                                                                                                                                      0.0599     2.0748 f
  i_horcrux_top/i_horcrux/multiplier_tree_inst/u_shared_mul/mult_x_3/U1964/Y (NAND2_X8A_A9TR)                                                                                                                                                                                    0.0286     2.1034 r
  i_horcrux_top/i_horcrux/multiplier_tree_inst/u_shared_mul/mult_x_3/U943/Y (XOR2_X3M_A9TR)                                                                                                                                                                                      0.0419     2.1453 r
  i_horcrux_top/i_horcrux/multiplier_tree_inst/u_shared_mul/mult_x_3/U1333/Y (NAND2B_X8M_A9TR)                                                                                                                                                                                   0.0609     2.2061 r
  i_horcrux_top/i_horcrux/multiplier_tree_inst/u_shared_mul/mult_x_3/U1446/Y (NAND2_X4M_A9TR)                                                                                                                                                                                    0.0271     2.2332 f
  i_horcrux_top/i_horcrux/multiplier_tree_inst/u_shared_mul/mult_x_3/U1462/Y (XOR2_X4M_A9TR)                                                                                                                                                                                     0.0420     2.2753 f
  i_horcrux_top/i_horcrux/multiplier_tree_inst/u_shared_mul/mult_x_3/product[16] (shared_multiplication_logic_DW_mult_uns_4)                                                                                                                                                     0.0000     2.2753 f
  i_horcrux_top/i_horcrux/multiplier_tree_inst/u_shared_mul/U377/Y (NAND2_X8A_A9TR)                                                                                                                                                                                              0.0327     2.3080 r
  i_horcrux_top/i_horcrux/multiplier_tree_inst/u_shared_mul/U346/Y (NAND2_X8M_A9TR)                                                                                                                                                                                              0.0333     2.3413 f
  i_horcrux_top/i_horcrux/multiplier_tree_inst/u_shared_mul/DP_OP_45J11_125_3794/I1[16] (shared_multiplication_logic_DP_OP_45J11_125_3794_3)                                                                                                                                     0.0000     2.3413 f
  i_horcrux_top/i_horcrux/multiplier_tree_inst/u_shared_mul/DP_OP_45J11_125_3794/U5404/Y (INV_X16M_A9TR)                                                                                                                                                                         0.0413     2.3826 r
  i_horcrux_top/i_horcrux/multiplier_tree_inst/u_shared_mul/DP_OP_45J11_125_3794/U4535/Y (XOR2_X3M_A9TR)                                                                                                                                                                         0.0582     2.4408 r
  i_horcrux_top/i_horcrux/multiplier_tree_inst/u_shared_mul/DP_OP_45J11_125_3794/U5206/Y (OAI22_X3M_A9TR)                                                                                                                                                                        0.0644     2.5053 f
  i_horcrux_top/i_horcrux/multiplier_tree_inst/u_shared_mul/DP_OP_45J11_125_3794/U7245/S (ADDF_X2M_A9TR)                                                                                                                                                                         0.1689     2.6742 r
  i_horcrux_top/i_horcrux/multiplier_tree_inst/u_shared_mul/DP_OP_45J11_125_3794/U5461/CO (ADDF_X2M_A9TR)                                                                                                                                                                        0.1069     2.7811 r
  i_horcrux_top/i_horcrux/multiplier_tree_inst/u_shared_mul/DP_OP_45J11_125_3794/U6653/CO (ADDF_X2M_A9TR)                                                                                                                                                                        0.1296     2.9107 r
  i_horcrux_top/i_horcrux/multiplier_tree_inst/u_shared_mul/DP_OP_45J11_125_3794/U3887/Y (OAI21_X6M_A9TR)                                                                                                                                                                        0.0469     2.9576 f
  i_horcrux_top/i_horcrux/multiplier_tree_inst/u_shared_mul/DP_OP_45J11_125_3794/U5519/Y (AO21B_X3M_A9TR)                                                                                                                                                                        0.0399     2.9975 r
  i_horcrux_top/i_horcrux/multiplier_tree_inst/u_shared_mul/DP_OP_45J11_125_3794/U4726/Y (XNOR2_X4M_A9TR)                                                                                                                                                                        0.0762     3.0737 r
  i_horcrux_top/i_horcrux/multiplier_tree_inst/u_shared_mul/DP_OP_45J11_125_3794/U4723/Y (XOR2_X4M_A9TR)                                                                                                                                                                         0.0817     3.1554 r
  i_horcrux_top/i_horcrux/multiplier_tree_inst/u_shared_mul/DP_OP_45J11_125_3794/U4718/Y (XOR2_X4M_A9TR)                                                                                                                                                                         0.0700     3.2253 r
  i_horcrux_top/i_horcrux/multiplier_tree_inst/u_shared_mul/DP_OP_45J11_125_3794/U5488/Y (OR2_X8M_A9TR)                                                                                                                                                                          0.0587     3.2840 r
  i_horcrux_top/i_horcrux/multiplier_tree_inst/u_shared_mul/DP_OP_45J11_125_3794/U3609/Y (NAND2_X4A_A9TR)                                                                                                                                                                        0.0267     3.3108 f
  i_horcrux_top/i_horcrux/multiplier_tree_inst/u_shared_mul/DP_OP_45J11_125_3794/U5490/Y (OAI21_X8M_A9TR)                                                                                                                                                                        0.0375     3.3482 r
  i_horcrux_top/i_horcrux/multiplier_tree_inst/u_shared_mul/DP_OP_45J11_125_3794/U5452/Y (AOI21_X8M_A9TR)                                                                                                                                                                        0.0368     3.3850 f
  i_horcrux_top/i_horcrux/multiplier_tree_inst/u_shared_mul/DP_OP_45J11_125_3794/U4674/Y (OAI21_X8M_A9TR)                                                                                                                                                                        0.0341     3.4191 r
  i_horcrux_top/i_horcrux/multiplier_tree_inst/u_shared_mul/DP_OP_45J11_125_3794/U4645/Y (AOI21_X8M_A9TR)                                                                                                                                                                        0.0412     3.4604 f
  i_horcrux_top/i_horcrux/multiplier_tree_inst/u_shared_mul/DP_OP_45J11_125_3794/U4625/Y (INV_X4M_A9TR)                                                                                                                                                                          0.0309     3.4913 r
  i_horcrux_top/i_horcrux/multiplier_tree_inst/u_shared_mul/DP_OP_45J11_125_3794/U4642/Y (AOI22BB_X8M_A9TR)                                                                                                                                                                      0.0362     3.5275 f
  i_horcrux_top/i_horcrux/multiplier_tree_inst/u_shared_mul/DP_OP_45J11_125_3794/U4738/Y (NAND2_X8A_A9TR)                                                                                                                                                                        0.0516     3.5791 r
  i_horcrux_top/i_horcrux/multiplier_tree_inst/u_shared_mul/DP_OP_45J11_125_3794/O1[31] (shared_multiplication_logic_DP_OP_45J11_125_3794_3)                                                                                                                                     0.0000     3.5791 r
  i_horcrux_top/i_horcrux/multiplier_tree_inst/u_shared_mul/U93/Y (AND2_X6B_A9TR)                                                                                                                                                                                                0.0528     3.6319 r
  i_horcrux_top/i_horcrux/multiplier_tree_inst/u_shared_mul/DP_OP_45J11_125_3794/I4[17] (shared_multiplication_logic_DP_OP_45J11_125_3794_3)                                                                                                                                     0.0000     3.6319 r
  i_horcrux_top/i_horcrux/multiplier_tree_inst/u_shared_mul/DP_OP_45J11_125_3794/U4712/S (ADDF_X2M_A9TR)                                                                                                                                                                         0.1449     3.7768 f
  i_horcrux_top/i_horcrux/multiplier_tree_inst/u_shared_mul/DP_OP_45J11_125_3794/U3420/Y (NAND2_X2M_A9TR)                                                                                                                                                                        0.0562     3.8330 r
  i_horcrux_top/i_horcrux/multiplier_tree_inst/u_shared_mul/DP_OP_45J11_125_3794/U5682/Y (OA21_X4M_A9TR)                                                                                                                                                                         0.0662     3.8992 r
  i_horcrux_top/i_horcrux/multiplier_tree_inst/u_shared_mul/DP_OP_45J11_125_3794/U5368/Y (NAND2_X8A_A9TR)                                                                                                                                                                        0.0312     3.9304 f
  i_horcrux_top/i_horcrux/multiplier_tree_inst/u_shared_mul/DP_OP_45J11_125_3794/U3410/Y (NOR2_X6B_A9TR)                                                                                                                                                                         0.0386     3.9690 r
  i_horcrux_top/i_horcrux/multiplier_tree_inst/u_shared_mul/DP_OP_45J11_125_3794/U4526/Y (NAND2_X8A_A9TR)                                                                                                                                                                        0.0519     4.0208 f
  i_horcrux_top/i_horcrux/multiplier_tree_inst/u_shared_mul/DP_OP_45J11_125_3794/U4679/Y (AOI2XB1_X8M_A9TR)                                                                                                                                                                      0.0475     4.0683 r
  i_horcrux_top/i_horcrux/multiplier_tree_inst/u_shared_mul/DP_OP_45J11_125_3794/U5669/Y (XNOR2_X4M_A9TR)                                                                                                                                                                        0.0445     4.1128 r
  i_horcrux_top/i_horcrux/multiplier_tree_inst/u_shared_mul/DP_OP_45J11_125_3794/O2[20] (shared_multiplication_logic_DP_OP_45J11_125_3794_3)                                                                                                                                     0.0000     4.1128 r
  i_horcrux_top/i_horcrux/multiplier_tree_inst/u_shared_mul/U14/Y (NAND2_X6M_A9TR)                                                                                                                                                                                               0.0318     4.1447 f
  i_horcrux_top/i_horcrux/multiplier_tree_inst/u_shared_mul/U656/Y (NAND2_X8A_A9TR)                                                                                                                                                                                              0.0304     4.1751 r
  i_horcrux_top/i_horcrux/multiplier_tree_inst/u_shared_mul/res_lo_o[20] (shared_multiplication_logic)                                                                                                                                                                           0.0000     4.1751 r
  i_horcrux_top/i_horcrux/multiplier_tree_inst/DP_OP_93_150_9367/I2[20] (multiplier_tree_DP_OP_93_150_9367_3)                                                                                                                                                                    0.0000     4.1751 r
  i_horcrux_top/i_horcrux/multiplier_tree_inst/DP_OP_93_150_9367/U415/Y (NAND2XB_X4M_A9TR)                                                                                                                                                                                       0.0371     4.2121 f
  i_horcrux_top/i_horcrux/multiplier_tree_inst/DP_OP_93_150_9367/U494/Y (OAI21_X8M_A9TR)                                                                                                                                                                                         0.0362     4.2483 r
  i_horcrux_top/i_horcrux/multiplier_tree_inst/DP_OP_93_150_9367/U476/Y (AOI21_X8M_A9TR)                                                                                                                                                                                         0.0267     4.2750 f
  i_horcrux_top/i_horcrux/multiplier_tree_inst/DP_OP_93_150_9367/U658/Y (OA21_X8M_A9TR)                                                                                                                                                                                          0.0594     4.3344 f
  i_horcrux_top/i_horcrux/multiplier_tree_inst/DP_OP_93_150_9367/U613/Y (INV_X16M_A9TR)                                                                                                                                                                                          0.0327     4.3671 r
  i_horcrux_top/i_horcrux/multiplier_tree_inst/DP_OP_93_150_9367/U490/Y (AO21A1AI2_X6M_A9TR)                                                                                                                                                                                     0.0523     4.4193 f
  i_horcrux_top/i_horcrux/multiplier_tree_inst/DP_OP_93_150_9367/U489/Y (NAND2_X6A_A9TR)                                                                                                                                                                                         0.0346     4.4539 r
  i_horcrux_top/i_horcrux/multiplier_tree_inst/DP_OP_93_150_9367/O1[29] (multiplier_tree_DP_OP_93_150_9367_3)                                                                                                                                                                    0.0000     4.4539 r
  i_horcrux_top/i_horcrux/multiplier_tree_inst/U661/Y (AOI2XB1_X8M_A9TR)                                                                                                                                                                                                         0.0338     4.4877 f
  i_horcrux_top/i_horcrux/multiplier_tree_inst/U628/Y (NAND2_X6A_A9TR)                                                                                                                                                                                                           0.0292     4.5169 r
  i_horcrux_top/i_horcrux/multiplier_tree_inst/result_o[29] (multiplier_tree)                                                                                                                                                                                                    0.0000     4.5169 r
  i_horcrux_top/i_horcrux/U6702/Y (NAND2_X8A_A9TR)                                                                                                                                                                                                                               0.0206     4.5375 f
  i_horcrux_top/i_horcrux/U123/Y (NAND2_X8M_A9TR)                                                                                                                                                                                                                                0.0269     4.5643 r
  i_horcrux_top/i_horcrux/rd_values_o[rd1][29] (horcrux_NUM_VARIABLES50_VARIABLE_WIDTH32)                                                                                                                                                                                        0.0000     4.5643 r
  i_horcrux_top/commit_stage_i/result_i[rd1][29] (commit_stage_I_xif_result_if_if_xif_coproc_result_X_NUM_RS_3)                                                                                                                                                                  0.0000     4.5643 r
  i_horcrux_top/commit_stage_i/U32/Y (BUFH_X16M_A9TR)                                                                                                                                                                                                                            0.0538     4.6181 r
  i_horcrux_top/commit_stage_i/xif_result_if.result[data][29] (commit_stage_I_xif_result_if_if_xif_coproc_result_X_NUM_RS_3)                                                                                                                                                     0.0000     4.6181 r
  i_horcrux_top/xif_result_if.result[data][29] (horcrux_top_I_xif_compressed_if_if_xif__X_NUM_RS_3I_xif_issue_if_if_xif__X_NUM_RS_3I_xif_commit_if_if_xif__X_NUM_RS_3I_xif_mem_if_if_xif__X_NUM_RS_3I_xif_mem_result_if_if_xif__X_NUM_RS_3I_xif_result_if_if_xif__X_NUM_RS_3)    0.0000     4.6181 r
  result_o[data][29] (out)                                                                                                                                                                                                                                                       0.0038     4.6220 r
  data arrival time                                                                                                                                                                                                                                                                         4.6220

  clock clk (rise edge)                                                                                                                                                                                                                                                          5.0000     5.0000
  clock network delay (ideal)                                                                                                                                                                                                                                                    0.5000     5.5000
  clock uncertainty                                                                                                                                                                                                                                                             -0.2500     5.2500
  output external delay                                                                                                                                                                                                                                                         -0.7500     4.5000
  data required time                                                                                                                                                                                                                                                                        4.5000
  ---------------------------------------------------------------------------------------------------------------------------------------------------------------------------------------------------------------------------------------------------------------------------------------------------
  data required time                                                                                                                                                                                                                                                                        4.5000
  data arrival time                                                                                                                                                                                                                                                                        -4.6220
  ---------------------------------------------------------------------------------------------------------------------------------------------------------------------------------------------------------------------------------------------------------------------------------------------------
  slack (VIOLATED)                                                                                                                                                                                                                                                                         -0.1220


