 
****************************************
Report : area
Design : horcrux_top_synth
Version: X-2025.06
Date   : Thu Oct  8 10:08:48 2026
****************************************

Information: Updating design information... (UID-85)
Library(s) Used:

    sc9_cln40g_base_rvt_tt_typical_max_0p90v_25c (File: /cad/designkit/CBDK_TSMC40_Arm_f2.0/CIC/SynopsysDC/db/sc9_base_rvt/sc9_cln40g_base_rvt_tt_typical_max_0p90v_25c.db)

Number of ports:                        29596
Number of nets:                         84775
Number of cells:                        61740
Number of combinational cells:          57321
Number of sequential cells:              4376
Number of macros/black boxes:               0
Number of buf/inv:                      10220
Number of references:                       6

Combinational area:              78335.131084
Buf/Inv area:                     6851.401143
Noncombinational area:           19886.049859
Macro/Black Box area:                0.000000
Net Interconnect area:               0.000000

Total cell area:                 98221.180943
Total area:                      98221.180943

Hierarchical area distribution
------------------------------

                                  Global cell area            Local cell area
                                  -------------------  ------------------------------ 
Hierarchical cell                 Absolute    Percent  Combi-      Noncombi-   Black-
                                  Total       Total    national    national    boxes   Design
--------------------------------  ----------  -------  ----------  ----------  ------  ----------------------------------------------------------------------------------------------------------------------------------------------------------------------------------------------------------------------------
horcrux_top_synth                 98221.1809    100.0    142.4304      0.0000  0.0000  horcrux_top_synth
i_horcrux_top                     98078.7505     99.9     22.4532     40.8240  0.0000  horcrux_top_I_xif_compressed_if_if_xif__X_NUM_RS_3I_xif_issue_if_if_xif__X_NUM_RS_3I_xif_commit_if_if_xif__X_NUM_RS_3I_xif_mem_if_if_xif__X_NUM_RS_3I_xif_mem_result_if_if_xif__X_NUM_RS_3I_xif_result_if_if_xif__X_NUM_RS_3
i_horcrux_top/commit_stage_i        175.9968      0.2    175.9968      0.0000  0.0000  commit_stage_I_xif_result_if_if_xif_coproc_result_X_NUM_RS_3
i_horcrux_top/i_horcrux           97112.1289     98.9   8584.6066      4.5360  0.0000  horcrux_NUM_VARIABLES50_VARIABLE_WIDTH32
i_horcrux_top/i_horcrux/chain_lengths_inst  2927.5343     3.0   805.3668  1211.1119 0.0000 chain_lengths_00000032_00000020
i_horcrux_top/i_horcrux/chain_lengths_inst/DP_OP_977J8_122_926   443.1672     0.5   443.1672     0.0000 0.0000 chain_lengths_00000032_00000020_DP_OP_977J8_122_926_J8_0
i_horcrux_top/i_horcrux/chain_lengths_inst/DP_OP_978J8_123_2435   467.8884     0.5   467.8884     0.0000 0.0000 chain_lengths_00000032_00000020_DP_OP_978J8_123_2435_J8_0
i_horcrux_top/i_horcrux/fpr_inst   2221.0523      2.3   1285.2756    585.1440  0.0000  fpr
i_horcrux_top/i_horcrux/fpr_inst/DP_OP_96J13_122_7816   235.8720     0.2   235.8720     0.0000 0.0000 fpr_DP_OP_96J13_122_7816_J13_0
i_horcrux_top/i_horcrux/fpr_inst/add_x_66    20.8656     0.0    20.8656     0.0000 0.0000 fpr_DW01_inc_J13_0
i_horcrux_top/i_horcrux/fpr_inst/sub_x_70    93.8952     0.1    93.8952     0.0000 0.0000 fpr_DW01_sub_J13_0
i_horcrux_top/i_horcrux/horcrux_register_inst 14940.6762    15.2  7683.0766  7257.5996 0.0000 horcrux_register_00000032_00000020
i_horcrux_top/i_horcrux/keccak_i  23242.6901     23.7      0.0000      0.0000  0.0000  keccak_f
i_horcrux_top/i_horcrux/keccak_i/u_cu    49.8960     0.1    18.1440    31.7520 0.0000  keccak_cu
i_horcrux_top/i_horcrux/keccak_i/u_dp 23192.7941    23.6  6862.5143  7289.5784 0.0000  keccak_dp
i_horcrux_top/i_horcrux/keccak_i/u_dp/round_constants_gen    36.7416     0.0    36.7416     0.0000 0.0000 keccak_round_constants_gen
i_horcrux_top/i_horcrux/keccak_i/u_dp/round_map  9003.9598     9.2  9003.9598     0.0000 0.0000 keccak_round
i_horcrux_top/i_horcrux/multiplier_tree_inst 37928.2172    38.6  3044.5632   580.6080 0.0000 multiplier_tree
i_horcrux_top/i_horcrux/multiplier_tree_inst/DP_OP_87J7_127_9004   457.4556     0.5   457.4556     0.0000 0.0000 multiplier_tree_DP_OP_87J7_127_9004_4
i_horcrux_top/i_horcrux/multiplier_tree_inst/DP_OP_88J7_128_2685   243.8100     0.2   243.8100     0.0000 0.0000 multiplier_tree_DP_OP_88J7_128_2685_0
i_horcrux_top/i_horcrux/multiplier_tree_inst/DP_OP_93_150_9367   516.8772     0.5   516.8772     0.0000 0.0000 multiplier_tree_DP_OP_93_150_9367_3
i_horcrux_top/i_horcrux/multiplier_tree_inst/DP_OP_94_151_9367   119.0700     0.1   119.0700     0.0000 0.0000 multiplier_tree_DP_OP_94_151_9367_0
i_horcrux_top/i_horcrux/multiplier_tree_inst/DP_OP_96J7_122_9380   605.5560     0.6   605.5560     0.0000 0.0000 multiplier_tree_DP_OP_96J7_122_9380_3
i_horcrux_top/i_horcrux/multiplier_tree_inst/DP_OP_97J7_123_4100   522.0936     0.5   522.0936     0.0000 0.0000 multiplier_tree_DP_OP_97J7_123_4100_3
i_horcrux_top/i_horcrux/multiplier_tree_inst/DP_OP_98J7_124_4100   131.3172     0.1   131.3172     0.0000 0.0000 multiplier_tree_DP_OP_98J7_124_4100_J7_0
i_horcrux_top/i_horcrux/multiplier_tree_inst/kyber_barrett_inst  7566.5015     7.7   329.0868     0.0000 0.0000 barrett
i_horcrux_top/i_horcrux/multiplier_tree_inst/kyber_barrett_inst/DP_OP_193J9_122_1739   814.6656     0.8   814.6656     0.0000 0.0000 barrett_DP_OP_193J9_122_1739_J9_0
i_horcrux_top/i_horcrux/multiplier_tree_inst/kyber_barrett_inst/DP_OP_194J9_123_9305   647.7408     0.7   647.7408     0.0000 0.0000 barrett_DP_OP_194J9_123_9305_0
i_horcrux_top/i_horcrux/multiplier_tree_inst/kyber_barrett_inst/DP_OP_196_149_6050  5775.0083     5.9  5775.0083     0.0000 0.0000 barrett_DP_OP_196_149_6050_2
i_horcrux_top/i_horcrux/multiplier_tree_inst/sub_x_13    58.5144     0.1    58.5144     0.0000 0.0000 multiplier_tree_DW01_sub_J7_1
i_horcrux_top/i_horcrux/multiplier_tree_inst/sub_x_14   256.0572     0.3   256.0572     0.0000 0.0000 multiplier_tree_DW01_sub_2
i_horcrux_top/i_horcrux/multiplier_tree_inst/sub_x_3   543.6396     0.6   543.6396     0.0000 0.0000 multiplier_tree_DW01_sub_0
i_horcrux_top/i_horcrux/multiplier_tree_inst/u_shared_mul 23282.1537    23.7  1210.4316     0.0000 0.0000 shared_multiplication_logic
i_horcrux_top/i_horcrux/multiplier_tree_inst/u_shared_mul/DP_OP_44J11_124_8342    48.3084     0.0    48.3084     0.0000 0.0000 shared_multiplication_logic_DP_OP_44J11_124_8342_J11_0
i_horcrux_top/i_horcrux/multiplier_tree_inst/u_shared_mul/DP_OP_45J11_125_3794  6224.0723     6.3  6224.0723     0.0000 0.0000 shared_multiplication_logic_DP_OP_45J11_125_3794_2
i_horcrux_top/i_horcrux/multiplier_tree_inst/u_shared_mul/DP_OP_46J11_122_2489  5198.0291     5.3  5198.0291     0.0000 0.0000 shared_multiplication_logic_DP_OP_46J11_122_2489_1
i_horcrux_top/i_horcrux/multiplier_tree_inst/u_shared_mul/mult_x_3  1935.0576     2.0  1935.0576     0.0000 0.0000 shared_multiplication_logic_DW_mult_uns_3
i_horcrux_top/i_horcrux/multiplier_tree_inst/u_shared_mul/u_primary_mul  8666.2547     8.8  2876.0508     0.0000 0.0000 unified_mul_32x32
i_horcrux_top/i_horcrux/multiplier_tree_inst/u_shared_mul/u_primary_mul/mult_x_1  5790.2039     5.9  5790.2039     0.0000 0.0000 unified_mul_32x32_DW_mult_tc_3
i_horcrux_top/i_horcrux/sampler_inst   465.6204     0.5   372.8592     0.0000  0.0000  sampler
i_horcrux_top/i_horcrux/sampler_inst/DP_OP_45J12_125_127    46.7208     0.0    46.7208     0.0000 0.0000 sampler_DP_OP_45J12_125_127_J12_0
i_horcrux_top/i_horcrux/sampler_inst/mult_x_5    46.0404     0.0    46.0404     0.0000 0.0000 sampler_DW_mult_uns_J12_0
i_horcrux_top/i_horcrux/sphincs_ops_inst  6797.1958     6.9  4438.4759  2358.7199 0.0000 sphincs_ops_00000032_00000020
i_horcrux_top/id_stage_i            727.3476      0.7    201.1716    526.1760  0.0000  id_stage_I_xif_issue_if_if_xif_coproc_issue_X_NUM_RS_3
--------------------------------  ----------  -------  ----------  ----------  ------  ----------------------------------------------------------------------------------------------------------------------------------------------------------------------------------------------------------------------------
Total                                                  78335.1311  19886.0499  0.0000

1
