 
****************************************
Report : timing
        -path full
        -delay max
        -nworst 5
        -max_paths 20
Design : horcrux_top_synth
Version: X-2025.06
Date   : Thu Oct  8 10:08:51 2026
****************************************

Operating Conditions: tt_typical_max_0p90v_25c   Library: sc9_cln40g_base_rvt_tt_typical_max_0p90v_25c
Wire Load Model Mode: top

  Startpoint: i_horcrux_top/id_stage_i/rs_values_o_reg[rs2][15]
              (rising edge-triggered flip-flop clocked by clk)
  Endpoint: result_o[data][15]
            (output port clocked by clk)
  Path Group: clk
  Path Type: max

  Des/Clust/Port     Wire Load Model       Library
  ------------------------------------------------
  horcrux_top_synth  Medium                sc9_cln40g_base_rvt_tt_typical_max_0p90v_25c

  Point                                                                                                                                                                                                                                                                                                                                                                                                                                                                                                                                                 Incr       Path
  ---------------------------------------------------------------------------------------------------------------------------------------------------------------------------------------------------------------------------------------------------------------------------------------------------
  clock clk (rise edge)                                                                                                                                                                                                                                                          0.0000     0.0000
  clock network delay (ideal)                                                                                                                                                                                                                                                    0.3600     0.3600
  i_horcrux_top/id_stage_i/rs_values_o_reg[rs2][15]/CK (DFFSQN_X3M_A9TR)                                                                                                                                                                                                         0.0000     0.3600 r
  i_horcrux_top/id_stage_i/rs_values_o_reg[rs2][15]/QN (DFFSQN_X3M_A9TR)                                                                                                                                                                                                         0.0903     0.4503 f
  i_horcrux_top/id_stage_i/rs_values_o[rs2][15] (id_stage_I_xif_issue_if_if_xif_coproc_issue_X_NUM_RS_3)                                                                                                                                                                         0.0000     0.4503 f
  i_horcrux_top/i_horcrux/rs_values_i[rs2][15] (horcrux_NUM_VARIABLES50_VARIABLE_WIDTH32)                                                                                                                                                                                        0.0000     0.4503 f
  i_horcrux_top/i_horcrux/multiplier_tree_inst/multiplier_tree2_i[15] (multiplier_tree)                                                                                                                                                                                          0.0000     0.4503 f
  i_horcrux_top/i_horcrux/multiplier_tree_inst/U451/Y (BUF_X9M_A9TR)                                                                                                                                                                                                             0.0372     0.4875 f
  i_horcrux_top/i_horcrux/multiplier_tree_inst/sub_x_3/B[15] (multiplier_tree_DW01_sub_0)                                                                                                                                                                                        0.0000     0.4875 f
  i_horcrux_top/i_horcrux/multiplier_tree_inst/sub_x_3/U459/Y (INV_X2M_A9TR)                                                                                                                                                                                                     0.0270     0.5144 r
  i_horcrux_top/i_horcrux/multiplier_tree_inst/sub_x_3/U611/Y (NOR2_X4A_A9TR)                                                                                                                                                                                                    0.0216     0.5360 f
  i_horcrux_top/i_horcrux/multiplier_tree_inst/sub_x_3/U496/Y (NOR2_X4A_A9TR)                                                                                                                                                                                                    0.0327     0.5687 r
  i_horcrux_top/i_horcrux/multiplier_tree_inst/sub_x_3/U445/Y (NAND2_X4A_A9TR)                                                                                                                                                                                                   0.0244     0.5932 f
  i_horcrux_top/i_horcrux/multiplier_tree_inst/sub_x_3/U512/Y (NOR2_X4M_A9TR)                                                                                                                                                                                                    0.0232     0.6164 r
  i_horcrux_top/i_horcrux/multiplier_tree_inst/sub_x_3/U481/Y (AOI21_X8M_A9TR)                                                                                                                                                                                                   0.0255     0.6419 f
  i_horcrux_top/i_horcrux/multiplier_tree_inst/sub_x_3/U513/Y (INV_X13M_A9TR)                                                                                                                                                                                                    0.0239     0.6657 r
  i_horcrux_top/i_horcrux/multiplier_tree_inst/sub_x_3/U392/Y (AOI2XB1_X6M_A9TR)                                                                                                                                                                                                 0.0213     0.6870 f
  i_horcrux_top/i_horcrux/multiplier_tree_inst/sub_x_3/U574/Y (XOR2_X1P4M_A9TR)                                                                                                                                                                                                  0.0303     0.7173 f
  i_horcrux_top/i_horcrux/multiplier_tree_inst/sub_x_3/DIFF[20] (multiplier_tree_DW01_sub_0)                                                                                                                                                                                     0.0000     0.7173 f
  i_horcrux_top/i_horcrux/multiplier_tree_inst/U1651/Y (NAND2_X3B_A9TR)                                                                                                                                                                                                          0.0253     0.7426 r
  i_horcrux_top/i_horcrux/multiplier_tree_inst/U1653/Y (NAND3_X6M_A9TR)                                                                                                                                                                                                          0.0579     0.8005 f
  i_horcrux_top/i_horcrux/multiplier_tree_inst/u_shared_mul/op_b_i[20] (shared_multiplication_logic)                                                                                                                                                                             0.0000     0.8005 f
  i_horcrux_top/i_horcrux/multiplier_tree_inst/u_shared_mul/u_primary_mul/b_i[20] (unified_mul_32x32)                                                                                                                                                                            0.0000     0.8005 f
  i_horcrux_top/i_horcrux/multiplier_tree_inst/u_shared_mul/u_primary_mul/mult_x_1/b[20] (unified_mul_32x32_DW_mult_tc_3)                                                                                                                                                        0.0000     0.8005 f
  i_horcrux_top/i_horcrux/multiplier_tree_inst/u_shared_mul/u_primary_mul/mult_x_1/U2850/Y (XNOR2_X1M_A9TR)                                                                                                                                                                      0.0701     0.8706 r
  i_horcrux_top/i_horcrux/multiplier_tree_inst/u_shared_mul/u_primary_mul/mult_x_1/U4424/Y (OAI22_X2M_A9TR)                                                                                                                                                                      0.0776     0.9482 f
  i_horcrux_top/i_horcrux/multiplier_tree_inst/u_shared_mul/u_primary_mul/mult_x_1/U4426/Y (NAND2_X1M_A9TR)                                                                                                                                                                      0.0529     1.0011 r
  i_horcrux_top/i_horcrux/multiplier_tree_inst/u_shared_mul/u_primary_mul/mult_x_1/U4428/Y (NAND3_X2A_A9TR)                                                                                                                                                                      0.0372     1.0383 f
  i_horcrux_top/i_horcrux/multiplier_tree_inst/u_shared_mul/u_primary_mul/mult_x_1/U4464/S (ADDF_X1P4M_A9TR)                                                                                                                                                                     0.0845     1.1228 r
  i_horcrux_top/i_horcrux/multiplier_tree_inst/u_shared_mul/u_primary_mul/mult_x_1/U4465/CO (ADDF_X2M_A9TR)                                                                                                                                                                      0.0685     1.1912 r
  i_horcrux_top/i_horcrux/multiplier_tree_inst/u_shared_mul/u_primary_mul/mult_x_1/U4570/Y (NAND2_X1A_A9TR)                                                                                                                                                                      0.0350     1.2262 f
  i_horcrux_top/i_horcrux/multiplier_tree_inst/u_shared_mul/u_primary_mul/mult_x_1/U3329/Y (NAND3_X3A_A9TR)                                                                                                                                                                      0.0285     1.2547 r
  i_horcrux_top/i_horcrux/multiplier_tree_inst/u_shared_mul/u_primary_mul/mult_x_1/U3328/Y (XOR2_X3M_A9TR)                                                                                                                                                                       0.0411     1.2958 r
  i_horcrux_top/i_horcrux/multiplier_tree_inst/u_shared_mul/u_primary_mul/mult_x_1/U4600/S (ADDF_X2M_A9TR)                                                                                                                                                                       0.0934     1.3892 f
  i_horcrux_top/i_horcrux/multiplier_tree_inst/u_shared_mul/u_primary_mul/mult_x_1/U3327/Y (NOR2_X4A_A9TR)                                                                                                                                                                       0.0290     1.4182 r
  i_horcrux_top/i_horcrux/multiplier_tree_inst/u_shared_mul/u_primary_mul/mult_x_1/U2495/Y (NOR2_X6M_A9TR)                                                                                                                                                                       0.0243     1.4425 f
  i_horcrux_top/i_horcrux/multiplier_tree_inst/u_shared_mul/u_primary_mul/mult_x_1/U2488/Y (INV_X2M_A9TR)                                                                                                                                                                        0.0318     1.4743 r
  i_horcrux_top/i_horcrux/multiplier_tree_inst/u_shared_mul/u_primary_mul/mult_x_1/U4912/Y (NOR2_X3B_A9TR)                                                                                                                                                                       0.0303     1.5046 f
  i_horcrux_top/i_horcrux/multiplier_tree_inst/u_shared_mul/u_primary_mul/mult_x_1/U4840/Y (AND2_X3B_A9TR)                                                                                                                                                                       0.0298     1.5344 f
  i_horcrux_top/i_horcrux/multiplier_tree_inst/u_shared_mul/u_primary_mul/mult_x_1/U3492/Y (NAND2_X1P4B_A9TR)                                                                                                                                                                    0.0189     1.5533 r
  i_horcrux_top/i_horcrux/multiplier_tree_inst/u_shared_mul/u_primary_mul/mult_x_1/U3538/Y (NAND2_X2B_A9TR)                                                                                                                                                                      0.0255     1.5787 f
  i_horcrux_top/i_horcrux/multiplier_tree_inst/u_shared_mul/u_primary_mul/mult_x_1/U3250/Y (XOR2_X3M_A9TR)                                                                                                                                                                       0.0251     1.6038 f
  i_horcrux_top/i_horcrux/multiplier_tree_inst/u_shared_mul/u_primary_mul/mult_x_1/product[38] (unified_mul_32x32_DW_mult_tc_3)                                                                                                                                                  0.0000     1.6038 f
  i_horcrux_top/i_horcrux/multiplier_tree_inst/u_shared_mul/u_primary_mul/U421/Y (AO1B2_X4M_A9TR)                                                                                                                                                                                0.0447     1.6485 f
  i_horcrux_top/i_horcrux/multiplier_tree_inst/u_shared_mul/u_primary_mul/prod_o[38] (unified_mul_32x32)                                                                                                                                                                         0.0000     1.6485 f
  i_horcrux_top/i_horcrux/multiplier_tree_inst/u_shared_mul/DP_OP_45J11_125_3794/I3[38] (shared_multiplication_logic_DP_OP_45J11_125_3794_2)                                                                                                                                     0.0000     1.6485 f
  i_horcrux_top/i_horcrux/multiplier_tree_inst/u_shared_mul/DP_OP_45J11_125_3794/U4648/Y (XOR2_X1P4M_A9TR)                                                                                                                                                                       0.0360     1.6846 f
  i_horcrux_top/i_horcrux/multiplier_tree_inst/u_shared_mul/DP_OP_45J11_125_3794/U5953/S (ADDF_X2M_A9TR)                                                                                                                                                                         0.0969     1.7815 r
  i_horcrux_top/i_horcrux/multiplier_tree_inst/u_shared_mul/DP_OP_45J11_125_3794/U5085/Y (OR2_X2B_A9TR)                                                                                                                                                                          0.0367     1.8182 r
  i_horcrux_top/i_horcrux/multiplier_tree_inst/u_shared_mul/DP_OP_45J11_125_3794/U5084/Y (AO1B2_X1P4M_A9TR)                                                                                                                                                                      0.0408     1.8590 r
  i_horcrux_top/i_horcrux/multiplier_tree_inst/u_shared_mul/DP_OP_45J11_125_3794/U5966/CO (ADDF_X1P4M_A9TR)                                                                                                                                                                      0.0680     1.9270 r
  i_horcrux_top/i_horcrux/multiplier_tree_inst/u_shared_mul/DP_OP_45J11_125_3794/U4996/Y (OAI21_X3M_A9TR)                                                                                                                                                                        0.0285     1.9555 f
  i_horcrux_top/i_horcrux/multiplier_tree_inst/u_shared_mul/DP_OP_45J11_125_3794/U4215/Y (NAND2_X2B_A9TR)                                                                                                                                                                        0.0268     1.9823 r
  i_horcrux_top/i_horcrux/multiplier_tree_inst/u_shared_mul/DP_OP_45J11_125_3794/U6008/S (ADDF_X2M_A9TR)                                                                                                                                                                         0.0957     2.0780 f
  i_horcrux_top/i_horcrux/multiplier_tree_inst/u_shared_mul/DP_OP_45J11_125_3794/U4741/Y (AND2_X6B_A9TR)                                                                                                                                                                         0.0292     2.1072 f
  i_horcrux_top/i_horcrux/multiplier_tree_inst/u_shared_mul/DP_OP_45J11_125_3794/U3584/Y (INV_X2P5M_A9TR)                                                                                                                                                                        0.0150     2.1222 r
  i_horcrux_top/i_horcrux/multiplier_tree_inst/u_shared_mul/DP_OP_45J11_125_3794/U4138/Y (NAND2_X3B_A9TR)                                                                                                                                                                        0.0169     2.1391 f
  i_horcrux_top/i_horcrux/multiplier_tree_inst/u_shared_mul/DP_OP_45J11_125_3794/U4216/S (ADDF_X2M_A9TR)                                                                                                                                                                         0.0839     2.2231 r
  i_horcrux_top/i_horcrux/multiplier_tree_inst/u_shared_mul/DP_OP_45J11_125_3794/U4356/Y (OAI21_X2M_A9TR)                                                                                                                                                                        0.0327     2.2558 f
  i_horcrux_top/i_horcrux/multiplier_tree_inst/u_shared_mul/DP_OP_45J11_125_3794/U4355/Y (NAND2_X2B_A9TR)                                                                                                                                                                        0.0248     2.2806 r
  i_horcrux_top/i_horcrux/multiplier_tree_inst/u_shared_mul/DP_OP_45J11_125_3794/U6047/S (ADDF_X2M_A9TR)                                                                                                                                                                         0.0946     2.3752 f
  i_horcrux_top/i_horcrux/multiplier_tree_inst/u_shared_mul/DP_OP_45J11_125_3794/U4507/Y (NAND2_X6A_A9TR)                                                                                                                                                                        0.0188     2.3940 r
  i_horcrux_top/i_horcrux/multiplier_tree_inst/u_shared_mul/DP_OP_45J11_125_3794/U4381/Y (OAI21_X6M_A9TR)                                                                                                                                                                        0.0212     2.4152 f
  i_horcrux_top/i_horcrux/multiplier_tree_inst/u_shared_mul/DP_OP_45J11_125_3794/U4302/Y (AOI21_X6M_A9TR)                                                                                                                                                                        0.0221     2.4373 r
  i_horcrux_top/i_horcrux/multiplier_tree_inst/u_shared_mul/DP_OP_45J11_125_3794/U4867/Y (OAI21_X8M_A9TR)                                                                                                                                                                        0.0191     2.4564 f
  i_horcrux_top/i_horcrux/multiplier_tree_inst/u_shared_mul/DP_OP_45J11_125_3794/U4889/Y (AOI21_X8M_A9TR)                                                                                                                                                                        0.0182     2.4746 r
  i_horcrux_top/i_horcrux/multiplier_tree_inst/u_shared_mul/DP_OP_45J11_125_3794/U4923/Y (OAI21_X8M_A9TR)                                                                                                                                                                        0.0192     2.4938 f
  i_horcrux_top/i_horcrux/multiplier_tree_inst/u_shared_mul/DP_OP_45J11_125_3794/U4922/Y (XOR2_X4M_A9TR)                                                                                                                                                                         0.0287     2.5225 f
  i_horcrux_top/i_horcrux/multiplier_tree_inst/u_shared_mul/DP_OP_45J11_125_3794/U4921/Y (INV_X16M_A9TR)                                                                                                                                                                         0.0278     2.5503 r
  i_horcrux_top/i_horcrux/multiplier_tree_inst/u_shared_mul/DP_OP_45J11_125_3794/O1[31] (shared_multiplication_logic_DP_OP_45J11_125_3794_2)                                                                                                                                     0.0000     2.5503 r
  i_horcrux_top/i_horcrux/multiplier_tree_inst/u_shared_mul/U55/Y (AND2_X3B_A9TR)                                                                                                                                                                                                0.0294     2.5797 r
  i_horcrux_top/i_horcrux/multiplier_tree_inst/u_shared_mul/DP_OP_45J11_125_3794/I4[12] (shared_multiplication_logic_DP_OP_45J11_125_3794_2)                                                                                                                                     0.0000     2.5797 r
  i_horcrux_top/i_horcrux/multiplier_tree_inst/u_shared_mul/DP_OP_45J11_125_3794/U6048/SUM (ADDFH_X2M_A9TR)                                                                                                                                                                      0.0815     2.6612 f
  i_horcrux_top/i_horcrux/multiplier_tree_inst/u_shared_mul/DP_OP_45J11_125_3794/U4526/Y (NOR2_X6A_A9TR)                                                                                                                                                                         0.0334     2.6947 r
  i_horcrux_top/i_horcrux/multiplier_tree_inst/u_shared_mul/DP_OP_45J11_125_3794/U4491/Y (OAI21_X6M_A9TR)                                                                                                                                                                        0.0353     2.7299 f
  i_horcrux_top/i_horcrux/multiplier_tree_inst/u_shared_mul/DP_OP_45J11_125_3794/U3354/Y (INV_X1P4M_A9TR)                                                                                                                                                                        0.0270     2.7569 r
  i_horcrux_top/i_horcrux/multiplier_tree_inst/u_shared_mul/DP_OP_45J11_125_3794/U3355/Y (AO21A1AI2_X4M_A9TR)                                                                                                                                                                    0.0287     2.7856 f
  i_horcrux_top/i_horcrux/multiplier_tree_inst/u_shared_mul/DP_OP_45J11_125_3794/U3348/Y (XNOR2_X3M_A9TR)                                                                                                                                                                        0.0283     2.8139 f
  i_horcrux_top/i_horcrux/multiplier_tree_inst/u_shared_mul/DP_OP_45J11_125_3794/O2[13] (shared_multiplication_logic_DP_OP_45J11_125_3794_2)                                                                                                                                     0.0000     2.8139 f
  i_horcrux_top/i_horcrux/multiplier_tree_inst/u_shared_mul/U300/Y (NAND2_X3B_A9TR)                                                                                                                                                                                              0.0260     2.8399 r
  i_horcrux_top/i_horcrux/multiplier_tree_inst/u_shared_mul/U330/Y (NAND2_X8A_A9TR)                                                                                                                                                                                              0.0225     2.8624 f
  i_horcrux_top/i_horcrux/multiplier_tree_inst/u_shared_mul/res_lo_o[13] (shared_multiplication_logic)                                                                                                                                                                           0.0000     2.8624 f
  i_horcrux_top/i_horcrux/multiplier_tree_inst/DP_OP_93_150_9367/I2[13] (multiplier_tree_DP_OP_93_150_9367_3)                                                                                                                                                                    0.0000     2.8624 f
  i_horcrux_top/i_horcrux/multiplier_tree_inst/DP_OP_93_150_9367/U350/Y (NAND2_X2A_A9TR)                                                                                                                                                                                         0.0310     2.8934 r
  i_horcrux_top/i_horcrux/multiplier_tree_inst/DP_OP_93_150_9367/U407/Y (OAI21_X8M_A9TR)                                                                                                                                                                                         0.0236     2.9170 f
  i_horcrux_top/i_horcrux/multiplier_tree_inst/DP_OP_93_150_9367/U345/Y (AOI21_X0P7M_A9TR)                                                                                                                                                                                       0.0506     2.9676 r
  i_horcrux_top/i_horcrux/multiplier_tree_inst/DP_OP_93_150_9367/U323/Y (OAI21_X1M_A9TR)                                                                                                                                                                                         0.0590     3.0266 f
  i_horcrux_top/i_horcrux/multiplier_tree_inst/DP_OP_93_150_9367/U317/Y (XNOR2_X1P4M_A9TR)                                                                                                                                                                                       0.0444     3.0710 r
  i_horcrux_top/i_horcrux/multiplier_tree_inst/DP_OP_93_150_9367/O1[15] (multiplier_tree_DP_OP_93_150_9367_3)                                                                                                                                                                    0.0000     3.0710 r
  i_horcrux_top/i_horcrux/multiplier_tree_inst/U87/Y (AOI21_X3M_A9TR)                                                                                                                                                                                                            0.0357     3.1067 f
  i_horcrux_top/i_horcrux/multiplier_tree_inst/U822/Y (AO1B2_X3M_A9TR)                                                                                                                                                                                                           0.0293     3.1360 r
  i_horcrux_top/i_horcrux/multiplier_tree_inst/U981/Y (NOR2XB_X4M_A9TR)                                                                                                                                                                                                          0.0214     3.1574 f
  i_horcrux_top/i_horcrux/multiplier_tree_inst/U22/Y (AO1B2_X4M_A9TR)                                                                                                                                                                                                            0.0172     3.1746 r
  i_horcrux_top/i_horcrux/multiplier_tree_inst/result_o[15] (multiplier_tree)                                                                                                                                                                                                    0.0000     3.1746 r
  i_horcrux_top/i_horcrux/U261/Y (AO21_X6M_A9TR)                                                                                                                                                                                                                                 0.0346     3.2092 r
  i_horcrux_top/i_horcrux/rd_values_o[rd1][15] (horcrux_NUM_VARIABLES50_VARIABLE_WIDTH32)                                                                                                                                                                                        0.0000     3.2092 r
  i_horcrux_top/commit_stage_i/result_i[rd1][15] (commit_stage_I_xif_result_if_if_xif_coproc_result_X_NUM_RS_3)                                                                                                                                                                  0.0000     3.2092 r
  i_horcrux_top/commit_stage_i/U22/Y (BUFH_X16M_A9TR)                                                                                                                                                                                                                            0.0270     3.2361 r
  i_horcrux_top/commit_stage_i/xif_result_if.result[data][15] (commit_stage_I_xif_result_if_if_xif_coproc_result_X_NUM_RS_3)                                                                                                                                                     0.0000     3.2361 r
  i_horcrux_top/xif_result_if.result[data][15] (horcrux_top_I_xif_compressed_if_if_xif__X_NUM_RS_3I_xif_issue_if_if_xif__X_NUM_RS_3I_xif_commit_if_if_xif__X_NUM_RS_3I_xif_mem_if_if_xif__X_NUM_RS_3I_xif_mem_result_if_if_xif__X_NUM_RS_3I_xif_result_if_if_xif__X_NUM_RS_3)    0.0000     3.2361 r
  result_o[data][15] (out)                                                                                                                                                                                                                                                       0.0038     3.2400 r
  data arrival time                                                                                                                                                                                                                                                                         3.2400

  clock clk (rise edge)                                                                                                                                                                                                                                                          3.6000     3.6000
  clock network delay (ideal)                                                                                                                                                                                                                                                    0.3600     3.9600
  clock uncertainty                                                                                                                                                                                                                                                             -0.1800     3.7800
  output external delay                                                                                                                                                                                                                                                         -0.5400     3.2400
  data required time                                                                                                                                                                                                                                                                        3.2400
  ---------------------------------------------------------------------------------------------------------------------------------------------------------------------------------------------------------------------------------------------------------------------------------------------------
  data required time                                                                                                                                                                                                                                                                        3.2400
  data arrival time                                                                                                                                                                                                                                                                        -3.2400
  ---------------------------------------------------------------------------------------------------------------------------------------------------------------------------------------------------------------------------------------------------------------------------------------------------
  slack (MET)                                                                                                                                                                                                                                                                               0.0000


