 
****************************************
Report : qor
Design : horcrux_top_synth
Version: X-2025.06
Date   : Thu Oct  8 14:51:20 2026
****************************************


  Timing Path Group 'clk'
  -----------------------------------
  Levels of Logic:              77.00
  Critical Path Length:          2.83
  Critical Path Slack:           0.00
  Critical Path Clk Period:      3.00
  Total Negative Slack:          0.00
  No. of Violating Paths:        0.00
  Worst Hold Violation:          0.00
  Total Hold Violation:          0.00
  No. of Hold Violations:        0.00
  -----------------------------------


  Cell Count
  -----------------------------------
  Hierarchical Cell Count:         42
  Hierarchical Port Count:      29087
  Leaf Cell Count:              58943
  Buf/Inv Cell Count:            9842
  Buf Cell Count:                2480
  Inv Cell Count:                7362
  CT Buf/Inv Cell Count:            0
  Combinational Cell Count:     54567
  Sequential Cell Count:         4376
  Macro Count:                      0
  -----------------------------------


  Area
  -----------------------------------
  Combinational Area:    73055.907424
  Noncombinational Area: 19891.946661
  Buf/Inv Area:           6102.280741
  Total Buffer Area:          2129.65
  Total Inverter Area:        3972.63
  Macro/Black Box Area:      0.000000
  Net Area:                  0.000000
  -----------------------------------
  Cell Area:             92947.854085
  Design Area:           92947.854085


  Design Rules
  -----------------------------------
  Total Number of Nets:         67381
  Nets With Violations:             6
  Max Trans Violations:             3
  Max Cap Violations:               0
  Max Fanout Violations:            3
  -----------------------------------


  Hostname: localhost.localdomain

  Compile CPU Statistics
  -----------------------------------------
  Resource Sharing:                    3.44
  Logic Optimization:                  2.40
  Mapping Optimization:              104.57
  -----------------------------------------
  Overall Compile Time:              207.11
  Overall Compile Wall Clock Time:   208.11

  --------------------------------------------------------------------

  Design  WNS: 0.00  TNS: 0.00  Number of Violating Paths: 0


  Design (Hold)  WNS: 0.00  TNS: 0.00  Number of Violating Paths: 0

  --------------------------------------------------------------------


1
