 
****************************************
Report : timing
        -path full
        -delay max
        -nworst 5
        -max_paths 20
Design : horcrux_top_synth
Version: X-2025.06
Date   : Wed Oct  7 15:01:39 2026
****************************************

Operating Conditions: ss_typical_max_0p81v_125c   Library: sc9_cln40g_base_rvt_ss_typical_max_0p81v_125c
Wire Load Model Mode: top

  Startpoint: i_horcrux_top/id_stage_i/rs_values_o_reg[rs2][13]
              (rising edge-triggered flip-flop clocked by clk)
  Endpoint: result_o[data][31]
            (output port clocked by clk)
  Path Group: clk
  Path Type: max

  Des/Clust/Port     Wire Load Model       Library
  ------------------------------------------------
  horcrux_top_synth  Medium                sc9_cln40g_base_rvt_ss_typical_max_0p81v_125c

  Point                                                                                                                                                                                                                                                                                                                                                                                                                                                                                                                                                 Incr       Path
  ---------------------------------------------------------------------------------------------------------------------------------------------------------------------------------------------------------------------------------------------------------------------------------------------------
  clock clk (rise edge)                                                                                                                                                                                                                                                          0.0000     0.0000
  clock network delay (ideal)                                                                                                                                                                                                                                                    1.1000     1.1000
  i_horcrux_top/id_stage_i/rs_values_o_reg[rs2][13]/CK (DFFSQN_X3M_A9TR)                                                                                                                                                                                                         0.0000     1.1000 r
  i_horcrux_top/id_stage_i/rs_values_o_reg[rs2][13]/QN (DFFSQN_X3M_A9TR)                                                                                                                                                                                                         0.1610     1.2610 f
  i_horcrux_top/id_stage_i/rs_values_o[rs2][13] (id_stage_I_xif_issue_if_if_xif_coproc_issue_X_NUM_RS_3)                                                                                                                                                                         0.0000     1.2610 f
  i_horcrux_top/i_horcrux/rs_values_i[rs2][13] (horcrux_NUM_VARIABLES50_VARIABLE_WIDTH32)                                                                                                                                                                                        0.0000     1.2610 f
  i_horcrux_top/i_horcrux/multiplier_tree_inst/multiplier_tree2_i[13] (multiplier_tree)                                                                                                                                                                                          0.0000     1.2610 f
  i_horcrux_top/i_horcrux/multiplier_tree_inst/U474/Y (INV_X9M_A9TR)                                                                                                                                                                                                             0.0354     1.2963 r
  i_horcrux_top/i_horcrux/multiplier_tree_inst/U511/Y (BUFH_X9M_A9TR)                                                                                                                                                                                                            0.0342     1.3305 r
  i_horcrux_top/i_horcrux/multiplier_tree_inst/U381/Y (BUF_X2M_A9TR)                                                                                                                                                                                                             0.0607     1.3912 r
  i_horcrux_top/i_horcrux/multiplier_tree_inst/U1897/Y (INV_X11M_A9TR)                                                                                                                                                                                                           0.0302     1.4214 f
  i_horcrux_top/i_horcrux/multiplier_tree_inst/sub_x_3/B[13] (multiplier_tree_DW01_sub_0)                                                                                                                                                                                        0.0000     1.4214 f
  i_horcrux_top/i_horcrux/multiplier_tree_inst/sub_x_3/U505/Y (INV_X4B_A9TR)                                                                                                                                                                                                     0.0273     1.4487 r
  i_horcrux_top/i_horcrux/multiplier_tree_inst/sub_x_3/U516/Y (OR2_X6M_A9TR)                                                                                                                                                                                                     0.0523     1.5009 r
  i_horcrux_top/i_horcrux/multiplier_tree_inst/sub_x_3/U594/Y (NAND2XB_X6M_A9TR)                                                                                                                                                                                                 0.0233     1.5242 f
  i_horcrux_top/i_horcrux/multiplier_tree_inst/sub_x_3/U554/Y (INV_X5M_A9TR)                                                                                                                                                                                                     0.0292     1.5534 r
  i_horcrux_top/i_horcrux/multiplier_tree_inst/sub_x_3/U604/Y (NAND2_X6M_A9TR)                                                                                                                                                                                                   0.0246     1.5781 f
  i_horcrux_top/i_horcrux/multiplier_tree_inst/sub_x_3/U644/Y (NOR2_X4A_A9TR)                                                                                                                                                                                                    0.0429     1.6209 r
  i_horcrux_top/i_horcrux/multiplier_tree_inst/sub_x_3/U596/Y (NOR2B_X8M_A9TR)                                                                                                                                                                                                   0.0475     1.6685 r
  i_horcrux_top/i_horcrux/multiplier_tree_inst/sub_x_3/U628/Y (NAND2B_X8M_A9TR)                                                                                                                                                                                                  0.0469     1.7153 r
  i_horcrux_top/i_horcrux/multiplier_tree_inst/sub_x_3/U621/Y (INV_X16M_A9TR)                                                                                                                                                                                                    0.0270     1.7424 f
  i_horcrux_top/i_horcrux/multiplier_tree_inst/sub_x_3/U435/Y (OAI21_X3M_A9TR)                                                                                                                                                                                                   0.0506     1.7929 r
  i_horcrux_top/i_horcrux/multiplier_tree_inst/sub_x_3/U670/Y (XNOR2_X4M_A9TR)                                                                                                                                                                                                   0.0519     1.8448 r
  i_horcrux_top/i_horcrux/multiplier_tree_inst/sub_x_3/DIFF[22] (multiplier_tree_DW01_sub_0)                                                                                                                                                                                     0.0000     1.8448 r
  i_horcrux_top/i_horcrux/multiplier_tree_inst/U1516/Y (AO1B2_X6M_A9TR)                                                                                                                                                                                                          0.0677     1.9126 r
  i_horcrux_top/i_horcrux/multiplier_tree_inst/u_shared_mul/op_b_i[22] (shared_multiplication_logic)                                                                                                                                                                             0.0000     1.9126 r
  i_horcrux_top/i_horcrux/multiplier_tree_inst/u_shared_mul/u_primary_mul/b_i[22] (unified_mul_32x32)                                                                                                                                                                            0.0000     1.9126 r
  i_horcrux_top/i_horcrux/multiplier_tree_inst/u_shared_mul/u_primary_mul/U3270/Y (INV_X9M_A9TR)                                                                                                                                                                                 0.0219     1.9344 f
  i_horcrux_top/i_horcrux/multiplier_tree_inst/u_shared_mul/u_primary_mul/U3271/Y (INV_X16M_A9TR)                                                                                                                                                                                0.0252     1.9596 r
  i_horcrux_top/i_horcrux/multiplier_tree_inst/u_shared_mul/u_primary_mul/U3272/Y (AND2_X11M_A9TR)                                                                                                                                                                               0.0438     2.0034 r
  i_horcrux_top/i_horcrux/multiplier_tree_inst/u_shared_mul/u_primary_mul/add_x_1/B[23] (unified_mul_32x32_DW01_add_764)                                                                                                                                                         0.0000     2.0034 r
  i_horcrux_top/i_horcrux/multiplier_tree_inst/u_shared_mul/u_primary_mul/add_x_1/U649/Y (NAND2_X6M_A9TR)                                                                                                                                                                        0.0264     2.0298 f
  i_horcrux_top/i_horcrux/multiplier_tree_inst/u_shared_mul/u_primary_mul/add_x_1/U658/Y (INV_X3B_A9TR)                                                                                                                                                                          0.0311     2.0608 r
  i_horcrux_top/i_horcrux/multiplier_tree_inst/u_shared_mul/u_primary_mul/add_x_1/U689/Y (AOI21_X6M_A9TR)                                                                                                                                                                        0.0359     2.0968 f
  i_horcrux_top/i_horcrux/multiplier_tree_inst/u_shared_mul/u_primary_mul/add_x_1/U568/Y (OAI21_X4M_A9TR)                                                                                                                                                                        0.0370     2.1338 r
  i_horcrux_top/i_horcrux/multiplier_tree_inst/u_shared_mul/u_primary_mul/add_x_1/U691/Y (AOI21_X8M_A9TR)                                                                                                                                                                        0.0450     2.1788 f
  i_horcrux_top/i_horcrux/multiplier_tree_inst/u_shared_mul/u_primary_mul/add_x_1/U617/Y (INV_X6M_A9TR)                                                                                                                                                                          0.0359     2.2147 r
  i_horcrux_top/i_horcrux/multiplier_tree_inst/u_shared_mul/u_primary_mul/add_x_1/U452/Y (AOI21_X3M_A9TR)                                                                                                                                                                        0.0383     2.2529 f
  i_horcrux_top/i_horcrux/multiplier_tree_inst/u_shared_mul/u_primary_mul/add_x_1/U726/Y (XOR2_X4M_A9TR)                                                                                                                                                                         0.0489     2.3018 f
  i_horcrux_top/i_horcrux/multiplier_tree_inst/u_shared_mul/u_primary_mul/add_x_1/SUM[25] (unified_mul_32x32_DW01_add_764)                                                                                                                                                       0.0000     2.3018 f
  i_horcrux_top/i_horcrux/multiplier_tree_inst/u_shared_mul/u_primary_mul/U5088/Y (MX2_X8B_A9TR)                                                                                                                                                                                 0.0613     2.3631 f
  i_horcrux_top/i_horcrux/multiplier_tree_inst/u_shared_mul/u_primary_mul/add_x_2/A[25] (unified_mul_32x32_DW01_add_813)                                                                                                                                                         0.0000     2.3631 f
  i_horcrux_top/i_horcrux/multiplier_tree_inst/u_shared_mul/u_primary_mul/add_x_2/U620/Y (NOR2_X8A_A9TR)                                                                                                                                                                         0.0361     2.3993 r
  i_horcrux_top/i_horcrux/multiplier_tree_inst/u_shared_mul/u_primary_mul/add_x_2/U411/Y (NOR2_X4M_A9TR)                                                                                                                                                                         0.0491     2.4484 f
  i_horcrux_top/i_horcrux/multiplier_tree_inst/u_shared_mul/u_primary_mul/add_x_2/U624/Y (AOI21_X8M_A9TR)                                                                                                                                                                        0.0599     2.5083 r
  i_horcrux_top/i_horcrux/multiplier_tree_inst/u_shared_mul/u_primary_mul/add_x_2/U387/Y (OA21_X1P4M_A9TR)                                                                                                                                                                       0.0846     2.5929 r
  i_horcrux_top/i_horcrux/multiplier_tree_inst/u_shared_mul/u_primary_mul/add_x_2/U585/Y (OAI2XB1_X8M_A9TR)                                                                                                                                                                      0.0360     2.6289 f
  i_horcrux_top/i_horcrux/multiplier_tree_inst/u_shared_mul/u_primary_mul/add_x_2/U641/Y (XNOR2_X4M_A9TR)                                                                                                                                                                        0.0439     2.6728 f
  i_horcrux_top/i_horcrux/multiplier_tree_inst/u_shared_mul/u_primary_mul/add_x_2/SUM[27] (unified_mul_32x32_DW01_add_813)                                                                                                                                                       0.0000     2.6728 f
  i_horcrux_top/i_horcrux/multiplier_tree_inst/u_shared_mul/u_primary_mul/U425/Y (NAND2_X6M_A9TR)                                                                                                                                                                                0.0384     2.7112 r
  i_horcrux_top/i_horcrux/multiplier_tree_inst/u_shared_mul/u_primary_mul/U3978/Y (NAND2_X8A_A9TR)                                                                                                                                                                               0.0258     2.7370 f
  i_horcrux_top/i_horcrux/multiplier_tree_inst/u_shared_mul/u_primary_mul/add_x_3/A[27] (unified_mul_32x32_DW01_add_783)                                                                                                                                                         0.0000     2.7370 f
  i_horcrux_top/i_horcrux/multiplier_tree_inst/u_shared_mul/u_primary_mul/add_x_3/U642/Y (NOR2_X8A_A9TR)                                                                                                                                                                         0.0385     2.7755 r
  i_horcrux_top/i_horcrux/multiplier_tree_inst/u_shared_mul/u_primary_mul/add_x_3/U643/Y (NOR2_X8A_A9TR)                                                                                                                                                                         0.0307     2.8062 f
  i_horcrux_top/i_horcrux/multiplier_tree_inst/u_shared_mul/u_primary_mul/add_x_3/U390/Y (INV_X1M_A9TR)                                                                                                                                                                          0.0529     2.8591 r
  i_horcrux_top/i_horcrux/multiplier_tree_inst/u_shared_mul/u_primary_mul/add_x_3/U381/Y (NOR2_X3M_A9TR)                                                                                                                                                                         0.0584     2.9175 f
  i_horcrux_top/i_horcrux/multiplier_tree_inst/u_shared_mul/u_primary_mul/add_x_3/U669/Y (AOI2XB1_X4M_A9TR)                                                                                                                                                                      0.0521     2.9696 r
  i_horcrux_top/i_horcrux/multiplier_tree_inst/u_shared_mul/u_primary_mul/add_x_3/U654/Y (OAI21_X8M_A9TR)                                                                                                                                                                        0.0351     3.0047 f
  i_horcrux_top/i_horcrux/multiplier_tree_inst/u_shared_mul/u_primary_mul/add_x_3/U666/Y (XOR2_X4M_A9TR)                                                                                                                                                                         0.0417     3.0464 f
  i_horcrux_top/i_horcrux/multiplier_tree_inst/u_shared_mul/u_primary_mul/add_x_3/SUM[30] (unified_mul_32x32_DW01_add_783)                                                                                                                                                       0.0000     3.0464 f
  i_horcrux_top/i_horcrux/multiplier_tree_inst/u_shared_mul/u_primary_mul/U3996/Y (NAND2_X6A_A9TR)                                                                                                                                                                               0.0361     3.0826 r
  i_horcrux_top/i_horcrux/multiplier_tree_inst/u_shared_mul/u_primary_mul/U3995/Y (NAND2_X8A_A9TR)                                                                                                                                                                               0.0259     3.1085 f
  i_horcrux_top/i_horcrux/multiplier_tree_inst/u_shared_mul/u_primary_mul/add_x_4/A[30] (unified_mul_32x32_DW01_add_819)                                                                                                                                                         0.0000     3.1085 f
  i_horcrux_top/i_horcrux/multiplier_tree_inst/u_shared_mul/u_primary_mul/add_x_4/U1060/Y (NOR2_X8A_A9TR)                                                                                                                                                                        0.0392     3.1477 r
  i_horcrux_top/i_horcrux/multiplier_tree_inst/u_shared_mul/u_primary_mul/add_x_4/U774/Y (INV_X2P5M_A9TR)                                                                                                                                                                        0.0261     3.1738 f
  i_horcrux_top/i_horcrux/multiplier_tree_inst/u_shared_mul/u_primary_mul/add_x_4/U879/Y (AND2_X8M_A9TR)                                                                                                                                                                         0.0394     3.2132 f
  i_horcrux_top/i_horcrux/multiplier_tree_inst/u_shared_mul/u_primary_mul/add_x_4/U969/Y (XOR2_X4M_A9TR)                                                                                                                                                                         0.0532     3.2664 f
  i_horcrux_top/i_horcrux/multiplier_tree_inst/u_shared_mul/u_primary_mul/add_x_4/SUM[30] (unified_mul_32x32_DW01_add_819)                                                                                                                                                       0.0000     3.2664 f
  i_horcrux_top/i_horcrux/multiplier_tree_inst/u_shared_mul/u_primary_mul/U5350/Y (MX2_X8B_A9TR)                                                                                                                                                                                 0.0575     3.3239 f
  i_horcrux_top/i_horcrux/multiplier_tree_inst/u_shared_mul/u_primary_mul/add_x_5/A[30] (unified_mul_32x32_DW01_add_784)                                                                                                                                                         0.0000     3.3239 f
  i_horcrux_top/i_horcrux/multiplier_tree_inst/u_shared_mul/u_primary_mul/add_x_5/U905/Y (OR2_X6M_A9TR)                                                                                                                                                                          0.0510     3.3750 f
  i_horcrux_top/i_horcrux/multiplier_tree_inst/u_shared_mul/u_primary_mul/add_x_5/U754/Y (NAND2B_X6M_A9TR)                                                                                                                                                                       0.0267     3.4016 r
  i_horcrux_top/i_horcrux/multiplier_tree_inst/u_shared_mul/u_primary_mul/add_x_5/U646/Y (NAND2_X6M_A9TR)                                                                                                                                                                        0.0216     3.4233 f
  i_horcrux_top/i_horcrux/multiplier_tree_inst/u_shared_mul/u_primary_mul/add_x_5/U729/Y (NOR2_X8A_A9TR)                                                                                                                                                                         0.0413     3.4645 r
  i_horcrux_top/i_horcrux/multiplier_tree_inst/u_shared_mul/u_primary_mul/add_x_5/U651/Y (INV_X7P5M_A9TR)                                                                                                                                                                        0.0267     3.4912 f
  i_horcrux_top/i_horcrux/multiplier_tree_inst/u_shared_mul/u_primary_mul/add_x_5/U923/Y (AOI21_X8M_A9TR)                                                                                                                                                                        0.0344     3.5257 r
  i_horcrux_top/i_horcrux/multiplier_tree_inst/u_shared_mul/u_primary_mul/add_x_5/U924/Y (XOR2_X4M_A9TR)                                                                                                                                                                         0.0406     3.5663 r
  i_horcrux_top/i_horcrux/multiplier_tree_inst/u_shared_mul/u_primary_mul/add_x_5/SUM[32] (unified_mul_32x32_DW01_add_784)                                                                                                                                                       0.0000     3.5663 r
  i_horcrux_top/i_horcrux/multiplier_tree_inst/u_shared_mul/u_primary_mul/U5376/Y (MX2_X8B_A9TR)                                                                                                                                                                                 0.0693     3.6356 r
  i_horcrux_top/i_horcrux/multiplier_tree_inst/u_shared_mul/u_primary_mul/add_x_6/A[32] (unified_mul_32x32_DW01_add_816)                                                                                                                                                         0.0000     3.6356 r
  i_horcrux_top/i_horcrux/multiplier_tree_inst/u_shared_mul/u_primary_mul/add_x_6/U566/Y (XOR2_X3M_A9TR)                                                                                                                                                                         0.0440     3.6796 r
  i_horcrux_top/i_horcrux/multiplier_tree_inst/u_shared_mul/u_primary_mul/add_x_6/U631/Y (XOR2_X3M_A9TR)                                                                                                                                                                         0.0919     3.7715 r
  i_horcrux_top/i_horcrux/multiplier_tree_inst/u_shared_mul/u_primary_mul/add_x_6/SUM[32] (unified_mul_32x32_DW01_add_816)                                                                                                                                                       0.0000     3.7715 r
  i_horcrux_top/i_horcrux/multiplier_tree_inst/u_shared_mul/u_primary_mul/U5406/Y (MX2_X8B_A9TR)                                                                                                                                                                                 0.0701     3.8417 r
  i_horcrux_top/i_horcrux/multiplier_tree_inst/u_shared_mul/u_primary_mul/add_x_7/A[32] (unified_mul_32x32_DW01_add_349)                                                                                                                                                         0.0000     3.8417 r
  i_horcrux_top/i_horcrux/multiplier_tree_inst/u_shared_mul/u_primary_mul/add_x_7/U576/Y (NAND2_X2A_A9TR)                                                                                                                                                                        0.0461     3.8877 f
  i_horcrux_top/i_horcrux/multiplier_tree_inst/u_shared_mul/u_primary_mul/add_x_7/U578/Y (NAND2_X3A_A9TR)                                                                                                                                                                        0.0478     3.9356 r
  i_horcrux_top/i_horcrux/multiplier_tree_inst/u_shared_mul/u_primary_mul/add_x_7/U702/Y (XOR2_X4M_A9TR)                                                                                                                                                                         0.0435     3.9791 r
  i_horcrux_top/i_horcrux/multiplier_tree_inst/u_shared_mul/u_primary_mul/add_x_7/SUM[32] (unified_mul_32x32_DW01_add_349)                                                                                                                                                       0.0000     3.9791 r
  i_horcrux_top/i_horcrux/multiplier_tree_inst/u_shared_mul/u_primary_mul/U5431/Y (MX2_X8B_A9TR)                                                                                                                                                                                 0.0657     4.0448 r
  i_horcrux_top/i_horcrux/multiplier_tree_inst/u_shared_mul/u_primary_mul/add_x_8/A[32] (unified_mul_32x32_DW01_add_173)                                                                                                                                                         0.0000     4.0448 r
  i_horcrux_top/i_horcrux/multiplier_tree_inst/u_shared_mul/u_primary_mul/add_x_8/U686/Y (NOR2_X8A_A9TR)                                                                                                                                                                         0.0228     4.0676 f
  i_horcrux_top/i_horcrux/multiplier_tree_inst/u_shared_mul/u_primary_mul/add_x_8/U542/Y (NAND2B_X6M_A9TR)                                                                                                                                                                       0.0573     4.1249 f
  i_horcrux_top/i_horcrux/multiplier_tree_inst/u_shared_mul/u_primary_mul/add_x_8/U641/Y (XOR2_X4M_A9TR)                                                                                                                                                                         0.0352     4.1601 f
  i_horcrux_top/i_horcrux/multiplier_tree_inst/u_shared_mul/u_primary_mul/add_x_8/SUM[32] (unified_mul_32x32_DW01_add_173)                                                                                                                                                       0.0000     4.1601 f
  i_horcrux_top/i_horcrux/multiplier_tree_inst/u_shared_mul/u_primary_mul/U2087/Y (AO1B2_X6M_A9TR)                                                                                                                                                                               0.0606     4.2207 f
  i_horcrux_top/i_horcrux/multiplier_tree_inst/u_shared_mul/u_primary_mul/add_x_9/A[32] (unified_mul_32x32_DW01_add_786)                                                                                                                                                         0.0000     4.2207 f
  i_horcrux_top/i_horcrux/multiplier_tree_inst/u_shared_mul/u_primary_mul/add_x_9/U542/Y (OR2_X8B_A9TR)                                                                                                                                                                          0.0536     4.2742 f
  i_horcrux_top/i_horcrux/multiplier_tree_inst/u_shared_mul/u_primary_mul/add_x_9/U473/Y (INV_X4B_A9TR)                                                                                                                                                                          0.0243     4.2985 r
  i_horcrux_top/i_horcrux/multiplier_tree_inst/u_shared_mul/u_primary_mul/add_x_9/U604/Y (NAND2_X6A_A9TR)                                                                                                                                                                        0.0223     4.3209 f
  i_horcrux_top/i_horcrux/multiplier_tree_inst/u_shared_mul/u_primary_mul/add_x_9/U539/Y (NAND2_X8A_A9TR)                                                                                                                                                                        0.0302     4.3511 r
  i_horcrux_top/i_horcrux/multiplier_tree_inst/u_shared_mul/u_primary_mul/add_x_9/U629/Y (OAI21_X8M_A9TR)                                                                                                                                                                        0.0389     4.3899 f
  i_horcrux_top/i_horcrux/multiplier_tree_inst/u_shared_mul/u_primary_mul/add_x_9/U625/Y (XNOR2_X4M_A9TR)                                                                                                                                                                        0.0474     4.4373 f
  i_horcrux_top/i_horcrux/multiplier_tree_inst/u_shared_mul/u_primary_mul/add_x_9/SUM[34] (unified_mul_32x32_DW01_add_786)                                                                                                                                                       0.0000     4.4373 f
  i_horcrux_top/i_horcrux/multiplier_tree_inst/u_shared_mul/u_primary_mul/U2576/Y (AO1B2_X6M_A9TR)                                                                                                                                                                               0.0644     4.5017 f
  i_horcrux_top/i_horcrux/multiplier_tree_inst/u_shared_mul/u_primary_mul/add_x_10/A[34] (unified_mul_32x32_DW01_add_374)                                                                                                                                                        0.0000     4.5017 f
  i_horcrux_top/i_horcrux/multiplier_tree_inst/u_shared_mul/u_primary_mul/add_x_10/U525/Y (INV_X9M_A9TR)                                                                                                                                                                         0.0264     4.5281 r
  i_horcrux_top/i_horcrux/multiplier_tree_inst/u_shared_mul/u_primary_mul/add_x_10/U659/Y (NAND2B_X6M_A9TR)                                                                                                                                                                      0.0258     4.5539 f
  i_horcrux_top/i_horcrux/multiplier_tree_inst/u_shared_mul/u_primary_mul/add_x_10/U691/Y (OAI2XB1_X8M_A9TR)                                                                                                                                                                     0.0659     4.6197 f
  i_horcrux_top/i_horcrux/multiplier_tree_inst/u_shared_mul/u_primary_mul/add_x_10/U688/Y (AOI21_X8M_A9TR)                                                                                                                                                                       0.0492     4.6689 r
  i_horcrux_top/i_horcrux/multiplier_tree_inst/u_shared_mul/u_primary_mul/add_x_10/U741/Y (XOR2_X4M_A9TR)                                                                                                                                                                        0.0657     4.7346 r
  i_horcrux_top/i_horcrux/multiplier_tree_inst/u_shared_mul/u_primary_mul/add_x_10/SUM[36] (unified_mul_32x32_DW01_add_374)                                                                                                                                                      0.0000     4.7346 r
  i_horcrux_top/i_horcrux/multiplier_tree_inst/u_shared_mul/u_primary_mul/U5489/Y (MX2_X8B_A9TR)                                                                                                                                                                                 0.0677     4.8023 r
  i_horcrux_top/i_horcrux/multiplier_tree_inst/u_shared_mul/u_primary_mul/add_x_11/A[36] (unified_mul_32x32_DW01_add_752)                                                                                                                                                        0.0000     4.8023 r
  i_horcrux_top/i_horcrux/multiplier_tree_inst/u_shared_mul/u_primary_mul/add_x_11/U832/Y (NAND2_X8A_A9TR)                                                                                                                                                                       0.0287     4.8310 f
  i_horcrux_top/i_horcrux/multiplier_tree_inst/u_shared_mul/u_primary_mul/add_x_11/U668/Y (NOR2B_X8M_A9TR)                                                                                                                                                                       0.0652     4.8962 f
  i_horcrux_top/i_horcrux/multiplier_tree_inst/u_shared_mul/u_primary_mul/add_x_11/U701/Y (XNOR2_X4M_A9TR)                                                                                                                                                                       0.0371     4.9334 r
  i_horcrux_top/i_horcrux/multiplier_tree_inst/u_shared_mul/u_primary_mul/add_x_11/SUM[36] (unified_mul_32x32_DW01_add_752)                                                                                                                                                      0.0000     4.9334 r
  i_horcrux_top/i_horcrux/multiplier_tree_inst/u_shared_mul/u_primary_mul/U2270/Y (MX2_X8B_A9TR)                                                                                                                                                                                 0.0662     4.9995 r
  i_horcrux_top/i_horcrux/multiplier_tree_inst/u_shared_mul/u_primary_mul/add_x_12/A[36] (unified_mul_32x32_DW01_add_748)                                                                                                                                                        0.0000     4.9995 r
  i_horcrux_top/i_horcrux/multiplier_tree_inst/u_shared_mul/u_primary_mul/add_x_12/U514/Y (OR2_X8M_A9TR)                                                                                                                                                                         0.0528     5.0523 r
  i_horcrux_top/i_horcrux/multiplier_tree_inst/u_shared_mul/u_primary_mul/add_x_12/U685/Y (NAND2_X8A_A9TR)                                                                                                                                                                       0.0276     5.0799 f
  i_horcrux_top/i_horcrux/multiplier_tree_inst/u_shared_mul/u_primary_mul/add_x_12/U576/Y (NAND2_X8A_A9TR)                                                                                                                                                                       0.0198     5.0997 r
  i_horcrux_top/i_horcrux/multiplier_tree_inst/u_shared_mul/u_primary_mul/add_x_12/U691/Y (AOI21_X8M_A9TR)                                                                                                                                                                       0.0308     5.1305 f
  i_horcrux_top/i_horcrux/multiplier_tree_inst/u_shared_mul/u_primary_mul/add_x_12/U690/Y (XNOR2_X4M_A9TR)                                                                                                                                                                       0.0575     5.1880 f
  i_horcrux_top/i_horcrux/multiplier_tree_inst/u_shared_mul/u_primary_mul/add_x_12/SUM[38] (unified_mul_32x32_DW01_add_748)                                                                                                                                                      0.0000     5.1880 f
  i_horcrux_top/i_horcrux/multiplier_tree_inst/u_shared_mul/u_primary_mul/U1041/Y (AO1B2_X6M_A9TR)                                                                                                                                                                               0.0614     5.2494 f
  i_horcrux_top/i_horcrux/multiplier_tree_inst/u_shared_mul/u_primary_mul/add_x_13/A[38] (unified_mul_32x32_DW01_add_240)                                                                                                                                                        0.0000     5.2494 f
  i_horcrux_top/i_horcrux/multiplier_tree_inst/u_shared_mul/u_primary_mul/add_x_13/U683/Y (XOR2_X4M_A9TR)                                                                                                                                                                        0.0421     5.2915 f
  i_horcrux_top/i_horcrux/multiplier_tree_inst/u_shared_mul/u_primary_mul/add_x_13/U567/Y (XNOR2_X4M_A9TR)                                                                                                                                                                       0.0724     5.3638 f
  i_horcrux_top/i_horcrux/multiplier_tree_inst/u_shared_mul/u_primary_mul/add_x_13/SUM[38] (unified_mul_32x32_DW01_add_240)                                                                                                                                                      0.0000     5.3638 f
  i_horcrux_top/i_horcrux/multiplier_tree_inst/u_shared_mul/u_primary_mul/U2625/Y (AO21_X6M_A9TR)                                                                                                                                                                                0.0741     5.4379 f
  i_horcrux_top/i_horcrux/multiplier_tree_inst/u_shared_mul/u_primary_mul/add_x_14/A[38] (unified_mul_32x32_DW01_add_763)                                                                                                                                                        0.0000     5.4379 f
  i_horcrux_top/i_horcrux/multiplier_tree_inst/u_shared_mul/u_primary_mul/add_x_14/U539/Y (OR2_X11M_A9TR)                                                                                                                                                                        0.0445     5.4825 f
  i_horcrux_top/i_horcrux/multiplier_tree_inst/u_shared_mul/u_primary_mul/add_x_14/U453/Y (NAND2_X6A_A9TR)                                                                                                                                                                       0.0195     5.5020 r
  i_horcrux_top/i_horcrux/multiplier_tree_inst/u_shared_mul/u_primary_mul/add_x_14/U562/Y (XOR2_X4M_A9TR)                                                                                                                                                                        0.0566     5.5586 r
  i_horcrux_top/i_horcrux/multiplier_tree_inst/u_shared_mul/u_primary_mul/add_x_14/SUM[38] (unified_mul_32x32_DW01_add_763)                                                                                                                                                      0.0000     5.5586 r
  i_horcrux_top/i_horcrux/multiplier_tree_inst/u_shared_mul/u_primary_mul/U1074/Y (AO1B2_X6M_A9TR)                                                                                                                                                                               0.0648     5.6234 r
  i_horcrux_top/i_horcrux/multiplier_tree_inst/u_shared_mul/u_primary_mul/add_x_15/A[38] (unified_mul_32x32_DW01_add_738)                                                                                                                                                        0.0000     5.6234 r
  i_horcrux_top/i_horcrux/multiplier_tree_inst/u_shared_mul/u_primary_mul/add_x_15/U570/Y (NOR2_X8B_A9TR)                                                                                                                                                                        0.0372     5.6606 f
  i_horcrux_top/i_horcrux/multiplier_tree_inst/u_shared_mul/u_primary_mul/add_x_15/U564/Y (INV_X11M_A9TR)                                                                                                                                                                        0.0300     5.6906 r
  i_horcrux_top/i_horcrux/multiplier_tree_inst/u_shared_mul/u_primary_mul/add_x_15/U565/Y (NAND2_X8A_A9TR)                                                                                                                                                                       0.0203     5.7109 f
  i_horcrux_top/i_horcrux/multiplier_tree_inst/u_shared_mul/u_primary_mul/add_x_15/U737/Y (XOR2_X4M_A9TR)                                                                                                                                                                        0.0347     5.7457 f
  i_horcrux_top/i_horcrux/multiplier_tree_inst/u_shared_mul/u_primary_mul/add_x_15/SUM[38] (unified_mul_32x32_DW01_add_738)                                                                                                                                                      0.0000     5.7457 f
  i_horcrux_top/i_horcrux/multiplier_tree_inst/u_shared_mul/u_primary_mul/U6071/Y (AO1B2_X6M_A9TR)                                                                                                                                                                               0.0626     5.8083 f
  i_horcrux_top/i_horcrux/multiplier_tree_inst/u_shared_mul/u_primary_mul/add_x_16/A[38] (unified_mul_32x32_DW01_add_739)                                                                                                                                                        0.0000     5.8083 f
  i_horcrux_top/i_horcrux/multiplier_tree_inst/u_shared_mul/u_primary_mul/add_x_16/U547/Y (OR2_X11M_A9TR)                                                                                                                                                                        0.0489     5.8572 f
  i_horcrux_top/i_horcrux/multiplier_tree_inst/u_shared_mul/u_primary_mul/add_x_16/U612/Y (NAND2_X8A_A9TR)                                                                                                                                                                       0.0233     5.8805 r
  i_horcrux_top/i_horcrux/multiplier_tree_inst/u_shared_mul/u_primary_mul/add_x_16/U756/Y (XNOR2_X4M_A9TR)                                                                                                                                                                       0.0460     5.9265 r
  i_horcrux_top/i_horcrux/multiplier_tree_inst/u_shared_mul/u_primary_mul/add_x_16/SUM[38] (unified_mul_32x32_DW01_add_739)                                                                                                                                                      0.0000     5.9265 r
  i_horcrux_top/i_horcrux/multiplier_tree_inst/u_shared_mul/u_primary_mul/U1356/Y (NAND2_X8A_A9TR)                                                                                                                                                                               0.0301     5.9566 f
  i_horcrux_top/i_horcrux/multiplier_tree_inst/u_shared_mul/u_primary_mul/U1355/Y (NAND2_X8A_A9TR)                                                                                                                                                                               0.0336     5.9901 r
  i_horcrux_top/i_horcrux/multiplier_tree_inst/u_shared_mul/u_primary_mul/add_x_17/A[38] (unified_mul_32x32_DW01_add_740)                                                                                                                                                        0.0000     5.9901 r
  i_horcrux_top/i_horcrux/multiplier_tree_inst/u_shared_mul/u_primary_mul/add_x_17/U686/Y (XOR2_X4M_A9TR)                                                                                                                                                                        0.0451     6.0352 r
  i_horcrux_top/i_horcrux/multiplier_tree_inst/u_shared_mul/u_primary_mul/add_x_17/U685/Y (XNOR2_X4M_A9TR)                                                                                                                                                                       0.0645     6.0997 r
  i_horcrux_top/i_horcrux/multiplier_tree_inst/u_shared_mul/u_primary_mul/add_x_17/SUM[38] (unified_mul_32x32_DW01_add_740)                                                                                                                                                      0.0000     6.0997 r
  i_horcrux_top/i_horcrux/multiplier_tree_inst/u_shared_mul/u_primary_mul/U4420/Y (AO21_X6M_A9TR)                                                                                                                                                                                0.0823     6.1820 r
  i_horcrux_top/i_horcrux/multiplier_tree_inst/u_shared_mul/u_primary_mul/add_x_18/A[38] (unified_mul_32x32_DW01_add_823)                                                                                                                                                        0.0000     6.1820 r
  i_horcrux_top/i_horcrux/multiplier_tree_inst/u_shared_mul/u_primary_mul/add_x_18/U411/Y (NAND2_X6B_A9TR)                                                                                                                                                                       0.0327     6.2148 f
  i_horcrux_top/i_horcrux/multiplier_tree_inst/u_shared_mul/u_primary_mul/add_x_18/U663/Y (NAND2XB_X6M_A9TR)                                                                                                                                                                     0.0300     6.2447 r
  i_horcrux_top/i_horcrux/multiplier_tree_inst/u_shared_mul/u_primary_mul/add_x_18/U577/Y (NAND2_X6A_A9TR)                                                                                                                                                                       0.0264     6.2711 f
  i_horcrux_top/i_horcrux/multiplier_tree_inst/u_shared_mul/u_primary_mul/add_x_18/U595/Y (NAND2B_X8M_A9TR)                                                                                                                                                                      0.0312     6.3023 r
  i_horcrux_top/i_horcrux/multiplier_tree_inst/u_shared_mul/u_primary_mul/add_x_18/U400/Y (NAND3BB_X6M_A9TR)                                                                                                                                                                     0.0527     6.3550 r
  i_horcrux_top/i_horcrux/multiplier_tree_inst/u_shared_mul/u_primary_mul/add_x_18/U606/Y (XNOR2_X4M_A9TR)                                                                                                                                                                       0.0409     6.3959 r
  i_horcrux_top/i_horcrux/multiplier_tree_inst/u_shared_mul/u_primary_mul/add_x_18/SUM[40] (unified_mul_32x32_DW01_add_823)                                                                                                                                                      0.0000     6.3959 r
  i_horcrux_top/i_horcrux/multiplier_tree_inst/u_shared_mul/u_primary_mul/U2690/Y (NAND2_X6A_A9TR)                                                                                                                                                                               0.0327     6.4286 f
  i_horcrux_top/i_horcrux/multiplier_tree_inst/u_shared_mul/u_primary_mul/U1375/Y (NAND2_X8A_A9TR)                                                                                                                                                                               0.0275     6.4562 r
  i_horcrux_top/i_horcrux/multiplier_tree_inst/u_shared_mul/u_primary_mul/add_x_19/A[40] (unified_mul_32x32_DW01_add_742)                                                                                                                                                        0.0000     6.4562 r
  i_horcrux_top/i_horcrux/multiplier_tree_inst/u_shared_mul/u_primary_mul/add_x_19/U515/Y (OR2_X11M_A9TR)                                                                                                                                                                        0.0431     6.4993 r
  i_horcrux_top/i_horcrux/multiplier_tree_inst/u_shared_mul/u_primary_mul/add_x_19/U477/Y (NAND2_X6M_A9TR)                                                                                                                                                                       0.0224     6.5217 f
  i_horcrux_top/i_horcrux/multiplier_tree_inst/u_shared_mul/u_primary_mul/add_x_19/U556/Y (XNOR2_X4M_A9TR)                                                                                                                                                                       0.0398     6.5614 f
  i_horcrux_top/i_horcrux/multiplier_tree_inst/u_shared_mul/u_primary_mul/add_x_19/SUM[40] (unified_mul_32x32_DW01_add_742)                                                                                                                                                      0.0000     6.5614 f
  i_horcrux_top/i_horcrux/multiplier_tree_inst/u_shared_mul/u_primary_mul/U1261/Y (NAND2_X6A_A9TR)                                                                                                                                                                               0.0353     6.5967 r
  i_horcrux_top/i_horcrux/multiplier_tree_inst/u_shared_mul/u_primary_mul/U1258/Y (NAND2_X8A_A9TR)                                                                                                                                                                               0.0256     6.6223 f
  i_horcrux_top/i_horcrux/multiplier_tree_inst/u_shared_mul/u_primary_mul/add_x_20/A[40] (unified_mul_32x32_DW01_add_815)                                                                                                                                                        0.0000     6.6223 f
  i_horcrux_top/i_horcrux/multiplier_tree_inst/u_shared_mul/u_primary_mul/add_x_20/U512/Y (OR2_X11M_A9TR)                                                                                                                                                                        0.0515     6.6738 f
  i_horcrux_top/i_horcrux/multiplier_tree_inst/u_shared_mul/u_primary_mul/add_x_20/U399/Y (NAND2_X6M_A9TR)                                                                                                                                                                       0.0244     6.6982 r
  i_horcrux_top/i_horcrux/multiplier_tree_inst/u_shared_mul/u_primary_mul/add_x_20/U488/Y (XNOR2_X4M_A9TR)                                                                                                                                                                       0.0568     6.7549 r
  i_horcrux_top/i_horcrux/multiplier_tree_inst/u_shared_mul/u_primary_mul/add_x_20/SUM[40] (unified_mul_32x32_DW01_add_815)                                                                                                                                                      0.0000     6.7549 r
  i_horcrux_top/i_horcrux/multiplier_tree_inst/u_shared_mul/u_primary_mul/U3043/Y (AO1B2_X6M_A9TR)                                                                                                                                                                               0.0671     6.8221 r
  i_horcrux_top/i_horcrux/multiplier_tree_inst/u_shared_mul/u_primary_mul/add_x_21/A[40] (unified_mul_32x32_DW01_add_796)                                                                                                                                                        0.0000     6.8221 r
  i_horcrux_top/i_horcrux/multiplier_tree_inst/u_shared_mul/u_primary_mul/add_x_21/U489/Y (OR2_X11M_A9TR)                                                                                                                                                                        0.0503     6.8723 r
  i_horcrux_top/i_horcrux/multiplier_tree_inst/u_shared_mul/u_primary_mul/add_x_21/U406/Y (NAND2_X6A_A9TR)                                                                                                                                                                       0.0227     6.8950 f
  i_horcrux_top/i_horcrux/multiplier_tree_inst/u_shared_mul/u_primary_mul/add_x_21/U672/Y (XOR2_X4M_A9TR)                                                                                                                                                                        0.0347     6.9298 f
  i_horcrux_top/i_horcrux/multiplier_tree_inst/u_shared_mul/u_primary_mul/add_x_21/SUM[40] (unified_mul_32x32_DW01_add_796)                                                                                                                                                      0.0000     6.9298 f
  i_horcrux_top/i_horcrux/multiplier_tree_inst/u_shared_mul/u_primary_mul/U2572/Y (AO1B2_X6M_A9TR)                                                                                                                                                                               0.0645     6.9943 f
  i_horcrux_top/i_horcrux/multiplier_tree_inst/u_shared_mul/u_primary_mul/add_x_22/A[40] (unified_mul_32x32_DW01_add_759)                                                                                                                                                        0.0000     6.9943 f
  i_horcrux_top/i_horcrux/multiplier_tree_inst/u_shared_mul/u_primary_mul/add_x_22/U451/Y (OA21_X8M_A9TR)                                                                                                                                                                        0.0548     7.0491 f
  i_horcrux_top/i_horcrux/multiplier_tree_inst/u_shared_mul/u_primary_mul/add_x_22/U469/Y (AOI21_X8M_A9TR)                                                                                                                                                                       0.0473     7.0964 r
  i_horcrux_top/i_horcrux/multiplier_tree_inst/u_shared_mul/u_primary_mul/add_x_22/U440/Y (INV_X11B_A9TR)                                                                                                                                                                        0.0221     7.1186 f
  i_horcrux_top/i_horcrux/multiplier_tree_inst/u_shared_mul/u_primary_mul/add_x_22/U362/Y (NAND2_X6M_A9TR)                                                                                                                                                                       0.0227     7.1413 r
  i_horcrux_top/i_horcrux/multiplier_tree_inst/u_shared_mul/u_primary_mul/add_x_22/U493/Y (AOI21_X8M_A9TR)                                                                                                                                                                       0.0342     7.1754 f
  i_horcrux_top/i_horcrux/multiplier_tree_inst/u_shared_mul/u_primary_mul/add_x_22/U433/Y (OAI21_X8M_A9TR)                                                                                                                                                                       0.0460     7.2215 r
  i_horcrux_top/i_horcrux/multiplier_tree_inst/u_shared_mul/u_primary_mul/add_x_22/U443/Y (OAI21_X8M_A9TR)                                                                                                                                                                       0.0441     7.2656 f
  i_horcrux_top/i_horcrux/multiplier_tree_inst/u_shared_mul/u_primary_mul/add_x_22/U518/Y (AOI21_X8M_A9TR)                                                                                                                                                                       0.0554     7.3209 r
  i_horcrux_top/i_horcrux/multiplier_tree_inst/u_shared_mul/u_primary_mul/add_x_22/U539/Y (XOR2_X4M_A9TR)                                                                                                                                                                        0.0684     7.3893 r
  i_horcrux_top/i_horcrux/multiplier_tree_inst/u_shared_mul/u_primary_mul/add_x_22/SUM[46] (unified_mul_32x32_DW01_add_759)                                                                                                                                                      0.0000     7.3893 r
  i_horcrux_top/i_horcrux/multiplier_tree_inst/u_shared_mul/u_primary_mul/U3090/Y (AO1B2_X6M_A9TR)                                                                                                                                                                               0.0670     7.4563 r
  i_horcrux_top/i_horcrux/multiplier_tree_inst/u_shared_mul/u_primary_mul/add_x_23/A[46] (unified_mul_32x32_DW01_add_743)                                                                                                                                                        0.0000     7.4563 r
  i_horcrux_top/i_horcrux/multiplier_tree_inst/u_shared_mul/u_primary_mul/add_x_23/U477/Y (OR2_X11M_A9TR)                                                                                                                                                                        0.0434     7.4997 r
  i_horcrux_top/i_horcrux/multiplier_tree_inst/u_shared_mul/u_primary_mul/add_x_23/U442/Y (INV_X11M_A9TR)                                                                                                                                                                        0.0130     7.5126 f
  i_horcrux_top/i_horcrux/multiplier_tree_inst/u_shared_mul/u_primary_mul/add_x_23/U441/Y (OAI21_X8M_A9TR)                                                                                                                                                                       0.0323     7.5449 r
  i_horcrux_top/i_horcrux/multiplier_tree_inst/u_shared_mul/u_primary_mul/add_x_23/U591/Y (XNOR2_X4M_A9TR)                                                                                                                                                                       0.0710     7.6159 r
  i_horcrux_top/i_horcrux/multiplier_tree_inst/u_shared_mul/u_primary_mul/add_x_23/SUM[47] (unified_mul_32x32_DW01_add_743)                                                                                                                                                      0.0000     7.6159 r
  i_horcrux_top/i_horcrux/multiplier_tree_inst/u_shared_mul/u_primary_mul/U1327/Y (NAND2_X8A_A9TR)                                                                                                                                                                               0.0301     7.6460 f
  i_horcrux_top/i_horcrux/multiplier_tree_inst/u_shared_mul/u_primary_mul/U1326/Y (NAND2_X8A_A9TR)                                                                                                                                                                               0.0287     7.6747 r
  i_horcrux_top/i_horcrux/multiplier_tree_inst/u_shared_mul/u_primary_mul/add_x_24/A[47] (unified_mul_32x32_DW01_add_755)                                                                                                                                                        0.0000     7.6747 r
  i_horcrux_top/i_horcrux/multiplier_tree_inst/u_shared_mul/u_primary_mul/add_x_24/U394/Y (OR2_X11B_A9TR)                                                                                                                                                                        0.0404     7.7151 r
  i_horcrux_top/i_horcrux/multiplier_tree_inst/u_shared_mul/u_primary_mul/add_x_24/U470/Y (NAND3_X6A_A9TR)                                                                                                                                                                       0.0322     7.7473 f
  i_horcrux_top/i_horcrux/multiplier_tree_inst/u_shared_mul/u_primary_mul/add_x_24/U422/Y (NAND2_X8A_A9TR)                                                                                                                                                                       0.0288     7.7761 r
  i_horcrux_top/i_horcrux/multiplier_tree_inst/u_shared_mul/u_primary_mul/add_x_24/U509/Y (AOI21_X8M_A9TR)                                                                                                                                                                       0.0390     7.8151 f
  i_horcrux_top/i_horcrux/multiplier_tree_inst/u_shared_mul/u_primary_mul/add_x_24/U518/Y (OAI21_X8M_A9TR)                                                                                                                                                                       0.0417     7.8568 r
  i_horcrux_top/i_horcrux/multiplier_tree_inst/u_shared_mul/u_primary_mul/add_x_24/U442/Y (AOI21_X8M_A9TR)                                                                                                                                                                       0.0480     7.9048 f
  i_horcrux_top/i_horcrux/multiplier_tree_inst/u_shared_mul/u_primary_mul/add_x_24/U441/Y (XOR2_X4M_A9TR)                                                                                                                                                                        0.0626     7.9674 f
  i_horcrux_top/i_horcrux/multiplier_tree_inst/u_shared_mul/u_primary_mul/add_x_24/SUM[51] (unified_mul_32x32_DW01_add_755)                                                                                                                                                      0.0000     7.9674 f
  i_horcrux_top/i_horcrux/multiplier_tree_inst/u_shared_mul/u_primary_mul/U1948/Y (AO1B2_X6M_A9TR)                                                                                                                                                                               0.0613     8.0288 f
  i_horcrux_top/i_horcrux/multiplier_tree_inst/u_shared_mul/u_primary_mul/add_x_25/A[51] (unified_mul_32x32_DW01_add_780)                                                                                                                                                        0.0000     8.0288 f
  i_horcrux_top/i_horcrux/multiplier_tree_inst/u_shared_mul/u_primary_mul/add_x_25/U490/Y (OR2_X11M_A9TR)                                                                                                                                                                        0.0506     8.0794 f
  i_horcrux_top/i_horcrux/multiplier_tree_inst/u_shared_mul/u_primary_mul/add_x_25/U559/Y (INV_X11M_A9TR)                                                                                                                                                                        0.0159     8.0952 r
  i_horcrux_top/i_horcrux/multiplier_tree_inst/u_shared_mul/u_primary_mul/add_x_25/U478/Y (AO21A1AI2_X6M_A9TR)                                                                                                                                                                   0.0295     8.1247 f
  i_horcrux_top/i_horcrux/multiplier_tree_inst/u_shared_mul/u_primary_mul/add_x_25/U441/Y (XNOR2_X4M_A9TR)                                                                                                                                                                       0.0622     8.1870 f
  i_horcrux_top/i_horcrux/multiplier_tree_inst/u_shared_mul/u_primary_mul/add_x_25/SUM[52] (unified_mul_32x32_DW01_add_780)                                                                                                                                                      0.0000     8.1870 f
  i_horcrux_top/i_horcrux/multiplier_tree_inst/u_shared_mul/u_primary_mul/U1743/Y (AO1B2_X6M_A9TR)                                                                                                                                                                               0.0644     8.2514 f
  i_horcrux_top/i_horcrux/multiplier_tree_inst/u_shared_mul/u_primary_mul/add_x_26/A[52] (unified_mul_32x32_DW01_add_781)                                                                                                                                                        0.0000     8.2514 f
  i_horcrux_top/i_horcrux/multiplier_tree_inst/u_shared_mul/u_primary_mul/add_x_26/U414/Y (OAI211_X4M_A9TR)                                                                                                                                                                      0.0566     8.3080 r
  i_horcrux_top/i_horcrux/multiplier_tree_inst/u_shared_mul/u_primary_mul/add_x_26/U413/Y (NAND2_X6A_A9TR)                                                                                                                                                                       0.0393     8.3472 f
  i_horcrux_top/i_horcrux/multiplier_tree_inst/u_shared_mul/u_primary_mul/add_x_26/U427/Y (AOI21_X8M_A9TR)                                                                                                                                                                       0.0571     8.4043 r
  i_horcrux_top/i_horcrux/multiplier_tree_inst/u_shared_mul/u_primary_mul/add_x_26/U426/Y (XOR2_X4M_A9TR)                                                                                                                                                                        0.0707     8.4750 r
  i_horcrux_top/i_horcrux/multiplier_tree_inst/u_shared_mul/u_primary_mul/add_x_26/SUM[54] (unified_mul_32x32_DW01_add_781)                                                                                                                                                      0.0000     8.4750 r
  i_horcrux_top/i_horcrux/multiplier_tree_inst/u_shared_mul/u_primary_mul/U2779/Y (AO1B2_X6M_A9TR)                                                                                                                                                                               0.0714     8.5465 r
  i_horcrux_top/i_horcrux/multiplier_tree_inst/u_shared_mul/u_primary_mul/add_x_27/A[54] (unified_mul_32x32_DW01_add_802)                                                                                                                                                        0.0000     8.5465 r
  i_horcrux_top/i_horcrux/multiplier_tree_inst/u_shared_mul/u_primary_mul/add_x_27/U581/Y (XOR2_X4M_A9TR)                                                                                                                                                                        0.0471     8.5935 r
  i_horcrux_top/i_horcrux/multiplier_tree_inst/u_shared_mul/u_primary_mul/add_x_27/U521/Y (XNOR2_X4M_A9TR)                                                                                                                                                                       0.0575     8.6510 r
  i_horcrux_top/i_horcrux/multiplier_tree_inst/u_shared_mul/u_primary_mul/add_x_27/SUM[54] (unified_mul_32x32_DW01_add_802)                                                                                                                                                      0.0000     8.6510 r
  i_horcrux_top/i_horcrux/multiplier_tree_inst/u_shared_mul/u_primary_mul/U1164/Y (NAND2_X6A_A9TR)                                                                                                                                                                               0.0329     8.6839 f
  i_horcrux_top/i_horcrux/multiplier_tree_inst/u_shared_mul/u_primary_mul/U1163/Y (NAND2_X8A_A9TR)                                                                                                                                                                               0.0298     8.7137 r
  i_horcrux_top/i_horcrux/multiplier_tree_inst/u_shared_mul/u_primary_mul/add_x_28/A[54] (unified_mul_32x32_DW01_add_504)                                                                                                                                                        0.0000     8.7137 r
  i_horcrux_top/i_horcrux/multiplier_tree_inst/u_shared_mul/u_primary_mul/add_x_28/U438/Y (NAND2XB_X6M_A9TR)                                                                                                                                                                     0.0309     8.7446 f
  i_horcrux_top/i_horcrux/multiplier_tree_inst/u_shared_mul/u_primary_mul/add_x_28/U303/Y (NAND2_X8A_A9TR)                                                                                                                                                                       0.0262     8.7708 r
  i_horcrux_top/i_horcrux/multiplier_tree_inst/u_shared_mul/u_primary_mul/add_x_28/U447/Y (XNOR2_X4M_A9TR)                                                                                                                                                                       0.0360     8.8068 r
  i_horcrux_top/i_horcrux/multiplier_tree_inst/u_shared_mul/u_primary_mul/add_x_28/SUM[54] (unified_mul_32x32_DW01_add_504)                                                                                                                                                      0.0000     8.8068 r
  i_horcrux_top/i_horcrux/multiplier_tree_inst/u_shared_mul/u_primary_mul/U3032/Y (AO1B2_X6M_A9TR)                                                                                                                                                                               0.0683     8.8751 r
  i_horcrux_top/i_horcrux/multiplier_tree_inst/u_shared_mul/u_primary_mul/add_x_29/A[54] (unified_mul_32x32_DW01_add_534)                                                                                                                                                        0.0000     8.8751 r
  i_horcrux_top/i_horcrux/multiplier_tree_inst/u_shared_mul/u_primary_mul/add_x_29/U489/Y (XOR2_X4M_A9TR)                                                                                                                                                                        0.0408     8.9159 r
  i_horcrux_top/i_horcrux/multiplier_tree_inst/u_shared_mul/u_primary_mul/add_x_29/U488/Y (XNOR2_X4M_A9TR)                                                                                                                                                                       0.0691     8.9850 r
  i_horcrux_top/i_horcrux/multiplier_tree_inst/u_shared_mul/u_primary_mul/add_x_29/SUM[54] (unified_mul_32x32_DW01_add_534)                                                                                                                                                      0.0000     8.9850 r
  i_horcrux_top/i_horcrux/multiplier_tree_inst/u_shared_mul/u_primary_mul/U2204/Y (AO1B2_X6M_A9TR)                                                                                                                                                                               0.0736     9.0586 r
  i_horcrux_top/i_horcrux/multiplier_tree_inst/u_shared_mul/u_primary_mul/add_x_30/A[54] (unified_mul_32x32_DW01_add_821)                                                                                                                                                        0.0000     9.0586 r
  i_horcrux_top/i_horcrux/multiplier_tree_inst/u_shared_mul/u_primary_mul/add_x_30/U331/Y (INV_X11M_A9TR)                                                                                                                                                                        0.0180     9.0766 f
  i_horcrux_top/i_horcrux/multiplier_tree_inst/u_shared_mul/u_primary_mul/add_x_30/U328/Y (NAND2_X8A_A9TR)                                                                                                                                                                       0.0214     9.0981 r
  i_horcrux_top/i_horcrux/multiplier_tree_inst/u_shared_mul/u_primary_mul/add_x_30/U327/Y (AND2_X11B_A9TR)                                                                                                                                                                       0.0419     9.1400 r
  i_horcrux_top/i_horcrux/multiplier_tree_inst/u_shared_mul/u_primary_mul/add_x_30/U286/Y (AOI21_X8M_A9TR)                                                                                                                                                                       0.0356     9.1756 f
  i_horcrux_top/i_horcrux/multiplier_tree_inst/u_shared_mul/u_primary_mul/add_x_30/U281/Y (OAI21_X8M_A9TR)                                                                                                                                                                       0.0462     9.2218 r
  i_horcrux_top/i_horcrux/multiplier_tree_inst/u_shared_mul/u_primary_mul/add_x_30/U336/Y (NOR2_X8A_A9TR)                                                                                                                                                                        0.0261     9.2480 f
  i_horcrux_top/i_horcrux/multiplier_tree_inst/u_shared_mul/u_primary_mul/add_x_30/U370/Y (OAI21_X8M_A9TR)                                                                                                                                                                       0.0360     9.2840 r
  i_horcrux_top/i_horcrux/multiplier_tree_inst/u_shared_mul/u_primary_mul/add_x_30/U368/Y (AOI21_X8M_A9TR)                                                                                                                                                                       0.0524     9.3364 f
  i_horcrux_top/i_horcrux/multiplier_tree_inst/u_shared_mul/u_primary_mul/add_x_30/U413/Y (OAI21_X8M_A9TR)                                                                                                                                                                       0.0477     9.3841 r
  i_horcrux_top/i_horcrux/multiplier_tree_inst/u_shared_mul/u_primary_mul/add_x_30/U341/Y (AOI21_X8M_A9TR)                                                                                                                                                                       0.0452     9.4293 f
  i_horcrux_top/i_horcrux/multiplier_tree_inst/u_shared_mul/u_primary_mul/add_x_30/U339/Y (NAND2_X8A_A9TR)                                                                                                                                                                       0.0247     9.4540 r
  i_horcrux_top/i_horcrux/multiplier_tree_inst/u_shared_mul/u_primary_mul/add_x_30/U376/Y (XOR2_X4M_A9TR)                                                                                                                                                                        0.0356     9.4896 r
  i_horcrux_top/i_horcrux/multiplier_tree_inst/u_shared_mul/u_primary_mul/add_x_30/SUM[61] (unified_mul_32x32_DW01_add_821)                                                                                                                                                      0.0000     9.4896 r
  i_horcrux_top/i_horcrux/multiplier_tree_inst/u_shared_mul/u_primary_mul/U5767/Y (AO1B2_X6M_A9TR)                                                                                                                                                                               0.0645     9.5541 r
  i_horcrux_top/i_horcrux/multiplier_tree_inst/u_shared_mul/u_primary_mul/sub_x_31/A[61] (unified_mul_32x32_DW01_sub_7)                                                                                                                                                          0.0000     9.5541 r
  i_horcrux_top/i_horcrux/multiplier_tree_inst/u_shared_mul/u_primary_mul/sub_x_31/U393/Y (MXIT2_X4M_A9TR)                                                                                                                                                                       0.0508     9.6048 r
  i_horcrux_top/i_horcrux/multiplier_tree_inst/u_shared_mul/u_primary_mul/sub_x_31/U502/Y (XNOR2_X4M_A9TR)                                                                                                                                                                       0.0499     9.6547 r
  i_horcrux_top/i_horcrux/multiplier_tree_inst/u_shared_mul/u_primary_mul/sub_x_31/DIFF[61] (unified_mul_32x32_DW01_sub_7)                                                                                                                                                       0.0000     9.6547 r
  i_horcrux_top/i_horcrux/multiplier_tree_inst/u_shared_mul/u_primary_mul/U3652/Y (AO1B2_X6M_A9TR)                                                                                                                                                                               0.0704     9.7251 r
  i_horcrux_top/i_horcrux/multiplier_tree_inst/u_shared_mul/u_primary_mul/prod_o[61] (unified_mul_32x32)                                                                                                                                                                         0.0000     9.7251 r
  i_horcrux_top/i_horcrux/multiplier_tree_inst/u_shared_mul/DP_OP_45J11_125_3794/I3[61] (shared_multiplication_logic_DP_OP_45J11_125_3794_4)                                                                                                                                     0.0000     9.7251 r
  i_horcrux_top/i_horcrux/multiplier_tree_inst/u_shared_mul/DP_OP_45J11_125_3794/U3474/Y (XOR2_X4M_A9TR)                                                                                                                                                                         0.0534     9.7785 r
  i_horcrux_top/i_horcrux/multiplier_tree_inst/u_shared_mul/DP_OP_45J11_125_3794/U3398/Y (OA1B2_X8M_A9TR)                                                                                                                                                                        0.0754     9.8539 r
  i_horcrux_top/i_horcrux/multiplier_tree_inst/u_shared_mul/DP_OP_45J11_125_3794/U3426/Y (AO21A1AI2_X6M_A9TR)                                                                                                                                                                    0.0553     9.9092 f
  i_horcrux_top/i_horcrux/multiplier_tree_inst/u_shared_mul/DP_OP_45J11_125_3794/U3393/Y (NAND2_X8A_A9TR)                                                                                                                                                                        0.0533     9.9625 r
  i_horcrux_top/i_horcrux/multiplier_tree_inst/u_shared_mul/DP_OP_45J11_125_3794/O1[31] (shared_multiplication_logic_DP_OP_45J11_125_3794_4)                                                                                                                                     0.0000     9.9625 r
  i_horcrux_top/i_horcrux/multiplier_tree_inst/u_shared_mul/U401/Y (INV_X16M_A9TR)                                                                                                                                                                                               0.0337     9.9961 f
  i_horcrux_top/i_horcrux/multiplier_tree_inst/u_shared_mul/U117/Y (INV_X16M_A9TR)                                                                                                                                                                                               0.0258    10.0219 r
  i_horcrux_top/i_horcrux/multiplier_tree_inst/u_shared_mul/U180/Y (AND2_X8M_A9TR)                                                                                                                                                                                               0.0423    10.0642 r
  i_horcrux_top/i_horcrux/multiplier_tree_inst/u_shared_mul/DP_OP_45J11_125_3794/I4[11] (shared_multiplication_logic_DP_OP_45J11_125_3794_4)                                                                                                                                     0.0000    10.0642 r
  i_horcrux_top/i_horcrux/multiplier_tree_inst/u_shared_mul/DP_OP_45J11_125_3794/U3250/Y (OR2_X8M_A9TR)                                                                                                                                                                          0.0469    10.1112 r
  i_horcrux_top/i_horcrux/multiplier_tree_inst/u_shared_mul/DP_OP_45J11_125_3794/U2957/Y (NAND2_X3M_A9TR)                                                                                                                                                                        0.0276    10.1387 f
  i_horcrux_top/i_horcrux/multiplier_tree_inst/u_shared_mul/DP_OP_45J11_125_3794/U3535/Y (AOI2XB1_X8M_A9TR)                                                                                                                                                                      0.0754    10.2141 f
  i_horcrux_top/i_horcrux/multiplier_tree_inst/u_shared_mul/DP_OP_45J11_125_3794/U3340/Y (NAND2_X8A_A9TR)                                                                                                                                                                        0.0414    10.2555 r
  i_horcrux_top/i_horcrux/multiplier_tree_inst/u_shared_mul/DP_OP_45J11_125_3794/U5396/Y (NAND3_X6A_A9TR)                                                                                                                                                                        0.0409    10.2963 f
  i_horcrux_top/i_horcrux/multiplier_tree_inst/u_shared_mul/DP_OP_45J11_125_3794/U4938/Y (AND2_X8M_A9TR)                                                                                                                                                                         0.0643    10.3606 f
  i_horcrux_top/i_horcrux/multiplier_tree_inst/u_shared_mul/DP_OP_45J11_125_3794/U3729/Y (OAI21_X8M_A9TR)                                                                                                                                                                        0.0335    10.3941 r
  i_horcrux_top/i_horcrux/multiplier_tree_inst/u_shared_mul/DP_OP_45J11_125_3794/U3810/Y (XOR2_X4M_A9TR)                                                                                                                                                                         0.0379    10.4320 f
  i_horcrux_top/i_horcrux/multiplier_tree_inst/u_shared_mul/DP_OP_45J11_125_3794/O2[21] (shared_multiplication_logic_DP_OP_45J11_125_3794_4)                                                                                                                                     0.0000    10.4320 f
  i_horcrux_top/i_horcrux/multiplier_tree_inst/u_shared_mul/U198/Y (NAND2_X8A_A9TR)                                                                                                                                                                                              0.0340    10.4660 r
  i_horcrux_top/i_horcrux/multiplier_tree_inst/u_shared_mul/U197/Y (NAND2_X8A_A9TR)                                                                                                                                                                                              0.0371    10.5032 f
  i_horcrux_top/i_horcrux/multiplier_tree_inst/u_shared_mul/res_lo_o[21] (shared_multiplication_logic)                                                                                                                                                                           0.0000    10.5032 f
  i_horcrux_top/i_horcrux/multiplier_tree_inst/DP_OP_93_149_9367/I2[21] (multiplier_tree_DP_OP_93_149_9367_3)                                                                                                                                                                    0.0000    10.5032 f
  i_horcrux_top/i_horcrux/multiplier_tree_inst/DP_OP_93_149_9367/U530/Y (NAND2_X8A_A9TR)                                                                                                                                                                                         0.0358    10.5389 r
  i_horcrux_top/i_horcrux/multiplier_tree_inst/DP_OP_93_149_9367/U564/Y (OAI21_X8M_A9TR)                                                                                                                                                                                         0.0405    10.5795 f
  i_horcrux_top/i_horcrux/multiplier_tree_inst/DP_OP_93_149_9367/U551/Y (AOI21_X8M_A9TR)                                                                                                                                                                                         0.0553    10.6347 r
  i_horcrux_top/i_horcrux/multiplier_tree_inst/DP_OP_93_149_9367/U529/Y (OAI21_X8M_A9TR)                                                                                                                                                                                         0.0443    10.6791 f
  i_horcrux_top/i_horcrux/multiplier_tree_inst/DP_OP_93_149_9367/U523/Y (NAND2_X6A_A9TR)                                                                                                                                                                                         0.0272    10.7062 r
  i_horcrux_top/i_horcrux/multiplier_tree_inst/DP_OP_93_149_9367/U480/Y (NAND3_X6A_A9TR)                                                                                                                                                                                         0.0296    10.7358 f
  i_horcrux_top/i_horcrux/multiplier_tree_inst/DP_OP_93_149_9367/U479/Y (XOR2_X4M_A9TR)                                                                                                                                                                                          0.0444    10.7802 f
  i_horcrux_top/i_horcrux/multiplier_tree_inst/DP_OP_93_149_9367/O1[31] (multiplier_tree_DP_OP_93_149_9367_3)                                                                                                                                                                    0.0000    10.7802 f
  i_horcrux_top/i_horcrux/multiplier_tree_inst/U674/Y (AOI2XB1_X8M_A9TR)                                                                                                                                                                                                         0.0496    10.8298 r
  i_horcrux_top/i_horcrux/multiplier_tree_inst/U840/Y (NAND2_X8A_A9TR)                                                                                                                                                                                                           0.0231    10.8529 f
  i_horcrux_top/i_horcrux/multiplier_tree_inst/result_o[31] (multiplier_tree)                                                                                                                                                                                                    0.0000    10.8529 f
  i_horcrux_top/i_horcrux/U2542/Y (NAND2_X8A_A9TR)                                                                                                                                                                                                                               0.0209    10.8738 r
  i_horcrux_top/i_horcrux/U7236/Y (NAND2_X8A_A9TR)                                                                                                                                                                                                                               0.0246    10.8984 f
  i_horcrux_top/i_horcrux/rd_values_o[rd1][31] (horcrux_NUM_VARIABLES50_VARIABLE_WIDTH32)                                                                                                                                                                                        0.0000    10.8984 f
  i_horcrux_top/commit_stage_i/result_i[rd1][31] (commit_stage_I_xif_result_if_if_xif_coproc_result_X_NUM_RS_3)                                                                                                                                                                  0.0000    10.8984 f
  i_horcrux_top/commit_stage_i/U37/Y (INV_X16M_A9TR)                                                                                                                                                                                                                             0.0277    10.9262 r
  i_horcrux_top/commit_stage_i/U38/Y (INV_X16M_A9TR)                                                                                                                                                                                                                             0.0253    10.9515 f
  i_horcrux_top/commit_stage_i/xif_result_if.result[data][31] (commit_stage_I_xif_result_if_if_xif_coproc_result_X_NUM_RS_3)                                                                                                                                                     0.0000    10.9515 f
  i_horcrux_top/xif_result_if.result[data][31] (horcrux_top_I_xif_compressed_if_if_xif__X_NUM_RS_3I_xif_issue_if_if_xif__X_NUM_RS_3I_xif_commit_if_if_xif__X_NUM_RS_3I_xif_mem_if_if_xif__X_NUM_RS_3I_xif_mem_result_if_if_xif__X_NUM_RS_3I_xif_result_if_if_xif__X_NUM_RS_3)    0.0000    10.9515 f
  result_o[data][31] (out)                                                                                                                                                                                                                                                       0.0038    10.9554 f
  data arrival time                                                                                                                                                                                                                                                                        10.9554

  clock clk (rise edge)                                                                                                                                                                                                                                                         11.0000    11.0000
  clock network delay (ideal)                                                                                                                                                                                                                                                    1.1000    12.1000
  clock uncertainty                                                                                                                                                                                                                                                             -0.5500    11.5500
  output external delay                                                                                                                                                                                                                                                         -1.6500     9.9000
  data required time                                                                                                                                                                                                                                                                        9.9000
  ---------------------------------------------------------------------------------------------------------------------------------------------------------------------------------------------------------------------------------------------------------------------------------------------------
  data required time                                                                                                                                                                                                                                                                        9.9000
  data arrival time                                                                                                                                                                                                                                                                       -10.9554
  ---------------------------------------------------------------------------------------------------------------------------------------------------------------------------------------------------------------------------------------------------------------------------------------------------
  slack (VIOLATED)                                                                                                                                                                                                                                                                         -1.0554


